
> frontend@1.0.0 test
> vitest run publicPages.test.tsx

node.exe : [2m15:44:35[22m [33m[1m[vite][22m[39m [33mwarning: `esbuild` option was specified by 
"vite:react-babel" plugin. This option is deprecated, please use `oxc` instead.[39m
At line:1 char:1
+ & "C:\Program Files\nodejs/node.exe" "C:\Program Files\nodejs/node_mo ...
+ ~~~~~~~~~~~~~~~~~~~~~~~~~~~~~~~~~~~~~~~~~~~~~~~~~~~~~~~~~~~~~~~~~~~~~
    + CategoryInfo          : NotSpecified: ([2m15:44:35[2...` instead.[39m:String) [], RemoteException
    + FullyQualifiedErrorId : NativeCommandError
 
[2m15:44:35[22m [33m[1m[vite][22m[39m [33mwarning: `optimizeDeps.esbuildOptions` option was specified by 
"vite:react-babel" plugin. This option is deprecated, please use `optimizeDeps.rolldownOptions` instead.[39m
[33mBoth esbuild and oxc options were set. oxc options will be used and esbuild options will be ignored.[39m The 
following esbuild options were set: `{ jsx: 'automatic', jsxImportSource: undefined }`

[1m[30m[46m RUN [49m[39m[22m [36mv4.1.10 [39m[90mC:/Users/Karan/Projects/car-dealership-inventory-system/frontend[39m

[90mstdout[2m | src/pages/__tests__/publicPages.test.tsx[2m > [22m[2mPublic Pages[2m > [22m[2mHome Page[2m > [22m[2mrenders hero section, call to action, statistics, and about section
[22m[39m[36m<body>[39m
  [36m<div>[39m
    [36m<div[39m
      [33mclass[39m=[32m"flex flex-col min-h-screen bg-slate-50 dark:bg-slate-950 text-slate-900 dark:text-slate-100 font-sans transition-colors duration-300"[39m
    [36m>[39m
      [36m<header[39m
        [33mclass[39m=[32m"border-b border-slate-200/80 dark:border-slate-800/80 bg-white/80 dark:bg-slate-900/80 backdrop-blur-lg sticky top-0 z-50 transition-colors duration-300"[39m
        [33mrole[39m=[32m"banner"[39m
      [36m>[39m
        [36m<div[39m
          [33mclass[39m=[32m"max-w-7xl mx-auto px-4 sm:px-6 lg:px-8 h-16 flex items-center justify-between"[39m
        [36m>[39m
          [36m<a[39m
            [33mclass[39m=[32m"flex items-center gap-3 text-xl font-bold tracking-tight hover:opacity-90 transition-opacity"[39m
            [33mhref[39m=[32m"/"[39m
          [36m>[39m
            [36m<div[39m
              [33mclass[39m=[32m"flex items-center justify-center w-10 h-10 rounded-xl bg-slate-900 dark:bg-white text-white dark:text-slate-900 font-black tracking-tighter text-sm transition-transform duration-300 hover:scale-110 shadow-lg "[39m
            [36m>[39m
              [0mKATA[0m
            [36m</div>[39m
            [36m<span[39m
              [33mclass[39m=[32m"hidden sm:inline-block"[39m
            [36m>[39m
              [0mKATA[0m
            [36m</span>[39m
          [36m</a>[39m
          [36m<div[39m
            [33mclass[39m=[32m"flex items-center gap-4"[39m
          [36m>[39m
            [36m<nav[39m
              [33mclass[39m=[32m"hidden md:flex items-center gap-2"[39m
              [33mrole[39m=[32m"navigation"[39m
            [36m>[39m
              [36m<a[39m
                [33mclass[39m=[32m"text-sm font-medium transition-colors px-3 py-2 rounded-lg bg-indigo-100 dark:bg-indigo-600/20 text-indigo-700 dark:text-indigo-400 font-semibold border border-indigo-200 dark:border-indigo-500/30"[39m
                [33mhref[39m=[32m"/"[39m
              [36m>[39m
                [0mHome[0m
              [36m</a>[39m
              [36m<a[39m
                [33mclass[39m=[32m"text-sm font-medium transition-colors px-3 py-2 rounded-lg text-slate-600 dark:text-slate-300 hover:text-slate-900 dark:hover:text-white hover:bg-slate-100 dark:hover:bg-slate-800/60"[39m
                [33mhref[39m=[32m"/vehicles"[39m
              [36m>[39m
                [0mVehicles[0m
              [36m</a>[39m
              [36m<a[39m
                [33mclass[39m=[32m"text-sm font-medium transition-colors px-3 py-2 rounded-lg text-slate-600 dark:text-slate-300 hover:text-slate-900 dark:hover:text-white hover:bg-slate-100 dark:hover:bg-slate-800/60"[39m
                [33mhref[39m=[32m"/dashboard"[39m
              [36m>[39m
                [0mDashboard[0m
              [36m</a>[39m
              [36m<a[39m
                [33mclass[39m=[32m"text-sm font-medium transition-colors px-3 py-2 rounded-lg text-slate-600 dark:text-slate-300 hover:text-slate-900 dark:hover:text-white hover:bg-slate-100 dark:hover:bg-slate-800/60"[39m
                [33mhref[39m=[32m"/profile"[39m
              [36m>[39m
                [0mProfile[0m
              [36m</a>[39m
              [36m<button[39m
                [33mclass[39m=[32m"text-sm font-medium text-slate-500 dark:text-slate-400 hover:text-rose-600 dark:hover:text-rose-400 hover:bg-rose-50 dark:hover:bg-rose-500/10 px-3 py-2 rounded-lg transition-colors ml-2"[39m
              [36m>[39m
                [0mLogout[0m
              [36m</button>[39m
            [36m</nav>[39m
            [36m<button[39m
              [33maria-label[39m=[32m"Toggle Theme"[39m
              [33mclass[39m=[32m"p-2 rounded-lg text-slate-500 dark:text-slate-400 hover:bg-slate-100 dark:hover:bg-slate-800 transition-colors"[39m
            [36m>[39m
              [0m≡ƒîÖ[0m
            [36m</button>[39m
            [36m<button[39m
              [33maria-label[39m=[32m"Toggle Navigation Menu"[39m
              [33mclass[39m=[32m"md:hidden p-2 rounded-lg text-slate-500 dark:text-slate-400 hover:text-slate-900 dark:hover:text-white hover:bg-slate-100 dark:hover:bg-slate-800 transition-colors"[39m
            [36m>[39m
              [36m<svg[39m
                [33mclass[39m=[32m"w-6 h-6"[39m
                [33mfill[39m=[32m"none"[39m
                [33mstroke[39m=[32m"currentColor"[39m
                [33mviewBox[39m=[32m"0 0 24 24"[39m
              [36m>[39m
                [36m<path[39m
                  [33md[39m=[32m"M4 6h16M4 12h16M4 18h16"[39m
                  [33mstroke-linecap[39m=[32m"round"[39m
                  [33mstroke-linejoin[39m=[32m"round"[39m
                  [33mstroke-width[39m=[32m"2"[39m
                [36m/>[39m
              [36m</svg>[39m
            [36m</button>[39m
          [36m</div>[39m
        [36m</div>[39m
      [36m</header>[39m
      [36m<main[39m
        [33mclass[39m=[32m"flex-1 max-w-7xl mx-auto px-4 sm:px-6 lg:px-8 py-8 w-full transition-colors duration-300"[39m
      [36m>[39m
        [36m<section[39m
          [33mclass[39m=[32m"relative rounded-3xl overflow-hidden bg-white dark:bg-slate-900 border border-slate-200 dark:border-slate-800 p-8 sm:p-12 md:p-16 mb-16 shadow-xl transition-colors duration-300"[39m
        [36m>[39m
          [36m<div[39m
            [33mclass[39m=[32m"absolute top-0 right-0 w-full h-full bg-gradient-to-br from-indigo-50/50 via-white to-slate-50 dark:from-indigo-950/40 dark:via-slate-900 dark:to-slate-950 pointer-events-none transition-colors duration-300"[39m
          [36m/>[39m
          [36m<div[39m
            [33mclass[39m=[32m"absolute -top-24 -right-24 w-96 h-96 bg-indigo-500/10 dark:bg-indigo-500/20 rounded-full blur-3xl pointer-events-none"[39m
          [36m/>[39m
          [36m<div[39m
            [33mclass[39m=[32m"relative max-w-3xl space-y-6 z-10"[39m
          [36m>[39m
            [36m<span[39m
              [33mclass[39m=[32m"inline-flex items-center px-2.5 py-0.5 rounded-full text-xs font-semibold border bg-emerald-500/15 text-emerald-300 border-emerald-500/30 backdrop-blur-md animate-fade-in-up"[39m
            [36m>[39m
              [0mΓ£¿ Premier Dealership Experience[0m
            [36m</span>[39m
            [36m<h1[39m
              [33mclass[39m=[32m"text-4xl sm:text-5xl md:text-6xl font-black text-slate-900 dark:text-white tracking-tight leading-tight transition-colors duration-300"[39m
            [36m>[39m
              [0mFind Your Dream Vehicle with [0m
              [36m<span[39m
                [33mclass[39m=[32m"bg-gradient-to-r from-indigo-600 to-purple-600 dark:from-indigo-400 dark:to-purple-400 bg-clip-text text-transparent"[39m
              [36m>[39m
                [0mKATA[0m
              [36m</span>[39m
            [36m</h1>[39m
            [36m<p[39m
              [33mclass[39m=[32m"text-lg text-slate-600 dark:text-slate-300 leading-relaxed transition-colors duration-300"[39m
            [36m>[39m
              [0mBrowse our curated inventory of premium electric, SUV, truck, coupe, and sedan vehicles. Real-time availability, instant online purchase, and full dealership transparency.[0m
            [36m</p>[39m
            [36m<div[39m
              [33mclass[39m=[32m"flex flex-wrap gap-4 pt-4"[39m
            [36m>[39m
              [36m<a[39m
                [33mhref[39m=[32m"/vehicles"[39m
              [36m>[39m
                [36m<button[39m
                  [33mclass[39m=[32m"inline-flex items-center justify-center font-medium rounded-lg transition-all focus:outline-none focus:ring-2 focus:ring-offset-2 disabled:opacity-50 disabled:cursor-not-allowed bg-indigo-600 hover:bg-indigo-700 text-white focus:ring-indigo-500 px-5 py-2.5 text-base  shadow-lg shadow-indigo-500/30 hover:scale-105 transition-transform"[39m
                [36m>[39m
                  [0mExplore Inventory ΓåÆ[0m
                [36m</button>[39m
              [36m</a>[39m
              [36m<a[39m
                [33mhref[39m=[32m"/register"[39m
              [36m>[39m
                [36m<button[39m
                  [33mclass[39m=[32m"inline-flex items-center justify-center font-medium rounded-lg transition-all focus:outline-none focus:ring-2 focus:ring-offset-2 disabled:opacity-50 disabled:cursor-not-allowed bg-transparent border border-slate-700 hover:bg-slate-800 text-slate-300 focus:ring-slate-500 px-5 py-2.5 text-base  hover:scale-105 transition-transform"[39m
                [36m>[39m
                  [0mCreate Account[0m
                [36m</button>[39m
              [36m</a>[39m
            [36m</div>[39m
          [36m</div>[39m
        [36m</section>[39m
        [36m<section[39m
          [33mclass[39m=[32m"grid grid-cols-2 md:grid-cols-4 gap-4 mb-16"[39m
        [36m>[39m
          [36m<div[39m
            [33mclass[39m=[32m"bg-white dark:bg-slate-900/60 border border-slate-200 dark:border-slate-800/80 rounded-2xl p-6 text-center shadow-sm hover:shadow-md transition-all hover:-translate-y-1"[39m
          [36m>[39m
            [36m<p[39m
              [33mclass[39m=[32m"text-3xl font-black text-indigo-600 dark:text-indigo-400"[39m
            [36m>[39m
              [0m100%[0m
            [36m</p>[39m
            [36m<p[39m
              [33mclass[39m=[32m"text-sm font-medium text-slate-500 dark:text-slate-400 mt-1"[39m
            [36m>[39m
              [0mVerified Inventory[0m
            [36m</p>[39m
          [36m</div>[39m
          [36m<div[39m
            [33mclass[39m=[32m"bg-white dark:bg-slate-900/60 border border-slate-200 dark:border-slate-800/80 rounded-2xl p-6 text-center shadow-sm hover:shadow-md transition-all hover:-translate-y-1"[39m
          [36m>[39m
            [36m<p[39m
              [33mclass[39m=[32m"text-3xl font-black text-purple-600 dark:text-purple-400"[39m
            [36m>[39m
              [0m24/7[0m
            [36m</p>[39m
            [36m<p[39m
              [33mclass[39m=[32m"text-sm font-medium text-slate-500 dark:text-slate-400 mt-1"[39m
            [36m>[39m
              [0mLive Stock Tracking[0m
            [36m</p>[39m
          [36m</div>[39m
          [36m<div[39m
            [33mclass[39m=[32m"bg-white dark:bg-slate-900/60 border border-slate-200 dark:border-slate-800/80 rounded-2xl p-6 text-center shadow-sm hover:shadow-md transition-all hover:-translate-y-1"[39m
          [36m>[39m
            [36m<p[39m
              [33mclass[39m=[32m"text-3xl font-black text-emerald-600 dark:text-emerald-400"[39m
            [36m>[39m
              [0mInstant[0m
            [36m</p>[39m
            [36m<p[39m
              [33mclass[39m=[32m"text-sm font-medium text-slate-500 dark:text-slate-400 mt-1"[39m
            [36m>[39m
              [0mOnline Purchase[0m
            [36m</p>[39m
          [36m</div>[39m
          [36m<div[39m
            [33mclass[39m=[32m"bg-white dark:bg-slate-900/60 border border-slate-200 dark:border-slate-800/80 rounded-2xl p-6 text-center shadow-sm hover:shadow-md transition-all hover:-translate-y-1"[39m
          [36m>[39m
            [36m<p[39m
              [33mclass[39m=[32m"text-3xl font-black text-amber-500 dark:text-amber-400"[39m
            [36m>[39m
              [0m5-Star[0m
            [36m</p>[39m
            [36m<p[39m
              [33mclass[39m=[32m"text-sm font-medium text-slate-500 dark:text-slate-400 mt-1"[39m
            [36m>[39m
              [0mCustomer Service[0m
            [36m</p>[39m
          [36m</div>[39m
        [36m</section>[39m
        [36m<section[39m
          [33mclass[39m=[32m"mb-16 space-y-8 relative"[39m
        [36m>[39m
          [36m<div[39m
            [33mclass[39m=[32m"flex justify-between items-end"[39m
          [36m>[39m
            [36m<div>[39m
              [36m<h2[39m
                [33mclass[39m=[32m"text-2xl sm:text-3xl font-bold text-slate-900 dark:text-white tracking-tight transition-colors"[39m
              [36m>[39m
                [0mFeatured Vehicles[0m
              [36m</h2>[39m
              [36m<p[39m
                [33mclass[39m=[32m"text-slate-500 dark:text-slate-400 text-sm mt-1 transition-colors"[39m
              [36m>[39m
                [0mExplore top models available in our showroom today[0m
              [36m</p>[39m
            [36m</div>[39m
            [36m<div[39m
              [33mclass[39m=[32m"flex items-center gap-4"[39m
            [36m>[39m
              [36m<div[39m
                [33mclass[39m=[32m"hidden sm:flex gap-2"[39m
              [36m>[39m
                [36m<button[39m
                  [33maria-label[39m=[32m"Previous vehicle"[39m
                  [33mclass[39m=[32m"p-2 rounded-full bg-slate-100 dark:bg-slate-800 text-slate-600 dark:text-slate-300 hover:bg-slate-200 dark:hover:bg-slate-700 transition-colors"[39m
                [36m>[39m
                  [0mΓåÉ[0m
                [36m</button>[39m
                [36m<button[39m
                  [33maria-label[39m=[32m"Next vehicle"[39m
                  [33mclass[39m=[32m"p-2 rounded-full bg-slate-100 dark:bg-slate-800 text-slate-600 dark:text-slate-300 hover:bg-slate-200 dark:hover:bg-slate-700 transition-colors"[39m
                [36m>[39m
                  [0mΓåÆ[0m
                [36m</button>[39m
              [36m</div>[39m
              [36m<a[39m
                [33mclass[39m=[32m"text-sm font-semibold text-indigo-600 dark:text-indigo-400 hover:text-indigo-500 transition-colors"[39m
                [33mhref[39m=[32m"/vehicles"[39m
              [36m>[39m
                [0mView All ΓåÆ[0m
              [36m</a>[39m
            [36m</div>[39m
          [36m</div>[39m
          [36m<div[39m
            [33mclass[39m=[32m"flex justify-center py-12"[39m
          [36m>[39m
            [36m<svg[39m
              [33mclass[39m=[32m"animate-spin text-indigo-500 h-10 w-10"[39m
              [33mdata-testid[39m=[32m"spinner-element"[39m
              [33mfill[39m=[32m"none"[39m
[90mstderr[2m | src/pages/__tests__/publicPages.test.tsx[2m > [22m[2mPublic Pages[2m > [22m[2mHome Page[2m > 
[22m[2mrenders hero section, call to action, statistics, and about section
[22m[39mΓÜá∩╕Å React Router Future Flag Warning: React Router will begin wrapping state updates in 
`React.startTransition` in v7. You can use the `v7_startTransition` future flag to opt-in early. For more information, 
see https://reactrouter.com/v6/upgrading/future#v7_starttransition.
ΓÜá∩╕Å React Router Future Flag Warning: Relative route resolution within Splat routes is changing in v7. You can use 
the `v7_relativeSplatPath` future flag to opt-in early. For more information, see 
https://reactrouter.com/v6/upgrading/future#v7_relativesplatpath.

              [33mviewBox[39m=[32m"0 0 24 24"[39m
              [33mxmlns[39m=[32m"http://www.w3.org/2000/svg"[39m
            [36m>[39m
              [36m<circle[39m
                [33mclass[39m=[32m"opacity-25"[39m
                [33mcx[39m=[32m"12"[39m
                [33mcy[39m=[32m"12"[39m
                [33mr[39m=[32m"10"[39m
                [33mstroke[39m=[32m"currentColor"[39m
                [33mstroke-width[39m=[32m"4"[39m
              [36m/>[39m
              [36m<path[39m
                [33mclass[39m=[32m"opacity-75"[39m
                [33md[39m=[32m"M4 12a8 8 0 018-8V0C5.373 0 0 5.373 0 12h4zm2 5.291A7.962 7.962 0 014 12H0c0 3.042 1.135 5.824 3 7.938l3-2.647z"[39m
                [33mfill[39m=[32m"currentColor"[39m
              [36m/>[39m
            [36m</svg>[39m
          [36m</div>[39m
        [36m</section>[39m
        [36m<section[39m
          [33mclass[39m=[32m"bg-white dark:bg-slate-900/40 border border-slate-200 dark:border-slate-800 rounded-3xl p-8 sm:p-12 space-y-6 shadow-sm transition-colors duration-300"[39m
        [36m>[39m
          [36m<h2[39m
            [33mclass[39m=[32m"text-2xl sm:text-3xl font-bold text-slate-900 dark:text-white"[39m
          [36m>[39m
            [0mAbout KATA[0m
          [36m</h2>[39m
          [36m<p[39m
            [33mclass[39m=[32m"text-slate-600 dark:text-slate-300 leading-relaxed max-w-4xl text-lg"[39m
          [36m>[39m
            [0mKATA is an enterprise-grade car dealership inventory platform designed to deliver seamless car buying and dealership management experiences. With automated stock updates, multi-filter search, role-based controls for employees and administrators, and instantaneous checkout options, we redefine modern auto sales.[0m
          [36m</p>[39m
        [36m</section>[39m
      [36m</main>[39m
      [36m<footer[39m
        [33mclass[39m=[32m"border-t border-slate-200 dark:border-slate-900 bg-slate-100 dark:bg-slate-950 py-8 text-center text-sm text-slate-500 transition-colors duration-300"[39m
        [33mrole[39m=[32m"contentinfo"[39m
      [36m>[39m
        [36m<div[39m
          [33mclass[39m=[32m"max-w-7xl mx-auto px-4 space-y-2"[39m
        [36m>[39m
          [36m<p[39m
            [33mclass[39m=[32m"font-medium text-slate-600 dark:text-slate-400"[39m
          [36m>[39m
            [0mKATA Inventory Management System[0m
          [36m</p>[39m
          [36m<p>[39m
            [0m┬⌐ [0m
            [0m2026[0m
            [0m KATA Automotive. All rights reserved.[0m
          [36m</p>[39m
        [36m</div>[39m
      [36m</footer>[39m
    [36m</div>[39m
  [36m</div>[39m
[36m</body>[39m

[90mstdout[2m | src/pages/__tests__/publicPages.test.tsx[2m > [22m[2mPublic Pages[2m > [22m[2mHome Page[2m > [22m[2mrenders hero section, call to action, statistics, and about section
[22m[39m[36m<body>[39m
  [36m<div>[39m
    [36m<div[39m
      [33mclass[39m=[32m"flex flex-col min-h-screen bg-slate-50 dark:bg-slate-950 text-slate-900 dark:text-slate-100 font-sans transition-colors duration-300"[39m
    [36m>[39m
      [36m<header[39m
        [33mclass[39m=[32m"border-b border-slate-200/80 dark:border-slate-800/80 bg-white/80 dark:bg-slate-900/80 backdrop-blur-lg sticky top-0 z-50 transition-colors duration-300"[39m
        [33mrole[39m=[32m"banner"[39m
      [36m>[39m
        [36m<div[39m
          [33mclass[39m=[32m"max-w-7xl mx-auto px-4 sm:px-6 lg:px-8 h-16 flex items-center justify-between"[39m
        [36m>[39m
          [36m<a[39m
            [33mclass[39m=[32m"flex items-center gap-3 text-xl font-bold tracking-tight hover:opacity-90 transition-opacity"[39m
            [33mhref[39m=[32m"/"[39m
          [36m>[39m
            [36m<div[39m
              [33mclass[39m=[32m"flex items-center justify-center w-10 h-10 rounded-xl bg-slate-900 dark:bg-white text-white dark:text-slate-900 font-black tracking-tighter text-sm transition-transform duration-300 hover:scale-110 shadow-lg "[39m
            [36m>[39m
              [0mKATA[0m
            [36m</div>[39m
            [36m<span[39m
              [33mclass[39m=[32m"hidden sm:inline-block"[39m
            [36m>[39m
              [0mKATA[0m
            [36m</span>[39m
          [36m</a>[39m
          [36m<div[39m
            [33mclass[39m=[32m"flex items-center gap-4"[39m
          [36m>[39m
            [36m<nav[39m
              [33mclass[39m=[32m"hidden md:flex items-center gap-2"[39m
              [33mrole[39m=[32m"navigation"[39m
            [36m>[39m
              [36m<a[39m
                [33mclass[39m=[32m"text-sm font-medium transition-colors px-3 py-2 rounded-lg bg-indigo-100 dark:bg-indigo-600/20 text-indigo-700 dark:text-indigo-400 font-semibold border border-indigo-200 dark:border-indigo-500/30"[39m
                [33mhref[39m=[32m"/"[39m
              [36m>[39m
                [0mHome[0m
              [36m</a>[39m
              [36m<a[39m
                [33mclass[39m=[32m"text-sm font-medium transition-colors px-3 py-2 rounded-lg text-slate-600 dark:text-slate-300 hover:text-slate-900 dark:hover:text-white hover:bg-slate-100 dark:hover:bg-slate-800/60"[39m
                [33mhref[39m=[32m"/vehicles"[39m
              [36m>[39m
                [0mVehicles[0m
              [36m</a>[39m
              [36m<a[39m
                [33mclass[39m=[32m"text-sm font-medium transition-colors px-3 py-2 rounded-lg text-slate-600 dark:text-slate-300 hover:text-slate-900 dark:hover:text-white hover:bg-slate-100 dark:hover:bg-slate-800/60"[39m
                [33mhref[39m=[32m"/dashboard"[39m
              [36m>[39m
                [0mDashboard[0m
              [36m</a>[39m
              [36m<a[39m
                [33mclass[39m=[32m"text-sm font-medium transition-colors px-3 py-2 rounded-lg text-slate-600 dark:text-slate-300 hover:text-slate-900 dark:hover:text-white hover:bg-slate-100 dark:hover:bg-slate-800/60"[39m
                [33mhref[39m=[32m"/profile"[39m
              [36m>[39m
                [0mProfile[0m
              [36m</a>[39m
              [36m<button[39m
                [33mclass[39m=[32m"text-sm font-medium text-slate-500 dark:text-slate-400 hover:text-rose-600 dark:hover:text-rose-400 hover:bg-rose-50 dark:hover:bg-rose-500/10 px-3 py-2 rounded-lg transition-colors ml-2"[39m
              [36m>[39m
                [0mLogout[0m
              [36m</button>[39m
            [36m</nav>[39m
            [36m<button[39m
              [33maria-label[39m=[32m"Toggle Theme"[39m
              [33mclass[39m=[32m"p-2 rounded-lg text-slate-500 dark:text-slate-400 hover:bg-slate-100 dark:hover:bg-slate-800 transition-colors"[39m
            [36m>[39m
              [0m≡ƒîÖ[0m
            [36m</button>[39m
            [36m<button[39m
              [33maria-label[39m=[32m"Toggle Navigation Menu"[39m
              [33mclass[39m=[32m"md:hidden p-2 rounded-lg text-slate-500 dark:text-slate-400 hover:text-slate-900 dark:hover:text-white hover:bg-slate-100 dark:hover:bg-slate-800 transition-colors"[39m
            [36m>[39m
              [36m<svg[39m
                [33mclass[39m=[32m"w-6 h-6"[39m
                [33mfill[39m=[32m"none"[39m
                [33mstroke[39m=[32m"currentColor"[39m
                [33mviewBox[39m=[32m"0 0 24 24"[39m
              [36m>[39m
                [36m<path[39m
                  [33md[39m=[32m"M4 6h16M4 12h16M4 18h16"[39m
                  [33mstroke-linecap[39m=[32m"round"[39m
                  [33mstroke-linejoin[39m=[32m"round"[39m
                  [33mstroke-width[39m=[32m"2"[39m
                [36m/>[39m
              [36m</svg>[39m
            [36m</button>[39m
          [36m</div>[39m
        [36m</div>[39m
      [36m</header>[39m
      [36m<main[39m
        [33mclass[39m=[32m"flex-1 max-w-7xl mx-auto px-4 sm:px-6 lg:px-8 py-8 w-full transition-colors duration-300"[39m
      [36m>[39m
        [36m<section[39m
          [33mclass[39m=[32m"relative rounded-3xl overflow-hidden bg-white dark:bg-slate-900 border border-slate-200 dark:border-slate-800 p-8 sm:p-12 md:p-16 mb-16 shadow-xl transition-colors duration-300"[39m
        [36m>[39m
          [36m<div[39m
            [33mclass[39m=[32m"absolute top-0 right-0 w-full h-full bg-gradient-to-br from-indigo-50/50 via-white to-slate-50 dark:from-indigo-950/40 dark:via-slate-900 dark:to-slate-950 pointer-events-none transition-colors duration-300"[39m
          [36m/>[39m
          [36m<div[39m
            [33mclass[39m=[32m"absolute -top-24 -right-24 w-96 h-96 bg-indigo-500/10 dark:bg-indigo-500/20 rounded-full blur-3xl pointer-events-none"[39m
          [36m/>[39m
          [36m<div[39m
            [33mclass[39m=[32m"relative max-w-3xl space-y-6 z-10"[39m
          [36m>[39m
            [36m<span[39m
              [33mclass[39m=[32m"inline-flex items-center px-2.5 py-0.5 rounded-full text-xs font-semibold border bg-emerald-500/15 text-emerald-300 border-emerald-500/30 backdrop-blur-md animate-fade-in-up"[39m
            [36m>[39m
              [0mΓ£¿ Premier Dealership Experience[0m
            [36m</span>[39m
            [36m<h1[39m
              [33mclass[39m=[32m"text-4xl sm:text-5xl md:text-6xl font-black text-slate-900 dark:text-white tracking-tight leading-tight transition-colors duration-300"[39m
            [36m>[39m
              [0mFind Your Dream Vehicle with [0m
              [36m<span[39m
                [33mclass[39m=[32m"bg-gradient-to-r from-indigo-600 to-purple-600 dark:from-indigo-400 dark:to-purple-400 bg-clip-text text-transparent"[39m
              [36m>[39m
                [0mKATA[0m
              [36m</span>[39m
            [36m</h1>[39m
            [36m<p[39m
              [33mclass[39m=[32m"text-lg text-slate-600 dark:text-slate-300 leading-relaxed transition-colors duration-300"[39m
            [36m>[39m
              [0mBrowse our curated inventory of premium electric, SUV, truck, coupe, and sedan vehicles. Real-time availability, instant online purchase, and full dealership transparency.[0m
            [36m</p>[39m
            [36m<div[39m
              [33mclass[39m=[32m"flex flex-wrap gap-4 pt-4"[39m
            [36m>[39m
              [36m<a[39m
                [33mhref[39m=[32m"/vehicles"[39m
              [36m>[39m
                [36m<button[39m
                  [33mclass[39m=[32m"inline-flex items-center justify-center font-medium rounded-lg transition-all focus:outline-none focus:ring-2 focus:ring-offset-2 disabled:opacity-50 disabled:cursor-not-allowed bg-indigo-600 hover:bg-indigo-700 text-white focus:ring-indigo-500 px-5 py-2.5 text-base  shadow-lg shadow-indigo-500/30 hover:scale-105 transition-transform"[39m
                [36m>[39m
                  [0mExplore Inventory ΓåÆ[0m
                [36m</button>[39m
              [36m</a>[39m
              [36m<a[39m
                [33mhref[39m=[32m"/register"[39m
              [36m>[39m
                [36m<button[39m
                  [33mclass[39m=[32m"inline-flex items-center justify-center font-medium rounded-lg transition-all focus:outline-none focus:ring-2 focus:ring-offset-2 disabled:opacity-50 disabled:cursor-not-allowed bg-transparent border border-slate-700 hover:bg-slate-800 text-slate-300 focus:ring-slate-500 px-5 py-2.5 text-base  hover:scale-105 transition-transform"[39m
                [36m>[39m
                  [0mCreate Account[0m
                [36m</button>[39m
              [36m</a>[39m
            [36m</div>[39m
          [36m</div>[39m
        [36m</section>[39m
        [36m<section[39m
          [33mclass[39m=[32m"grid grid-cols-2 md:grid-cols-4 gap-4 mb-16"[39m
        [36m>[39m
          [36m<div[39m
            [33mclass[39m=[32m"bg-white dark:bg-slate-900/60 border border-slate-200 dark:border-slate-800/80 rounded-2xl p-6 text-center shadow-sm hover:shadow-md transition-all hover:-translate-y-1"[39m
          [36m>[39m
            [36m<p[39m
              [33mclass[39m=[32m"text-3xl font-black text-indigo-600 dark:text-indigo-400"[39m
            [36m>[39m
              [0m100%[0m
            [36m</p>[39m
            [36m<p[39m
              [33mclass[39m=[32m"text-sm font-medium text-slate-500 dark:text-slate-400 mt-1"[39m
            [36m>[39m
              [0mVerified Inventory[0m
            [36m</p>[39m
          [36m</div>[39m
          [36m<div[39m
            [33mclass[39m=[32m"bg-white dark:bg-slate-900/60 border border-slate-200 dark:border-slate-800/80 rounded-2xl p-6 text-center shadow-sm hover:shadow-md t...

[90mstdout[2m | src/pages/__tests__/publicPages.test.tsx[2m > [22m[2mPublic Pages[2m > [22m[2mHome Page[2m > [22m[2mrenders hero section, call to action, statistics, and about section
[22m[39m[36m<body>[39m
  [36m<div>[39m
    [36m<div[39m
      [33mclass[39m=[32m"flex flex-col min-h-screen bg-slate-50 dark:bg-slate-950 text-slate-900 dark:text-slate-100 font-sans transition-colors duration-300"[39m
    [36m>[39m
      [36m<header[39m
        [33mclass[39m=[32m"border-b border-slate-200/80 dark:border-slate-800/80 bg-white/80 dark:bg-slate-900/80 backdrop-blur-lg sticky top-0 z-50 transition-colors duration-300"[39m
        [33mrole[39m=[32m"banner"[39m
      [36m>[39m
        [36m<div[39m
          [33mclass[39m=[32m"max-w-7xl mx-auto px-4 sm:px-6 lg:px-8 h-16 flex items-center justify-between"[39m
        [36m>[39m
          [36m<a[39m
            [33mclass[39m=[32m"flex items-center gap-3 text-xl font-bold tracking-tight hover:opacity-90 transition-opacity"[39m
            [33mhref[39m=[32m"/"[39m
          [36m>[39m
            [36m<div[39m
              [33mclass[39m=[32m"flex items-center justify-center w-10 h-10 rounded-xl bg-slate-900 dark:bg-white text-white dark:text-slate-900 font-black tracking-tighter text-sm transition-transform duration-300 hover:scale-110 shadow-lg "[39m
            [36m>[39m
              [0mKATA[0m
            [36m</div>[39m
            [36m<span[39m
              [33mclass[39m=[32m"hidden sm:inline-block"[39m
            [36m>[39m
              [0mKATA[0m
            [36m</span>[39m
          [36m</a>[39m
          [36m<div[39m
            [33mclass[39m=[32m"flex items-center gap-4"[39m
          [36m>[39m
            [36m<nav[39m
              [33mclass[39m=[32m"hidden md:flex items-center gap-2"[39m
              [33mrole[39m=[32m"navigation"[39m
            [36m>[39m
              [36m<a[39m
                [33mclass[39m=[32m"text-sm font-medium transition-colors px-3 py-2 rounded-lg bg-indigo-100 dark:bg-indigo-600/20 text-indigo-700 dark:text-indigo-400 font-semibold border border-indigo-200 dark:border-indigo-500/30"[39m
                [33mhref[39m=[32m"/"[39m
              [36m>[39m
                [0mHome[0m
              [36m</a>[39m
              [36m<a[39m
                [33mclass[39m=[32m"text-sm font-medium transition-colors px-3 py-2 rounded-lg text-slate-600 dark:text-slate-300 hover:text-slate-900 dark:hover:text-white hover:bg-slate-100 dark:hover:bg-slate-800/60"[39m
                [33mhref[39m=[32m"/vehicles"[39m
              [36m>[39m
                [0mVehicles[0m
              [36m</a>[39m
              [36m<a[39m
                [33mclass[39m=[32m"text-sm font-medium transition-colors px-3 py-2 rounded-lg text-slate-600 dark:text-slate-300 hover:text-slate-900 dark:hover:text-white hover:bg-slate-100 dark:hover:bg-slate-800/60"[39m
                [33mhref[39m=[32m"/dashboard"[39m
              [36m>[39m
                [0mDashboard[0m
              [36m</a>[39m
              [36m<a[39m
                [33mclass[39m=[32m"text-sm font-medium transition-colors px-3 py-2 rounded-lg text-slate-600 dark:text-slate-300 hover:text-slate-900 dark:hover:text-white hover:bg-slate-100 dark:hover:bg-slate-800/60"[39m
                [33mhref[39m=[32m"/profile"[39m
              [36m>[39m
                [0mProfile[0m
              [36m</a>[39m
              [36m<button[39m
                [33mclass[39m=[32m"text-sm font-medium text-slate-500 dark:text-slate-400 hover:text-rose-600 dark:hover:text-rose-400 hover:bg-rose-50 dark:hover:bg-rose-500/10 px-3 py-2 rounded-lg transition-colors ml-2"[39m
              [36m>[39m
                [0mLogout[0m
              [36m</button>[39m
            [36m</nav>[39m
            [36m<button[39m
              [33maria-label[39m=[32m"Toggle Theme"[39m
              [33mclass[39m=[32m"p-2 rounded-lg text-slate-500 dark:text-slate-400 hover:bg-slate-100 dark:hover:bg-slate-800 transition-colors"[39m
            [36m>[39m
              [0m≡ƒîÖ[0m
            [36m</button>[39m
            [36m<button[39m
              [33maria-label[39m=[32m"Toggle Navigation Menu"[39m
              [33mclass[39m=[32m"md:hidden p-2 rounded-lg text-slate-500 dark:text-slate-400 hover:text-slate-900 dark:hover:text-white hover:bg-slate-100 dark:hover:bg-slate-800 transition-colors"[39m
            [36m>[39m
              [36m<svg[39m
                [33mclass[39m=[32m"w-6 h-6"[39m
                [33mfill[39m=[32m"none"[39m
                [33mstroke[39m=[32m"currentColor"[39m
                [33mviewBox[39m=[32m"0 0 24 24"[39m
              [36m>[39m
                [36m<path[39m
                  [33md[39m=[32m"M4 6h16M4 12h16M4 18h16"[39m
                  [33mstroke-linecap[39m=[32m"round"[39m
                  [33mstroke-linejoin[39m=[32m"round"[39m
                  [33mstroke-width[39m=[32m"2"[39m
                [36m/>[39m
              [36m</svg>[39m
            [36m</button>[39m
          [36m</div>[39m
        [36m</div>[39m
      [36m</header>[39m
      [36m<main[39m
        [33mclass[39m=[32m"flex-1 max-w-7xl mx-auto px-4 sm:px-6 lg:px-8 py-8 w-full transition-colors duration-300"[39m
      [36m>[39m
        [36m<section[39m
          [33mclass[39m=[32m"relative rounded-3xl overflow-hidden bg-white dark:bg-slate-900 border border-slate-200 dark:border-slate-800 p-8 sm:p-12 md:p-16 mb-16 shadow-xl transition-colors duration-300"[39m
        [36m>[39m
          [36m<div[39m
            [33mclass[39m=[32m"absolute top-0 right-0 w-full h-full bg-gradient-to-br from-indigo-50/50 via-white to-slate-50 dark:from-indigo-950/40 dark:via-slate-900 dark:to-slate-950 pointer-events-none transition-colors duration-300"[39m
          [36m/>[39m
          [36m<div[39m
            [33mclass[39m=[32m"absolute -top-24 -right-24 w-96 h-96 bg-indigo-500/10 dark:bg-indigo-500/20 rounded-full blur-3xl pointer-events-none"[39m
          [36m/>[39m
          [36m<div[39m
            [33mclass[39m=[32m"relative max-w-3xl space-y-6 z-10"[39m
          [36m>[39m
            [36m<span[39m
              [33mclass[39m=[32m"inline-flex items-center px-2.5 py-0.5 rounded-full text-xs font-semibold border bg-emerald-500/15 text-emerald-300 border-emerald-500/30 backdrop-blur-md animate-fade-in-up"[39m
            [36m>[39m
              [0mΓ£¿ Premier Dealership Experience[0m
            [36m</span>[39m
            [36m<h1[39m
              [33mclass[39m=[32m"text-4xl sm:text-5xl md:text-6xl font-black text-slate-900 dark:text-white tracking-tight leading-tight transition-colors duration-300"[39m
            [36m>[39m
              [0mFind Your Dream Vehicle with [0m
              [36m<span[39m
                [33mclass[39m=[32m"bg-gradient-to-r from-indigo-600 to-purple-600 dark:from-indigo-400 dark:to-purple-400 bg-clip-text text-transparent"[39m
              [36m>[39m
                [0mKATA[0m
              [36m</span>[39m
            [36m</h1>[39m
            [36m<p[39m
              [33mclass[39m=[32m"text-lg text-slate-600 dark:text-slate-300 leading-relaxed transition-colors duration-300"[39m
            [36m>[39m
              [0mBrowse our curated inventory of premium electric, SUV, truck, coupe, and sedan vehicles. Real-time availability, instant online purchase, and full dealership transparency.[0m
            [36m</p>[39m
            [36m<div[39m
              [33mclass[39m=[32m"flex flex-wrap gap-4 pt-4"[39m
            [36m>[39m
              [36m<a[39m
                [33mhref[39m=[32m"/vehicles"[39m
              [36m>[39m
                [36m<button[39m
                  [33mclass[39m=[32m"inline-flex items-center justify-center font-medium rounded-lg transition-all focus:outline-none focus:ring-2 focus:ring-offset-2 disabled:opacity-50 disabled:cursor-not-allowed bg-indigo-600 hover:bg-indigo-700 text-white focus:ring-indigo-500 px-5 py-2.5 text-base  shadow-lg shadow-indigo-500/30 hover:scale-105 transition-transform"[39m
                [36m>[39m
                  [0mExplore Inventory ΓåÆ[0m
                [36m</button>[39m
              [36m</a>[39m
              [36m<a[39m
                [33mhref[39m=[32m"/register"[39m
              [36m>[39m
                [36m<button[39m
                  [33mclass[39m=[32m"inline-flex items-center justify-center font-medium rounded-lg transition-all focus:outline-none focus:ring-2 focus:ring-offset-2 disabled:opacity-50 disabled:cursor-not-allowed bg-transparent border border-slate-700 hover:bg-slate-800 text-slate-300 focus:ring-slate-500 px-5 py-2.5 text-base  hover:scale-105 transition-transform"[39m
                [36m>[39m
                  [0mCreate Account[0m
                [36m</button>[39m
              [36m</a>[39m
            [36m</div>[39m
          [36m</div>[39m
        [36m</section>[39m
        [36m<section[39m
          [33mclass[39m=[32m"grid grid-cols-2 md:grid-cols-4 gap-4 mb-16"[39m
        [36m>[39m
          [36m<div[39m
            [33mclass[39m=[32m"bg-white dark:bg-slate-900/60 border border-slate-200 dark:border-slate-800/80 rounded-2xl p-6 text-center shadow-sm hover:shadow-md transition-all hover:-translate-y-1"[39m
          [36m>[39m
            [36m<p[39m
              [33mclass[39m=[32m"text-3xl font-black text-indigo-600 dark:text-indigo-400"[39m
            [36m>[39m
              [0m100%[0m
            [36m</p>[39m
            [36m<p[39m
              [33mclass[39m=[32m"text-sm font-medium text-slate-500 dark:text-slate-400 mt-1"[39m
            [36m>[39m
              [0mVerified Inventory[0m
            [36m</p>[39m
          [36m</div>[39m
          [36m<div[39m
            [33mclass[39m=[32m"bg-white dark:bg-slate-900/60 border border-slate-200 dark:border-slate-800/80 rounded-2xl p-6 text-center shadow-sm hover:shadow-md t...

[90mstdout[2m | src/pages/__tests__/publicPages.test.tsx[2m > [22m[2mPublic Pages[2m > [22m[2mHome Page[2m > [22m[2mrenders hero section, call to action, statistics, and about section
[22m[39m[36m<body>[39m
  [36m<div>[39m
    [36m<div[39m
      [33mclass[39m=[32m"flex flex-col min-h-screen bg-slate-50 dark:bg-slate-950 text-slate-900 dark:text-slate-100 font-sans transition-colors duration-300"[39m
    [36m>[39m
      [36m<header[39m
        [33mclass[39m=[32m"border-b border-slate-200/80 dark:border-slate-800/80 bg-white/80 dark:bg-slate-900/80 backdrop-blur-lg sticky top-0 z-50 transition-colors duration-300"[39m
        [33mrole[39m=[32m"banner"[39m
      [36m>[39m
        [36m<div[39m
          [33mclass[39m=[32m"max-w-7xl mx-auto px-4 sm:px-6 lg:px-8 h-16 flex items-center justify-between"[39m
        [36m>[39m
          [36m<a[39m
            [33mclass[39m=[32m"flex items-center gap-3 text-xl font-bold tracking-tight hover:opacity-90 transition-opacity"[39m
            [33mhref[39m=[32m"/"[39m
          [36m>[39m
            [36m<div[39m
              [33mclass[39m=[32m"flex items-center justify-center w-10 h-10 rounded-xl bg-slate-900 dark:bg-white text-white dark:text-slate-900 font-black tracking-tighter text-sm transition-transform duration-300 hover:scale-110 shadow-lg "[39m
            [36m>[39m
              [0mKATA[0m
            [36m</div>[39m
            [36m<span[39m
              [33mclass[39m=[32m"hidden sm:inline-block"[39m
            [36m>[39m
              [0mKATA[0m
            [36m</span>[39m
          [36m</a>[39m
          [36m<div[39m
            [33mclass[39m=[32m"flex items-center gap-4"[39m
          [36m>[39m
            [36m<nav[39m
              [33mclass[39m=[32m"hidden md:flex items-center gap-2"[39m
              [33mrole[39m=[32m"navigation"[39m
            [36m>[39m
              [36m<a[39m
                [33mclass[39m=[32m"text-sm font-medium transition-colors px-3 py-2 rounded-lg bg-indigo-100 dark:bg-indigo-600/20 text-indigo-700 dark:text-indigo-400 font-semibold border border-indigo-200 dark:border-indigo-500/30"[39m
                [33mhref[39m=[32m"/"[39m
              [36m>[39m
                [0mHome[0m
              [36m</a>[39m
              [36m<a[39m
                [33mclass[39m=[32m"text-sm font-medium transition-colors px-3 py-2 rounded-lg text-slate-600 dark:text-slate-300 hover:text-slate-900 dark:hover:text-white hover:bg-slate-100 dark:hover:bg-slate-800/60"[39m
                [33mhref[39m=[32m"/vehicles"[39m
              [36m>[39m
                [0mVehicles[0m
              [36m</a>[39m
              [36m<a[39m
                [33mclass[39m=[32m"text-sm font-medium transition-colors px-3 py-2 rounded-lg text-slate-600 dark:text-slate-300 hover:text-slate-900 dark:hover:text-white hover:bg-slate-100 dark:hover:bg-slate-800/60"[39m
                [33mhref[39m=[32m"/dashboard"[39m
              [36m>[39m
                [0mDashboard[0m
              [36m</a>[39m
              [36m<a[39m
                [33mclass[39m=[32m"text-sm font-medium transition-colors px-3 py-2 rounded-lg text-slate-600 dark:text-slate-300 hover:text-slate-900 dark:hover:text-white hover:bg-slate-100 dark:hover:bg-slate-800/60"[39m
                [33mhref[39m=[32m"/profile"[39m
              [36m>[39m
                [0mProfile[0m
              [36m</a>[39m
              [36m<button[39m
                [33mclass[39m=[32m"text-sm font-medium text-slate-500 dark:text-slate-400 hover:text-rose-600 dark:hover:text-rose-400 hover:bg-rose-50 dark:hover:bg-rose-500/10 px-3 py-2 rounded-lg transition-colors ml-2"[39m
              [36m>[39m
                [0mLogout[0m
              [36m</button>[39m
            [36m</nav>[39m
            [36m<button[39m
              [33maria-label[39m=[32m"Toggle Theme"[39m
              [33mclass[39m=[32m"p-2 rounded-lg text-slate-500 dark:text-slate-400 hover:bg-slate-100 dark:hover:bg-slate-800 transition-colors"[39m
            [36m>[39m
              [0m≡ƒîÖ[0m
            [36m</button>[39m
            [36m<button[39m
              [33maria-label[39m=[32m"Toggle Navigation Menu"[39m
              [33mclass[39m=[32m"md:hidden p-2 rounded-lg text-slate-500 dark:text-slate-400 hover:text-slate-900 dark:hover:text-white hover:bg-slate-100 dark:hover:bg-slate-800 transition-colors"[39m
            [36m>[39m
              [36m<svg[39m
                [33mclass[39m=[32m"w-6 h-6"[39m
                [33mfill[39m=[32m"none"[39m
                [33mstroke[39m=[32m"currentColor"[39m
                [33mviewBox[39m=[32m"0 0 24 24"[39m
              [36m>[39m
                [36m<path[39m
                  [33md[39m=[32m"M4 6h16M4 12h16M4 18h16"[39m
                  [33mstroke-linecap[39m=[32m"round"[39m
                  [33mstroke-linejoin[39m=[32m"round"[39m
                  [33mstroke-width[39m=[32m"2"[39m
                [36m/>[39m
              [36m</svg>[39m
            [36m</button>[39m
          [36m</div>[39m
        [36m</div>[39m
      [36m</header>[39m
      [36m<main[39m
        [33mclass[39m=[32m"flex-1 max-w-7xl mx-auto px-4 sm:px-6 lg:px-8 py-8 w-full transition-colors duration-300"[39m
      [36m>[39m
        [36m<section[39m
          [33mclass[39m=[32m"relative rounded-3xl overflow-hidden bg-white dark:bg-slate-900 border border-slate-200 dark:border-slate-800 p-8 sm:p-12 md:p-16 mb-16 shadow-xl transition-colors duration-300"[39m
        [36m>[39m
          [36m<div[39m
            [33mclass[39m=[32m"absolute top-0 right-0 w-full h-full bg-gradient-to-br from-indigo-50/50 via-white to-slate-50 dark:from-indigo-950/40 dark:via-slate-900 dark:to-slate-950 pointer-events-none transition-colors duration-300"[39m
          [36m/>[39m
          [36m<div[39m
            [33mclass[39m=[32m"absolute -top-24 -right-24 w-96 h-96 bg-indigo-500/10 dark:bg-indigo-500/20 rounded-full blur-3xl pointer-events-none"[39m
          [36m/>[39m
          [36m<div[39m
            [33mclass[39m=[32m"relative max-w-3xl space-y-6 z-10"[39m
          [36m>[39m
            [36m<span[39m
              [33mclass[39m=[32m"inline-flex items-center px-2.5 py-0.5 rounded-full text-xs font-semibold border bg-emerald-500/15 text-emerald-300 border-emerald-500/30 backdrop-blur-md animate-fade-in-up"[39m
            [36m>[39m
              [0mΓ£¿ Premier Dealership Experience[0m
            [36m</span>[39m
            [36m<h1[39m
              [33mclass[39m=[32m"text-4xl sm:text-5xl md:text-6xl font-black text-slate-900 dark:text-white tracking-tight leading-tight transition-colors duration-300"[39m
            [36m>[39m
              [0mFind Your Dream Vehicle with [0m
              [36m<span[39m
                [33mclass[39m=[32m"bg-gradient-to-r from-indigo-600 to-purple-600 dark:from-indigo-400 dark:to-purple-400 bg-clip-text text-transparent"[39m
              [36m>[39m
                [0mKATA[0m
              [36m</span>[39m
            [36m</h1>[39m
            [36m<p[39m
              [33mclass[39m=[32m"text-lg text-slate-600 dark:text-slate-300 leading-relaxed transition-colors duration-300"[39m
            [36m>[39m
              [0mBrowse our curated inventory of premium electric, SUV, truck, coupe, and sedan vehicles. Real-time availability, instant online purchase, and full dealership transparency.[0m
            [36m</p>[39m
            [36m<div[39m
              [33mclass[39m=[32m"flex flex-wrap gap-4 pt-4"[39m
            [36m>[39m
              [36m<a[39m
                [33mhref[39m=[32m"/vehicles"[39m
              [36m>[39m
                [36m<button[39m
                  [33mclass[39m=[32m"inline-flex items-center justify-center font-medium rounded-lg transition-all focus:outline-none focus:ring-2 focus:ring-offset-2 disabled:opacity-50 disabled:cursor-not-allowed bg-indigo-600 hover:bg-indigo-700 text-white focus:ring-indigo-500 px-5 py-2.5 text-base  shadow-lg shadow-indigo-500/30 hover:scale-105 transition-transform"[39m
                [36m>[39m
                  [0mExplore Inventory ΓåÆ[0m
                [36m</button>[39m
              [36m</a>[39m
              [36m<a[39m
                [33mhref[39m=[32m"/register"[39m
              [36m>[39m
                [36m<button[39m
                  [33mclass[39m=[32m"inline-flex items-center justify-center font-medium rounded-lg transition-all focus:outline-none focus:ring-2 focus:ring-offset-2 disabled:opacity-50 disabled:cursor-not-allowed bg-transparent border border-slate-700 hover:bg-slate-800 text-slate-300 focus:ring-slate-500 px-5 py-2.5 text-base  hover:scale-105 transition-transform"[39m
                [36m>[39m
                  [0mCreate Account[0m
                [36m</button>[39m
              [36m</a>[39m
            [36m</div>[39m
          [36m</div>[39m
        [36m</section>[39m
        [36m<section[39m
          [33mclass[39m=[32m"grid grid-cols-2 md:grid-cols-4 gap-4 mb-16"[39m
        [36m>[39m
          [36m<div[39m
            [33mclass[39m=[32m"bg-white dark:bg-slate-900/60 border border-slate-200 dark:border-slate-800/80 rounded-2xl p-6 text-center shadow-sm hover:shadow-md transition-all hover:-translate-y-1"[39m
          [36m>[39m
            [36m<p[39m
              [33mclass[39m=[32m"text-3xl font-black text-indigo-600 dark:text-indigo-400"[39m
            [36m>[39m
              [0m100%[0m
            [36m</p>[39m
            [36m<p[39m
              [33mclass[39m=[32m"text-sm font-medium text-slate-500 dark:text-slate-400 mt-1"[39m
            [36m>[39m
              [0mVerified Inventory[0m
            [36m</p>[39m
          [36m</div>[39m
          [36m<div[39m
            [33mclass[39m=[32m"bg-white dark:bg-slate-900/60 border border-slate-200 dark:border-slate-800/80 rounded-2xl p-6 text-center shadow-sm hover:shadow-md t...

[90mstdout[2m | src/pages/__tests__/publicPages.test.tsx[2m > [22m[2mPublic Pages[2m > [22m[2mHome Page[2m > [22m[2mrenders hero section, call to action, statistics, and about section
[22m[39m[36m<body>[39m
  [36m<div>[39m
    [36m<div[39m
      [33mclass[39m=[32m"flex flex-col min-h-screen bg-slate-50 dark:bg-slate-950 text-slate-900 dark:text-slate-100 font-sans transition-colors duration-300"[39m
    [36m>[39m
      [36m<header[39m
        [33mclass[39m=[32m"border-b border-slate-200/80 dark:border-slate-800/80 bg-white/80 dark:bg-slate-900/80 backdrop-blur-lg sticky top-0 z-50 transition-colors duration-300"[39m
        [33mrole[39m=[32m"banner"[39m
      [36m>[39m
        [36m<div[39m
          [33mclass[39m=[32m"max-w-7xl mx-auto px-4 sm:px-6 lg:px-8 h-16 flex items-center justify-between"[39m
        [36m>[39m
          [36m<a[39m
            [33mclass[39m=[32m"flex items-center gap-3 text-xl font-bold tracking-tight hover:opacity-90 transition-opacity"[39m
            [33mhref[39m=[32m"/"[39m
          [36m>[39m
            [36m<div[39m
              [33mclass[39m=[32m"flex items-center justify-center w-10 h-10 rounded-xl bg-slate-900 dark:bg-white text-white dark:text-slate-900 font-black tracking-tighter text-sm transition-transform duration-300 hover:scale-110 shadow-lg "[39m
            [36m>[39m
              [0mKATA[0m
            [36m</div>[39m
            [36m<span[39m
              [33mclass[39m=[32m"hidden sm:inline-block"[39m
            [36m>[39m
              [0mKATA[0m
            [36m</span>[39m
          [36m</a>[39m
          [36m<div[39m
            [33mclass[39m=[32m"flex items-center gap-4"[39m
          [36m>[39m
            [36m<nav[39m
              [33mclass[39m=[32m"hidden md:flex items-center gap-2"[39m
              [33mrole[39m=[32m"navigation"[39m
            [36m>[39m
              [36m<a[39m
                [33mclass[39m=[32m"text-sm font-medium transition-colors px-3 py-2 rounded-lg bg-indigo-100 dark:bg-indigo-600/20 text-indigo-700 dark:text-indigo-400 font-semibold border border-indigo-200 dark:border-indigo-500/30"[39m
                [33mhref[39m=[32m"/"[39m
              [36m>[39m
                [0mHome[0m
              [36m</a>[39m
              [36m<a[39m
                [33mclass[39m=[32m"text-sm font-medium transition-colors px-3 py-2 rounded-lg text-slate-600 dark:text-slate-300 hover:text-slate-900 dark:hover:text-white hover:bg-slate-100 dark:hover:bg-slate-800/60"[39m
                [33mhref[39m=[32m"/vehicles"[39m
              [36m>[39m
                [0mVehicles[0m
              [36m</a>[39m
              [36m<a[39m
                [33mclass[39m=[32m"text-sm font-medium transition-colors px-3 py-2 rounded-lg text-slate-600 dark:text-slate-300 hover:text-slate-900 dark:hover:text-white hover:bg-slate-100 dark:hover:bg-slate-800/60"[39m
                [33mhref[39m=[32m"/dashboard"[39m
              [36m>[39m
                [0mDashboard[0m
              [36m</a>[39m
              [36m<a[39m
                [33mclass[39m=[32m"text-sm font-medium transition-colors px-3 py-2 rounded-lg text-slate-600 dark:text-slate-300 hover:text-slate-900 dark:hover:text-white hover:bg-slate-100 dark:hover:bg-slate-800/60"[39m
                [33mhref[39m=[32m"/profile"[39m
              [36m>[39m
                [0mProfile[0m
              [36m</a>[39m
              [36m<button[39m
                [33mclass[39m=[32m"text-sm font-medium text-slate-500 dark:text-slate-400 hover:text-rose-600 dark:hover:text-rose-400 hover:bg-rose-50 dark:hover:bg-rose-500/10 px-3 py-2 rounded-lg transition-colors ml-2"[39m
              [36m>[39m
                [0mLogout[0m
              [36m</button>[39m
            [36m</nav>[39m
            [36m<button[39m
              [33maria-label[39m=[32m"Toggle Theme"[39m
              [33mclass[39m=[32m"p-2 rounded-lg text-slate-500 dark:text-slate-400 hover:bg-slate-100 dark:hover:bg-slate-800 transition-colors"[39m
            [36m>[39m
              [0m≡ƒîÖ[0m
            [36m</button>[39m
            [36m<button[39m
              [33maria-label[39m=[32m"Toggle Navigation Menu"[39m
              [33mclass[39m=[32m"md:hidden p-2 rounded-lg text-slate-500 dark:text-slate-400 hover:text-slate-900 dark:hover:text-white hover:bg-slate-100 dark:hover:bg-slate-800 transition-colors"[39m
            [36m>[39m
              [36m<svg[39m
                [33mclass[39m=[32m"w-6 h-6"[39m
                [33mfill[39m=[32m"none"[39m
                [33mstroke[39m=[32m"currentColor"[39m
                [33mviewBox[39m=[32m"0 0 24 24"[39m
              [36m>[39m
                [36m<path[39m
                  [33md[39m=[32m"M4 6h16M4 12h16M4 18h16"[39m
                  [33mstroke-linecap[39m=[32m"round"[39m
                  [33mstroke-linejoin[39m=[32m"round"[39m
                  [33mstroke-width[39m=[32m"2"[39m
                [36m/>[39m
              [36m</svg>[39m
            [36m</button>[39m
          [36m</div>[39m
        [36m</div>[39m
      [36m</header>[39m
      [36m<main[39m
        [33mclass[39m=[32m"flex-1 max-w-7xl mx-auto px-4 sm:px-6 lg:px-8 py-8 w-full transition-colors duration-300"[39m
      [36m>[39m
        [36m<section[39m
          [33mclass[39m=[32m"relative rounded-3xl overflow-hidden bg-white dark:bg-slate-900 border border-slate-200 dark:border-slate-800 p-8 sm:p-12 md:p-16 mb-16 shadow-xl transition-colors duration-300"[39m
        [36m>[39m
          [36m<div[39m
            [33mclass[39m=[32m"absolute top-0 right-0 w-full h-full bg-gradient-to-br from-indigo-50/50 via-white to-slate-50 dark:from-indigo-950/40 dark:via-slate-900 dark:to-slate-950 pointer-events-none transition-colors duration-300"[39m
          [36m/>[39m
          [36m<div[39m
            [33mclass[39m=[32m"absolute -top-24 -right-24 w-96 h-96 bg-indigo-500/10 dark:bg-indigo-500/20 rounded-full blur-3xl pointer-events-none"[39m
          [36m/>[39m
          [36m<div[39m
            [33mclass[39m=[32m"relative max-w-3xl space-y-6 z-10"[39m
          [36m>[39m
            [36m<span[39m
              [33mclass[39m=[32m"inline-flex items-center px-2.5 py-0.5 rounded-full text-xs font-semibold border bg-emerald-500/15 text-emerald-300 border-emerald-500/30 backdrop-blur-md animate-fade-in-up"[39m
            [36m>[39m
              [0mΓ£¿ Premier Dealership Experience[0m
            [36m</span>[39m
            [36m<h1[39m
              [33mclass[39m=[32m"text-4xl sm:text-5xl md:text-6xl font-black text-slate-900 dark:text-white tracking-tight leading-tight transition-colors duration-300"[39m
            [36m>[39m
              [0mFind Your Dream Vehicle with [0m
              [36m<span[39m
                [33mclass[39m=[32m"bg-gradient-to-r from-indigo-600 to-purple-600 dark:from-indigo-400 dark:to-purple-400 bg-clip-text text-transparent"[39m
              [36m>[39m
                [0mKATA[0m
              [36m</span>[39m
            [36m</h1>[39m
            [36m<p[39m
              [33mclass[39m=[32m"text-lg text-slate-600 dark:text-slate-300 leading-relaxed transition-colors duration-300"[39m
            [36m>[39m
              [0mBrowse our curated inventory of premium electric, SUV, truck, coupe, and sedan vehicles. Real-time availability, instant online purchase, and full dealership transparency.[0m
            [36m</p>[39m
            [36m<div[39m
              [33mclass[39m=[32m"flex flex-wrap gap-4 pt-4"[39m
            [36m>[39m
              [36m<a[39m
                [33mhref[39m=[32m"/vehicles"[39m
              [36m>[39m
                [36m<button[39m
                  [33mclass[39m=[32m"inline-flex items-center justify-center font-medium rounded-lg transition-all focus:outline-none focus:ring-2 focus:ring-offset-2 disabled:opacity-50 disabled:cursor-not-allowed bg-indigo-600 hover:bg-indigo-700 text-white focus:ring-indigo-500 px-5 py-2.5 text-base  shadow-lg shadow-indigo-500/30 hover:scale-105 transition-transform"[39m
                [36m>[39m
                  [0mExplore Inventory ΓåÆ[0m
                [36m</button>[39m
              [36m</a>[39m
              [36m<a[39m
                [33mhref[39m=[32m"/register"[39m
              [36m>[39m
                [36m<button[39m
                  [33mclass[39m=[32m"inline-flex items-center justify-center font-medium rounded-lg transition-all focus:outline-none focus:ring-2 focus:ring-offset-2 disabled:opacity-50 disabled:cursor-not-allowed bg-transparent border border-slate-700 hover:bg-slate-800 text-slate-300 focus:ring-slate-500 px-5 py-2.5 text-base  hover:scale-105 transition-transform"[39m
                [36m>[39m
                  [0mCreate Account[0m
                [36m</button>[39m
              [36m</a>[39m
            [36m</div>[39m
          [36m</div>[39m
        [36m</section>[39m
        [36m<section[39m
          [33mclass[39m=[32m"grid grid-cols-2 md:grid-cols-4 gap-4 mb-16"[39m
        [36m>[39m
          [36m<div[39m
            [33mclass[39m=[32m"bg-white dark:bg-slate-900/60 border border-slate-200 dark:border-slate-800/80 rounded-2xl p-6 text-center shadow-sm hover:shadow-md transition-all hover:-translate-y-1"[39m
          [36m>[39m
            [36m<p[39m
              [33mclass[39m=[32m"text-3xl font-black text-indigo-600 dark:text-indigo-400"[39m
            [36m>[39m
              [0m100%[0m
            [36m</p>[39m
            [36m<p[39m
              [33mclass[39m=[32m"text-sm font-medium text-slate-500 dark:text-slate-400 mt-1"[39m
            [36m>[39m
              [0mVerified Inventory[0m
            [36m</p>[39m
          [36m</div>[39m
          [36m<div[39m
            [33mclass[39m=[32m"bg-white dark:bg-slate-900/60 border border-slate-200 dark:border-slate-800/80 rounded-2xl p-6 text-center shadow-sm hover:shadow-md t...

[90mstdout[2m | src/pages/__tests__/publicPages.test.tsx[2m > [22m[2mPublic Pages[2m > [22m[2mHome Page[2m > [22m[2mrenders hero section, call to action, statistics, and about section
[22m[39m[36m<body>[39m
  [36m<div>[39m
    [36m<div[39m
      [33mclass[39m=[32m"flex flex-col min-h-screen bg-slate-50 dark:bg-slate-950 text-slate-900 dark:text-slate-100 font-sans transition-colors duration-300"[39m
    [36m>[39m
      [36m<header[39m
        [33mclass[39m=[32m"border-b border-slate-200/80 dark:border-slate-800/80 bg-white/80 dark:bg-slate-900/80 backdrop-blur-lg sticky top-0 z-50 transition-colors duration-300"[39m
        [33mrole[39m=[32m"banner"[39m
      [36m>[39m
        [36m<div[39m
          [33mclass[39m=[32m"max-w-7xl mx-auto px-4 sm:px-6 lg:px-8 h-16 flex items-center justify-between"[39m
        [36m>[39m
          [36m<a[39m
            [33mclass[39m=[32m"flex items-center gap-3 text-xl font-bold tracking-tight hover:opacity-90 transition-opacity"[39m
            [33mhref[39m=[32m"/"[39m
          [36m>[39m
            [36m<div[39m
              [33mclass[39m=[32m"flex items-center justify-center w-10 h-10 rounded-xl bg-slate-900 dark:bg-white text-white dark:text-slate-900 font-black tracking-tighter text-sm transition-transform duration-300 hover:scale-110 shadow-lg "[39m
            [36m>[39m
              [0mKATA[0m
            [36m</div>[39m
            [36m<span[39m
              [33mclass[39m=[32m"hidden sm:inline-block"[39m
            [36m>[39m
              [0mKATA[0m
            [36m</span>[39m
          [36m</a>[39m
          [36m<div[39m
            [33mclass[39m=[32m"flex items-center gap-4"[39m
          [36m>[39m
            [36m<nav[39m
              [33mclass[39m=[32m"hidden md:flex items-center gap-2"[39m
              [33mrole[39m=[32m"navigation"[39m
            [36m>[39m
              [36m<a[39m
                [33mclass[39m=[32m"text-sm font-medium transition-colors px-3 py-2 rounded-lg bg-indigo-100 dark:bg-indigo-600/20 text-indigo-700 dark:text-indigo-400 font-semibold border border-indigo-200 dark:border-indigo-500/30"[39m
                [33mhref[39m=[32m"/"[39m
              [36m>[39m
                [0mHome[0m
              [36m</a>[39m
              [36m<a[39m
                [33mclass[39m=[32m"text-sm font-medium transition-colors px-3 py-2 rounded-lg text-slate-600 dark:text-slate-300 hover:text-slate-900 dark:hover:text-white hover:bg-slate-100 dark:hover:bg-slate-800/60"[39m
                [33mhref[39m=[32m"/vehicles"[39m
              [36m>[39m
                [0mVehicles[0m
              [36m</a>[39m
              [36m<a[39m
                [33mclass[39m=[32m"text-sm font-medium transition-colors px-3 py-2 rounded-lg text-slate-600 dark:text-slate-300 hover:text-slate-900 dark:hover:text-white hover:bg-slate-100 dark:hover:bg-slate-800/60"[39m
                [33mhref[39m=[32m"/dashboard"[39m
              [36m>[39m
                [0mDashboard[0m
              [36m</a>[39m
              [36m<a[39m
                [33mclass[39m=[32m"text-sm font-medium transition-colors px-3 py-2 rounded-lg text-slate-600 dark:text-slate-300 hover:text-slate-900 dark:hover:text-white hover:bg-slate-100 dark:hover:bg-slate-800/60"[39m
                [33mhref[39m=[32m"/profile"[39m
              [36m>[39m
                [0mProfile[0m
              [36m</a>[39m
              [36m<button[39m
                [33mclass[39m=[32m"text-sm font-medium text-slate-500 dark:text-slate-400 hover:text-rose-600 dark:hover:text-rose-400 hover:bg-rose-50 dark:hover:bg-rose-500/10 px-3 py-2 rounded-lg transition-colors ml-2"[39m
              [36m>[39m
                [0mLogout[0m
              [36m</button>[39m
            [36m</nav>[39m
            [36m<button[39m
              [33maria-label[39m=[32m"Toggle Theme"[39m
              [33mclass[39m=[32m"p-2 rounded-lg text-slate-500 dark:text-slate-400 hover:bg-slate-100 dark:hover:bg-slate-800 transition-colors"[39m
            [36m>[39m
              [0m≡ƒîÖ[0m
            [36m</button>[39m
            [36m<button[39m
              [33maria-label[39m=[32m"Toggle Navigation Menu"[39m
              [33mclass[39m=[32m"md:hidden p-2 rounded-lg text-slate-500 dark:text-slate-400 hover:text-slate-900 dark:hover:text-white hover:bg-slate-100 dark:hover:bg-slate-800 transition-colors"[39m
            [36m>[39m
              [36m<svg[39m
                [33mclass[39m=[32m"w-6 h-6"[39m
                [33mfill[39m=[32m"none"[39m
                [33mstroke[39m=[32m"currentColor"[39m
                [33mviewBox[39m=[32m"0 0 24 24"[39m
              [36m>[39m
                [36m<path[39m
                  [33md[39m=[32m"M4 6h16M4 12h16M4 18h16"[39m
                  [33mstroke-linecap[39m=[32m"round"[39m
                  [33mstroke-linejoin[39m=[32m"round"[39m
                  [33mstroke-width[39m=[32m"2"[39m
                [36m/>[39m
              [36m</svg>[39m
            [36m</button>[39m
          [36m</div>[39m
        [36m</div>[39m
      [36m</header>[39m
      [36m<main[39m
        [33mclass[39m=[32m"flex-1 max-w-7xl mx-auto px-4 sm:px-6 lg:px-8 py-8 w-full transition-colors duration-300"[39m
      [36m>[39m
        [36m<section[39m
          [33mclass[39m=[32m"relative rounded-3xl overflow-hidden bg-white dark:bg-slate-900 border border-slate-200 dark:border-slate-800 p-8 sm:p-12 md:p-16 mb-16 shadow-xl transition-colors duration-300"[39m
        [36m>[39m
          [36m<div[39m
            [33mclass[39m=[32m"absolute top-0 right-0 w-full h-full bg-gradient-to-br from-indigo-50/50 via-white to-slate-50 dark:from-indigo-950/40 dark:via-slate-900 dark:to-slate-950 pointer-events-none transition-colors duration-300"[39m
          [36m/>[39m
          [36m<div[39m
            [33mclass[39m=[32m"absolute -top-24 -right-24 w-96 h-96 bg-indigo-500/10 dark:bg-indigo-500/20 rounded-full blur-3xl pointer-events-none"[39m
          [36m/>[39m
          [36m<div[39m
            [33mclass[39m=[32m"relative max-w-3xl space-y-6 z-10"[39m
          [36m>[39m
            [36m<span[39m
              [33mclass[39m=[32m"inline-flex items-center px-2.5 py-0.5 rounded-full text-xs font-semibold border bg-emerald-500/15 text-emerald-300 border-emerald-500/30 backdrop-blur-md animate-fade-in-up"[39m
            [36m>[39m
              [0mΓ£¿ Premier Dealership Experience[0m
            [36m</span>[39m
            [36m<h1[39m
              [33mclass[39m=[32m"text-4xl sm:text-5xl md:text-6xl font-black text-slate-900 dark:text-white tracking-tight leading-tight transition-colors duration-300"[39m
            [36m>[39m
              [0mFind Your Dream Vehicle with [0m
              [36m<span[39m
                [33mclass[39m=[32m"bg-gradient-to-r from-indigo-600 to-purple-600 dark:from-indigo-400 dark:to-purple-400 bg-clip-text text-transparent"[39m
              [36m>[39m
                [0mKATA[0m
              [36m</span>[39m
            [36m</h1>[39m
            [36m<p[39m
              [33mclass[39m=[32m"text-lg text-slate-600 dark:text-slate-300 leading-relaxed transition-colors duration-300"[39m
            [36m>[39m
              [0mBrowse our curated inventory of premium electric, SUV, truck, coupe, and sedan vehicles. Real-time availability, instant online purchase, and full dealership transparency.[0m
            [36m</p>[39m
            [36m<div[39m
              [33mclass[39m=[32m"flex flex-wrap gap-4 pt-4"[39m
            [36m>[39m
              [36m<a[39m
                [33mhref[39m=[32m"/vehicles"[39m
              [36m>[39m
                [36m<button[39m
                  [33mclass[39m=[32m"inline-flex items-center justify-center font-medium rounded-lg transition-all focus:outline-none focus:ring-2 focus:ring-offset-2 disabled:opacity-50 disabled:cursor-not-allowed bg-indigo-600 hover:bg-indigo-700 text-white focus:ring-indigo-500 px-5 py-2.5 text-base  shadow-lg shadow-indigo-500/30 hover:scale-105 transition-transform"[39m
                [36m>[39m
                  [0mExplore Inventory ΓåÆ[0m
                [36m</button>[39m
              [36m</a>[39m
              [36m<a[39m
                [33mhref[39m=[32m"/register"[39m
              [36m>[39m
                [36m<button[39m
                  [33mclass[39m=[32m"inline-flex items-center justify-center font-medium rounded-lg transition-all focus:outline-none focus:ring-2 focus:ring-offset-2 disabled:opacity-50 disabled:cursor-not-allowed bg-transparent border border-slate-700 hover:bg-slate-800 text-slate-300 focus:ring-slate-500 px-5 py-2.5 text-base  hover:scale-105 transition-transform"[39m
                [36m>[39m
                  [0mCreate Account[0m
                [36m</button>[39m
              [36m</a>[39m
            [36m</div>[39m
          [36m</div>[39m
        [36m</section>[39m
        [36m<section[39m
          [33mclass[39m=[32m"grid grid-cols-2 md:grid-cols-4 gap-4 mb-16"[39m
        [36m>[39m
          [36m<div[39m
            [33mclass[39m=[32m"bg-white dark:bg-slate-900/60 border border-slate-200 dark:border-slate-800/80 rounded-2xl p-6 text-center shadow-sm hover:shadow-md transition-all hover:-translate-y-1"[39m
          [36m>[39m
            [36m<p[39m
              [33mclass[39m=[32m"text-3xl font-black text-indigo-600 dark:text-indigo-400"[39m
            [36m>[39m
              [0m100%[0m
            [36m</p>[39m
            [36m<p[39m
              [33mclass[39m=[32m"text-sm font-medium text-slate-500 dark:text-slate-400 mt-1"[39m
            [36m>[39m
              [0mVerified Inventory[0m
            [36m</p>[39m
          [36m</div>[39m
          [36m<div[39m
            [33mclass[39m=[32m"bg-white dark:bg-slate-900/60 border border-slate-200 dark:border-slate-800/80 rounded-2xl p-6 text-center shadow-sm hover:shadow-md t...

[90mstdout[2m | src/pages/__tests__/publicPages.test.tsx[2m > [22m[2mPublic Pages[2m > [22m[2mHome Page[2m > [22m[2mrenders hero section, call to action, statistics, and about section
[22m[39m[36m<body>[39m
  [36m<div>[39m
    [36m<div[39m
      [33mclass[39m=[32m"flex flex-col min-h-screen bg-slate-50 dark:bg-slate-950 text-slate-900 dark:text-slate-100 font-sans transition-colors duration-300"[39m
    [36m>[39m
      [36m<header[39m
        [33mclass[39m=[32m"border-b border-slate-200/80 dark:border-slate-800/80 bg-white/80 dark:bg-slate-900/80 backdrop-blur-lg sticky top-0 z-50 transition-colors duration-300"[39m
        [33mrole[39m=[32m"banner"[39m
      [36m>[39m
        [36m<div[39m
          [33mclass[39m=[32m"max-w-7xl mx-auto px-4 sm:px-6 lg:px-8 h-16 flex items-center justify-between"[39m
        [36m>[39m
          [36m<a[39m
            [33mclass[39m=[32m"flex items-center gap-3 text-xl font-bold tracking-tight hover:opacity-90 transition-opacity"[39m
            [33mhref[39m=[32m"/"[39m
          [36m>[39m
            [36m<div[39m
              [33mclass[39m=[32m"flex items-center justify-center w-10 h-10 rounded-xl bg-slate-900 dark:bg-white text-white dark:text-slate-900 font-black tracking-tighter text-sm transition-transform duration-300 hover:scale-110 shadow-lg "[39m
            [36m>[39m
              [0mKATA[0m
            [36m</div>[39m
            [36m<span[39m
              [33mclass[39m=[32m"hidden sm:inline-block"[39m
            [36m>[39m
              [0mKATA[0m
            [36m</span>[39m
          [36m</a>[39m
          [36m<div[39m
            [33mclass[39m=[32m"flex items-center gap-4"[39m
          [36m>[39m
            [36m<nav[39m
              [33mclass[39m=[32m"hidden md:flex items-center gap-2"[39m
              [33mrole[39m=[32m"navigation"[39m
            [36m>[39m
              [36m<a[39m
                [33mclass[39m=[32m"text-sm font-medium transition-colors px-3 py-2 rounded-lg bg-indigo-100 dark:bg-indigo-600/20 text-indigo-700 dark:text-indigo-400 font-semibold border border-indigo-200 dark:border-indigo-500/30"[39m
                [33mhref[39m=[32m"/"[39m
              [36m>[39m
                [0mHome[0m
              [36m</a>[39m
              [36m<a[39m
                [33mclass[39m=[32m"text-sm font-medium transition-colors px-3 py-2 rounded-lg text-slate-600 dark:text-slate-300 hover:text-slate-900 dark:hover:text-white hover:bg-slate-100 dark:hover:bg-slate-800/60"[39m
                [33mhref[39m=[32m"/vehicles"[39m
              [36m>[39m
                [0mVehicles[0m
              [36m</a>[39m
              [36m<a[39m
                [33mclass[39m=[32m"text-sm font-medium transition-colors px-3 py-2 rounded-lg text-slate-600 dark:text-slate-300 hover:text-slate-900 dark:hover:text-white hover:bg-slate-100 dark:hover:bg-slate-800/60"[39m
                [33mhref[39m=[32m"/dashboard"[39m
              [36m>[39m
                [0mDashboard[0m
              [36m</a>[39m
              [36m<a[39m
                [33mclass[39m=[32m"text-sm font-medium transition-colors px-3 py-2 rounded-lg text-slate-600 dark:text-slate-300 hover:text-slate-900 dark:hover:text-white hover:bg-slate-100 dark:hover:bg-slate-800/60"[39m
                [33mhref[39m=[32m"/profile"[39m
              [36m>[39m
                [0mProfile[0m
              [36m</a>[39m
              [36m<button[39m
                [33mclass[39m=[32m"text-sm font-medium text-slate-500 dark:text-slate-400 hover:text-rose-600 dark:hover:text-rose-400 hover:bg-rose-50 dark:hover:bg-rose-500/10 px-3 py-2 rounded-lg transition-colors ml-2"[39m
              [36m>[39m
                [0mLogout[0m
              [36m</button>[39m
            [36m</nav>[39m
            [36m<button[39m
              [33maria-label[39m=[32m"Toggle Theme"[39m
              [33mclass[39m=[32m"p-2 rounded-lg text-slate-500 dark:text-slate-400 hover:bg-slate-100 dark:hover:bg-slate-800 transition-colors"[39m
            [36m>[39m
              [0m≡ƒîÖ[0m
            [36m</button>[39m
            [36m<button[39m
              [33maria-label[39m=[32m"Toggle Navigation Menu"[39m
              [33mclass[39m=[32m"md:hidden p-2 rounded-lg text-slate-500 dark:text-slate-400 hover:text-slate-900 dark:hover:text-white hover:bg-slate-100 dark:hover:bg-slate-800 transition-colors"[39m
            [36m>[39m
              [36m<svg[39m
                [33mclass[39m=[32m"w-6 h-6"[39m
                [33mfill[39m=[32m"none"[39m
                [33mstroke[39m=[32m"currentColor"[39m
                [33mviewBox[39m=[32m"0 0 24 24"[39m
              [36m>[39m
                [36m<path[39m
                  [33md[39m=[32m"M4 6h16M4 12h16M4 18h16"[39m
                  [33mstroke-linecap[39m=[32m"round"[39m
                  [33mstroke-linejoin[39m=[32m"round"[39m
                  [33mstroke-width[39m=[32m"2"[39m
                [36m/>[39m
              [36m</svg>[39m
            [36m</button>[39m
          [36m</div>[39m
        [36m</div>[39m
      [36m</header>[39m
      [36m<main[39m
        [33mclass[39m=[32m"flex-1 max-w-7xl mx-auto px-4 sm:px-6 lg:px-8 py-8 w-full transition-colors duration-300"[39m
      [36m>[39m
        [36m<section[39m
          [33mclass[39m=[32m"relative rounded-3xl overflow-hidden bg-white dark:bg-slate-900 border border-slate-200 dark:border-slate-800 p-8 sm:p-12 md:p-16 mb-16 shadow-xl transition-colors duration-300"[39m
        [36m>[39m
          [36m<div[39m
            [33mclass[39m=[32m"absolute top-0 right-0 w-full h-full bg-gradient-to-br from-indigo-50/50 via-white to-slate-50 dark:from-indigo-950/40 dark:via-slate-900 dark:to-slate-950 pointer-events-none transition-colors duration-300"[39m
          [36m/>[39m
          [36m<div[39m
            [33mclass[39m=[32m"absolute -top-24 -right-24 w-96 h-96 bg-indigo-500/10 dark:bg-indigo-500/20 rounded-full blur-3xl pointer-events-none"[39m
          [36m/>[39m
          [36m<div[39m
            [33mclass[39m=[32m"relative max-w-3xl space-y-6 z-10"[39m
          [36m>[39m
            [36m<span[39m
              [33mclass[39m=[32m"inline-flex items-center px-2.5 py-0.5 rounded-full text-xs font-semibold border bg-emerald-500/15 text-emerald-300 border-emerald-500/30 backdrop-blur-md animate-fade-in-up"[39m
            [36m>[39m
              [0mΓ£¿ Premier Dealership Experience[0m
            [36m</span>[39m
            [36m<h1[39m
              [33mclass[39m=[32m"text-4xl sm:text-5xl md:text-6xl font-black text-slate-900 dark:text-white tracking-tight leading-tight transition-colors duration-300"[39m
            [36m>[39m
              [0mFind Your Dream Vehicle with [0m
              [36m<span[39m
                [33mclass[39m=[32m"bg-gradient-to-r from-indigo-600 to-purple-600 dark:from-indigo-400 dark:to-purple-400 bg-clip-text text-transparent"[39m
              [36m>[39m
                [0mKATA[0m
              [36m</span>[39m
            [36m</h1>[39m
            [36m<p[39m
              [33mclass[39m=[32m"text-lg text-slate-600 dark:text-slate-300 leading-relaxed transition-colors duration-300"[39m
            [36m>[39m
              [0mBrowse our curated inventory of premium electric, SUV, truck, coupe, and sedan vehicles. Real-time availability, instant online purchase, and full dealership transparency.[0m
            [36m</p>[39m
            [36m<div[39m
              [33mclass[39m=[32m"flex flex-wrap gap-4 pt-4"[39m
            [36m>[39m
              [36m<a[39m
                [33mhref[39m=[32m"/vehicles"[39m
              [36m>[39m
                [36m<button[39m
                  [33mclass[39m=[32m"inline-flex items-center justify-center font-medium rounded-lg transition-all focus:outline-none focus:ring-2 focus:ring-offset-2 disabled:opacity-50 disabled:cursor-not-allowed bg-indigo-600 hover:bg-indigo-700 text-white focus:ring-indigo-500 px-5 py-2.5 text-base  shadow-lg shadow-indigo-500/30 hover:scale-105 transition-transform"[39m
                [36m>[39m
                  [0mExplore Inventory ΓåÆ[0m
                [36m</button>[39m
              [36m</a>[39m
              [36m<a[39m
                [33mhref[39m=[32m"/register"[39m
              [36m>[39m
                [36m<button[39m
                  [33mclass[39m=[32m"inline-flex items-center justify-center font-medium rounded-lg transition-all focus:outline-none focus:ring-2 focus:ring-offset-2 disabled:opacity-50 disabled:cursor-not-allowed bg-transparent border border-slate-700 hover:bg-slate-800 text-slate-300 focus:ring-slate-500 px-5 py-2.5 text-base  hover:scale-105 transition-transform"[39m
                [36m>[39m
                  [0mCreate Account[0m
                [36m</button>[39m
              [36m</a>[39m
            [36m</div>[39m
          [36m</div>[39m
        [36m</section>[39m
        [36m<section[39m
          [33mclass[39m=[32m"grid grid-cols-2 md:grid-cols-4 gap-4 mb-16"[39m
        [36m>[39m
          [36m<div[39m
            [33mclass[39m=[32m"bg-white dark:bg-slate-900/60 border border-slate-200 dark:border-slate-800/80 rounded-2xl p-6 text-center shadow-sm hover:shadow-md transition-all hover:-translate-y-1"[39m
          [36m>[39m
            [36m<p[39m
              [33mclass[39m=[32m"text-3xl font-black text-indigo-600 dark:text-indigo-400"[39m
            [36m>[39m
              [0m100%[0m
            [36m</p>[39m
            [36m<p[39m
              [33mclass[39m=[32m"text-sm font-medium text-slate-500 dark:text-slate-400 mt-1"[39m
            [36m>[39m
              [0mVerified Inventory[0m
            [36m</p>[39m
          [36m</div>[39m
          [36m<div[39m
            [33mclass[39m=[32m"bg-white dark:bg-slate-900/60 border border-slate-200 dark:border-slate-800/80 rounded-2xl p-6 text-center shadow-sm hover:shadow-md t...

[90mstdout[2m | src/pages/__tests__/publicPages.test.tsx[2m > [22m[2mPublic Pages[2m > [22m[2mHome Page[2m > [22m[2mrenders hero section, call to action, statistics, and about section
[22m[39m[36m<body>[39m
  [36m<div>[39m
    [36m<div[39m
      [33mclass[39m=[32m"flex flex-col min-h-screen bg-slate-50 dark:bg-slate-950 text-slate-900 dark:text-slate-100 font-sans transition-colors duration-300"[39m
    [36m>[39m
      [36m<header[39m
        [33mclass[39m=[32m"border-b border-slate-200/80 dark:border-slate-800/80 bg-white/80 dark:bg-slate-900/80 backdrop-blur-lg sticky top-0 z-50 transition-colors duration-300"[39m
        [33mrole[39m=[32m"banner"[39m
      [36m>[39m
        [36m<div[39m
          [33mclass[39m=[32m"max-w-7xl mx-auto px-4 sm:px-6 lg:px-8 h-16 flex items-center justify-between"[39m
        [36m>[39m
          [36m<a[39m
            [33mclass[39m=[32m"flex items-center gap-3 text-xl font-bold tracking-tight hover:opacity-90 transition-opacity"[39m
            [33mhref[39m=[32m"/"[39m
          [36m>[39m
            [36m<div[39m
              [33mclass[39m=[32m"flex items-center justify-center w-10 h-10 rounded-xl bg-slate-900 dark:bg-white text-white dark:text-slate-900 font-black tracking-tighter text-sm transition-transform duration-300 hover:scale-110 shadow-lg "[39m
            [36m>[39m
              [0mKATA[0m
            [36m</div>[39m
            [36m<span[39m
              [33mclass[39m=[32m"hidden sm:inline-block"[39m
            [36m>[39m
              [0mKATA[0m
            [36m</span>[39m
          [36m</a>[39m
          [36m<div[39m
            [33mclass[39m=[32m"flex items-center gap-4"[39m
          [36m>[39m
            [36m<nav[39m
              [33mclass[39m=[32m"hidden md:flex items-center gap-2"[39m
              [33mrole[39m=[32m"navigation"[39m
            [36m>[39m
              [36m<a[39m
                [33mclass[39m=[32m"text-sm font-medium transition-colors px-3 py-2 rounded-lg bg-indigo-100 dark:bg-indigo-600/20 text-indigo-700 dark:text-indigo-400 font-semibold border border-indigo-200 dark:border-indigo-500/30"[39m
                [33mhref[39m=[32m"/"[39m
              [36m>[39m
                [0mHome[0m
              [36m</a>[39m
              [36m<a[39m
                [33mclass[39m=[32m"text-sm font-medium transition-colors px-3 py-2 rounded-lg text-slate-600 dark:text-slate-300 hover:text-slate-900 dark:hover:text-white hover:bg-slate-100 dark:hover:bg-slate-800/60"[39m
                [33mhref[39m=[32m"/vehicles"[39m
              [36m>[39m
                [0mVehicles[0m
              [36m</a>[39m
              [36m<a[39m
                [33mclass[39m=[32m"text-sm font-medium transition-colors px-3 py-2 rounded-lg text-slate-600 dark:text-slate-300 hover:text-slate-900 dark:hover:text-white hover:bg-slate-100 dark:hover:bg-slate-800/60"[39m
                [33mhref[39m=[32m"/dashboard"[39m
              [36m>[39m
                [0mDashboard[0m
              [36m</a>[39m
              [36m<a[39m
                [33mclass[39m=[32m"text-sm font-medium transition-colors px-3 py-2 rounded-lg text-slate-600 dark:text-slate-300 hover:text-slate-900 dark:hover:text-white hover:bg-slate-100 dark:hover:bg-slate-800/60"[39m
                [33mhref[39m=[32m"/profile"[39m
              [36m>[39m
                [0mProfile[0m
              [36m</a>[39m
              [36m<button[39m
                [33mclass[39m=[32m"text-sm font-medium text-slate-500 dark:text-slate-400 hover:text-rose-600 dark:hover:text-rose-400 hover:bg-rose-50 dark:hover:bg-rose-500/10 px-3 py-2 rounded-lg transition-colors ml-2"[39m
              [36m>[39m
                [0mLogout[0m
              [36m</button>[39m
            [36m</nav>[39m
            [36m<button[39m
              [33maria-label[39m=[32m"Toggle Theme"[39m
              [33mclass[39m=[32m"p-2 rounded-lg text-slate-500 dark:text-slate-400 hover:bg-slate-100 dark:hover:bg-slate-800 transition-colors"[39m
            [36m>[39m
              [0m≡ƒîÖ[0m
            [36m</button>[39m
            [36m<button[39m
              [33maria-label[39m=[32m"Toggle Navigation Menu"[39m
              [33mclass[39m=[32m"md:hidden p-2 rounded-lg text-slate-500 dark:text-slate-400 hover:text-slate-900 dark:hover:text-white hover:bg-slate-100 dark:hover:bg-slate-800 transition-colors"[39m
            [36m>[39m
              [36m<svg[39m
                [33mclass[39m=[32m"w-6 h-6"[39m
                [33mfill[39m=[32m"none"[39m
                [33mstroke[39m=[32m"currentColor"[39m
                [33mviewBox[39m=[32m"0 0 24 24"[39m
              [36m>[39m
                [36m<path[39m
                  [33md[39m=[32m"M4 6h16M4 12h16M4 18h16"[39m
                  [33mstroke-linecap[39m=[32m"round"[39m
                  [33mstroke-linejoin[39m=[32m"round"[39m
                  [33mstroke-width[39m=[32m"2"[39m
                [36m/>[39m
              [36m</svg>[39m
            [36m</button>[39m
          [36m</div>[39m
        [36m</div>[39m
      [36m</header>[39m
      [36m<main[39m
        [33mclass[39m=[32m"flex-1 max-w-7xl mx-auto px-4 sm:px-6 lg:px-8 py-8 w-full transition-colors duration-300"[39m
      [36m>[39m
        [36m<section[39m
          [33mclass[39m=[32m"relative rounded-3xl overflow-hidden bg-white dark:bg-slate-900 border border-slate-200 dark:border-slate-800 p-8 sm:p-12 md:p-16 mb-16 shadow-xl transition-colors duration-300"[39m
        [36m>[39m
          [36m<div[39m
            [33mclass[39m=[32m"absolute top-0 right-0 w-full h-full bg-gradient-to-br from-indigo-50/50 via-white to-slate-50 dark:from-indigo-950/40 dark:via-slate-900 dark:to-slate-950 pointer-events-none transition-colors duration-300"[39m
          [36m/>[39m
          [36m<div[39m
            [33mclass[39m=[32m"absolute -top-24 -right-24 w-96 h-96 bg-indigo-500/10 dark:bg-indigo-500/20 rounded-full blur-3xl pointer-events-none"[39m
          [36m/>[39m
          [36m<div[39m
            [33mclass[39m=[32m"relative max-w-3xl space-y-6 z-10"[39m
          [36m>[39m
            [36m<span[39m
              [33mclass[39m=[32m"inline-flex items-center px-2.5 py-0.5 rounded-full text-xs font-semibold border bg-emerald-500/15 text-emerald-300 border-emerald-500/30 backdrop-blur-md animate-fade-in-up"[39m
            [36m>[39m
              [0mΓ£¿ Premier Dealership Experience[0m
            [36m</span>[39m
            [36m<h1[39m
              [33mclass[39m=[32m"text-4xl sm:text-5xl md:text-6xl font-black text-slate-900 dark:text-white tracking-tight leading-tight transition-colors duration-300"[39m
            [36m>[39m
              [0mFind Your Dream Vehicle with [0m
              [36m<span[39m
                [33mclass[39m=[32m"bg-gradient-to-r from-indigo-600 to-purple-600 dark:from-indigo-400 dark:to-purple-400 bg-clip-text text-transparent"[39m
              [36m>[39m
                [0mKATA[0m
              [36m</span>[39m
            [36m</h1>[39m
            [36m<p[39m
              [33mclass[39m=[32m"text-lg text-slate-600 dark:text-slate-300 leading-relaxed transition-colors duration-300"[39m
            [36m>[39m
              [0mBrowse our curated inventory of premium electric, SUV, truck, coupe, and sedan vehicles. Real-time availability, instant online purchase, and full dealership transparency.[0m
            [36m</p>[39m
            [36m<div[39m
              [33mclass[39m=[32m"flex flex-wrap gap-4 pt-4"[39m
            [36m>[39m
              [36m<a[39m
                [33mhref[39m=[32m"/vehicles"[39m
              [36m>[39m
                [36m<button[39m
                  [33mclass[39m=[32m"inline-flex items-center justify-center font-medium rounded-lg transition-all focus:outline-none focus:ring-2 focus:ring-offset-2 disabled:opacity-50 disabled:cursor-not-allowed bg-indigo-600 hover:bg-indigo-700 text-white focus:ring-indigo-500 px-5 py-2.5 text-base  shadow-lg shadow-indigo-500/30 hover:scale-105 transition-transform"[39m
                [36m>[39m
                  [0mExplore Inventory ΓåÆ[0m
                [36m</button>[39m
              [36m</a>[39m
              [36m<a[39m
                [33mhref[39m=[32m"/register"[39m
              [36m>[39m
                [36m<button[39m
                  [33mclass[39m=[32m"inline-flex items-center justify-center font-medium rounded-lg transition-all focus:outline-none focus:ring-2 focus:ring-offset-2 disabled:opacity-50 disabled:cursor-not-allowed bg-transparent border border-slate-700 hover:bg-slate-800 text-slate-300 focus:ring-slate-500 px-5 py-2.5 text-base  hover:scale-105 transition-transform"[39m
                [36m>[39m
                  [0mCreate Account[0m
                [36m</button>[39m
              [36m</a>[39m
            [36m</div>[39m
          [36m</div>[39m
        [36m</section>[39m
        [36m<section[39m
          [33mclass[39m=[32m"grid grid-cols-2 md:grid-cols-4 gap-4 mb-16"[39m
        [36m>[39m
          [36m<div[39m
            [33mclass[39m=[32m"bg-white dark:bg-slate-900/60 border border-slate-200 dark:border-slate-800/80 rounded-2xl p-6 text-center shadow-sm hover:shadow-md transition-all hover:-translate-y-1"[39m
          [36m>[39m
            [36m<p[39m
              [33mclass[39m=[32m"text-3xl font-black text-indigo-600 dark:text-indigo-400"[39m
            [36m>[39m
              [0m100%[0m
            [36m</p>[39m
            [36m<p[39m
              [33mclass[39m=[32m"text-sm font-medium text-slate-500 dark:text-slate-400 mt-1"[39m
            [36m>[39m
              [0mVerified Inventory[0m
            [36m</p>[39m
          [36m</div>[39m
          [36m<div[39m
            [33mclass[39m=[32m"bg-white dark:bg-slate-900/60 border border-slate-200 dark:border-slate-800/80 rounded-2xl p-6 text-center shadow-sm hover:shadow-md t...

[90mstdout[2m | src/pages/__tests__/publicPages.test.tsx[2m > [22m[2mPublic Pages[2m > [22m[2mHome Page[2m > [22m[2mrenders hero section, call to action, statistics, and about section
[22m[39m[36m<body>[39m
  [36m<div>[39m
    [36m<div[39m
      [33mclass[39m=[32m"flex flex-col min-h-screen bg-slate-50 dark:bg-slate-950 text-slate-900 dark:text-slate-100 font-sans transition-colors duration-300"[39m
    [36m>[39m
      [36m<header[39m
        [33mclass[39m=[32m"border-b border-slate-200/80 dark:border-slate-800/80 bg-white/80 dark:bg-slate-900/80 backdrop-blur-lg sticky top-0 z-50 transition-colors duration-300"[39m
        [33mrole[39m=[32m"banner"[39m
      [36m>[39m
        [36m<div[39m
          [33mclass[39m=[32m"max-w-7xl mx-auto px-4 sm:px-6 lg:px-8 h-16 flex items-center justify-between"[39m
        [36m>[39m
          [36m<a[39m
            [33mclass[39m=[32m"flex items-center gap-3 text-xl font-bold tracking-tight hover:opacity-90 transition-opacity"[39m
            [33mhref[39m=[32m"/"[39m
          [36m>[39m
            [36m<div[39m
              [33mclass[39m=[32m"flex items-center justify-center w-10 h-10 rounded-xl bg-slate-900 dark:bg-white text-white dark:text-slate-900 font-black tracking-tighter text-sm transition-transform duration-300 hover:scale-110 shadow-lg "[39m
            [36m>[39m
              [0mKATA[0m
            [36m</div>[39m
            [36m<span[39m
              [33mclass[39m=[32m"hidden sm:inline-block"[39m
            [36m>[39m
              [0mKATA[0m
            [36m</span>[39m
          [36m</a>[39m
          [36m<div[39m
            [33mclass[39m=[32m"flex items-center gap-4"[39m
          [36m>[39m
            [36m<nav[39m
              [33mclass[39m=[32m"hidden md:flex items-center gap-2"[39m
              [33mrole[39m=[32m"navigation"[39m
            [36m>[39m
              [36m<a[39m
                [33mclass[39m=[32m"text-sm font-medium transition-colors px-3 py-2 rounded-lg bg-indigo-100 dark:bg-indigo-600/20 text-indigo-700 dark:text-indigo-400 font-semibold border border-indigo-200 dark:border-indigo-500/30"[39m
                [33mhref[39m=[32m"/"[39m
              [36m>[39m
                [0mHome[0m
              [36m</a>[39m
              [36m<a[39m
                [33mclass[39m=[32m"text-sm font-medium transition-colors px-3 py-2 rounded-lg text-slate-600 dark:text-slate-300 hover:text-slate-900 dark:hover:text-white hover:bg-slate-100 dark:hover:bg-slate-800/60"[39m
                [33mhref[39m=[32m"/vehicles"[39m
              [36m>[39m
                [0mVehicles[0m
              [36m</a>[39m
              [36m<a[39m
                [33mclass[39m=[32m"text-sm font-medium transition-colors px-3 py-2 rounded-lg text-slate-600 dark:text-slate-300 hover:text-slate-900 dark:hover:text-white hover:bg-slate-100 dark:hover:bg-slate-800/60"[39m
                [33mhref[39m=[32m"/dashboard"[39m
              [36m>[39m
                [0mDashboard[0m
              [36m</a>[39m
              [36m<a[39m
                [33mclass[39m=[32m"text-sm font-medium transition-colors px-3 py-2 rounded-lg text-slate-600 dark:text-slate-300 hover:text-slate-900 dark:hover:text-white hover:bg-slate-100 dark:hover:bg-slate-800/60"[39m
                [33mhref[39m=[32m"/profile"[39m
              [36m>[39m
                [0mProfile[0m
              [36m</a>[39m
              [36m<button[39m
                [33mclass[39m=[32m"text-sm font-medium text-slate-500 dark:text-slate-400 hover:text-rose-600 dark:hover:text-rose-400 hover:bg-rose-50 dark:hover:bg-rose-500/10 px-3 py-2 rounded-lg transition-colors ml-2"[39m
              [36m>[39m
                [0mLogout[0m
              [36m</button>[39m
            [36m</nav>[39m
            [36m<button[39m
              [33maria-label[39m=[32m"Toggle Theme"[39m
              [33mclass[39m=[32m"p-2 rounded-lg text-slate-500 dark:text-slate-400 hover:bg-slate-100 dark:hover:bg-slate-800 transition-colors"[39m
            [36m>[39m
              [0m≡ƒîÖ[0m
            [36m</button>[39m
            [36m<button[39m
              [33maria-label[39m=[32m"Toggle Navigation Menu"[39m
              [33mclass[39m=[32m"md:hidden p-2 rounded-lg text-slate-500 dark:text-slate-400 hover:text-slate-900 dark:hover:text-white hover:bg-slate-100 dark:hover:bg-slate-800 transition-colors"[39m
            [36m>[39m
              [36m<svg[39m
                [33mclass[39m=[32m"w-6 h-6"[39m
                [33mfill[39m=[32m"none"[39m
                [33mstroke[39m=[32m"currentColor"[39m
                [33mviewBox[39m=[32m"0 0 24 24"[39m
              [36m>[39m
                [36m<path[39m
                  [33md[39m=[32m"M4 6h16M4 12h16M4 18h16"[39m
                  [33mstroke-linecap[39m=[32m"round"[39m
                  [33mstroke-linejoin[39m=[32m"round"[39m
                  [33mstroke-width[39m=[32m"2"[39m
                [36m/>[39m
              [36m</svg>[39m
            [36m</button>[39m
          [36m</div>[39m
        [36m</div>[39m
      [36m</header>[39m
      [36m<main[39m
        [33mclass[39m=[32m"flex-1 max-w-7xl mx-auto px-4 sm:px-6 lg:px-8 py-8 w-full transition-colors duration-300"[39m
      [36m>[39m
        [36m<section[39m
          [33mclass[39m=[32m"relative rounded-3xl overflow-hidden bg-white dark:bg-slate-900 border border-slate-200 dark:border-slate-800 p-8 sm:p-12 md:p-16 mb-16 shadow-xl transition-colors duration-300"[39m
        [36m>[39m
          [36m<div[39m
            [33mclass[39m=[32m"absolute top-0 right-0 w-full h-full bg-gradient-to-br from-indigo-50/50 via-white to-slate-50 dark:from-indigo-950/40 dark:via-slate-900 dark:to-slate-950 pointer-events-none transition-colors duration-300"[39m
          [36m/>[39m
          [36m<div[39m
            [33mclass[39m=[32m"absolute -top-24 -right-24 w-96 h-96 bg-indigo-500/10 dark:bg-indigo-500/20 rounded-full blur-3xl pointer-events-none"[39m
          [36m/>[39m
          [36m<div[39m
            [33mclass[39m=[32m"relative max-w-3xl space-y-6 z-10"[39m
          [36m>[39m
            [36m<span[39m
              [33mclass[39m=[32m"inline-flex items-center px-2.5 py-0.5 rounded-full text-xs font-semibold border bg-emerald-500/15 text-emerald-300 border-emerald-500/30 backdrop-blur-md animate-fade-in-up"[39m
            [36m>[39m
              [0mΓ£¿ Premier Dealership Experience[0m
            [36m</span>[39m
            [36m<h1[39m
              [33mclass[39m=[32m"text-4xl sm:text-5xl md:text-6xl font-black text-slate-900 dark:text-white tracking-tight leading-tight transition-colors duration-300"[39m
            [36m>[39m
              [0mFind Your Dream Vehicle with [0m
              [36m<span[39m
                [33mclass[39m=[32m"bg-gradient-to-r from-indigo-600 to-purple-600 dark:from-indigo-400 dark:to-purple-400 bg-clip-text text-transparent"[39m
              [36m>[39m
                [0mKATA[0m
              [36m</span>[39m
            [36m</h1>[39m
            [36m<p[39m
              [33mclass[39m=[32m"text-lg text-slate-600 dark:text-slate-300 leading-relaxed transition-colors duration-300"[39m
            [36m>[39m
              [0mBrowse our curated inventory of premium electric, SUV, truck, coupe, and sedan vehicles. Real-time availability, instant online purchase, and full dealership transparency.[0m
            [36m</p>[39m
            [36m<div[39m
              [33mclass[39m=[32m"flex flex-wrap gap-4 pt-4"[39m
            [36m>[39m
              [36m<a[39m
                [33mhref[39m=[32m"/vehicles"[39m
              [36m>[39m
                [36m<button[39m
                  [33mclass[39m=[32m"inline-flex items-center justify-center font-medium rounded-lg transition-all focus:outline-none focus:ring-2 focus:ring-offset-2 disabled:opacity-50 disabled:cursor-not-allowed bg-indigo-600 hover:bg-indigo-700 text-white focus:ring-indigo-500 px-5 py-2.5 text-base  shadow-lg shadow-indigo-500/30 hover:scale-105 transition-transform"[39m
                [36m>[39m
                  [0mExplore Inventory ΓåÆ[0m
                [36m</button>[39m
              [36m</a>[39m
              [36m<a[39m
                [33mhref[39m=[32m"/register"[39m
              [36m>[39m
                [36m<button[39m
                  [33mclass[39m=[32m"inline-flex items-center justify-center font-medium rounded-lg transition-all focus:outline-none focus:ring-2 focus:ring-offset-2 disabled:opacity-50 disabled:cursor-not-allowed bg-transparent border border-slate-700 hover:bg-slate-800 text-slate-300 focus:ring-slate-500 px-5 py-2.5 text-base  hover:scale-105 transition-transform"[39m
                [36m>[39m
                  [0mCreate Account[0m
                [36m</button>[39m
              [36m</a>[39m
            [36m</div>[39m
          [36m</div>[39m
        [36m</section>[39m
        [36m<section[39m
          [33mclass[39m=[32m"grid grid-cols-2 md:grid-cols-4 gap-4 mb-16"[39m
        [36m>[39m
          [36m<div[39m
            [33mclass[39m=[32m"bg-white dark:bg-slate-900/60 border border-slate-200 dark:border-slate-800/80 rounded-2xl p-6 text-center shadow-sm hover:shadow-md transition-all hover:-translate-y-1"[39m
          [36m>[39m
            [36m<p[39m
              [33mclass[39m=[32m"text-3xl font-black text-indigo-600 dark:text-indigo-400"[39m
            [36m>[39m
              [0m100%[0m
            [36m</p>[39m
            [36m<p[39m
              [33mclass[39m=[32m"text-sm font-medium text-slate-500 dark:text-slate-400 mt-1"[39m
            [36m>[39m
              [0mVerified Inventory[0m
            [36m</p>[39m
          [36m</div>[39m
          [36m<div[39m
            [33mclass[39m=[32m"bg-white dark:bg-slate-900/60 border border-slate-200 dark:border-slate-800/80 rounded-2xl p-6 text-center shadow-sm hover:shadow-md t...

[90mstdout[2m | src/pages/__tests__/publicPages.test.tsx[2m > [22m[2mPublic Pages[2m > [22m[2mHome Page[2m > [22m[2mrenders hero section, call to action, statistics, and about section
[22m[39m[36m<body>[39m
  [36m<div>[39m
    [36m<div[39m
      [33mclass[39m=[32m"flex flex-col min-h-screen bg-slate-50 dark:bg-slate-950 text-slate-900 dark:text-slate-100 font-sans transition-colors duration-300"[39m
    [36m>[39m
      [36m<header[39m
        [33mclass[39m=[32m"border-b border-slate-200/80 dark:border-slate-800/80 bg-white/80 dark:bg-slate-900/80 backdrop-blur-lg sticky top-0 z-50 transition-colors duration-300"[39m
        [33mrole[39m=[32m"banner"[39m
      [36m>[39m
        [36m<div[39m
          [33mclass[39m=[32m"max-w-7xl mx-auto px-4 sm:px-6 lg:px-8 h-16 flex items-center justify-between"[39m
        [36m>[39m
          [36m<a[39m
            [33mclass[39m=[32m"flex items-center gap-3 text-xl font-bold tracking-tight hover:opacity-90 transition-opacity"[39m
            [33mhref[39m=[32m"/"[39m
          [36m>[39m
            [36m<div[39m
              [33mclass[39m=[32m"flex items-center justify-center w-10 h-10 rounded-xl bg-slate-900 dark:bg-white text-white dark:text-slate-900 font-black tracking-tighter text-sm transition-transform duration-300 hover:scale-110 shadow-lg "[39m
            [36m>[39m
              [0mKATA[0m
            [36m</div>[39m
            [36m<span[39m
              [33mclass[39m=[32m"hidden sm:inline-block"[39m
            [36m>[39m
              [0mKATA[0m
            [36m</span>[39m
          [36m</a>[39m
          [36m<div[39m
            [33mclass[39m=[32m"flex items-center gap-4"[39m
          [36m>[39m
            [36m<nav[39m
              [33mclass[39m=[32m"hidden md:flex items-center gap-2"[39m
              [33mrole[39m=[32m"navigation"[39m
            [36m>[39m
              [36m<a[39m
                [33mclass[39m=[32m"text-sm font-medium transition-colors px-3 py-2 rounded-lg bg-indigo-100 dark:bg-indigo-600/20 text-indigo-700 dark:text-indigo-400 font-semibold border border-indigo-200 dark:border-indigo-500/30"[39m
                [33mhref[39m=[32m"/"[39m
              [36m>[39m
                [0mHome[0m
              [36m</a>[39m
              [36m<a[39m
                [33mclass[39m=[32m"text-sm font-medium transition-colors px-3 py-2 rounded-lg text-slate-600 dark:text-slate-300 hover:text-slate-900 dark:hover:text-white hover:bg-slate-100 dark:hover:bg-slate-800/60"[39m
                [33mhref[39m=[32m"/vehicles"[39m
              [36m>[39m
                [0mVehicles[0m
              [36m</a>[39m
              [36m<a[39m
                [33mclass[39m=[32m"text-sm font-medium transition-colors px-3 py-2 rounded-lg text-slate-600 dark:text-slate-300 hover:text-slate-900 dark:hover:text-white hover:bg-slate-100 dark:hover:bg-slate-800/60"[39m
                [33mhref[39m=[32m"/dashboard"[39m
              [36m>[39m
                [0mDashboard[0m
              [36m</a>[39m
              [36m<a[39m
                [33mclass[39m=[32m"text-sm font-medium transition-colors px-3 py-2 rounded-lg text-slate-600 dark:text-slate-300 hover:text-slate-900 dark:hover:text-white hover:bg-slate-100 dark:hover:bg-slate-800/60"[39m
                [33mhref[39m=[32m"/profile"[39m
              [36m>[39m
                [0mProfile[0m
              [36m</a>[39m
              [36m<button[39m
                [33mclass[39m=[32m"text-sm font-medium text-slate-500 dark:text-slate-400 hover:text-rose-600 dark:hover:text-rose-400 hover:bg-rose-50 dark:hover:bg-rose-500/10 px-3 py-2 rounded-lg transition-colors ml-2"[39m
              [36m>[39m
                [0mLogout[0m
              [36m</button>[39m
            [36m</nav>[39m
            [36m<button[39m
              [33maria-label[39m=[32m"Toggle Theme"[39m
              [33mclass[39m=[32m"p-2 rounded-lg text-slate-500 dark:text-slate-400 hover:bg-slate-100 dark:hover:bg-slate-800 transition-colors"[39m
            [36m>[39m
              [0m≡ƒîÖ[0m
            [36m</button>[39m
            [36m<button[39m
              [33maria-label[39m=[32m"Toggle Navigation Menu"[39m
              [33mclass[39m=[32m"md:hidden p-2 rounded-lg text-slate-500 dark:text-slate-400 hover:text-slate-900 dark:hover:text-white hover:bg-slate-100 dark:hover:bg-slate-800 transition-colors"[39m
            [36m>[39m
              [36m<svg[39m
                [33mclass[39m=[32m"w-6 h-6"[39m
                [33mfill[39m=[32m"none"[39m
                [33mstroke[39m=[32m"currentColor"[39m
                [33mviewBox[39m=[32m"0 0 24 24"[39m
              [36m>[39m
                [36m<path[39m
                  [33md[39m=[32m"M4 6h16M4 12h16M4 18h16"[39m
                  [33mstroke-linecap[39m=[32m"round"[39m
                  [33mstroke-linejoin[39m=[32m"round"[39m
                  [33mstroke-width[39m=[32m"2"[39m
                [36m/>[39m
              [36m</svg>[39m
            [36m</button>[39m
          [36m</div>[39m
        [36m</div>[39m
      [36m</header>[39m
      [36m<main[39m
        [33mclass[39m=[32m"flex-1 max-w-7xl mx-auto px-4 sm:px-6 lg:px-8 py-8 w-full transition-colors duration-300"[39m
      [36m>[39m
        [36m<section[39m
          [33mclass[39m=[32m"relative rounded-3xl overflow-hidden bg-white dark:bg-slate-900 border border-slate-200 dark:border-slate-800 p-8 sm:p-12 md:p-16 mb-16 shadow-xl transition-colors duration-300"[39m
        [36m>[39m
          [36m<div[39m
            [33mclass[39m=[32m"absolute top-0 right-0 w-full h-full bg-gradient-to-br from-indigo-50/50 via-white to-slate-50 dark:from-indigo-950/40 dark:via-slate-900 dark:to-slate-950 pointer-events-none transition-colors duration-300"[39m
          [36m/>[39m
          [36m<div[39m
            [33mclass[39m=[32m"absolute -top-24 -right-24 w-96 h-96 bg-indigo-500/10 dark:bg-indigo-500/20 rounded-full blur-3xl pointer-events-none"[39m
          [36m/>[39m
          [36m<div[39m
            [33mclass[39m=[32m"relative max-w-3xl space-y-6 z-10"[39m
          [36m>[39m
            [36m<span[39m
              [33mclass[39m=[32m"inline-flex items-center px-2.5 py-0.5 rounded-full text-xs font-semibold border bg-emerald-500/15 text-emerald-300 border-emerald-500/30 backdrop-blur-md animate-fade-in-up"[39m
            [36m>[39m
              [0mΓ£¿ Premier Dealership Experience[0m
            [36m</span>[39m
            [36m<h1[39m
              [33mclass[39m=[32m"text-4xl sm:text-5xl md:text-6xl font-black text-slate-900 dark:text-white tracking-tight leading-tight transition-colors duration-300"[39m
            [36m>[39m
              [0mFind Your Dream Vehicle with [0m
              [36m<span[39m
                [33mclass[39m=[32m"bg-gradient-to-r from-indigo-600 to-purple-600 dark:from-indigo-400 dark:to-purple-400 bg-clip-text text-transparent"[39m
              [36m>[39m
                [0mKATA[0m
              [36m</span>[39m
            [36m</h1>[39m
            [36m<p[39m
              [33mclass[39m=[32m"text-lg text-slate-600 dark:text-slate-300 leading-relaxed transition-colors duration-300"[39m
            [36m>[39m
              [0mBrowse our curated inventory of premium electric, SUV, truck, coupe, and sedan vehicles. Real-time availability, instant online purchase, and full dealership transparency.[0m
            [36m</p>[39m
            [36m<div[39m
              [33mclass[39m=[32m"flex flex-wrap gap-4 pt-4"[39m
            [36m>[39m
              [36m<a[39m
                [33mhref[39m=[32m"/vehicles"[39m
              [36m>[39m
                [36m<button[39m
                  [33mclass[39m=[32m"inline-flex items-center justify-center font-medium rounded-lg transition-all focus:outline-none focus:ring-2 focus:ring-offset-2 disabled:opacity-50 disabled:cursor-not-allowed bg-indigo-600 hover:bg-indigo-700 text-white focus:ring-indigo-500 px-5 py-2.5 text-base  shadow-lg shadow-indigo-500/30 hover:scale-105 transition-transform"[39m
                [36m>[39m
                  [0mExplore Inventory ΓåÆ[0m
                [36m</button>[39m
              [36m</a>[39m
              [36m<a[39m
                [33mhref[39m=[32m"/register"[39m
              [36m>[39m
                [36m<button[39m
                  [33mclass[39m=[32m"inline-flex items-center justify-center font-medium rounded-lg transition-all focus:outline-none focus:ring-2 focus:ring-offset-2 disabled:opacity-50 disabled:cursor-not-allowed bg-transparent border border-slate-700 hover:bg-slate-800 text-slate-300 focus:ring-slate-500 px-5 py-2.5 text-base  hover:scale-105 transition-transform"[39m
                [36m>[39m
                  [0mCreate Account[0m
                [36m</button>[39m
              [36m</a>[39m
            [36m</div>[39m
          [36m</div>[39m
        [36m</section>[39m
        [36m<section[39m
          [33mclass[39m=[32m"grid grid-cols-2 md:grid-cols-4 gap-4 mb-16"[39m
        [36m>[39m
          [36m<div[39m
            [33mclass[39m=[32m"bg-white dark:bg-slate-900/60 border border-slate-200 dark:border-slate-800/80 rounded-2xl p-6 text-center shadow-sm hover:shadow-md transition-all hover:-translate-y-1"[39m
          [36m>[39m
            [36m<p[39m
              [33mclass[39m=[32m"text-3xl font-black text-indigo-600 dark:text-indigo-400"[39m
            [36m>[39m
              [0m100%[0m
            [36m</p>[39m
            [36m<p[39m
              [33mclass[39m=[32m"text-sm font-medium text-slate-500 dark:text-slate-400 mt-1"[39m
            [36m>[39m
              [0mVerified Inventory[0m
            [36m</p>[39m
          [36m</div>[39m
          [36m<div[39m
            [33mclass[39m=[32m"bg-white dark:bg-slate-900/60 border border-slate-200 dark:border-slate-800/80 rounded-2xl p-6 text-center shadow-sm hover:shadow-md t...

[90mstdout[2m | src/pages/__tests__/publicPages.test.tsx[2m > [22m[2mPublic Pages[2m > [22m[2mHome Page[2m > [22m[2mrenders hero section, call to action, statistics, and about section
[22m[39m[36m<body>[39m
  [36m<div>[39m
    [36m<div[39m
      [33mclass[39m=[32m"flex flex-col min-h-screen bg-slate-50 dark:bg-slate-950 text-slate-900 dark:text-slate-100 font-sans transition-colors duration-300"[39m
    [36m>[39m
      [36m<header[39m
        [33mclass[39m=[32m"border-b border-slate-200/80 dark:border-slate-800/80 bg-white/80 dark:bg-slate-900/80 backdrop-blur-lg sticky top-0 z-50 transition-colors duration-300"[39m
        [33mrole[39m=[32m"banner"[39m
      [36m>[39m
        [36m<div[39m
          [33mclass[39m=[32m"max-w-7xl mx-auto px-4 sm:px-6 lg:px-8 h-16 flex items-center justify-between"[39m
        [36m>[39m
          [36m<a[39m
            [33mclass[39m=[32m"flex items-center gap-3 text-xl font-bold tracking-tight hover:opacity-90 transition-opacity"[39m
            [33mhref[39m=[32m"/"[39m
          [36m>[39m
            [36m<div[39m
              [33mclass[39m=[32m"flex items-center justify-center w-10 h-10 rounded-xl bg-slate-900 dark:bg-white text-white dark:text-slate-900 font-black tracking-tighter text-sm transition-transform duration-300 hover:scale-110 shadow-lg "[39m
            [36m>[39m
              [0mKATA[0m
            [36m</div>[39m
            [36m<span[39m
              [33mclass[39m=[32m"hidden sm:inline-block"[39m
            [36m>[39m
              [0mKATA[0m
            [36m</span>[39m
          [36m</a>[39m
          [36m<div[39m
            [33mclass[39m=[32m"flex items-center gap-4"[39m
          [36m>[39m
            [36m<nav[39m
              [33mclass[39m=[32m"hidden md:flex items-center gap-2"[39m
              [33mrole[39m=[32m"navigation"[39m
            [36m>[39m
              [36m<a[39m
                [33mclass[39m=[32m"text-sm font-medium transition-colors px-3 py-2 rounded-lg bg-indigo-100 dark:bg-indigo-600/20 text-indigo-700 dark:text-indigo-400 font-semibold border border-indigo-200 dark:border-indigo-500/30"[39m
                [33mhref[39m=[32m"/"[39m
              [36m>[39m
                [0mHome[0m
              [36m</a>[39m
              [36m<a[39m
                [33mclass[39m=[32m"text-sm font-medium transition-colors px-3 py-2 rounded-lg text-slate-600 dark:text-slate-300 hover:text-slate-900 dark:hover:text-white hover:bg-slate-100 dark:hover:bg-slate-800/60"[39m
                [33mhref[39m=[32m"/vehicles"[39m
              [36m>[39m
                [0mVehicles[0m
              [36m</a>[39m
              [36m<a[39m
                [33mclass[39m=[32m"text-sm font-medium transition-colors px-3 py-2 rounded-lg text-slate-600 dark:text-slate-300 hover:text-slate-900 dark:hover:text-white hover:bg-slate-100 dark:hover:bg-slate-800/60"[39m
                [33mhref[39m=[32m"/dashboard"[39m
              [36m>[39m
                [0mDashboard[0m
              [36m</a>[39m
              [36m<a[39m
                [33mclass[39m=[32m"text-sm font-medium transition-colors px-3 py-2 rounded-lg text-slate-600 dark:text-slate-300 hover:text-slate-900 dark:hover:text-white hover:bg-slate-100 dark:hover:bg-slate-800/60"[39m
                [33mhref[39m=[32m"/profile"[39m
              [36m>[39m
                [0mProfile[0m
              [36m</a>[39m
              [36m<button[39m
                [33mclass[39m=[32m"text-sm font-medium text-slate-500 dark:text-slate-400 hover:text-rose-600 dark:hover:text-rose-400 hover:bg-rose-50 dark:hover:bg-rose-500/10 px-3 py-2 rounded-lg transition-colors ml-2"[39m
              [36m>[39m
                [0mLogout[0m
              [36m</button>[39m
            [36m</nav>[39m
            [36m<button[39m
              [33maria-label[39m=[32m"Toggle Theme"[39m
              [33mclass[39m=[32m"p-2 rounded-lg text-slate-500 dark:text-slate-400 hover:bg-slate-100 dark:hover:bg-slate-800 transition-colors"[39m
            [36m>[39m
              [0m≡ƒîÖ[0m
            [36m</button>[39m
            [36m<button[39m
              [33maria-label[39m=[32m"Toggle Navigation Menu"[39m
              [33mclass[39m=[32m"md:hidden p-2 rounded-lg text-slate-500 dark:text-slate-400 hover:text-slate-900 dark:hover:text-white hover:bg-slate-100 dark:hover:bg-slate-800 transition-colors"[39m
            [36m>[39m
              [36m<svg[39m
                [33mclass[39m=[32m"w-6 h-6"[39m
                [33mfill[39m=[32m"none"[39m
                [33mstroke[39m=[32m"currentColor"[39m
                [33mviewBox[39m=[32m"0 0 24 24"[39m
              [36m>[39m
                [36m<path[39m
                  [33md[39m=[32m"M4 6h16M4 12h16M4 18h16"[39m
                  [33mstroke-linecap[39m=[32m"round"[39m
                  [33mstroke-linejoin[39m=[32m"round"[39m
                  [33mstroke-width[39m=[32m"2"[39m
                [36m/>[39m
              [36m</svg>[39m
            [36m</button>[39m
          [36m</div>[39m
        [36m</div>[39m
      [36m</header>[39m
      [36m<main[39m
        [33mclass[39m=[32m"flex-1 max-w-7xl mx-auto px-4 sm:px-6 lg:px-8 py-8 w-full transition-colors duration-300"[39m
      [36m>[39m
        [36m<section[39m
          [33mclass[39m=[32m"relative rounded-3xl overflow-hidden bg-white dark:bg-slate-900 border border-slate-200 dark:border-slate-800 p-8 sm:p-12 md:p-16 mb-16 shadow-xl transition-colors duration-300"[39m
        [36m>[39m
          [36m<div[39m
            [33mclass[39m=[32m"absolute top-0 right-0 w-full h-full bg-gradient-to-br from-indigo-50/50 via-white to-slate-50 dark:from-indigo-950/40 dark:via-slate-900 dark:to-slate-950 pointer-events-none transition-colors duration-300"[39m
          [36m/>[39m
          [36m<div[39m
            [33mclass[39m=[32m"absolute -top-24 -right-24 w-96 h-96 bg-indigo-500/10 dark:bg-indigo-500/20 rounded-full blur-3xl pointer-events-none"[39m
          [36m/>[39m
          [36m<div[39m
            [33mclass[39m=[32m"relative max-w-3xl space-y-6 z-10"[39m
          [36m>[39m
            [36m<span[39m
              [33mclass[39m=[32m"inline-flex items-center px-2.5 py-0.5 rounded-full text-xs font-semibold border bg-emerald-500/15 text-emerald-300 border-emerald-500/30 backdrop-blur-md animate-fade-in-up"[39m
            [36m>[39m
              [0mΓ£¿ Premier Dealership Experience[0m
            [36m</span>[39m
            [36m<h1[39m
              [33mclass[39m=[32m"text-4xl sm:text-5xl md:text-6xl font-black text-slate-900 dark:text-white tracking-tight leading-tight transition-colors duration-300"[39m
            [36m>[39m
              [0mFind Your Dream Vehicle with [0m
              [36m<span[39m
                [33mclass[39m=[32m"bg-gradient-to-r from-indigo-600 to-purple-600 dark:from-indigo-400 dark:to-purple-400 bg-clip-text text-transparent"[39m
              [36m>[39m
                [0mKATA[0m
              [36m</span>[39m
            [36m</h1>[39m
            [36m<p[39m
              [33mclass[39m=[32m"text-lg text-slate-600 dark:text-slate-300 leading-relaxed transition-colors duration-300"[39m
            [36m>[39m
              [0mBrowse our curated inventory of premium electric, SUV, truck, coupe, and sedan vehicles. Real-time availability, instant online purchase, and full dealership transparency.[0m
            [36m</p>[39m
            [36m<div[39m
              [33mclass[39m=[32m"flex flex-wrap gap-4 pt-4"[39m
            [36m>[39m
              [36m<a[39m
                [33mhref[39m=[32m"/vehicles"[39m
              [36m>[39m
                [36m<button[39m
                  [33mclass[39m=[32m"inline-flex items-center justify-center font-medium rounded-lg transition-all focus:outline-none focus:ring-2 focus:ring-offset-2 disabled:opacity-50 disabled:cursor-not-allowed bg-indigo-600 hover:bg-indigo-700 text-white focus:ring-indigo-500 px-5 py-2.5 text-base  shadow-lg shadow-indigo-500/30 hover:scale-105 transition-transform"[39m
                [36m>[39m
                  [0mExplore Inventory ΓåÆ[0m
                [36m</button>[39m
              [36m</a>[39m
              [36m<a[39m
                [33mhref[39m=[32m"/register"[39m
              [36m>[39m
                [36m<button[39m
                  [33mclass[39m=[32m"inline-flex items-center justify-center font-medium rounded-lg transition-all focus:outline-none focus:ring-2 focus:ring-offset-2 disabled:opacity-50 disabled:cursor-not-allowed bg-transparent border border-slate-700 hover:bg-slate-800 text-slate-300 focus:ring-slate-500 px-5 py-2.5 text-base  hover:scale-105 transition-transform"[39m
                [36m>[39m
                  [0mCreate Account[0m
                [36m</button>[39m
              [36m</a>[39m
            [36m</div>[39m
          [36m</div>[39m
        [36m</section>[39m
        [36m<section[39m
          [33mclass[39m=[32m"grid grid-cols-2 md:grid-cols-4 gap-4 mb-16"[39m
        [36m>[39m
          [36m<div[39m
            [33mclass[39m=[32m"bg-white dark:bg-slate-900/60 border border-slate-200 dark:border-slate-800/80 rounded-2xl p-6 text-center shadow-sm hover:shadow-md transition-all hover:-translate-y-1"[39m
          [36m>[39m
            [36m<p[39m
              [33mclass[39m=[32m"text-3xl font-black text-indigo-600 dark:text-indigo-400"[39m
            [36m>[39m
              [0m100%[0m
            [36m</p>[39m
            [36m<p[39m
              [33mclass[39m=[32m"text-sm font-medium text-slate-500 dark:text-slate-400 mt-1"[39m
            [36m>[39m
              [0mVerified Inventory[0m
            [36m</p>[39m
          [36m</div>[39m
          [36m<div[39m
            [33mclass[39m=[32m"bg-white dark:bg-slate-900/60 border border-slate-200 dark:border-slate-800/80 rounded-2xl p-6 text-center shadow-sm hover:shadow-md t...

[90mstdout[2m | src/pages/__tests__/publicPages.test.tsx[2m > [22m[2mPublic Pages[2m > [22m[2mHome Page[2m > [22m[2mrenders hero section, call to action, statistics, and about section
[22m[39m[36m<body>[39m
  [36m<div>[39m
    [36m<div[39m
      [33mclass[39m=[32m"flex flex-col min-h-screen bg-slate-50 dark:bg-slate-950 text-slate-900 dark:text-slate-100 font-sans transition-colors duration-300"[39m
    [36m>[39m
      [36m<header[39m
        [33mclass[39m=[32m"border-b border-slate-200/80 dark:border-slate-800/80 bg-white/80 dark:bg-slate-900/80 backdrop-blur-lg sticky top-0 z-50 transition-colors duration-300"[39m
        [33mrole[39m=[32m"banner"[39m
      [36m>[39m
        [36m<div[39m
          [33mclass[39m=[32m"max-w-7xl mx-auto px-4 sm:px-6 lg:px-8 h-16 flex items-center justify-between"[39m
        [36m>[39m
          [36m<a[39m
            [33mclass[39m=[32m"flex items-center gap-3 text-xl font-bold tracking-tight hover:opacity-90 transition-opacity"[39m
            [33mhref[39m=[32m"/"[39m
          [36m>[39m
            [36m<div[39m
              [33mclass[39m=[32m"flex items-center justify-center w-10 h-10 rounded-xl bg-slate-900 dark:bg-white text-white dark:text-slate-900 font-black tracking-tighter text-sm transition-transform duration-300 hover:scale-110 shadow-lg "[39m
            [36m>[39m
              [0mKATA[0m
            [36m</div>[39m
            [36m<span[39m
              [33mclass[39m=[32m"hidden sm:inline-block"[39m
            [36m>[39m
              [0mKATA[0m
            [36m</span>[39m
          [36m</a>[39m
          [36m<div[39m
            [33mclass[39m=[32m"flex items-center gap-4"[39m
          [36m>[39m
            [36m<nav[39m
              [33mclass[39m=[32m"hidden md:flex items-center gap-2"[39m
              [33mrole[39m=[32m"navigation"[39m
            [36m>[39m
              [36m<a[39m
                [33mclass[39m=[32m"text-sm font-medium transition-colors px-3 py-2 rounded-lg bg-indigo-100 dark:bg-indigo-600/20 text-indigo-700 dark:text-indigo-400 font-semibold border border-indigo-200 dark:border-indigo-500/30"[39m
                [33mhref[39m=[32m"/"[39m
              [36m>[39m
                [0mHome[0m
              [36m</a>[39m
              [36m<a[39m
                [33mclass[39m=[32m"text-sm font-medium transition-colors px-3 py-2 rounded-lg text-slate-600 dark:text-slate-300 hover:text-slate-900 dark:hover:text-white hover:bg-slate-100 dark:hover:bg-slate-800/60"[39m
                [33mhref[39m=[32m"/vehicles"[39m
              [36m>[39m
                [0mVehicles[0m
              [36m</a>[39m
              [36m<a[39m
                [33mclass[39m=[32m"text-sm font-medium transition-colors px-3 py-2 rounded-lg text-slate-600 dark:text-slate-300 hover:text-slate-900 dark:hover:text-white hover:bg-slate-100 dark:hover:bg-slate-800/60"[39m
                [33mhref[39m=[32m"/dashboard"[39m
              [36m>[39m
                [0mDashboard[0m
              [36m</a>[39m
              [36m<a[39m
                [33mclass[39m=[32m"text-sm font-medium transition-colors px-3 py-2 rounded-lg text-slate-600 dark:text-slate-300 hover:text-slate-900 dark:hover:text-white hover:bg-slate-100 dark:hover:bg-slate-800/60"[39m
                [33mhref[39m=[32m"/profile"[39m
              [36m>[39m
                [0mProfile[0m
              [36m</a>[39m
              [36m<button[39m
                [33mclass[39m=[32m"text-sm font-medium text-slate-500 dark:text-slate-400 hover:text-rose-600 dark:hover:text-rose-400 hover:bg-rose-50 dark:hover:bg-rose-500/10 px-3 py-2 rounded-lg transition-colors ml-2"[39m
              [36m>[39m
                [0mLogout[0m
              [36m</button>[39m
            [36m</nav>[39m
            [36m<button[39m
              [33maria-label[39m=[32m"Toggle Theme"[39m
              [33mclass[39m=[32m"p-2 rounded-lg text-slate-500 dark:text-slate-400 hover:bg-slate-100 dark:hover:bg-slate-800 transition-colors"[39m
            [36m>[39m
              [0m≡ƒîÖ[0m
            [36m</button>[39m
            [36m<button[39m
              [33maria-label[39m=[32m"Toggle Navigation Menu"[39m
              [33mclass[39m=[32m"md:hidden p-2 rounded-lg text-slate-500 dark:text-slate-400 hover:text-slate-900 dark:hover:text-white hover:bg-slate-100 dark:hover:bg-slate-800 transition-colors"[39m
            [36m>[39m
              [36m<svg[39m
                [33mclass[39m=[32m"w-6 h-6"[39m
                [33mfill[39m=[32m"none"[39m
                [33mstroke[39m=[32m"currentColor"[39m
                [33mviewBox[39m=[32m"0 0 24 24"[39m
              [36m>[39m
                [36m<path[39m
                  [33md[39m=[32m"M4 6h16M4 12h16M4 18h16"[39m
                  [33mstroke-linecap[39m=[32m"round"[39m
                  [33mstroke-linejoin[39m=[32m"round"[39m
                  [33mstroke-width[39m=[32m"2"[39m
                [36m/>[39m
              [36m</svg>[39m
            [36m</button>[39m
          [36m</div>[39m
        [36m</div>[39m
      [36m</header>[39m
      [36m<main[39m
        [33mclass[39m=[32m"flex-1 max-w-7xl mx-auto px-4 sm:px-6 lg:px-8 py-8 w-full transition-colors duration-300"[39m
      [36m>[39m
        [36m<section[39m
          [33mclass[39m=[32m"relative rounded-3xl overflow-hidden bg-white dark:bg-slate-900 border border-slate-200 dark:border-slate-800 p-8 sm:p-12 md:p-16 mb-16 shadow-xl transition-colors duration-300"[39m
        [36m>[39m
          [36m<div[39m
            [33mclass[39m=[32m"absolute top-0 right-0 w-full h-full bg-gradient-to-br from-indigo-50/50 via-white to-slate-50 dark:from-indigo-950/40 dark:via-slate-900 dark:to-slate-950 pointer-events-none transition-colors duration-300"[39m
          [36m/>[39m
          [36m<div[39m
            [33mclass[39m=[32m"absolute -top-24 -right-24 w-96 h-96 bg-indigo-500/10 dark:bg-indigo-500/20 rounded-full blur-3xl pointer-events-none"[39m
          [36m/>[39m
          [36m<div[39m
            [33mclass[39m=[32m"relative max-w-3xl space-y-6 z-10"[39m
          [36m>[39m
            [36m<span[39m
              [33mclass[39m=[32m"inline-flex items-center px-2.5 py-0.5 rounded-full text-xs font-semibold border bg-emerald-500/15 text-emerald-300 border-emerald-500/30 backdrop-blur-md animate-fade-in-up"[39m
            [36m>[39m
              [0mΓ£¿ Premier Dealership Experience[0m
            [36m</span>[39m
            [36m<h1[39m
              [33mclass[39m=[32m"text-4xl sm:text-5xl md:text-6xl font-black text-slate-900 dark:text-white tracking-tight leading-tight transition-colors duration-300"[39m
            [36m>[39m
              [0mFind Your Dream Vehicle with [0m
              [36m<span[39m
                [33mclass[39m=[32m"bg-gradient-to-r from-indigo-600 to-purple-600 dark:from-indigo-400 dark:to-purple-400 bg-clip-text text-transparent"[39m
              [36m>[39m
                [0mKATA[0m
              [36m</span>[39m
            [36m</h1>[39m
            [36m<p[39m
              [33mclass[39m=[32m"text-lg text-slate-600 dark:text-slate-300 leading-relaxed transition-colors duration-300"[39m
            [36m>[39m
              [0mBrowse our curated inventory of premium electric, SUV, truck, coupe, and sedan vehicles. Real-time availability, instant online purchase, and full dealership transparency.[0m
            [36m</p>[39m
            [36m<div[39m
              [33mclass[39m=[32m"flex flex-wrap gap-4 pt-4"[39m
            [36m>[39m
              [36m<a[39m
                [33mhref[39m=[32m"/vehicles"[39m
              [36m>[39m
                [36m<button[39m
                  [33mclass[39m=[32m"inline-flex items-center justify-center font-medium rounded-lg transition-all focus:outline-none focus:ring-2 focus:ring-offset-2 disabled:opacity-50 disabled:cursor-not-allowed bg-indigo-600 hover:bg-indigo-700 text-white focus:ring-indigo-500 px-5 py-2.5 text-base  shadow-lg shadow-indigo-500/30 hover:scale-105 transition-transform"[39m
                [36m>[39m
                  [0mExplore Inventory ΓåÆ[0m
                [36m</button>[39m
              [36m</a>[39m
              [36m<a[39m
                [33mhref[39m=[32m"/register"[39m
              [36m>[39m
                [36m<button[39m
                  [33mclass[39m=[32m"inline-flex items-center justify-center font-medium rounded-lg transition-all focus:outline-none focus:ring-2 focus:ring-offset-2 disabled:opacity-50 disabled:cursor-not-allowed bg-transparent border border-slate-700 hover:bg-slate-800 text-slate-300 focus:ring-slate-500 px-5 py-2.5 text-base  hover:scale-105 transition-transform"[39m
                [36m>[39m
                  [0mCreate Account[0m
                [36m</button>[39m
              [36m</a>[39m
            [36m</div>[39m
          [36m</div>[39m
        [36m</section>[39m
        [36m<section[39m
          [33mclass[39m=[32m"grid grid-cols-2 md:grid-cols-4 gap-4 mb-16"[39m
        [36m>[39m
          [36m<div[39m
            [33mclass[39m=[32m"bg-white dark:bg-slate-900/60 border border-slate-200 dark:border-slate-800/80 rounded-2xl p-6 text-center shadow-sm hover:shadow-md transition-all hover:-translate-y-1"[39m
          [36m>[39m
            [36m<p[39m
              [33mclass[39m=[32m"text-3xl font-black text-indigo-600 dark:text-indigo-400"[39m
            [36m>[39m
              [0m100%[0m
            [36m</p>[39m
            [36m<p[39m
              [33mclass[39m=[32m"text-sm font-medium text-slate-500 dark:text-slate-400 mt-1"[39m
            [36m>[39m
              [0mVerified Inventory[0m
            [36m</p>[39m
          [36m</div>[39m
          [36m<div[39m
            [33mclass[39m=[32m"bg-white dark:bg-slate-900/60 border border-slate-200 dark:border-slate-800/80 rounded-2xl p-6 text-center shadow-sm hover:shadow-md t...

[90mstdout[2m | src/pages/__tests__/publicPages.test.tsx[2m > [22m[2mPublic Pages[2m > [22m[2mHome Page[2m > [22m[2mrenders hero section, call to action, statistics, and about section
[22m[39m[36m<body>[39m
  [36m<div>[39m
    [36m<div[39m
      [33mclass[39m=[32m"flex flex-col min-h-screen bg-slate-50 dark:bg-slate-950 text-slate-900 dark:text-slate-100 font-sans transition-colors duration-300"[39m
    [36m>[39m
      [36m<header[39m
        [33mclass[39m=[32m"border-b border-slate-200/80 dark:border-slate-800/80 bg-white/80 dark:bg-slate-900/80 backdrop-blur-lg sticky top-0 z-50 transition-colors duration-300"[39m
        [33mrole[39m=[32m"banner"[39m
      [36m>[39m
        [36m<div[39m
          [33mclass[39m=[32m"max-w-7xl mx-auto px-4 sm:px-6 lg:px-8 h-16 flex items-center justify-between"[39m
        [36m>[39m
          [36m<a[39m
            [33mclass[39m=[32m"flex items-center gap-3 text-xl font-bold tracking-tight hover:opacity-90 transition-opacity"[39m
            [33mhref[39m=[32m"/"[39m
          [36m>[39m
            [36m<div[39m
              [33mclass[39m=[32m"flex items-center justify-center w-10 h-10 rounded-xl bg-slate-900 dark:bg-white text-white dark:text-slate-900 font-black tracking-tighter text-sm transition-transform duration-300 hover:scale-110 shadow-lg "[39m
            [36m>[39m
              [0mKATA[0m
            [36m</div>[39m
            [36m<span[39m
              [33mclass[39m=[32m"hidden sm:inline-block"[39m
            [36m>[39m
              [0mKATA[0m
            [36m</span>[39m
          [36m</a>[39m
          [36m<div[39m
            [33mclass[39m=[32m"flex items-center gap-4"[39m
          [36m>[39m
            [36m<nav[39m
              [33mclass[39m=[32m"hidden md:flex items-center gap-2"[39m
              [33mrole[39m=[32m"navigation"[39m
            [36m>[39m
              [36m<a[39m
                [33mclass[39m=[32m"text-sm font-medium transition-colors px-3 py-2 rounded-lg bg-indigo-100 dark:bg-indigo-600/20 text-indigo-700 dark:text-indigo-400 font-semibold border border-indigo-200 dark:border-indigo-500/30"[39m
                [33mhref[39m=[32m"/"[39m
              [36m>[39m
                [0mHome[0m
              [36m</a>[39m
              [36m<a[39m
                [33mclass[39m=[32m"text-sm font-medium transition-colors px-3 py-2 rounded-lg text-slate-600 dark:text-slate-300 hover:text-slate-900 dark:hover:text-white hover:bg-slate-100 dark:hover:bg-slate-800/60"[39m
                [33mhref[39m=[32m"/vehicles"[39m
              [36m>[39m
                [0mVehicles[0m
              [36m</a>[39m
              [36m<a[39m
                [33mclass[39m=[32m"text-sm font-medium transition-colors px-3 py-2 rounded-lg text-slate-600 dark:text-slate-300 hover:text-slate-900 dark:hover:text-white hover:bg-slate-100 dark:hover:bg-slate-800/60"[39m
                [33mhref[39m=[32m"/dashboard"[39m
              [36m>[39m
                [0mDashboard[0m
              [36m</a>[39m
              [36m<a[39m
                [33mclass[39m=[32m"text-sm font-medium transition-colors px-3 py-2 rounded-lg text-slate-600 dark:text-slate-300 hover:text-slate-900 dark:hover:text-white hover:bg-slate-100 dark:hover:bg-slate-800/60"[39m
                [33mhref[39m=[32m"/profile"[39m
              [36m>[39m
                [0mProfile[0m
              [36m</a>[39m
              [36m<button[39m
                [33mclass[39m=[32m"text-sm font-medium text-slate-500 dark:text-slate-400 hover:text-rose-600 dark:hover:text-rose-400 hover:bg-rose-50 dark:hover:bg-rose-500/10 px-3 py-2 rounded-lg transition-colors ml-2"[39m
              [36m>[39m
                [0mLogout[0m
              [36m</button>[39m
            [36m</nav>[39m
            [36m<button[39m
              [33maria-label[39m=[32m"Toggle Theme"[39m
              [33mclass[39m=[32m"p-2 rounded-lg text-slate-500 dark:text-slate-400 hover:bg-slate-100 dark:hover:bg-slate-800 transition-colors"[39m
            [36m>[39m
              [0m≡ƒîÖ[0m
            [36m</button>[39m
            [36m<button[39m
              [33maria-label[39m=[32m"Toggle Navigation Menu"[39m
              [33mclass[39m=[32m"md:hidden p-2 rounded-lg text-slate-500 dark:text-slate-400 hover:text-slate-900 dark:hover:text-white hover:bg-slate-100 dark:hover:bg-slate-800 transition-colors"[39m
            [36m>[39m
              [36m<svg[39m
                [33mclass[39m=[32m"w-6 h-6"[39m
                [33mfill[39m=[32m"none"[39m
                [33mstroke[39m=[32m"currentColor"[39m
                [33mviewBox[39m=[32m"0 0 24 24"[39m
              [36m>[39m
                [36m<path[39m
                  [33md[39m=[32m"M4 6h16M4 12h16M4 18h16"[39m
                  [33mstroke-linecap[39m=[32m"round"[39m
                  [33mstroke-linejoin[39m=[32m"round"[39m
                  [33mstroke-width[39m=[32m"2"[39m
                [36m/>[39m
              [36m</svg>[39m
            [36m</button>[39m
          [36m</div>[39m
        [36m</div>[39m
      [36m</header>[39m
      [36m<main[39m
        [33mclass[39m=[32m"flex-1 max-w-7xl mx-auto px-4 sm:px-6 lg:px-8 py-8 w-full transition-colors duration-300"[39m
      [36m>[39m
        [36m<section[39m
          [33mclass[39m=[32m"relative rounded-3xl overflow-hidden bg-white dark:bg-slate-900 border border-slate-200 dark:border-slate-800 p-8 sm:p-12 md:p-16 mb-16 shadow-xl transition-colors duration-300"[39m
        [36m>[39m
          [36m<div[39m
            [33mclass[39m=[32m"absolute top-0 right-0 w-full h-full bg-gradient-to-br from-indigo-50/50 via-white to-slate-50 dark:from-indigo-950/40 dark:via-slate-900 dark:to-slate-950 pointer-events-none transition-colors duration-300"[39m
          [36m/>[39m
          [36m<div[39m
            [33mclass[39m=[32m"absolute -top-24 -right-24 w-96 h-96 bg-indigo-500/10 dark:bg-indigo-500/20 rounded-full blur-3xl pointer-events-none"[39m
          [36m/>[39m
          [36m<div[39m
            [33mclass[39m=[32m"relative max-w-3xl space-y-6 z-10"[39m
          [36m>[39m
            [36m<span[39m
              [33mclass[39m=[32m"inline-flex items-center px-2.5 py-0.5 rounded-full text-xs font-semibold border bg-emerald-500/15 text-emerald-300 border-emerald-500/30 backdrop-blur-md animate-fade-in-up"[39m
            [36m>[39m
              [0mΓ£¿ Premier Dealership Experience[0m
            [36m</span>[39m
            [36m<h1[39m
              [33mclass[39m=[32m"text-4xl sm:text-5xl md:text-6xl font-black text-slate-900 dark:text-white tracking-tight leading-tight transition-colors duration-300"[39m
            [36m>[39m
              [0mFind Your Dream Vehicle with [0m
              [36m<span[39m
                [33mclass[39m=[32m"bg-gradient-to-r from-indigo-600 to-purple-600 dark:from-indigo-400 dark:to-purple-400 bg-clip-text text-transparent"[39m
              [36m>[39m
                [0mKATA[0m
              [36m</span>[39m
            [36m</h1>[39m
            [36m<p[39m
              [33mclass[39m=[32m"text-lg text-slate-600 dark:text-slate-300 leading-relaxed transition-colors duration-300"[39m
            [36m>[39m
              [0mBrowse our curated inventory of premium electric, SUV, truck, coupe, and sedan vehicles. Real-time availability, instant online purchase, and full dealership transparency.[0m
            [36m</p>[39m
            [36m<div[39m
              [33mclass[39m=[32m"flex flex-wrap gap-4 pt-4"[39m
            [36m>[39m
              [36m<a[39m
                [33mhref[39m=[32m"/vehicles"[39m
              [36m>[39m
                [36m<button[39m
                  [33mclass[39m=[32m"inline-flex items-center justify-center font-medium rounded-lg transition-all focus:outline-none focus:ring-2 focus:ring-offset-2 disabled:opacity-50 disabled:cursor-not-allowed bg-indigo-600 hover:bg-indigo-700 text-white focus:ring-indigo-500 px-5 py-2.5 text-base  shadow-lg shadow-indigo-500/30 hover:scale-105 transition-transform"[39m
                [36m>[39m
                  [0mExplore Inventory ΓåÆ[0m
                [36m</button>[39m
              [36m</a>[39m
              [36m<a[39m
                [33mhref[39m=[32m"/register"[39m
              [36m>[39m
                [36m<button[39m
                  [33mclass[39m=[32m"inline-flex items-center justify-center font-medium rounded-lg transition-all focus:outline-none focus:ring-2 focus:ring-offset-2 disabled:opacity-50 disabled:cursor-not-allowed bg-transparent border border-slate-700 hover:bg-slate-800 text-slate-300 focus:ring-slate-500 px-5 py-2.5 text-base  hover:scale-105 transition-transform"[39m
                [36m>[39m
                  [0mCreate Account[0m
                [36m</button>[39m
              [36m</a>[39m
            [36m</div>[39m
          [36m</div>[39m
        [36m</section>[39m
        [36m<section[39m
          [33mclass[39m=[32m"grid grid-cols-2 md:grid-cols-4 gap-4 mb-16"[39m
        [36m>[39m
          [36m<div[39m
            [33mclass[39m=[32m"bg-white dark:bg-slate-900/60 border border-slate-200 dark:border-slate-800/80 rounded-2xl p-6 text-center shadow-sm hover:shadow-md transition-all hover:-translate-y-1"[39m
          [36m>[39m
            [36m<p[39m
              [33mclass[39m=[32m"text-3xl font-black text-indigo-600 dark:text-indigo-400"[39m
            [36m>[39m
              [0m100%[0m
            [36m</p>[39m
            [36m<p[39m
              [33mclass[39m=[32m"text-sm font-medium text-slate-500 dark:text-slate-400 mt-1"[39m
            [36m>[39m
              [0mVerified Inventory[0m
            [36m</p>[39m
          [36m</div>[39m
          [36m<div[39m
            [33mclass[39m=[32m"bg-white dark:bg-slate-900/60 border border-slate-200 dark:border-slate-800/80 rounded-2xl p-6 text-center shadow-sm hover:shadow-md t...

[90mstdout[2m | src/pages/__tests__/publicPages.test.tsx[2m > [22m[2mPublic Pages[2m > [22m[2mHome Page[2m > [22m[2mrenders hero section, call to action, statistics, and about section
[22m[39m[36m<body>[39m
  [36m<div>[39m
    [36m<div[39m
      [33mclass[39m=[32m"flex flex-col min-h-screen bg-slate-50 dark:bg-slate-950 text-slate-900 dark:text-slate-100 font-sans transition-colors duration-300"[39m
    [36m>[39m
      [36m<header[39m
        [33mclass[39m=[32m"border-b border-slate-200/80 dark:border-slate-800/80 bg-white/80 dark:bg-slate-900/80 backdrop-blur-lg sticky top-0 z-50 transition-colors duration-300"[39m
        [33mrole[39m=[32m"banner"[39m
      [36m>[39m
        [36m<div[39m
          [33mclass[39m=[32m"max-w-7xl mx-auto px-4 sm:px-6 lg:px-8 h-16 flex items-center justify-between"[39m
        [36m>[39m
          [36m<a[39m
            [33mclass[39m=[32m"flex items-center gap-3 text-xl font-bold tracking-tight hover:opacity-90 transition-opacity"[39m
            [33mhref[39m=[32m"/"[39m
          [36m>[39m
            [36m<div[39m
              [33mclass[39m=[32m"flex items-center justify-center w-10 h-10 rounded-xl bg-slate-900 dark:bg-white text-white dark:text-slate-900 font-black tracking-tighter text-sm transition-transform duration-300 hover:scale-110 shadow-lg "[39m
            [36m>[39m
              [0mKATA[0m
            [36m</div>[39m
            [36m<span[39m
              [33mclass[39m=[32m"hidden sm:inline-block"[39m
            [36m>[39m
              [0mKATA[0m
            [36m</span>[39m
          [36m</a>[39m
          [36m<div[39m
            [33mclass[39m=[32m"flex items-center gap-4"[39m
          [36m>[39m
            [36m<nav[39m
              [33mclass[39m=[32m"hidden md:flex items-center gap-2"[39m
              [33mrole[39m=[32m"navigation"[39m
            [36m>[39m
              [36m<a[39m
                [33mclass[39m=[32m"text-sm font-medium transition-colors px-3 py-2 rounded-lg bg-indigo-100 dark:bg-indigo-600/20 text-indigo-700 dark:text-indigo-400 font-semibold border border-indigo-200 dark:border-indigo-500/30"[39m
                [33mhref[39m=[32m"/"[39m
              [36m>[39m
                [0mHome[0m
              [36m</a>[39m
              [36m<a[39m
                [33mclass[39m=[32m"text-sm font-medium transition-colors px-3 py-2 rounded-lg text-slate-600 dark:text-slate-300 hover:text-slate-900 dark:hover:text-white hover:bg-slate-100 dark:hover:bg-slate-800/60"[39m
                [33mhref[39m=[32m"/vehicles"[39m
              [36m>[39m
                [0mVehicles[0m
              [36m</a>[39m
              [36m<a[39m
                [33mclass[39m=[32m"text-sm font-medium transition-colors px-3 py-2 rounded-lg text-slate-600 dark:text-slate-300 hover:text-slate-900 dark:hover:text-white hover:bg-slate-100 dark:hover:bg-slate-800/60"[39m
                [33mhref[39m=[32m"/dashboard"[39m
              [36m>[39m
                [0mDashboard[0m
              [36m</a>[39m
              [36m<a[39m
                [33mclass[39m=[32m"text-sm font-medium transition-colors px-3 py-2 rounded-lg text-slate-600 dark:text-slate-300 hover:text-slate-900 dark:hover:text-white hover:bg-slate-100 dark:hover:bg-slate-800/60"[39m
                [33mhref[39m=[32m"/profile"[39m
              [36m>[39m
                [0mProfile[0m
              [36m</a>[39m
              [36m<button[39m
                [33mclass[39m=[32m"text-sm font-medium text-slate-500 dark:text-slate-400 hover:text-rose-600 dark:hover:text-rose-400 hover:bg-rose-50 dark:hover:bg-rose-500/10 px-3 py-2 rounded-lg transition-colors ml-2"[39m
              [36m>[39m
                [0mLogout[0m
              [36m</button>[39m
            [36m</nav>[39m
            [36m<button[39m
              [33maria-label[39m=[32m"Toggle Theme"[39m
              [33mclass[39m=[32m"p-2 rounded-lg text-slate-500 dark:text-slate-400 hover:bg-slate-100 dark:hover:bg-slate-800 transition-colors"[39m
            [36m>[39m
              [0m≡ƒîÖ[0m
            [36m</button>[39m
            [36m<button[39m
              [33maria-label[39m=[32m"Toggle Navigation Menu"[39m
              [33mclass[39m=[32m"md:hidden p-2 rounded-lg text-slate-500 dark:text-slate-400 hover:text-slate-900 dark:hover:text-white hover:bg-slate-100 dark:hover:bg-slate-800 transition-colors"[39m
            [36m>[39m
              [36m<svg[39m
                [33mclass[39m=[32m"w-6 h-6"[39m
                [33mfill[39m=[32m"none"[39m
                [33mstroke[39m=[32m"currentColor"[39m
                [33mviewBox[39m=[32m"0 0 24 24"[39m
              [36m>[39m
                [36m<path[39m
                  [33md[39m=[32m"M4 6h16M4 12h16M4 18h16"[39m
                  [33mstroke-linecap[39m=[32m"round"[39m
                  [33mstroke-linejoin[39m=[32m"round"[39m
                  [33mstroke-width[39m=[32m"2"[39m
                [36m/>[39m
              [36m</svg>[39m
            [36m</button>[39m
          [36m</div>[39m
        [36m</div>[39m
      [36m</header>[39m
      [36m<main[39m
        [33mclass[39m=[32m"flex-1 max-w-7xl mx-auto px-4 sm:px-6 lg:px-8 py-8 w-full transition-colors duration-300"[39m
      [36m>[39m
        [36m<section[39m
          [33mclass[39m=[32m"relative rounded-3xl overflow-hidden bg-white dark:bg-slate-900 border border-slate-200 dark:border-slate-800 p-8 sm:p-12 md:p-16 mb-16 shadow-xl transition-colors duration-300"[39m
        [36m>[39m
          [36m<div[39m
            [33mclass[39m=[32m"absolute top-0 right-0 w-full h-full bg-gradient-to-br from-indigo-50/50 via-white to-slate-50 dark:from-indigo-950/40 dark:via-slate-900 dark:to-slate-950 pointer-events-none transition-colors duration-300"[39m
          [36m/>[39m
          [36m<div[39m
            [33mclass[39m=[32m"absolute -top-24 -right-24 w-96 h-96 bg-indigo-500/10 dark:bg-indigo-500/20 rounded-full blur-3xl pointer-events-none"[39m
          [36m/>[39m
          [36m<div[39m
            [33mclass[39m=[32m"relative max-w-3xl space-y-6 z-10"[39m
          [36m>[39m
            [36m<span[39m
              [33mclass[39m=[32m"inline-flex items-center px-2.5 py-0.5 rounded-full text-xs font-semibold border bg-emerald-500/15 text-emerald-300 border-emerald-500/30 backdrop-blur-md animate-fade-in-up"[39m
            [36m>[39m
              [0mΓ£¿ Premier Dealership Experience[0m
            [36m</span>[39m
            [36m<h1[39m
              [33mclass[39m=[32m"text-4xl sm:text-5xl md:text-6xl font-black text-slate-900 dark:text-white tracking-tight leading-tight transition-colors duration-300"[39m
            [36m>[39m
              [0mFind Your Dream Vehicle with [0m
              [36m<span[39m
                [33mclass[39m=[32m"bg-gradient-to-r from-indigo-600 to-purple-600 dark:from-indigo-400 dark:to-purple-400 bg-clip-text text-transparent"[39m
              [36m>[39m
                [0mKATA[0m
              [36m</span>[39m
            [36m</h1>[39m
            [36m<p[39m
              [33mclass[39m=[32m"text-lg text-slate-600 dark:text-slate-300 leading-relaxed transition-colors duration-300"[39m
            [36m>[39m
              [0mBrowse our curated inventory of premium electric, SUV, truck, coupe, and sedan vehicles. Real-time availability, instant online purchase, and full dealership transparency.[0m
            [36m</p>[39m
            [36m<div[39m
              [33mclass[39m=[32m"flex flex-wrap gap-4 pt-4"[39m
            [36m>[39m
              [36m<a[39m
                [33mhref[39m=[32m"/vehicles"[39m
              [36m>[39m
                [36m<button[39m
                  [33mclass[39m=[32m"inline-flex items-center justify-center font-medium rounded-lg transition-all focus:outline-none focus:ring-2 focus:ring-offset-2 disabled:opacity-50 disabled:cursor-not-allowed bg-indigo-600 hover:bg-indigo-700 text-white focus:ring-indigo-500 px-5 py-2.5 text-base  shadow-lg shadow-indigo-500/30 hover:scale-105 transition-transform"[39m
                [36m>[39m
                  [0mExplore Inventory ΓåÆ[0m
                [36m</button>[39m
              [36m</a>[39m
              [36m<a[39m
                [33mhref[39m=[32m"/register"[39m
              [36m>[39m
                [36m<button[39m
                  [33mclass[39m=[32m"inline-flex items-center justify-center font-medium rounded-lg transition-all focus:outline-none focus:ring-2 focus:ring-offset-2 disabled:opacity-50 disabled:cursor-not-allowed bg-transparent border border-slate-700 hover:bg-slate-800 text-slate-300 focus:ring-slate-500 px-5 py-2.5 text-base  hover:scale-105 transition-transform"[39m
                [36m>[39m
                  [0mCreate Account[0m
                [36m</button>[39m
              [36m</a>[39m
            [36m</div>[39m
          [36m</div>[39m
        [36m</section>[39m
        [36m<section[39m
          [33mclass[39m=[32m"grid grid-cols-2 md:grid-cols-4 gap-4 mb-16"[39m
        [36m>[39m
          [36m<div[39m
            [33mclass[39m=[32m"bg-white dark:bg-slate-900/60 border border-slate-200 dark:border-slate-800/80 rounded-2xl p-6 text-center shadow-sm hover:shadow-md transition-all hover:-translate-y-1"[39m
          [36m>[39m
            [36m<p[39m
              [33mclass[39m=[32m"text-3xl font-black text-indigo-600 dark:text-indigo-400"[39m
            [36m>[39m
              [0m100%[0m
            [36m</p>[39m
            [36m<p[39m
              [33mclass[39m=[32m"text-sm font-medium text-slate-500 dark:text-slate-400 mt-1"[39m
            [36m>[39m
              [0mVerified Inventory[0m
            [36m</p>[39m
          [36m</div>[39m
          [36m<div[39m
            [33mclass[39m=[32m"bg-white dark:bg-slate-900/60 border border-slate-200 dark:border-slate-800/80 rounded-2xl p-6 text-center shadow-sm hover:shadow-md t...

[90mstdout[2m | src/pages/__tests__/publicPages.test.tsx[2m > [22m[2mPublic Pages[2m > [22m[2mHome Page[2m > [22m[2mrenders hero section, call to action, statistics, and about section
[22m[39m[36m<body>[39m
  [36m<div>[39m
    [36m<div[39m
      [33mclass[39m=[32m"flex flex-col min-h-screen bg-slate-50 dark:bg-slate-950 text-slate-900 dark:text-slate-100 font-sans transition-colors duration-300"[39m
    [36m>[39m
      [36m<header[39m
        [33mclass[39m=[32m"border-b border-slate-200/80 dark:border-slate-800/80 bg-white/80 dark:bg-slate-900/80 backdrop-blur-lg sticky top-0 z-50 transition-colors duration-300"[39m
        [33mrole[39m=[32m"banner"[39m
      [36m>[39m
        [36m<div[39m
          [33mclass[39m=[32m"max-w-7xl mx-auto px-4 sm:px-6 lg:px-8 h-16 flex items-center justify-between"[39m
        [36m>[39m
          [36m<a[39m
            [33mclass[39m=[32m"flex items-center gap-3 text-xl font-bold tracking-tight hover:opacity-90 transition-opacity"[39m
            [33mhref[39m=[32m"/"[39m
          [36m>[39m
            [36m<div[39m
              [33mclass[39m=[32m"flex items-center justify-center w-10 h-10 rounded-xl bg-slate-900 dark:bg-white text-white dark:text-slate-900 font-black tracking-tighter text-sm transition-transform duration-300 hover:scale-110 shadow-lg "[39m
            [36m>[39m
              [0mKATA[0m
            [36m</div>[39m
            [36m<span[39m
              [33mclass[39m=[32m"hidden sm:inline-block"[39m
            [36m>[39m
              [0mKATA[0m
            [36m</span>[39m
          [36m</a>[39m
          [36m<div[39m
            [33mclass[39m=[32m"flex items-center gap-4"[39m
          [36m>[39m
            [36m<nav[39m
              [33mclass[39m=[32m"hidden md:flex items-center gap-2"[39m
              [33mrole[39m=[32m"navigation"[39m
            [36m>[39m
              [36m<a[39m
                [33mclass[39m=[32m"text-sm font-medium transition-colors px-3 py-2 rounded-lg bg-indigo-100 dark:bg-indigo-600/20 text-indigo-700 dark:text-indigo-400 font-semibold border border-indigo-200 dark:border-indigo-500/30"[39m
                [33mhref[39m=[32m"/"[39m
              [36m>[39m
                [0mHome[0m
              [36m</a>[39m
              [36m<a[39m
                [33mclass[39m=[32m"text-sm font-medium transition-colors px-3 py-2 rounded-lg text-slate-600 dark:text-slate-300 hover:text-slate-900 dark:hover:text-white hover:bg-slate-100 dark:hover:bg-slate-800/60"[39m
                [33mhref[39m=[32m"/vehicles"[39m
              [36m>[39m
                [0mVehicles[0m
              [36m</a>[39m
              [36m<a[39m
                [33mclass[39m=[32m"text-sm font-medium transition-colors px-3 py-2 rounded-lg text-slate-600 dark:text-slate-300 hover:text-slate-900 dark:hover:text-white hover:bg-slate-100 dark:hover:bg-slate-800/60"[39m
                [33mhref[39m=[32m"/dashboard"[39m
              [36m>[39m
                [0mDashboard[0m
              [36m</a>[39m
              [36m<a[39m
                [33mclass[39m=[32m"text-sm font-medium transition-colors px-3 py-2 rounded-lg text-slate-600 dark:text-slate-300 hover:text-slate-900 dark:hover:text-white hover:bg-slate-100 dark:hover:bg-slate-800/60"[39m
                [33mhref[39m=[32m"/profile"[39m
              [36m>[39m
                [0mProfile[0m
              [36m</a>[39m
              [36m<button[39m
                [33mclass[39m=[32m"text-sm font-medium text-slate-500 dark:text-slate-400 hover:text-rose-600 dark:hover:text-rose-400 hover:bg-rose-50 dark:hover:bg-rose-500/10 px-3 py-2 rounded-lg transition-colors ml-2"[39m
              [36m>[39m
                [0mLogout[0m
              [36m</button>[39m
            [36m</nav>[39m
            [36m<button[39m
              [33maria-label[39m=[32m"Toggle Theme"[39m
              [33mclass[39m=[32m"p-2 rounded-lg text-slate-500 dark:text-slate-400 hover:bg-slate-100 dark:hover:bg-slate-800 transition-colors"[39m
            [36m>[39m
              [0m≡ƒîÖ[0m
            [36m</button>[39m
            [36m<button[39m
              [33maria-label[39m=[32m"Toggle Navigation Menu"[39m
              [33mclass[39m=[32m"md:hidden p-2 rounded-lg text-slate-500 dark:text-slate-400 hover:text-slate-900 dark:hover:text-white hover:bg-slate-100 dark:hover:bg-slate-800 transition-colors"[39m
            [36m>[39m
              [36m<svg[39m
                [33mclass[39m=[32m"w-6 h-6"[39m
                [33mfill[39m=[32m"none"[39m
                [33mstroke[39m=[32m"currentColor"[39m
                [33mviewBox[39m=[32m"0 0 24 24"[39m
              [36m>[39m
                [36m<path[39m
                  [33md[39m=[32m"M4 6h16M4 12h16M4 18h16"[39m
                  [33mstroke-linecap[39m=[32m"round"[39m
                  [33mstroke-linejoin[39m=[32m"round"[39m
                  [33mstroke-width[39m=[32m"2"[39m
                [36m/>[39m
              [36m</svg>[39m
            [36m</button>[39m
          [36m</div>[39m
        [36m</div>[39m
      [36m</header>[39m
      [36m<main[39m
        [33mclass[39m=[32m"flex-1 max-w-7xl mx-auto px-4 sm:px-6 lg:px-8 py-8 w-full transition-colors duration-300"[39m
      [36m>[39m
        [36m<section[39m
          [33mclass[39m=[32m"relative rounded-3xl overflow-hidden bg-white dark:bg-slate-900 border border-slate-200 dark:border-slate-800 p-8 sm:p-12 md:p-16 mb-16 shadow-xl transition-colors duration-300"[39m
        [36m>[39m
          [36m<div[39m
            [33mclass[39m=[32m"absolute top-0 right-0 w-full h-full bg-gradient-to-br from-indigo-50/50 via-white to-slate-50 dark:from-indigo-950/40 dark:via-slate-900 dark:to-slate-950 pointer-events-none transition-colors duration-300"[39m
          [36m/>[39m
          [36m<div[39m
            [33mclass[39m=[32m"absolute -top-24 -right-24 w-96 h-96 bg-indigo-500/10 dark:bg-indigo-500/20 rounded-full blur-3xl pointer-events-none"[39m
          [36m/>[39m
          [36m<div[39m
            [33mclass[39m=[32m"relative max-w-3xl space-y-6 z-10"[39m
          [36m>[39m
            [36m<span[39m
              [33mclass[39m=[32m"inline-flex items-center px-2.5 py-0.5 rounded-full text-xs font-semibold border bg-emerald-500/15 text-emerald-300 border-emerald-500/30 backdrop-blur-md animate-fade-in-up"[39m
            [36m>[39m
              [0mΓ£¿ Premier Dealership Experience[0m
            [36m</span>[39m
            [36m<h1[39m
              [33mclass[39m=[32m"text-4xl sm:text-5xl md:text-6xl font-black text-slate-900 dark:text-white tracking-tight leading-tight transition-colors duration-300"[39m
            [36m>[39m
              [0mFind Your Dream Vehicle with [0m
              [36m<span[39m
                [33mclass[39m=[32m"bg-gradient-to-r from-indigo-600 to-purple-600 dark:from-indigo-400 dark:to-purple-400 bg-clip-text text-transparent"[39m
              [36m>[39m
                [0mKATA[0m
              [36m</span>[39m
            [36m</h1>[39m
            [36m<p[39m
              [33mclass[39m=[32m"text-lg text-slate-600 dark:text-slate-300 leading-relaxed transition-colors duration-300"[39m
            [36m>[39m
              [0mBrowse our curated inventory of premium electric, SUV, truck, coupe, and sedan vehicles. Real-time availability, instant online purchase, and full dealership transparency.[0m
            [36m</p>[39m
            [36m<div[39m
              [33mclass[39m=[32m"flex flex-wrap gap-4 pt-4"[39m
            [36m>[39m
              [36m<a[39m
                [33mhref[39m=[32m"/vehicles"[39m
              [36m>[39m
                [36m<button[39m
                  [33mclass[39m=[32m"inline-flex items-center justify-center font-medium rounded-lg transition-all focus:outline-none focus:ring-2 focus:ring-offset-2 disabled:opacity-50 disabled:cursor-not-allowed bg-indigo-600 hover:bg-indigo-700 text-white focus:ring-indigo-500 px-5 py-2.5 text-base  shadow-lg shadow-indigo-500/30 hover:scale-105 transition-transform"[39m
                [36m>[39m
                  [0mExplore Inventory ΓåÆ[0m
                [36m</button>[39m
              [36m</a>[39m
              [36m<a[39m
                [33mhref[39m=[32m"/register"[39m
              [36m>[39m
                [36m<button[39m
                  [33mclass[39m=[32m"inline-flex items-center justify-center font-medium rounded-lg transition-all focus:outline-none focus:ring-2 focus:ring-offset-2 disabled:opacity-50 disabled:cursor-not-allowed bg-transparent border border-slate-700 hover:bg-slate-800 text-slate-300 focus:ring-slate-500 px-5 py-2.5 text-base  hover:scale-105 transition-transform"[39m
                [36m>[39m
                  [0mCreate Account[0m
                [36m</button>[39m
              [36m</a>[39m
            [36m</div>[39m
          [36m</div>[39m
        [36m</section>[39m
        [36m<section[39m
          [33mclass[39m=[32m"grid grid-cols-2 md:grid-cols-4 gap-4 mb-16"[39m
        [36m>[39m
          [36m<div[39m
            [33mclass[39m=[32m"bg-white dark:bg-slate-900/60 border border-slate-200 dark:border-slate-800/80 rounded-2xl p-6 text-center shadow-sm hover:shadow-md transition-all hover:-translate-y-1"[39m
          [36m>[39m
            [36m<p[39m
              [33mclass[39m=[32m"text-3xl font-black text-indigo-600 dark:text-indigo-400"[39m
            [36m>[39m
              [0m100%[0m
            [36m</p>[39m
            [36m<p[39m
              [33mclass[39m=[32m"text-sm font-medium text-slate-500 dark:text-slate-400 mt-1"[39m
            [36m>[39m
              [0mVerified Inventory[0m
            [36m</p>[39m
          [36m</div>[39m
          [36m<div[39m
            [33mclass[39m=[32m"bg-white dark:bg-slate-900/60 border border-slate-200 dark:border-slate-800/80 rounded-2xl p-6 text-center shadow-sm hover:shadow-md t...

[90mstdout[2m | src/pages/__tests__/publicPages.test.tsx[2m > [22m[2mPublic Pages[2m > [22m[2mHome Page[2m > [22m[2mrenders hero section, call to action, statistics, and about section
[22m[39m[36m<body>[39m
  [36m<div>[39m
    [36m<div[39m
      [33mclass[39m=[32m"flex flex-col min-h-screen bg-slate-50 dark:bg-slate-950 text-slate-900 dark:text-slate-100 font-sans transition-colors duration-300"[39m
    [36m>[39m
      [36m<header[39m
        [33mclass[39m=[32m"border-b border-slate-200/80 dark:border-slate-800/80 bg-white/80 dark:bg-slate-900/80 backdrop-blur-lg sticky top-0 z-50 transition-colors duration-300"[39m
        [33mrole[39m=[32m"banner"[39m
      [36m>[39m
        [36m<div[39m
          [33mclass[39m=[32m"max-w-7xl mx-auto px-4 sm:px-6 lg:px-8 h-16 flex items-center justify-between"[39m
        [36m>[39m
          [36m<a[39m
            [33mclass[39m=[32m"flex items-center gap-3 text-xl font-bold tracking-tight hover:opacity-90 transition-opacity"[39m
            [33mhref[39m=[32m"/"[39m
          [36m>[39m
            [36m<div[39m
              [33mclass[39m=[32m"flex items-center justify-center w-10 h-10 rounded-xl bg-slate-900 dark:bg-white text-white dark:text-slate-900 font-black tracking-tighter text-sm transition-transform duration-300 hover:scale-110 shadow-lg "[39m
            [36m>[39m
              [0mKATA[0m
            [36m</div>[39m
            [36m<span[39m
              [33mclass[39m=[32m"hidden sm:inline-block"[39m
            [36m>[39m
              [0mKATA[0m
            [36m</span>[39m
          [36m</a>[39m
          [36m<div[39m
            [33mclass[39m=[32m"flex items-center gap-4"[39m
          [36m>[39m
            [36m<nav[39m
              [33mclass[39m=[32m"hidden md:flex items-center gap-2"[39m
              [33mrole[39m=[32m"navigation"[39m
            [36m>[39m
              [36m<a[39m
                [33mclass[39m=[32m"text-sm font-medium transition-colors px-3 py-2 rounded-lg bg-indigo-100 dark:bg-indigo-600/20 text-indigo-700 dark:text-indigo-400 font-semibold border border-indigo-200 dark:border-indigo-500/30"[39m
                [33mhref[39m=[32m"/"[39m
              [36m>[39m
                [0mHome[0m
              [36m</a>[39m
              [36m<a[39m
                [33mclass[39m=[32m"text-sm font-medium transition-colors px-3 py-2 rounded-lg text-slate-600 dark:text-slate-300 hover:text-slate-900 dark:hover:text-white hover:bg-slate-100 dark:hover:bg-slate-800/60"[39m
                [33mhref[39m=[32m"/vehicles"[39m
              [36m>[39m
                [0mVehicles[0m
              [36m</a>[39m
              [36m<a[39m
                [33mclass[39m=[32m"text-sm font-medium transition-colors px-3 py-2 rounded-lg text-slate-600 dark:text-slate-300 hover:text-slate-900 dark:hover:text-white hover:bg-slate-100 dark:hover:bg-slate-800/60"[39m
                [33mhref[39m=[32m"/dashboard"[39m
              [36m>[39m
                [0mDashboard[0m
              [36m</a>[39m
              [36m<a[39m
                [33mclass[39m=[32m"text-sm font-medium transition-colors px-3 py-2 rounded-lg text-slate-600 dark:text-slate-300 hover:text-slate-900 dark:hover:text-white hover:bg-slate-100 dark:hover:bg-slate-800/60"[39m
                [33mhref[39m=[32m"/profile"[39m
              [36m>[39m
                [0mProfile[0m
              [36m</a>[39m
              [36m<button[39m
                [33mclass[39m=[32m"text-sm font-medium text-slate-500 dark:text-slate-400 hover:text-rose-600 dark:hover:text-rose-400 hover:bg-rose-50 dark:hover:bg-rose-500/10 px-3 py-2 rounded-lg transition-colors ml-2"[39m
              [36m>[39m
                [0mLogout[0m
              [36m</button>[39m
            [36m</nav>[39m
            [36m<button[39m
              [33maria-label[39m=[32m"Toggle Theme"[39m
              [33mclass[39m=[32m"p-2 rounded-lg text-slate-500 dark:text-slate-400 hover:bg-slate-100 dark:hover:bg-slate-800 transition-colors"[39m
            [36m>[39m
              [0m≡ƒîÖ[0m
            [36m</button>[39m
            [36m<button[39m
              [33maria-label[39m=[32m"Toggle Navigation Menu"[39m
              [33mclass[39m=[32m"md:hidden p-2 rounded-lg text-slate-500 dark:text-slate-400 hover:text-slate-900 dark:hover:text-white hover:bg-slate-100 dark:hover:bg-slate-800 transition-colors"[39m
            [36m>[39m
              [36m<svg[39m
                [33mclass[39m=[32m"w-6 h-6"[39m
                [33mfill[39m=[32m"none"[39m
                [33mstroke[39m=[32m"currentColor"[39m
                [33mviewBox[39m=[32m"0 0 24 24"[39m
              [36m>[39m
                [36m<path[39m
                  [33md[39m=[32m"M4 6h16M4 12h16M4 18h16"[39m
                  [33mstroke-linecap[39m=[32m"round"[39m
                  [33mstroke-linejoin[39m=[32m"round"[39m
                  [33mstroke-width[39m=[32m"2"[39m
                [36m/>[39m
              [36m</svg>[39m
            [36m</button>[39m
          [36m</div>[39m
        [36m</div>[39m
      [36m</header>[39m
      [36m<main[39m
        [33mclass[39m=[32m"flex-1 max-w-7xl mx-auto px-4 sm:px-6 lg:px-8 py-8 w-full transition-colors duration-300"[39m
      [36m>[39m
        [36m<section[39m
          [33mclass[39m=[32m"relative rounded-3xl overflow-hidden bg-white dark:bg-slate-900 border border-slate-200 dark:border-slate-800 p-8 sm:p-12 md:p-16 mb-16 shadow-xl transition-colors duration-300"[39m
        [36m>[39m
          [36m<div[39m
            [33mclass[39m=[32m"absolute top-0 right-0 w-full h-full bg-gradient-to-br from-indigo-50/50 via-white to-slate-50 dark:from-indigo-950/40 dark:via-slate-900 dark:to-slate-950 pointer-events-none transition-colors duration-300"[39m
          [36m/>[39m
          [36m<div[39m
            [33mclass[39m=[32m"absolute -top-24 -right-24 w-96 h-96 bg-indigo-500/10 dark:bg-indigo-500/20 rounded-full blur-3xl pointer-events-none"[39m
          [36m/>[39m
          [36m<div[39m
            [33mclass[39m=[32m"relative max-w-3xl space-y-6 z-10"[39m
          [36m>[39m
            [36m<span[39m
              [33mclass[39m=[32m"inline-flex items-center px-2.5 py-0.5 rounded-full text-xs font-semibold border bg-emerald-500/15 text-emerald-300 border-emerald-500/30 backdrop-blur-md animate-fade-in-up"[39m
            [36m>[39m
              [0mΓ£¿ Premier Dealership Experience[0m
            [36m</span>[39m
            [36m<h1[39m
              [33mclass[39m=[32m"text-4xl sm:text-5xl md:text-6xl font-black text-slate-900 dark:text-white tracking-tight leading-tight transition-colors duration-300"[39m
            [36m>[39m
              [0mFind Your Dream Vehicle with [0m
              [36m<span[39m
                [33mclass[39m=[32m"bg-gradient-to-r from-indigo-600 to-purple-600 dark:from-indigo-400 dark:to-purple-400 bg-clip-text text-transparent"[39m
              [36m>[39m
                [0mKATA[0m
              [36m</span>[39m
            [36m</h1>[39m
            [36m<p[39m
              [33mclass[39m=[32m"text-lg text-slate-600 dark:text-slate-300 leading-relaxed transition-colors duration-300"[39m
            [36m>[39m
              [0mBrowse our curated inventory of premium electric, SUV, truck, coupe, and sedan vehicles. Real-time availability, instant online purchase, and full dealership transparency.[0m
            [36m</p>[39m
            [36m<div[39m
              [33mclass[39m=[32m"flex flex-wrap gap-4 pt-4"[39m
            [36m>[39m
              [36m<a[39m
                [33mhref[39m=[32m"/vehicles"[39m
              [36m>[39m
                [36m<button[39m
                  [33mclass[39m=[32m"inline-flex items-center justify-center font-medium rounded-lg transition-all focus:outline-none focus:ring-2 focus:ring-offset-2 disabled:opacity-50 disabled:cursor-not-allowed bg-indigo-600 hover:bg-indigo-700 text-white focus:ring-indigo-500 px-5 py-2.5 text-base  shadow-lg shadow-indigo-500/30 hover:scale-105 transition-transform"[39m
                [36m>[39m
                  [0mExplore Inventory ΓåÆ[0m
                [36m</button>[39m
              [36m</a>[39m
              [36m<a[39m
                [33mhref[39m=[32m"/register"[39m
              [36m>[39m
                [36m<button[39m
                  [33mclass[39m=[32m"inline-flex items-center justify-center font-medium rounded-lg transition-all focus:outline-none focus:ring-2 focus:ring-offset-2 disabled:opacity-50 disabled:cursor-not-allowed bg-transparent border border-slate-700 hover:bg-slate-800 text-slate-300 focus:ring-slate-500 px-5 py-2.5 text-base  hover:scale-105 transition-transform"[39m
                [36m>[39m
                  [0mCreate Account[0m
                [36m</button>[39m
              [36m</a>[39m
            [36m</div>[39m
          [36m</div>[39m
        [36m</section>[39m
        [36m<section[39m
          [33mclass[39m=[32m"grid grid-cols-2 md:grid-cols-4 gap-4 mb-16"[39m
        [36m>[39m
          [36m<div[39m
            [33mclass[39m=[32m"bg-white dark:bg-slate-900/60 border border-slate-200 dark:border-slate-800/80 rounded-2xl p-6 text-center shadow-sm hover:shadow-md transition-all hover:-translate-y-1"[39m
          [36m>[39m
            [36m<p[39m
              [33mclass[39m=[32m"text-3xl font-black text-indigo-600 dark:text-indigo-400"[39m
            [36m>[39m
              [0m100%[0m
            [36m</p>[39m
            [36m<p[39m
              [33mclass[39m=[32m"text-sm font-medium text-slate-500 dark:text-slate-400 mt-1"[39m
            [36m>[39m
              [0mVerified Inventory[0m
            [36m</p>[39m
          [36m</div>[39m
          [36m<div[39m
            [33mclass[39m=[32m"bg-white dark:bg-slate-900/60 border border-slate-200 dark:border-slate-800/80 rounded-2xl p-6 text-center shadow-sm hover:shadow-md t...

[90mstdout[2m | src/pages/__tests__/publicPages.test.tsx[2m > [22m[2mPublic Pages[2m > [22m[2mHome Page[2m > [22m[2mrenders hero section, call to action, statistics, and about section
[22m[39m[36m<body>[39m
  [36m<div>[39m
    [36m<div[39m
      [33mclass[39m=[32m"flex flex-col min-h-screen bg-slate-50 dark:bg-slate-950 text-slate-900 dark:text-slate-100 font-sans transition-colors duration-300"[39m
    [36m>[39m
      [36m<header[39m
        [33mclass[39m=[32m"border-b border-slate-200/80 dark:border-slate-800/80 bg-white/80 dark:bg-slate-900/80 backdrop-blur-lg sticky top-0 z-50 transition-colors duration-300"[39m
        [33mrole[39m=[32m"banner"[39m
      [36m>[39m
        [36m<div[39m
          [33mclass[39m=[32m"max-w-7xl mx-auto px-4 sm:px-6 lg:px-8 h-16 flex items-center justify-between"[39m
        [36m>[39m
          [36m<a[39m
            [33mclass[39m=[32m"flex items-center gap-3 text-xl font-bold tracking-tight hover:opacity-90 transition-opacity"[39m
            [33mhref[39m=[32m"/"[39m
          [36m>[39m
            [36m<div[39m
              [33mclass[39m=[32m"flex items-center justify-center w-10 h-10 rounded-xl bg-slate-900 dark:bg-white text-white dark:text-slate-900 font-black tracking-tighter text-sm transition-transform duration-300 hover:scale-110 shadow-lg "[39m
            [36m>[39m
              [0mKATA[0m
            [36m</div>[39m
            [36m<span[39m
              [33mclass[39m=[32m"hidden sm:inline-block"[39m
            [36m>[39m
              [0mKATA[0m
            [36m</span>[39m
          [36m</a>[39m
          [36m<div[39m
            [33mclass[39m=[32m"flex items-center gap-4"[39m
          [36m>[39m
            [36m<nav[39m
              [33mclass[39m=[32m"hidden md:flex items-center gap-2"[39m
              [33mrole[39m=[32m"navigation"[39m
            [36m>[39m
              [36m<a[39m
                [33mclass[39m=[32m"text-sm font-medium transition-colors px-3 py-2 rounded-lg bg-indigo-100 dark:bg-indigo-600/20 text-indigo-700 dark:text-indigo-400 font-semibold border border-indigo-200 dark:border-indigo-500/30"[39m
                [33mhref[39m=[32m"/"[39m
              [36m>[39m
                [0mHome[0m
              [36m</a>[39m
              [36m<a[39m
                [33mclass[39m=[32m"text-sm font-medium transition-colors px-3 py-2 rounded-lg text-slate-600 dark:text-slate-300 hover:text-slate-900 dark:hover:text-white hover:bg-slate-100 dark:hover:bg-slate-800/60"[39m
                [33mhref[39m=[32m"/vehicles"[39m
              [36m>[39m
                [0mVehicles[0m
              [36m</a>[39m
              [36m<a[39m
                [33mclass[39m=[32m"text-sm font-medium transition-colors px-3 py-2 rounded-lg text-slate-600 dark:text-slate-300 hover:text-slate-900 dark:hover:text-white hover:bg-slate-100 dark:hover:bg-slate-800/60"[39m
                [33mhref[39m=[32m"/dashboard"[39m
              [36m>[39m
                [0mDashboard[0m
              [36m</a>[39m
              [36m<a[39m
                [33mclass[39m=[32m"text-sm font-medium transition-colors px-3 py-2 rounded-lg text-slate-600 dark:text-slate-300 hover:text-slate-900 dark:hover:text-white hover:bg-slate-100 dark:hover:bg-slate-800/60"[39m
                [33mhref[39m=[32m"/profile"[39m
              [36m>[39m
                [0mProfile[0m
              [36m</a>[39m
              [36m<button[39m
                [33mclass[39m=[32m"text-sm font-medium text-slate-500 dark:text-slate-400 hover:text-rose-600 dark:hover:text-rose-400 hover:bg-rose-50 dark:hover:bg-rose-500/10 px-3 py-2 rounded-lg transition-colors ml-2"[39m
              [36m>[39m
                [0mLogout[0m
              [36m</button>[39m
            [36m</nav>[39m
            [36m<button[39m
              [33maria-label[39m=[32m"Toggle Theme"[39m
              [33mclass[39m=[32m"p-2 rounded-lg text-slate-500 dark:text-slate-400 hover:bg-slate-100 dark:hover:bg-slate-800 transition-colors"[39m
            [36m>[39m
              [0m≡ƒîÖ[0m
            [36m</button>[39m
            [36m<button[39m
              [33maria-label[39m=[32m"Toggle Navigation Menu"[39m
              [33mclass[39m=[32m"md:hidden p-2 rounded-lg text-slate-500 dark:text-slate-400 hover:text-slate-900 dark:hover:text-white hover:bg-slate-100 dark:hover:bg-slate-800 transition-colors"[39m
            [36m>[39m
              [36m<svg[39m
                [33mclass[39m=[32m"w-6 h-6"[39m
                [33mfill[39m=[32m"none"[39m
                [33mstroke[39m=[32m"currentColor"[39m
                [33mviewBox[39m=[32m"0 0 24 24"[39m
              [36m>[39m
                [36m<path[39m
                  [33md[39m=[32m"M4 6h16M4 12h16M4 18h16"[39m
                  [33mstroke-linecap[39m=[32m"round"[39m
                  [33mstroke-linejoin[39m=[32m"round"[39m
                  [33mstroke-width[39m=[32m"2"[39m
                [36m/>[39m
              [36m</svg>[39m
            [36m</button>[39m
          [36m</div>[39m
        [36m</div>[39m
      [36m</header>[39m
      [36m<main[39m
        [33mclass[39m=[32m"flex-1 max-w-7xl mx-auto px-4 sm:px-6 lg:px-8 py-8 w-full transition-colors duration-300"[39m
      [36m>[39m
        [36m<section[39m
          [33mclass[39m=[32m"relative rounded-3xl overflow-hidden bg-white dark:bg-slate-900 border border-slate-200 dark:border-slate-800 p-8 sm:p-12 md:p-16 mb-16 shadow-xl transition-colors duration-300"[39m
        [36m>[39m
          [36m<div[39m
            [33mclass[39m=[32m"absolute top-0 right-0 w-full h-full bg-gradient-to-br from-indigo-50/50 via-white to-slate-50 dark:from-indigo-950/40 dark:via-slate-900 dark:to-slate-950 pointer-events-none transition-colors duration-300"[39m
          [36m/>[39m
          [36m<div[39m
            [33mclass[39m=[32m"absolute -top-24 -right-24 w-96 h-96 bg-indigo-500/10 dark:bg-indigo-500/20 rounded-full blur-3xl pointer-events-none"[39m
          [36m/>[39m
          [36m<div[39m
            [33mclass[39m=[32m"relative max-w-3xl space-y-6 z-10"[39m
          [36m>[39m
            [36m<span[39m
              [33mclass[39m=[32m"inline-flex items-center px-2.5 py-0.5 rounded-full text-xs font-semibold border bg-emerald-500/15 text-emerald-300 border-emerald-500/30 backdrop-blur-md animate-fade-in-up"[39m
            [36m>[39m
              [0mΓ£¿ Premier Dealership Experience[0m
            [36m</span>[39m
            [36m<h1[39m
              [33mclass[39m=[32m"text-4xl sm:text-5xl md:text-6xl font-black text-slate-900 dark:text-white tracking-tight leading-tight transition-colors duration-300"[39m
            [36m>[39m
              [0mFind Your Dream Vehicle with [0m
              [36m<span[39m
                [33mclass[39m=[32m"bg-gradient-to-r from-indigo-600 to-purple-600 dark:from-indigo-400 dark:to-purple-400 bg-clip-text text-transparent"[39m
              [36m>[39m
                [0mKATA[0m
              [36m</span>[39m
            [36m</h1>[39m
            [36m<p[39m
              [33mclass[39m=[32m"text-lg text-slate-600 dark:text-slate-300 leading-relaxed transition-colors duration-300"[39m
            [36m>[39m
              [0mBrowse our curated inventory of premium electric, SUV, truck, coupe, and sedan vehicles. Real-time availability, instant online purchase, and full dealership transparency.[0m
            [36m</p>[39m
            [36m<div[39m
              [33mclass[39m=[32m"flex flex-wrap gap-4 pt-4"[39m
            [36m>[39m
              [36m<a[39m
                [33mhref[39m=[32m"/vehicles"[39m
              [36m>[39m
                [36m<button[39m
                  [33mclass[39m=[32m"inline-flex items-center justify-center font-medium rounded-lg transition-all focus:outline-none focus:ring-2 focus:ring-offset-2 disabled:opacity-50 disabled:cursor-not-allowed bg-indigo-600 hover:bg-indigo-700 text-white focus:ring-indigo-500 px-5 py-2.5 text-base  shadow-lg shadow-indigo-500/30 hover:scale-105 transition-transform"[39m
                [36m>[39m
                  [0mExplore Inventory ΓåÆ[0m
                [36m</button>[39m
              [36m</a>[39m
              [36m<a[39m
                [33mhref[39m=[32m"/register"[39m
              [36m>[39m
                [36m<button[39m
                  [33mclass[39m=[32m"inline-flex items-center justify-center font-medium rounded-lg transition-all focus:outline-none focus:ring-2 focus:ring-offset-2 disabled:opacity-50 disabled:cursor-not-allowed bg-transparent border border-slate-700 hover:bg-slate-800 text-slate-300 focus:ring-slate-500 px-5 py-2.5 text-base  hover:scale-105 transition-transform"[39m
                [36m>[39m
                  [0mCreate Account[0m
                [36m</button>[39m
              [36m</a>[39m
            [36m</div>[39m
          [36m</div>[39m
        [36m</section>[39m
        [36m<section[39m
          [33mclass[39m=[32m"grid grid-cols-2 md:grid-cols-4 gap-4 mb-16"[39m
        [36m>[39m
          [36m<div[39m
            [33mclass[39m=[32m"bg-white dark:bg-slate-900/60 border border-slate-200 dark:border-slate-800/80 rounded-2xl p-6 text-center shadow-sm hover:shadow-md transition-all hover:-translate-y-1"[39m
          [36m>[39m
            [36m<p[39m
              [33mclass[39m=[32m"text-3xl font-black text-indigo-600 dark:text-indigo-400"[39m
            [36m>[39m
              [0m100%[0m
            [36m</p>[39m
            [36m<p[39m
              [33mclass[39m=[32m"text-sm font-medium text-slate-500 dark:text-slate-400 mt-1"[39m
            [36m>[39m
              [0mVerified Inventory[0m
            [36m</p>[39m
          [36m</div>[39m
          [36m<div[39m
            [33mclass[39m=[32m"bg-white dark:bg-slate-900/60 border border-slate-200 dark:border-slate-800/80 rounded-2xl p-6 text-center shadow-sm hover:shadow-md t...

[90mstdout[2m | src/pages/__tests__/publicPages.test.tsx[2m > [22m[2mPublic Pages[2m > [22m[2mHome Page[2m > [22m[2mrenders hero section, call to action, statistics, and about section
[22m[39m[36m<body>[39m
  [36m<div>[39m
    [36m<div[39m
      [33mclass[39m=[32m"flex flex-col min-h-screen bg-slate-50 dark:bg-slate-950 text-slate-900 dark:text-slate-100 font-sans transition-colors duration-300"[39m
    [36m>[39m
      [36m<header[39m
        [33mclass[39m=[32m"border-b border-slate-200/80 dark:border-slate-800/80 bg-white/80 dark:bg-slate-900/80 backdrop-blur-lg sticky top-0 z-50 transition-colors duration-300"[39m
        [33mrole[39m=[32m"banner"[39m
      [36m>[39m
        [36m<div[39m
          [33mclass[39m=[32m"max-w-7xl mx-auto px-4 sm:px-6 lg:px-8 h-16 flex items-center justify-between"[39m
        [36m>[39m
          [36m<a[39m
            [33mclass[39m=[32m"flex items-center gap-3 text-xl font-bold tracking-tight hover:opacity-90 transition-opacity"[39m
            [33mhref[39m=[32m"/"[39m
          [36m>[39m
            [36m<div[39m
              [33mclass[39m=[32m"flex items-center justify-center w-10 h-10 rounded-xl bg-slate-900 dark:bg-white text-white dark:text-slate-900 font-black tracking-tighter text-sm transition-transform duration-300 hover:scale-110 shadow-lg "[39m
            [36m>[39m
              [0mKATA[0m
            [36m</div>[39m
            [36m<span[39m
              [33mclass[39m=[32m"hidden sm:inline-block"[39m
            [36m>[39m
              [0mKATA[0m
            [36m</span>[39m
          [36m</a>[39m
          [36m<div[39m
            [33mclass[39m=[32m"flex items-center gap-4"[39m
          [36m>[39m
            [36m<nav[39m
              [33mclass[39m=[32m"hidden md:flex items-center gap-2"[39m
              [33mrole[39m=[32m"navigation"[39m
            [36m>[39m
              [36m<a[39m
                [33mclass[39m=[32m"text-sm font-medium transition-colors px-3 py-2 rounded-lg bg-indigo-100 dark:bg-indigo-600/20 text-indigo-700 dark:text-indigo-400 font-semibold border border-indigo-200 dark:border-indigo-500/30"[39m
                [33mhref[39m=[32m"/"[39m
              [36m>[39m
                [0mHome[0m
              [36m</a>[39m
              [36m<a[39m
                [33mclass[39m=[32m"text-sm font-medium transition-colors px-3 py-2 rounded-lg text-slate-600 dark:text-slate-300 hover:text-slate-900 dark:hover:text-white hover:bg-slate-100 dark:hover:bg-slate-800/60"[39m
                [33mhref[39m=[32m"/vehicles"[39m
              [36m>[39m
                [0mVehicles[0m
              [36m</a>[39m
              [36m<a[39m
                [33mclass[39m=[32m"text-sm font-medium transition-colors px-3 py-2 rounded-lg text-slate-600 dark:text-slate-300 hover:text-slate-900 dark:hover:text-white hover:bg-slate-100 dark:hover:bg-slate-800/60"[39m
                [33mhref[39m=[32m"/dashboard"[39m
              [36m>[39m
                [0mDashboard[0m
              [36m</a>[39m
              [36m<a[39m
                [33mclass[39m=[32m"text-sm font-medium transition-colors px-3 py-2 rounded-lg text-slate-600 dark:text-slate-300 hover:text-slate-900 dark:hover:text-white hover:bg-slate-100 dark:hover:bg-slate-800/60"[39m
                [33mhref[39m=[32m"/profile"[39m
              [36m>[39m
                [0mProfile[0m
              [36m</a>[39m
              [36m<button[39m
                [33mclass[39m=[32m"text-sm font-medium text-slate-500 dark:text-slate-400 hover:text-rose-600 dark:hover:text-rose-400 hover:bg-rose-50 dark:hover:bg-rose-500/10 px-3 py-2 rounded-lg transition-colors ml-2"[39m
              [36m>[39m
                [0mLogout[0m
              [36m</button>[39m
            [36m</nav>[39m
            [36m<button[39m
              [33maria-label[39m=[32m"Toggle Theme"[39m
              [33mclass[39m=[32m"p-2 rounded-lg text-slate-500 dark:text-slate-400 hover:bg-slate-100 dark:hover:bg-slate-800 transition-colors"[39m
            [36m>[39m
              [0m≡ƒîÖ[0m
            [36m</button>[39m
            [36m<button[39m
              [33maria-label[39m=[32m"Toggle Navigation Menu"[39m
              [33mclass[39m=[32m"md:hidden p-2 rounded-lg text-slate-500 dark:text-slate-400 hover:text-slate-900 dark:hover:text-white hover:bg-slate-100 dark:hover:bg-slate-800 transition-colors"[39m
            [36m>[39m
              [36m<svg[39m
                [33mclass[39m=[32m"w-6 h-6"[39m
                [33mfill[39m=[32m"none"[39m
                [33mstroke[39m=[32m"currentColor"[39m
                [33mviewBox[39m=[32m"0 0 24 24"[39m
              [36m>[39m
                [36m<path[39m
                  [33md[39m=[32m"M4 6h16M4 12h16M4 18h16"[39m
                  [33mstroke-linecap[39m=[32m"round"[39m
                  [33mstroke-linejoin[39m=[32m"round"[39m
                  [33mstroke-width[39m=[32m"2"[39m
                [36m/>[39m
              [36m</svg>[39m
            [36m</button>[39m
          [36m</div>[39m
        [36m</div>[39m
      [36m</header>[39m
      [36m<main[39m
        [33mclass[39m=[32m"flex-1 max-w-7xl mx-auto px-4 sm:px-6 lg:px-8 py-8 w-full transition-colors duration-300"[39m
      [36m>[39m
        [36m<section[39m
          [33mclass[39m=[32m"relative rounded-3xl overflow-hidden bg-white dark:bg-slate-900 border border-slate-200 dark:border-slate-800 p-8 sm:p-12 md:p-16 mb-16 shadow-xl transition-colors duration-300"[39m
        [36m>[39m
          [36m<div[39m
            [33mclass[39m=[32m"absolute top-0 right-0 w-full h-full bg-gradient-to-br from-indigo-50/50 via-white to-slate-50 dark:from-indigo-950/40 dark:via-slate-900 dark:to-slate-950 pointer-events-none transition-colors duration-300"[39m
          [36m/>[39m
          [36m<div[39m
            [33mclass[39m=[32m"absolute -top-24 -right-24 w-96 h-96 bg-indigo-500/10 dark:bg-indigo-500/20 rounded-full blur-3xl pointer-events-none"[39m
          [36m/>[39m
          [36m<div[39m
            [33mclass[39m=[32m"relative max-w-3xl space-y-6 z-10"[39m
          [36m>[39m
            [36m<span[39m
              [33mclass[39m=[32m"inline-flex items-center px-2.5 py-0.5 rounded-full text-xs font-semibold border bg-emerald-500/15 text-emerald-300 border-emerald-500/30 backdrop-blur-md animate-fade-in-up"[39m
            [36m>[39m
              [0mΓ£¿ Premier Dealership Experience[0m
            [36m</span>[39m
            [36m<h1[39m
              [33mclass[39m=[32m"text-4xl sm:text-5xl md:text-6xl font-black text-slate-900 dark:text-white tracking-tight leading-tight transition-colors duration-300"[39m
            [36m>[39m
              [0mFind Your Dream Vehicle with [0m
              [36m<span[39m
                [33mclass[39m=[32m"bg-gradient-to-r from-indigo-600 to-purple-600 dark:from-indigo-400 dark:to-purple-400 bg-clip-text text-transparent"[39m
              [36m>[39m
                [0mKATA[0m
              [36m</span>[39m
            [36m</h1>[39m
            [36m<p[39m
              [33mclass[39m=[32m"text-lg text-slate-600 dark:text-slate-300 leading-relaxed transition-colors duration-300"[39m
            [36m>[39m
              [0mBrowse our curated inventory of premium electric, SUV, truck, coupe, and sedan vehicles. Real-time availability, instant online purchase, and full dealership transparency.[0m
            [36m</p>[39m
            [36m<div[39m
              [33mclass[39m=[32m"flex flex-wrap gap-4 pt-4"[39m
            [36m>[39m
              [36m<a[39m
                [33mhref[39m=[32m"/vehicles"[39m
              [36m>[39m
                [36m<button[39m
                  [33mclass[39m=[32m"inline-flex items-center justify-center font-medium rounded-lg transition-all focus:outline-none focus:ring-2 focus:ring-offset-2 disabled:opacity-50 disabled:cursor-not-allowed bg-indigo-600 hover:bg-indigo-700 text-white focus:ring-indigo-500 px-5 py-2.5 text-base  shadow-lg shadow-indigo-500/30 hover:scale-105 transition-transform"[39m
                [36m>[39m
                  [0mExplore Inventory ΓåÆ[0m
                [36m</button>[39m
              [36m</a>[39m
              [36m<a[39m
                [33mhref[39m=[32m"/register"[39m
              [36m>[39m
                [36m<button[39m
                  [33mclass[39m=[32m"inline-flex items-center justify-center font-medium rounded-lg transition-all focus:outline-none focus:ring-2 focus:ring-offset-2 disabled:opacity-50 disabled:cursor-not-allowed bg-transparent border border-slate-700 hover:bg-slate-800 text-slate-300 focus:ring-slate-500 px-5 py-2.5 text-base  hover:scale-105 transition-transform"[39m
                [36m>[39m
                  [0mCreate Account[0m
                [36m</button>[39m
              [36m</a>[39m
            [36m</div>[39m
          [36m</div>[39m
        [36m</section>[39m
        [36m<section[39m
          [33mclass[39m=[32m"grid grid-cols-2 md:grid-cols-4 gap-4 mb-16"[39m
        [36m>[39m
          [36m<div[39m
            [33mclass[39m=[32m"bg-white dark:bg-slate-900/60 border border-slate-200 dark:border-slate-800/80 rounded-2xl p-6 text-center shadow-sm hover:shadow-md transition-all hover:-translate-y-1"[39m
          [36m>[39m
            [36m<p[39m
              [33mclass[39m=[32m"text-3xl font-black text-indigo-600 dark:text-indigo-400"[39m
            [36m>[39m
              [0m100%[0m
            [36m</p>[39m
            [36m<p[39m
              [33mclass[39m=[32m"text-sm font-medium text-slate-500 dark:text-slate-400 mt-1"[39m
            [36m>[39m
              [0mVerified Inventory[0m
            [36m</p>[39m
          [36m</div>[39m
          [36m<div[39m
            [33mclass[39m=[32m"bg-white dark:bg-slate-900/60 border border-slate-200 dark:border-slate-800/80 rounded-2xl p-6 text-center shadow-sm hover:shadow-md t...

[90mstdout[2m | src/pages/__tests__/publicPages.test.tsx[2m > [22m[2mPublic Pages[2m > [22m[2mHome Page[2m > [22m[2mrenders hero section, call to action, statistics, and about section
[22m[39m[36m<body>[39m
  [36m<div>[39m
    [36m<div[39m
      [33mclass[39m=[32m"flex flex-col min-h-screen bg-slate-50 dark:bg-slate-950 text-slate-900 dark:text-slate-100 font-sans transition-colors duration-300"[39m
    [36m>[39m
      [36m<header[39m
        [33mclass[39m=[32m"border-b border-slate-200/80 dark:border-slate-800/80 bg-white/80 dark:bg-slate-900/80 backdrop-blur-lg sticky top-0 z-50 transition-colors duration-300"[39m
        [33mrole[39m=[32m"banner"[39m
      [36m>[39m
        [36m<div[39m
          [33mclass[39m=[32m"max-w-7xl mx-auto px-4 sm:px-6 lg:px-8 h-16 flex items-center justify-between"[39m
        [36m>[39m
          [36m<a[39m
            [33mclass[39m=[32m"flex items-center gap-3 text-xl font-bold tracking-tight hover:opacity-90 transition-opacity"[39m
            [33mhref[39m=[32m"/"[39m
          [36m>[39m
            [36m<div[39m
              [33mclass[39m=[32m"flex items-center justify-center w-10 h-10 rounded-xl bg-slate-900 dark:bg-white text-white dark:text-slate-900 font-black tracking-tighter text-sm transition-transform duration-300 hover:scale-110 shadow-lg "[39m
            [36m>[39m
              [0mKATA[0m
            [36m</div>[39m
            [36m<span[39m
              [33mclass[39m=[32m"hidden sm:inline-block"[39m
            [36m>[39m
              [0mKATA[0m
            [36m</span>[39m
          [36m</a>[39m
          [36m<div[39m
            [33mclass[39m=[32m"flex items-center gap-4"[39m
          [36m>[39m
            [36m<nav[39m
              [33mclass[39m=[32m"hidden md:flex items-center gap-2"[39m
              [33mrole[39m=[32m"navigation"[39m
            [36m>[39m
              [36m<a[39m
                [33mclass[39m=[32m"text-sm font-medium transition-colors px-3 py-2 rounded-lg bg-indigo-100 dark:bg-indigo-600/20 text-indigo-700 dark:text-indigo-400 font-semibold border border-indigo-200 dark:border-indigo-500/30"[39m
                [33mhref[39m=[32m"/"[39m
              [36m>[39m
                [0mHome[0m
              [36m</a>[39m
              [36m<a[39m
                [33mclass[39m=[32m"text-sm font-medium transition-colors px-3 py-2 rounded-lg text-slate-600 dark:text-slate-300 hover:text-slate-900 dark:hover:text-white hover:bg-slate-100 dark:hover:bg-slate-800/60"[39m
                [33mhref[39m=[32m"/vehicles"[39m
              [36m>[39m
                [0mVehicles[0m
              [36m</a>[39m
              [36m<a[39m
                [33mclass[39m=[32m"text-sm font-medium transition-colors px-3 py-2 rounded-lg text-slate-600 dark:text-slate-300 hover:text-slate-900 dark:hover:text-white hover:bg-slate-100 dark:hover:bg-slate-800/60"[39m
                [33mhref[39m=[32m"/dashboard"[39m
              [36m>[39m
                [0mDashboard[0m
              [36m</a>[39m
              [36m<a[39m
                [33mclass[39m=[32m"text-sm font-medium transition-colors px-3 py-2 rounded-lg text-slate-600 dark:text-slate-300 hover:text-slate-900 dark:hover:text-white hover:bg-slate-100 dark:hover:bg-slate-800/60"[39m
                [33mhref[39m=[32m"/profile"[39m
              [36m>[39m
                [0mProfile[0m
              [36m</a>[39m
              [36m<button[39m
                [33mclass[39m=[32m"text-sm font-medium text-slate-500 dark:text-slate-400 hover:text-rose-600 dark:hover:text-rose-400 hover:bg-rose-50 dark:hover:bg-rose-500/10 px-3 py-2 rounded-lg transition-colors ml-2"[39m
              [36m>[39m
                [0mLogout[0m
              [36m</button>[39m
            [36m</nav>[39m
            [36m<button[39m
              [33maria-label[39m=[32m"Toggle Theme"[39m
              [33mclass[39m=[32m"p-2 rounded-lg text-slate-500 dark:text-slate-400 hover:bg-slate-100 dark:hover:bg-slate-800 transition-colors"[39m
            [36m>[39m
              [0m≡ƒîÖ[0m
            [36m</button>[39m
            [36m<button[39m
              [33maria-label[39m=[32m"Toggle Navigation Menu"[39m
              [33mclass[39m=[32m"md:hidden p-2 rounded-lg text-slate-500 dark:text-slate-400 hover:text-slate-900 dark:hover:text-white hover:bg-slate-100 dark:hover:bg-slate-800 transition-colors"[39m
            [36m>[39m
              [36m<svg[39m
                [33mclass[39m=[32m"w-6 h-6"[39m
                [33mfill[39m=[32m"none"[39m
                [33mstroke[39m=[32m"currentColor"[39m
                [33mviewBox[39m=[32m"0 0 24 24"[39m
              [36m>[39m
                [36m<path[39m
                  [33md[39m=[32m"M4 6h16M4 12h16M4 18h16"[39m
                  [33mstroke-linecap[39m=[32m"round"[39m
                  [33mstroke-linejoin[39m=[32m"round"[39m
                  [33mstroke-width[39m=[32m"2"[39m
                [36m/>[39m
              [36m</svg>[39m
            [36m</button>[39m
          [36m</div>[39m
        [36m</div>[39m
      [36m</header>[39m
      [36m<main[39m
        [33mclass[39m=[32m"flex-1 max-w-7xl mx-auto px-4 sm:px-6 lg:px-8 py-8 w-full transition-colors duration-300"[39m
      [36m>[39m
        [36m<section[39m
          [33mclass[39m=[32m"relative rounded-3xl overflow-hidden bg-white dark:bg-slate-900 border border-slate-200 dark:border-slate-800 p-8 sm:p-12 md:p-16 mb-16 shadow-xl transition-colors duration-300"[39m
        [36m>[39m
          [36m<div[39m
            [33mclass[39m=[32m"absolute top-0 right-0 w-full h-full bg-gradient-to-br from-indigo-50/50 via-white to-slate-50 dark:from-indigo-950/40 dark:via-slate-900 dark:to-slate-950 pointer-events-none transition-colors duration-300"[39m
          [36m/>[39m
          [36m<div[39m
            [33mclass[39m=[32m"absolute -top-24 -right-24 w-96 h-96 bg-indigo-500/10 dark:bg-indigo-500/20 rounded-full blur-3xl pointer-events-none"[39m
          [36m/>[39m
          [36m<div[39m
            [33mclass[39m=[32m"relative max-w-3xl space-y-6 z-10"[39m
          [36m>[39m
            [36m<span[39m
              [33mclass[39m=[32m"inline-flex items-center px-2.5 py-0.5 rounded-full text-xs font-semibold border bg-emerald-500/15 text-emerald-300 border-emerald-500/30 backdrop-blur-md animate-fade-in-up"[39m
            [36m>[39m
              [0mΓ£¿ Premier Dealership Experience[0m
            [36m</span>[39m
            [36m<h1[39m
              [33mclass[39m=[32m"text-4xl sm:text-5xl md:text-6xl font-black text-slate-900 dark:text-white tracking-tight leading-tight transition-colors duration-300"[39m
            [36m>[39m
              [0mFind Your Dream Vehicle with [0m
              [36m<span[39m
                [33mclass[39m=[32m"bg-gradient-to-r from-indigo-600 to-purple-600 dark:from-indigo-400 dark:to-purple-400 bg-clip-text text-transparent"[39m
              [36m>[39m
                [0mKATA[0m
              [36m</span>[39m
            [36m</h1>[39m
            [36m<p[39m
              [33mclass[39m=[32m"text-lg text-slate-600 dark:text-slate-300 leading-relaxed transition-colors duration-300"[39m
            [36m>[39m
              [0mBrowse our curated inventory of premium electric, SUV, truck, coupe, and sedan vehicles. Real-time availability, instant online purchase, and full dealership transparency.[0m
            [36m</p>[39m
            [36m<div[39m
              [33mclass[39m=[32m"flex flex-wrap gap-4 pt-4"[39m
            [36m>[39m
              [36m<a[39m
                [33mhref[39m=[32m"/vehicles"[39m
              [36m>[39m
                [36m<button[39m
                  [33mclass[39m=[32m"inline-flex items-center justify-center font-medium rounded-lg transition-all focus:outline-none focus:ring-2 focus:ring-offset-2 disabled:opacity-50 disabled:cursor-not-allowed bg-indigo-600 hover:bg-indigo-700 text-white focus:ring-indigo-500 px-5 py-2.5 text-base  shadow-lg shadow-indigo-500/30 hover:scale-105 transition-transform"[39m
                [36m>[39m
                  [0mExplore Inventory ΓåÆ[0m
                [36m</button>[39m
              [36m</a>[39m
              [36m<a[39m
                [33mhref[39m=[32m"/register"[39m
              [36m>[39m
                [36m<button[39m
                  [33mclass[39m=[32m"inline-flex items-center justify-center font-medium rounded-lg transition-all focus:outline-none focus:ring-2 focus:ring-offset-2 disabled:opacity-50 disabled:cursor-not-allowed bg-transparent border border-slate-700 hover:bg-slate-800 text-slate-300 focus:ring-slate-500 px-5 py-2.5 text-base  hover:scale-105 transition-transform"[39m
                [36m>[39m
                  [0mCreate Account[0m
                [36m</button>[39m
              [36m</a>[39m
            [36m</div>[39m
          [36m</div>[39m
        [36m</section>[39m
        [36m<section[39m
          [33mclass[39m=[32m"grid grid-cols-2 md:grid-cols-4 gap-4 mb-16"[39m
        [36m>[39m
          [36m<div[39m
            [33mclass[39m=[32m"bg-white dark:bg-slate-900/60 border border-slate-200 dark:border-slate-800/80 rounded-2xl p-6 text-center shadow-sm hover:shadow-md transition-all hover:-translate-y-1"[39m
          [36m>[39m
            [36m<p[39m
              [33mclass[39m=[32m"text-3xl font-black text-indigo-600 dark:text-indigo-400"[39m
            [36m>[39m
              [0m100%[0m
            [36m</p>[39m
            [36m<p[39m
              [33mclass[39m=[32m"text-sm font-medium text-slate-500 dark:text-slate-400 mt-1"[39m
            [36m>[39m
              [0mVerified Inventory[0m
            [36m</p>[39m
          [36m</div>[39m
          [36m<div[39m
            [33mclass[39m=[32m"bg-white dark:bg-slate-900/60 border border-slate-200 dark:border-slate-800/80 rounded-2xl p-6 text-center shadow-sm hover:shadow-md t...

[90mstdout[2m | src/pages/__tests__/publicPages.test.tsx[2m > [22m[2mPublic Pages[2m > [22m[2mHome Page[2m > [22m[2mrenders hero section, call to action, statistics, and about section
[22m[39m[36m<body>[39m
  [36m<div>[39m
    [36m<div[39m
      [33mclass[39m=[32m"flex flex-col min-h-screen bg-slate-50 dark:bg-slate-950 text-slate-900 dark:text-slate-100 font-sans transition-colors duration-300"[39m
    [36m>[39m
      [36m<header[39m
        [33mclass[39m=[32m"border-b border-slate-200/80 dark:border-slate-800/80 bg-white/80 dark:bg-slate-900/80 backdrop-blur-lg sticky top-0 z-50 transition-colors duration-300"[39m
        [33mrole[39m=[32m"banner"[39m
      [36m>[39m
        [36m<div[39m
          [33mclass[39m=[32m"max-w-7xl mx-auto px-4 sm:px-6 lg:px-8 h-16 flex items-center justify-between"[39m
        [36m>[39m
          [36m<a[39m
            [33mclass[39m=[32m"flex items-center gap-3 text-xl font-bold tracking-tight hover:opacity-90 transition-opacity"[39m
            [33mhref[39m=[32m"/"[39m
          [36m>[39m
            [36m<div[39m
              [33mclass[39m=[32m"flex items-center justify-center w-10 h-10 rounded-xl bg-slate-900 dark:bg-white text-white dark:text-slate-900 font-black tracking-tighter text-sm transition-transform duration-300 hover:scale-110 shadow-lg "[39m
            [36m>[39m
              [0mKATA[0m
            [36m</div>[39m
            [36m<span[39m
              [33mclass[39m=[32m"hidden sm:inline-block"[39m
            [36m>[39m
              [0mKATA[0m
            [36m</span>[39m
          [36m</a>[39m
          [36m<div[39m
            [33mclass[39m=[32m"flex items-center gap-4"[39m
          [36m>[39m
            [36m<nav[39m
              [33mclass[39m=[32m"hidden md:flex items-center gap-2"[39m
              [33mrole[39m=[32m"navigation"[39m
            [36m>[39m
              [36m<a[39m
                [33mclass[39m=[32m"text-sm font-medium transition-colors px-3 py-2 rounded-lg bg-indigo-100 dark:bg-indigo-600/20 text-indigo-700 dark:text-indigo-400 font-semibold border border-indigo-200 dark:border-indigo-500/30"[39m
                [33mhref[39m=[32m"/"[39m
              [36m>[39m
                [0mHome[0m
              [36m</a>[39m
              [36m<a[39m
                [33mclass[39m=[32m"text-sm font-medium transition-colors px-3 py-2 rounded-lg text-slate-600 dark:text-slate-300 hover:text-slate-900 dark:hover:text-white hover:bg-slate-100 dark:hover:bg-slate-800/60"[39m
                [33mhref[39m=[32m"/vehicles"[39m
              [36m>[39m
                [0mVehicles[0m
              [36m</a>[39m
              [36m<a[39m
                [33mclass[39m=[32m"text-sm font-medium transition-colors px-3 py-2 rounded-lg text-slate-600 dark:text-slate-300 hover:text-slate-900 dark:hover:text-white hover:bg-slate-100 dark:hover:bg-slate-800/60"[39m
                [33mhref[39m=[32m"/dashboard"[39m
              [36m>[39m
                [0mDashboard[0m
              [36m</a>[39m
              [36m<a[39m
                [33mclass[39m=[32m"text-sm font-medium transition-colors px-3 py-2 rounded-lg text-slate-600 dark:text-slate-300 hover:text-slate-900 dark:hover:text-white hover:bg-slate-100 dark:hover:bg-slate-800/60"[39m
                [33mhref[39m=[32m"/profile"[39m
              [36m>[39m
                [0mProfile[0m
              [36m</a>[39m
              [36m<button[39m
                [33mclass[39m=[32m"text-sm font-medium text-slate-500 dark:text-slate-400 hover:text-rose-600 dark:hover:text-rose-400 hover:bg-rose-50 dark:hover:bg-rose-500/10 px-3 py-2 rounded-lg transition-colors ml-2"[39m
              [36m>[39m
                [0mLogout[0m
              [36m</button>[39m
            [36m</nav>[39m
            [36m<button[39m
              [33maria-label[39m=[32m"Toggle Theme"[39m
              [33mclass[39m=[32m"p-2 rounded-lg text-slate-500 dark:text-slate-400 hover:bg-slate-100 dark:hover:bg-slate-800 transition-colors"[39m
            [36m>[39m
              [0m≡ƒîÖ[0m
            [36m</button>[39m
            [36m<button[39m
              [33maria-label[39m=[32m"Toggle Navigation Menu"[39m
              [33mclass[39m=[32m"md:hidden p-2 rounded-lg text-slate-500 dark:text-slate-400 hover:text-slate-900 dark:hover:text-white hover:bg-slate-100 dark:hover:bg-slate-800 transition-colors"[39m
            [36m>[39m
              [36m<svg[39m
                [33mclass[39m=[32m"w-6 h-6"[39m
                [33mfill[39m=[32m"none"[39m
                [33mstroke[39m=[32m"currentColor"[39m
                [33mviewBox[39m=[32m"0 0 24 24"[39m
              [36m>[39m
                [36m<path[39m
                  [33md[39m=[32m"M4 6h16M4 12h16M4 18h16"[39m
                  [33mstroke-linecap[39m=[32m"round"[39m
                  [33mstroke-linejoin[39m=[32m"round"[39m
                  [33mstroke-width[39m=[32m"2"[39m
                [36m/>[39m
              [36m</svg>[39m
            [36m</button>[39m
          [36m</div>[39m
        [36m</div>[39m
      [36m</header>[39m
      [36m<main[39m
        [33mclass[39m=[32m"flex-1 max-w-7xl mx-auto px-4 sm:px-6 lg:px-8 py-8 w-full transition-colors duration-300"[39m
      [36m>[39m
        [36m<section[39m
          [33mclass[39m=[32m"relative rounded-3xl overflow-hidden bg-white dark:bg-slate-900 border border-slate-200 dark:border-slate-800 p-8 sm:p-12 md:p-16 mb-16 shadow-xl transition-colors duration-300"[39m
        [36m>[39m
          [36m<div[39m
            [33mclass[39m=[32m"absolute top-0 right-0 w-full h-full bg-gradient-to-br from-indigo-50/50 via-white to-slate-50 dark:from-indigo-950/40 dark:via-slate-900 dark:to-slate-950 pointer-events-none transition-colors duration-300"[39m
          [36m/>[39m
          [36m<div[39m
            [33mclass[39m=[32m"absolute -top-24 -right-24 w-96 h-96 bg-indigo-500/10 dark:bg-indigo-500/20 rounded-full blur-3xl pointer-events-none"[39m
          [36m/>[39m
          [36m<div[39m
            [33mclass[39m=[32m"relative max-w-3xl space-y-6 z-10"[39m
          [36m>[39m
            [36m<span[39m
              [33mclass[39m=[32m"inline-flex items-center px-2.5 py-0.5 rounded-full text-xs font-semibold border bg-emerald-500/15 text-emerald-300 border-emerald-500/30 backdrop-blur-md animate-fade-in-up"[39m
            [36m>[39m
              [0mΓ£¿ Premier Dealership Experience[0m
            [36m</span>[39m
            [36m<h1[39m
              [33mclass[39m=[32m"text-4xl sm:text-5xl md:text-6xl font-black text-slate-900 dark:text-white tracking-tight leading-tight transition-colors duration-300"[39m
            [36m>[39m
              [0mFind Your Dream Vehicle with [0m
              [36m<span[39m
                [33mclass[39m=[32m"bg-gradient-to-r from-indigo-600 to-purple-600 dark:from-indigo-400 dark:to-purple-400 bg-clip-text text-transparent"[39m
              [36m>[39m
                [0mKATA[0m
              [36m</span>[39m
            [36m</h1>[39m
            [36m<p[39m
              [33mclass[39m=[32m"text-lg text-slate-600 dark:text-slate-300 leading-relaxed transition-colors duration-300"[39m
            [36m>[39m
              [0mBrowse our curated inventory of premium electric, SUV, truck, coupe, and sedan vehicles. Real-time availability, instant online purchase, and full dealership transparency.[0m
            [36m</p>[39m
            [36m<div[39m
              [33mclass[39m=[32m"flex flex-wrap gap-4 pt-4"[39m
            [36m>[39m
              [36m<a[39m
                [33mhref[39m=[32m"/vehicles"[39m
              [36m>[39m
                [36m<button[39m
                  [33mclass[39m=[32m"inline-flex items-center justify-center font-medium rounded-lg transition-all focus:outline-none focus:ring-2 focus:ring-offset-2 disabled:opacity-50 disabled:cursor-not-allowed bg-indigo-600 hover:bg-indigo-700 text-white focus:ring-indigo-500 px-5 py-2.5 text-base  shadow-lg shadow-indigo-500/30 hover:scale-105 transition-transform"[39m
                [36m>[39m
                  [0mExplore Inventory ΓåÆ[0m
                [36m</button>[39m
              [36m</a>[39m
              [36m<a[39m
                [33mhref[39m=[32m"/register"[39m
              [36m>[39m
                [36m<button[39m
                  [33mclass[39m=[32m"inline-flex items-center justify-center font-medium rounded-lg transition-all focus:outline-none focus:ring-2 focus:ring-offset-2 disabled:opacity-50 disabled:cursor-not-allowed bg-transparent border border-slate-700 hover:bg-slate-800 text-slate-300 focus:ring-slate-500 px-5 py-2.5 text-base  hover:scale-105 transition-transform"[39m
                [36m>[39m
                  [0mCreate Account[0m
                [36m</button>[39m
              [36m</a>[39m
            [36m</div>[39m
          [36m</div>[39m
        [36m</section>[39m
        [36m<section[39m
          [33mclass[39m=[32m"grid grid-cols-2 md:grid-cols-4 gap-4 mb-16"[39m
        [36m>[39m
          [36m<div[39m
            [33mclass[39m=[32m"bg-white dark:bg-slate-900/60 border border-slate-200 dark:border-slate-800/80 rounded-2xl p-6 text-center shadow-sm hover:shadow-md transition-all hover:-translate-y-1"[39m
          [36m>[39m
            [36m<p[39m
              [33mclass[39m=[32m"text-3xl font-black text-indigo-600 dark:text-indigo-400"[39m
            [36m>[39m
              [0m100%[0m
            [36m</p>[39m
            [36m<p[39m
              [33mclass[39m=[32m"text-sm font-medium text-slate-500 dark:text-slate-400 mt-1"[39m
            [36m>[39m
              [0mVerified Inventory[0m
            [36m</p>[39m
          [36m</div>[39m
          [36m<div[39m
            [33mclass[39m=[32m"bg-white dark:bg-slate-900/60 border border-slate-200 dark:border-slate-800/80 rounded-2xl p-6 text-center shadow-sm hover:shadow-md t...

[90mstdout[2m | src/pages/__tests__/publicPages.test.tsx[2m > [22m[2mPublic Pages[2m > [22m[2mHome Page[2m > [22m[2mrenders hero section, call to action, statistics, and about section
[22m[39m[36m<body>[39m
  [36m<div>[39m
    [36m<div[39m
      [33mclass[39m=[32m"flex flex-col min-h-screen bg-slate-50 dark:bg-slate-950 text-slate-900 dark:text-slate-100 font-sans transition-colors duration-300"[39m
    [36m>[39m
      [36m<header[39m
        [33mclass[39m=[32m"border-b border-slate-200/80 dark:border-slate-800/80 bg-white/80 dark:bg-slate-900/80 backdrop-blur-lg sticky top-0 z-50 transition-colors duration-300"[39m
        [33mrole[39m=[32m"banner"[39m
      [36m>[39m
        [36m<div[39m
          [33mclass[39m=[32m"max-w-7xl mx-auto px-4 sm:px-6 lg:px-8 h-16 flex items-center justify-between"[39m
        [36m>[39m
          [36m<a[39m
            [33mclass[39m=[32m"flex items-center gap-3 text-xl font-bold tracking-tight hover:opacity-90 transition-opacity"[39m
            [33mhref[39m=[32m"/"[39m
          [36m>[39m
            [36m<div[39m
              [33mclass[39m=[32m"flex items-center justify-center w-10 h-10 rounded-xl bg-slate-900 dark:bg-white text-white dark:text-slate-900 font-black tracking-tighter text-sm transition-transform duration-300 hover:scale-110 shadow-lg "[39m
            [36m>[39m
              [0mKATA[0m
            [36m</div>[39m
            [36m<span[39m
              [33mclass[39m=[32m"hidden sm:inline-block"[39m
            [36m>[39m
              [0mKATA[0m
            [36m</span>[39m
          [36m</a>[39m
          [36m<div[39m
            [33mclass[39m=[32m"flex items-center gap-4"[39m
          [36m>[39m
            [36m<nav[39m
              [33mclass[39m=[32m"hidden md:flex items-center gap-2"[39m
              [33mrole[39m=[32m"navigation"[39m
            [36m>[39m
              [36m<a[39m
                [33mclass[39m=[32m"text-sm font-medium transition-colors px-3 py-2 rounded-lg bg-indigo-100 dark:bg-indigo-600/20 text-indigo-700 dark:text-indigo-400 font-semibold border border-indigo-200 dark:border-indigo-500/30"[39m
                [33mhref[39m=[32m"/"[39m
              [36m>[39m
                [0mHome[0m
              [36m</a>[39m
              [36m<a[39m
                [33mclass[39m=[32m"text-sm font-medium transition-colors px-3 py-2 rounded-lg text-slate-600 dark:text-slate-300 hover:text-slate-900 dark:hover:text-white hover:bg-slate-100 dark:hover:bg-slate-800/60"[39m
                [33mhref[39m=[32m"/vehicles"[39m
              [36m>[39m
                [0mVehicles[0m
              [36m</a>[39m
              [36m<a[39m
                [33mclass[39m=[32m"text-sm font-medium transition-colors px-3 py-2 rounded-lg text-slate-600 dark:text-slate-300 hover:text-slate-900 dark:hover:text-white hover:bg-slate-100 dark:hover:bg-slate-800/60"[39m
                [33mhref[39m=[32m"/dashboard"[39m
              [36m>[39m
                [0mDashboard[0m
              [36m</a>[39m
              [36m<a[39m
                [33mclass[39m=[32m"text-sm font-medium transition-colors px-3 py-2 rounded-lg text-slate-600 dark:text-slate-300 hover:text-slate-900 dark:hover:text-white hover:bg-slate-100 dark:hover:bg-slate-800/60"[39m
                [33mhref[39m=[32m"/profile"[39m
              [36m>[39m
                [0mProfile[0m
              [36m</a>[39m
              [36m<button[39m
                [33mclass[39m=[32m"text-sm font-medium text-slate-500 dark:text-slate-400 hover:text-rose-600 dark:hover:text-rose-400 hover:bg-rose-50 dark:hover:bg-rose-500/10 px-3 py-2 rounded-lg transition-colors ml-2"[39m
              [36m>[39m
                [0mLogout[0m
              [36m</button>[39m
            [36m</nav>[39m
            [36m<button[39m
              [33maria-label[39m=[32m"Toggle Theme"[39m
              [33mclass[39m=[32m"p-2 rounded-lg text-slate-500 dark:text-slate-400 hover:bg-slate-100 dark:hover:bg-slate-800 transition-colors"[39m
            [36m>[39m
              [0m≡ƒîÖ[0m
            [36m</button>[39m
            [36m<button[39m
              [33maria-label[39m=[32m"Toggle Navigation Menu"[39m
              [33mclass[39m=[32m"md:hidden p-2 rounded-lg text-slate-500 dark:text-slate-400 hover:text-slate-900 dark:hover:text-white hover:bg-slate-100 dark:hover:bg-slate-800 transition-colors"[39m
            [36m>[39m
              [36m<svg[39m
                [33mclass[39m=[32m"w-6 h-6"[39m
                [33mfill[39m=[32m"none"[39m
                [33mstroke[39m=[32m"currentColor"[39m
                [33mviewBox[39m=[32m"0 0 24 24"[39m
              [36m>[39m
                [36m<path[39m
                  [33md[39m=[32m"M4 6h16M4 12h16M4 18h16"[39m
                  [33mstroke-linecap[39m=[32m"round"[39m
                  [33mstroke-linejoin[39m=[32m"round"[39m
                  [33mstroke-width[39m=[32m"2"[39m
                [36m/>[39m
              [36m</svg>[39m
            [36m</button>[39m
          [36m</div>[39m
        [36m</div>[39m
      [36m</header>[39m
      [36m<main[39m
        [33mclass[39m=[32m"flex-1 max-w-7xl mx-auto px-4 sm:px-6 lg:px-8 py-8 w-full transition-colors duration-300"[39m
      [36m>[39m
        [36m<section[39m
          [33mclass[39m=[32m"relative rounded-3xl overflow-hidden bg-white dark:bg-slate-900 border border-slate-200 dark:border-slate-800 p-8 sm:p-12 md:p-16 mb-16 shadow-xl transition-colors duration-300"[39m
        [36m>[39m
          [36m<div[39m
            [33mclass[39m=[32m"absolute top-0 right-0 w-full h-full bg-gradient-to-br from-indigo-50/50 via-white to-slate-50 dark:from-indigo-950/40 dark:via-slate-900 dark:to-slate-950 pointer-events-none transition-colors duration-300"[39m
          [36m/>[39m
          [36m<div[39m
            [33mclass[39m=[32m"absolute -top-24 -right-24 w-96 h-96 bg-indigo-500/10 dark:bg-indigo-500/20 rounded-full blur-3xl pointer-events-none"[39m
          [36m/>[39m
          [36m<div[39m
            [33mclass[39m=[32m"relative max-w-3xl space-y-6 z-10"[39m
          [36m>[39m
            [36m<span[39m
              [33mclass[39m=[32m"inline-flex items-center px-2.5 py-0.5 rounded-full text-xs font-semibold border bg-emerald-500/15 text-emerald-300 border-emerald-500/30 backdrop-blur-md animate-fade-in-up"[39m
            [36m>[39m
              [0mΓ£¿ Premier Dealership Experience[0m
            [36m</span>[39m
            [36m<h1[39m
              [33mclass[39m=[32m"text-4xl sm:text-5xl md:text-6xl font-black text-slate-900 dark:text-white tracking-tight leading-tight transition-colors duration-300"[39m
            [36m>[39m
              [0mFind Your Dream Vehicle with [0m
              [36m<span[39m
                [33mclass[39m=[32m"bg-gradient-to-r from-indigo-600 to-purple-600 dark:from-indigo-400 dark:to-purple-400 bg-clip-text text-transparent"[39m
              [36m>[39m
                [0mKATA[0m
              [36m</span>[39m
            [36m</h1>[39m
            [36m<p[39m
              [33mclass[39m=[32m"text-lg text-slate-600 dark:text-slate-300 leading-relaxed transition-colors duration-300"[39m
            [36m>[39m
              [0mBrowse our curated inventory of premium electric, SUV, truck, coupe, and sedan vehicles. Real-time availability, instant online purchase, and full dealership transparency.[0m
            [36m</p>[39m
            [36m<div[39m
              [33mclass[39m=[32m"flex flex-wrap gap-4 pt-4"[39m
            [36m>[39m
              [36m<a[39m
                [33mhref[39m=[32m"/vehicles"[39m
              [36m>[39m
                [36m<button[39m
                  [33mclass[39m=[32m"inline-flex items-center justify-center font-medium rounded-lg transition-all focus:outline-none focus:ring-2 focus:ring-offset-2 disabled:opacity-50 disabled:cursor-not-allowed bg-indigo-600 hover:bg-indigo-700 text-white focus:ring-indigo-500 px-5 py-2.5 text-base  shadow-lg shadow-indigo-500/30 hover:scale-105 transition-transform"[39m
                [36m>[39m
                  [0mExplore Inventory ΓåÆ[0m
                [36m</button>[39m
              [36m</a>[39m
              [36m<a[39m
                [33mhref[39m=[32m"/register"[39m
              [36m>[39m
                [36m<button[39m
                  [33mclass[39m=[32m"inline-flex items-center justify-center font-medium rounded-lg transition-all focus:outline-none focus:ring-2 focus:ring-offset-2 disabled:opacity-50 disabled:cursor-not-allowed bg-transparent border border-slate-700 hover:bg-slate-800 text-slate-300 focus:ring-slate-500 px-5 py-2.5 text-base  hover:scale-105 transition-transform"[39m
                [36m>[39m
                  [0mCreate Account[0m
                [36m</button>[39m
              [36m</a>[39m
            [36m</div>[39m
          [36m</div>[39m
        [36m</section>[39m
        [36m<section[39m
          [33mclass[39m=[32m"grid grid-cols-2 md:grid-cols-4 gap-4 mb-16"[39m
        [36m>[39m
          [36m<div[39m
            [33mclass[39m=[32m"bg-white dark:bg-slate-900/60 border border-slate-200 dark:border-slate-800/80 rounded-2xl p-6 text-center shadow-sm hover:shadow-md transition-all hover:-translate-y-1"[39m
          [36m>[39m
            [36m<p[39m
              [33mclass[39m=[32m"text-3xl font-black text-indigo-600 dark:text-indigo-400"[39m
            [36m>[39m
              [0m100%[0m
            [36m</p>[39m
            [36m<p[39m
              [33mclass[39m=[32m"text-sm font-medium text-slate-500 dark:text-slate-400 mt-1"[39m
            [36m>[39m
              [0mVerified Inventory[0m
            [36m</p>[39m
          [36m</div>[39m
          [36m<div[39m
            [33mclass[39m=[32m"bg-white dark:bg-slate-900/60 border border-slate-200 dark:border-slate-800/80 rounded-2xl p-6 text-center shadow-sm hover:shadow-md t...

[90mstdout[2m | src/pages/__tests__/publicPages.test.tsx[2m > [22m[2mPublic Pages[2m > [22m[2mHome Page[2m > [22m[2mrenders hero section, call to action, statistics, and about section
[22m[39m[36m<body>[39m
  [36m<div>[39m
    [36m<div[39m
      [33mclass[39m=[32m"flex flex-col min-h-screen bg-slate-50 dark:bg-slate-950 text-slate-900 dark:text-slate-100 font-sans transition-colors duration-300"[39m
    [36m>[39m
      [36m<header[39m
        [33mclass[39m=[32m"border-b border-slate-200/80 dark:border-slate-800/80 bg-white/80 dark:bg-slate-900/80 backdrop-blur-lg sticky top-0 z-50 transition-colors duration-300"[39m
        [33mrole[39m=[32m"banner"[39m
      [36m>[39m
        [36m<div[39m
          [33mclass[39m=[32m"max-w-7xl mx-auto px-4 sm:px-6 lg:px-8 h-16 flex items-center justify-between"[39m
        [36m>[39m
          [36m<a[39m
            [33mclass[39m=[32m"flex items-center gap-3 text-xl font-bold tracking-tight hover:opacity-90 transition-opacity"[39m
            [33mhref[39m=[32m"/"[39m
          [36m>[39m
            [36m<div[39m
              [33mclass[39m=[32m"flex items-center justify-center w-10 h-10 rounded-xl bg-slate-900 dark:bg-white text-white dark:text-slate-900 font-black tracking-tighter text-sm transition-transform duration-300 hover:scale-110 shadow-lg "[39m
            [36m>[39m
              [0mKATA[0m
            [36m</div>[39m
            [36m<span[39m
              [33mclass[39m=[32m"hidden sm:inline-block"[39m
            [36m>[39m
              [0mKATA[0m
            [36m</span>[39m
          [36m</a>[39m
          [36m<div[39m
            [33mclass[39m=[32m"flex items-center gap-4"[39m
          [36m>[39m
            [36m<nav[39m
              [33mclass[39m=[32m"hidden md:flex items-center gap-2"[39m
              [33mrole[39m=[32m"navigation"[39m
            [36m>[39m
              [36m<a[39m
                [33mclass[39m=[32m"text-sm font-medium transition-colors px-3 py-2 rounded-lg bg-indigo-100 dark:bg-indigo-600/20 text-indigo-700 dark:text-indigo-400 font-semibold border border-indigo-200 dark:border-indigo-500/30"[39m
                [33mhref[39m=[32m"/"[39m
              [36m>[39m
                [0mHome[0m
              [36m</a>[39m
              [36m<a[39m
                [33mclass[39m=[32m"text-sm font-medium transition-colors px-3 py-2 rounded-lg text-slate-600 dark:text-slate-300 hover:text-slate-900 dark:hover:text-white hover:bg-slate-100 dark:hover:bg-slate-800/60"[39m
                [33mhref[39m=[32m"/vehicles"[39m
              [36m>[39m
                [0mVehicles[0m
              [36m</a>[39m
              [36m<a[39m
                [33mclass[39m=[32m"text-sm font-medium transition-colors px-3 py-2 rounded-lg text-slate-600 dark:text-slate-300 hover:text-slate-900 dark:hover:text-white hover:bg-slate-100 dark:hover:bg-slate-800/60"[39m
                [33mhref[39m=[32m"/dashboard"[39m
              [36m>[39m
                [0mDashboard[0m
              [36m</a>[39m
              [36m<a[39m
                [33mclass[39m=[32m"text-sm font-medium transition-colors px-3 py-2 rounded-lg text-slate-600 dark:text-slate-300 hover:text-slate-900 dark:hover:text-white hover:bg-slate-100 dark:hover:bg-slate-800/60"[39m
                [33mhref[39m=[32m"/profile"[39m
              [36m>[39m
                [0mProfile[0m
              [36m</a>[39m
              [36m<button[39m
                [33mclass[39m=[32m"text-sm font-medium text-slate-500 dark:text-slate-400 hover:text-rose-600 dark:hover:text-rose-400 hover:bg-rose-50 dark:hover:bg-rose-500/10 px-3 py-2 rounded-lg transition-colors ml-2"[39m
              [36m>[39m
                [0mLogout[0m
              [36m</button>[39m
            [36m</nav>[39m
            [36m<button[39m
              [33maria-label[39m=[32m"Toggle Theme"[39m
              [33mclass[39m=[32m"p-2 rounded-lg text-slate-500 dark:text-slate-400 hover:bg-slate-100 dark:hover:bg-slate-800 transition-colors"[39m
            [36m>[39m
              [0m≡ƒîÖ[0m
            [36m</button>[39m
            [36m<button[39m
              [33maria-label[39m=[32m"Toggle Navigation Menu"[39m
              [33mclass[39m=[32m"md:hidden p-2 rounded-lg text-slate-500 dark:text-slate-400 hover:text-slate-900 dark:hover:text-white hover:bg-slate-100 dark:hover:bg-slate-800 transition-colors"[39m
            [36m>[39m
              [36m<svg[39m
                [33mclass[39m=[32m"w-6 h-6"[39m
                [33mfill[39m=[32m"none"[39m
                [33mstroke[39m=[32m"currentColor"[39m
                [33mviewBox[39m=[32m"0 0 24 24"[39m
              [36m>[39m
                [36m<path[39m
                  [33md[39m=[32m"M4 6h16M4 12h16M4 18h16"[39m
                  [33mstroke-linecap[39m=[32m"round"[39m
                  [33mstroke-linejoin[39m=[32m"round"[39m
                  [33mstroke-width[39m=[32m"2"[39m
                [36m/>[39m
              [36m</svg>[39m
            [36m</button>[39m
          [36m</div>[39m
        [36m</div>[39m
      [36m</header>[39m
      [36m<main[39m
        [33mclass[39m=[32m"flex-1 max-w-7xl mx-auto px-4 sm:px-6 lg:px-8 py-8 w-full transition-colors duration-300"[39m
      [36m>[39m
        [36m<section[39m
          [33mclass[39m=[32m"relative rounded-3xl overflow-hidden bg-white dark:bg-slate-900 border border-slate-200 dark:border-slate-800 p-8 sm:p-12 md:p-16 mb-16 shadow-xl transition-colors duration-300"[39m
        [36m>[39m
          [36m<div[39m
            [33mclass[39m=[32m"absolute top-0 right-0 w-full h-full bg-gradient-to-br from-indigo-50/50 via-white to-slate-50 dark:from-indigo-950/40 dark:via-slate-900 dark:to-slate-950 pointer-events-none transition-colors duration-300"[39m
          [36m/>[39m
          [36m<div[39m
            [33mclass[39m=[32m"absolute -top-24 -right-24 w-96 h-96 bg-indigo-500/10 dark:bg-indigo-500/20 rounded-full blur-3xl pointer-events-none"[39m
          [36m/>[39m
          [36m<div[39m
            [33mclass[39m=[32m"relative max-w-3xl space-y-6 z-10"[39m
          [36m>[39m
            [36m<span[39m
              [33mclass[39m=[32m"inline-flex items-center px-2.5 py-0.5 rounded-full text-xs font-semibold border bg-emerald-500/15 text-emerald-300 border-emerald-500/30 backdrop-blur-md animate-fade-in-up"[39m
            [36m>[39m
              [0mΓ£¿ Premier Dealership Experience[0m
            [36m</span>[39m
            [36m<h1[39m
              [33mclass[39m=[32m"text-4xl sm:text-5xl md:text-6xl font-black text-slate-900 dark:text-white tracking-tight leading-tight transition-colors duration-300"[39m
            [36m>[39m
              [0mFind Your Dream Vehicle with [0m
              [36m<span[39m
                [33mclass[39m=[32m"bg-gradient-to-r from-indigo-600 to-purple-600 dark:from-indigo-400 dark:to-purple-400 bg-clip-text text-transparent"[39m
              [36m>[39m
                [0mKATA[0m
              [36m</span>[39m
            [36m</h1>[39m
            [36m<p[39m
              [33mclass[39m=[32m"text-lg text-slate-600 dark:text-slate-300 leading-relaxed transition-colors duration-300"[39m
            [36m>[39m
              [0mBrowse our curated inventory of premium electric, SUV, truck, coupe, and sedan vehicles. Real-time availability, instant online purchase, and full dealership transparency.[0m
            [36m</p>[39m
            [36m<div[39m
              [33mclass[39m=[32m"flex flex-wrap gap-4 pt-4"[39m
            [36m>[39m
              [36m<a[39m
                [33mhref[39m=[32m"/vehicles"[39m
              [36m>[39m
                [36m<button[39m
                  [33mclass[39m=[32m"inline-flex items-center justify-center font-medium rounded-lg transition-all focus:outline-none focus:ring-2 focus:ring-offset-2 disabled:opacity-50 disabled:cursor-not-allowed bg-indigo-600 hover:bg-indigo-700 text-white focus:ring-indigo-500 px-5 py-2.5 text-base  shadow-lg shadow-indigo-500/30 hover:scale-105 transition-transform"[39m
                [36m>[39m
                  [0mExplore Inventory ΓåÆ[0m
                [36m</button>[39m
              [36m</a>[39m
              [36m<a[39m
                [33mhref[39m=[32m"/register"[39m
              [36m>[39m
                [36m<button[39m
                  [33mclass[39m=[32m"inline-flex items-center justify-center font-medium rounded-lg transition-all focus:outline-none focus:ring-2 focus:ring-offset-2 disabled:opacity-50 disabled:cursor-not-allowed bg-transparent border border-slate-700 hover:bg-slate-800 text-slate-300 focus:ring-slate-500 px-5 py-2.5 text-base  hover:scale-105 transition-transform"[39m
                [36m>[39m
                  [0mCreate Account[0m
                [36m</button>[39m
              [36m</a>[39m
            [36m</div>[39m
          [36m</div>[39m
        [36m</section>[39m
        [36m<section[39m
          [33mclass[39m=[32m"grid grid-cols-2 md:grid-cols-4 gap-4 mb-16"[39m
        [36m>[39m
          [36m<div[39m
            [33mclass[39m=[32m"bg-white dark:bg-slate-900/60 border border-slate-200 dark:border-slate-800/80 rounded-2xl p-6 text-center shadow-sm hover:shadow-md transition-all hover:-translate-y-1"[39m
          [36m>[39m
            [36m<p[39m
              [33mclass[39m=[32m"text-3xl font-black text-indigo-600 dark:text-indigo-400"[39m
            [36m>[39m
              [0m100%[0m
            [36m</p>[39m
            [36m<p[39m
              [33mclass[39m=[32m"text-sm font-medium text-slate-500 dark:text-slate-400 mt-1"[39m
            [36m>[39m
              [0mVerified Inventory[0m
            [36m</p>[39m
          [36m</div>[39m
          [36m<div[39m
            [33mclass[39m=[32m"bg-white dark:bg-slate-900/60 border border-slate-200 dark:border-slate-800/80 rounded-2xl p-6 text-center shadow-sm hover:shadow-md t...

[90mstdout[2m | src/pages/__tests__/publicPages.test.tsx[2m > [22m[2mPublic Pages[2m > [22m[2mHome Page[2m > [22m[2mrenders hero section, call to action, statistics, and about section
[22m[39m[36m<body>[39m
  [36m<div>[39m
    [36m<div[39m
      [33mclass[39m=[32m"flex flex-col min-h-screen bg-slate-50 dark:bg-slate-950 text-slate-900 dark:text-slate-100 font-sans transition-colors duration-300"[39m
    [36m>[39m
      [36m<header[39m
        [33mclass[39m=[32m"border-b border-slate-200/80 dark:border-slate-800/80 bg-white/80 dark:bg-slate-900/80 backdrop-blur-lg sticky top-0 z-50 transition-colors duration-300"[39m
        [33mrole[39m=[32m"banner"[39m
      [36m>[39m
        [36m<div[39m
          [33mclass[39m=[32m"max-w-7xl mx-auto px-4 sm:px-6 lg:px-8 h-16 flex items-center justify-between"[39m
        [36m>[39m
          [36m<a[39m
            [33mclass[39m=[32m"flex items-center gap-3 text-xl font-bold tracking-tight hover:opacity-90 transition-opacity"[39m
            [33mhref[39m=[32m"/"[39m
          [36m>[39m
            [36m<div[39m
              [33mclass[39m=[32m"flex items-center justify-center w-10 h-10 rounded-xl bg-slate-900 dark:bg-white text-white dark:text-slate-900 font-black tracking-tighter text-sm transition-transform duration-300 hover:scale-110 shadow-lg "[39m
            [36m>[39m
              [0mKATA[0m
            [36m</div>[39m
            [36m<span[39m
              [33mclass[39m=[32m"hidden sm:inline-block"[39m
            [36m>[39m
              [0mKATA[0m
            [36m</span>[39m
          [36m</a>[39m
          [36m<div[39m
            [33mclass[39m=[32m"flex items-center gap-4"[39m
          [36m>[39m
            [36m<nav[39m
              [33mclass[39m=[32m"hidden md:flex items-center gap-2"[39m
              [33mrole[39m=[32m"navigation"[39m
            [36m>[39m
              [36m<a[39m
                [33mclass[39m=[32m"text-sm font-medium transition-colors px-3 py-2 rounded-lg bg-indigo-100 dark:bg-indigo-600/20 text-indigo-700 dark:text-indigo-400 font-semibold border border-indigo-200 dark:border-indigo-500/30"[39m
                [33mhref[39m=[32m"/"[39m
              [36m>[39m
                [0mHome[0m
              [36m</a>[39m
              [36m<a[39m
                [33mclass[39m=[32m"text-sm font-medium transition-colors px-3 py-2 rounded-lg text-slate-600 dark:text-slate-300 hover:text-slate-900 dark:hover:text-white hover:bg-slate-100 dark:hover:bg-slate-800/60"[39m
                [33mhref[39m=[32m"/vehicles"[39m
              [36m>[39m
                [0mVehicles[0m
              [36m</a>[39m
              [36m<a[39m
                [33mclass[39m=[32m"text-sm font-medium transition-colors px-3 py-2 rounded-lg text-slate-600 dark:text-slate-300 hover:text-slate-900 dark:hover:text-white hover:bg-slate-100 dark:hover:bg-slate-800/60"[39m
                [33mhref[39m=[32m"/dashboard"[39m
              [36m>[39m
                [0mDashboard[0m
              [36m</a>[39m
              [36m<a[39m
                [33mclass[39m=[32m"text-sm font-medium transition-colors px-3 py-2 rounded-lg text-slate-600 dark:text-slate-300 hover:text-slate-900 dark:hover:text-white hover:bg-slate-100 dark:hover:bg-slate-800/60"[39m
                [33mhref[39m=[32m"/profile"[39m
              [36m>[39m
                [0mProfile[0m
              [36m</a>[39m
              [36m<button[39m
                [33mclass[39m=[32m"text-sm font-medium text-slate-500 dark:text-slate-400 hover:text-rose-600 dark:hover:text-rose-400 hover:bg-rose-50 dark:hover:bg-rose-500/10 px-3 py-2 rounded-lg transition-colors ml-2"[39m
              [36m>[39m
                [0mLogout[0m
              [36m</button>[39m
            [36m</nav>[39m
            [36m<button[39m
              [33maria-label[39m=[32m"Toggle Theme"[39m
              [33mclass[39m=[32m"p-2 rounded-lg text-slate-500 dark:text-slate-400 hover:bg-slate-100 dark:hover:bg-slate-800 transition-colors"[39m
            [36m>[39m
              [0m≡ƒîÖ[0m
            [36m</button>[39m
            [36m<button[39m
              [33maria-label[39m=[32m"Toggle Navigation Menu"[39m
              [33mclass[39m=[32m"md:hidden p-2 rounded-lg text-slate-500 dark:text-slate-400 hover:text-slate-900 dark:hover:text-white hover:bg-slate-100 dark:hover:bg-slate-800 transition-colors"[39m
            [36m>[39m
              [36m<svg[39m
                [33mclass[39m=[32m"w-6 h-6"[39m
                [33mfill[39m=[32m"none"[39m
                [33mstroke[39m=[32m"currentColor"[39m
                [33mviewBox[39m=[32m"0 0 24 24"[39m
              [36m>[39m
                [36m<path[39m
                  [33md[39m=[32m"M4 6h16M4 12h16M4 18h16"[39m
                  [33mstroke-linecap[39m=[32m"round"[39m
                  [33mstroke-linejoin[39m=[32m"round"[39m
                  [33mstroke-width[39m=[32m"2"[39m
                [36m/>[39m
              [36m</svg>[39m
            [36m</button>[39m
          [36m</div>[39m
        [36m</div>[39m
      [36m</header>[39m
      [36m<main[39m
        [33mclass[39m=[32m"flex-1 max-w-7xl mx-auto px-4 sm:px-6 lg:px-8 py-8 w-full transition-colors duration-300"[39m
      [36m>[39m
        [36m<section[39m
          [33mclass[39m=[32m"relative rounded-3xl overflow-hidden bg-white dark:bg-slate-900 border border-slate-200 dark:border-slate-800 p-8 sm:p-12 md:p-16 mb-16 shadow-xl transition-colors duration-300"[39m
        [36m>[39m
          [36m<div[39m
            [33mclass[39m=[32m"absolute top-0 right-0 w-full h-full bg-gradient-to-br from-indigo-50/50 via-white to-slate-50 dark:from-indigo-950/40 dark:via-slate-900 dark:to-slate-950 pointer-events-none transition-colors duration-300"[39m
          [36m/>[39m
          [36m<div[39m
            [33mclass[39m=[32m"absolute -top-24 -right-24 w-96 h-96 bg-indigo-500/10 dark:bg-indigo-500/20 rounded-full blur-3xl pointer-events-none"[39m
          [36m/>[39m
          [36m<div[39m
            [33mclass[39m=[32m"relative max-w-3xl space-y-6 z-10"[39m
          [36m>[39m
            [36m<span[39m
              [33mclass[39m=[32m"inline-flex items-center px-2.5 py-0.5 rounded-full text-xs font-semibold border bg-emerald-500/15 text-emerald-300 border-emerald-500/30 backdrop-blur-md animate-fade-in-up"[39m
            [36m>[39m
              [0mΓ£¿ Premier Dealership Experience[0m
            [36m</span>[39m
            [36m<h1[39m
              [33mclass[39m=[32m"text-4xl sm:text-5xl md:text-6xl font-black text-slate-900 dark:text-white tracking-tight leading-tight transition-colors duration-300"[39m
            [36m>[39m
              [0mFind Your Dream Vehicle with [0m
              [36m<span[39m
                [33mclass[39m=[32m"bg-gradient-to-r from-indigo-600 to-purple-600 dark:from-indigo-400 dark:to-purple-400 bg-clip-text text-transparent"[39m
              [36m>[39m
                [0mKATA[0m
              [36m</span>[39m
            [36m</h1>[39m
            [36m<p[39m
              [33mclass[39m=[32m"text-lg text-slate-600 dark:text-slate-300 leading-relaxed transition-colors duration-300"[39m
            [36m>[39m
              [0mBrowse our curated inventory of premium electric, SUV, truck, coupe, and sedan vehicles. Real-time availability, instant online purchase, and full dealership transparency.[0m
            [36m</p>[39m
            [36m<div[39m
              [33mclass[39m=[32m"flex flex-wrap gap-4 pt-4"[39m
            [36m>[39m
              [36m<a[39m
                [33mhref[39m=[32m"/vehicles"[39m
              [36m>[39m
                [36m<button[39m
                  [33mclass[39m=[32m"inline-flex items-center justify-center font-medium rounded-lg transition-all focus:outline-none focus:ring-2 focus:ring-offset-2 disabled:opacity-50 disabled:cursor-not-allowed bg-indigo-600 hover:bg-indigo-700 text-white focus:ring-indigo-500 px-5 py-2.5 text-base  shadow-lg shadow-indigo-500/30 hover:scale-105 transition-transform"[39m
                [36m>[39m
                  [0mExplore Inventory ΓåÆ[0m
                [36m</button>[39m
              [36m</a>[39m
              [36m<a[39m
                [33mhref[39m=[32m"/register"[39m
              [36m>[39m
                [36m<button[39m
                  [33mclass[39m=[32m"inline-flex items-center justify-center font-medium rounded-lg transition-all focus:outline-none focus:ring-2 focus:ring-offset-2 disabled:opacity-50 disabled:cursor-not-allowed bg-transparent border border-slate-700 hover:bg-slate-800 text-slate-300 focus:ring-slate-500 px-5 py-2.5 text-base  hover:scale-105 transition-transform"[39m
                [36m>[39m
                  [0mCreate Account[0m
                [36m</button>[39m
              [36m</a>[39m
            [36m</div>[39m
          [36m</div>[39m
        [36m</section>[39m
        [36m<section[39m
          [33mclass[39m=[32m"grid grid-cols-2 md:grid-cols-4 gap-4 mb-16"[39m
        [36m>[39m
          [36m<div[39m
            [33mclass[39m=[32m"bg-white dark:bg-slate-900/60 border border-slate-200 dark:border-slate-800/80 rounded-2xl p-6 text-center shadow-sm hover:shadow-md transition-all hover:-translate-y-1"[39m
          [36m>[39m
            [36m<p[39m
              [33mclass[39m=[32m"text-3xl font-black text-indigo-600 dark:text-indigo-400"[39m
            [36m>[39m
              [0m100%[0m
            [36m</p>[39m
            [36m<p[39m
              [33mclass[39m=[32m"text-sm font-medium text-slate-500 dark:text-slate-400 mt-1"[39m
            [36m>[39m
              [0mVerified Inventory[0m
            [36m</p>[39m
          [36m</div>[39m
          [36m<div[39m
            [33mclass[39m=[32m"bg-white dark:bg-slate-900/60 border border-slate-200 dark:border-slate-800/80 rounded-2xl p-6 text-center shadow-sm hover:shadow-md t...

[90mstdout[2m | src/pages/__tests__/publicPages.test.tsx[2m > [22m[2mPublic Pages[2m > [22m[2mHome Page[2m > [22m[2mrenders hero section, call to action, statistics, and about section
[22m[39m[36m<body>[39m
  [36m<div>[39m
    [36m<div[39m
      [33mclass[39m=[32m"flex flex-col min-h-screen bg-slate-50 dark:bg-slate-950 text-slate-900 dark:text-slate-100 font-sans transition-colors duration-300"[39m
    [36m>[39m
      [36m<header[39m
        [33mclass[39m=[32m"border-b border-slate-200/80 dark:border-slate-800/80 bg-white/80 dark:bg-slate-900/80 backdrop-blur-lg sticky top-0 z-50 transition-colors duration-300"[39m
        [33mrole[39m=[32m"banner"[39m
      [36m>[39m
        [36m<div[39m
          [33mclass[39m=[32m"max-w-7xl mx-auto px-4 sm:px-6 lg:px-8 h-16 flex items-center justify-between"[39m
        [36m>[39m
          [36m<a[39m
            [33mclass[39m=[32m"flex items-center gap-3 text-xl font-bold tracking-tight hover:opacity-90 transition-opacity"[39m
            [33mhref[39m=[32m"/"[39m
          [36m>[39m
            [36m<div[39m
              [33mclass[39m=[32m"flex items-center justify-center w-10 h-10 rounded-xl bg-slate-900 dark:bg-white text-white dark:text-slate-900 font-black tracking-tighter text-sm transition-transform duration-300 hover:scale-110 shadow-lg "[39m
            [36m>[39m
              [0mKATA[0m
            [36m</div>[39m
            [36m<span[39m
              [33mclass[39m=[32m"hidden sm:inline-block"[39m
            [36m>[39m
              [0mKATA[0m
            [36m</span>[39m
          [36m</a>[39m
          [36m<div[39m
            [33mclass[39m=[32m"flex items-center gap-4"[39m
          [36m>[39m
            [36m<nav[39m
              [33mclass[39m=[32m"hidden md:flex items-center gap-2"[39m
              [33mrole[39m=[32m"navigation"[39m
            [36m>[39m
              [36m<a[39m
                [33mclass[39m=[32m"text-sm font-medium transition-colors px-3 py-2 rounded-lg bg-indigo-100 dark:bg-indigo-600/20 text-indigo-700 dark:text-indigo-400 font-semibold border border-indigo-200 dark:border-indigo-500/30"[39m
                [33mhref[39m=[32m"/"[39m
              [36m>[39m
                [0mHome[0m
              [36m</a>[39m
              [36m<a[39m
                [33mclass[39m=[32m"text-sm font-medium transition-colors px-3 py-2 rounded-lg text-slate-600 dark:text-slate-300 hover:text-slate-900 dark:hover:text-white hover:bg-slate-100 dark:hover:bg-slate-800/60"[39m
                [33mhref[39m=[32m"/vehicles"[39m
              [36m>[39m
                [0mVehicles[0m
              [36m</a>[39m
              [36m<a[39m
                [33mclass[39m=[32m"text-sm font-medium transition-colors px-3 py-2 rounded-lg text-slate-600 dark:text-slate-300 hover:text-slate-900 dark:hover:text-white hover:bg-slate-100 dark:hover:bg-slate-800/60"[39m
                [33mhref[39m=[32m"/dashboard"[39m
              [36m>[39m
                [0mDashboard[0m
              [36m</a>[39m
              [36m<a[39m
                [33mclass[39m=[32m"text-sm font-medium transition-colors px-3 py-2 rounded-lg text-slate-600 dark:text-slate-300 hover:text-slate-900 dark:hover:text-white hover:bg-slate-100 dark:hover:bg-slate-800/60"[39m
                [33mhref[39m=[32m"/profile"[39m
              [36m>[39m
                [0mProfile[0m
              [36m</a>[39m
              [36m<button[39m
                [33mclass[39m=[32m"text-sm font-medium text-slate-500 dark:text-slate-400 hover:text-rose-600 dark:hover:text-rose-400 hover:bg-rose-50 dark:hover:bg-rose-500/10 px-3 py-2 rounded-lg transition-colors ml-2"[39m
              [36m>[39m
                [0mLogout[0m
              [36m</button>[39m
            [36m</nav>[39m
            [36m<button[39m
              [33maria-label[39m=[32m"Toggle Theme"[39m
              [33mclass[39m=[32m"p-2 rounded-lg text-slate-500 dark:text-slate-400 hover:bg-slate-100 dark:hover:bg-slate-800 transition-colors"[39m
            [36m>[39m
              [0m≡ƒîÖ[0m
            [36m</button>[39m
            [36m<button[39m
              [33maria-label[39m=[32m"Toggle Navigation Menu"[39m
              [33mclass[39m=[32m"md:hidden p-2 rounded-lg text-slate-500 dark:text-slate-400 hover:text-slate-900 dark:hover:text-white hover:bg-slate-100 dark:hover:bg-slate-800 transition-colors"[39m
            [36m>[39m
              [36m<svg[39m
                [33mclass[39m=[32m"w-6 h-6"[39m
                [33mfill[39m=[32m"none"[39m
                [33mstroke[39m=[32m"currentColor"[39m
                [33mviewBox[39m=[32m"0 0 24 24"[39m
              [36m>[39m
                [36m<path[39m
                  [33md[39m=[32m"M4 6h16M4 12h16M4 18h16"[39m
                  [33mstroke-linecap[39m=[32m"round"[39m
                  [33mstroke-linejoin[39m=[32m"round"[39m
                  [33mstroke-width[39m=[32m"2"[39m
                [36m/>[39m
              [36m</svg>[39m
            [36m</button>[39m
          [36m</div>[39m
        [36m</div>[39m
      [36m</header>[39m
      [36m<main[39m
        [33mclass[39m=[32m"flex-1 max-w-7xl mx-auto px-4 sm:px-6 lg:px-8 py-8 w-full transition-colors duration-300"[39m
      [36m>[39m
        [36m<section[39m
          [33mclass[39m=[32m"relative rounded-3xl overflow-hidden bg-white dark:bg-slate-900 border border-slate-200 dark:border-slate-800 p-8 sm:p-12 md:p-16 mb-16 shadow-xl transition-colors duration-300"[39m
        [36m>[39m
          [36m<div[39m
            [33mclass[39m=[32m"absolute top-0 right-0 w-full h-full bg-gradient-to-br from-indigo-50/50 via-white to-slate-50 dark:from-indigo-950/40 dark:via-slate-900 dark:to-slate-950 pointer-events-none transition-colors duration-300"[39m
          [36m/>[39m
          [36m<div[39m
            [33mclass[39m=[32m"absolute -top-24 -right-24 w-96 h-96 bg-indigo-500/10 dark:bg-indigo-500/20 rounded-full blur-3xl pointer-events-none"[39m
          [36m/>[39m
          [36m<div[39m
            [33mclass[39m=[32m"relative max-w-3xl space-y-6 z-10"[39m
          [36m>[39m
            [36m<span[39m
              [33mclass[39m=[32m"inline-flex items-center px-2.5 py-0.5 rounded-full text-xs font-semibold border bg-emerald-500/15 text-emerald-300 border-emerald-500/30 backdrop-blur-md animate-fade-in-up"[39m
            [36m>[39m
              [0mΓ£¿ Premier Dealership Experience[0m
            [36m</span>[39m
            [36m<h1[39m
              [33mclass[39m=[32m"text-4xl sm:text-5xl md:text-6xl font-black text-slate-900 dark:text-white tracking-tight leading-tight transition-colors duration-300"[39m
            [36m>[39m
              [0mFind Your Dream Vehicle with [0m
              [36m<span[39m
                [33mclass[39m=[32m"bg-gradient-to-r from-indigo-600 to-purple-600 dark:from-indigo-400 dark:to-purple-400 bg-clip-text text-transparent"[39m
              [36m>[39m
                [0mKATA[0m
              [36m</span>[39m
            [36m</h1>[39m
            [36m<p[39m
              [33mclass[39m=[32m"text-lg text-slate-600 dark:text-slate-300 leading-relaxed transition-colors duration-300"[39m
            [36m>[39m
              [0mBrowse our curated inventory of premium electric, SUV, truck, coupe, and sedan vehicles. Real-time availability, instant online purchase, and full dealership transparency.[0m
            [36m</p>[39m
            [36m<div[39m
              [33mclass[39m=[32m"flex flex-wrap gap-4 pt-4"[39m
            [36m>[39m
              [36m<a[39m
                [33mhref[39m=[32m"/vehicles"[39m
              [36m>[39m
                [36m<button[39m
                  [33mclass[39m=[32m"inline-flex items-center justify-center font-medium rounded-lg transition-all focus:outline-none focus:ring-2 focus:ring-offset-2 disabled:opacity-50 disabled:cursor-not-allowed bg-indigo-600 hover:bg-indigo-700 text-white focus:ring-indigo-500 px-5 py-2.5 text-base  shadow-lg shadow-indigo-500/30 hover:scale-105 transition-transform"[39m
                [36m>[39m
                  [0mExplore Inventory ΓåÆ[0m
                [36m</button>[39m
              [36m</a>[39m
              [36m<a[39m
                [33mhref[39m=[32m"/register"[39m
              [36m>[39m
                [36m<button[39m
                  [33mclass[39m=[32m"inline-flex items-center justify-center font-medium rounded-lg transition-all focus:outline-none focus:ring-2 focus:ring-offset-2 disabled:opacity-50 disabled:cursor-not-allowed bg-transparent border border-slate-700 hover:bg-slate-800 text-slate-300 focus:ring-slate-500 px-5 py-2.5 text-base  hover:scale-105 transition-transform"[39m
                [36m>[39m
                  [0mCreate Account[0m
                [36m</button>[39m
              [36m</a>[39m
            [36m</div>[39m
          [36m</div>[39m
        [36m</section>[39m
        [36m<section[39m
          [33mclass[39m=[32m"grid grid-cols-2 md:grid-cols-4 gap-4 mb-16"[39m
        [36m>[39m
          [36m<div[39m
            [33mclass[39m=[32m"bg-white dark:bg-slate-900/60 border border-slate-200 dark:border-slate-800/80 rounded-2xl p-6 text-center shadow-sm hover:shadow-md transition-all hover:-translate-y-1"[39m
          [36m>[39m
            [36m<p[39m
              [33mclass[39m=[32m"text-3xl font-black text-indigo-600 dark:text-indigo-400"[39m
            [36m>[39m
              [0m100%[0m
            [36m</p>[39m
            [36m<p[39m
              [33mclass[39m=[32m"text-sm font-medium text-slate-500 dark:text-slate-400 mt-1"[39m
            [36m>[39m
              [0mVerified Inventory[0m
            [36m</p>[39m
          [36m</div>[39m
          [36m<div[39m
            [33mclass[39m=[32m"bg-white dark:bg-slate-900/60 border border-slate-200 dark:border-slate-800/80 rounded-2xl p-6 text-center shadow-sm hover:shadow-md t...

[90mstdout[2m | src/pages/__tests__/publicPages.test.tsx[2m > [22m[2mPublic Pages[2m > [22m[2mHome Page[2m > [22m[2mrenders hero section, call to action, statistics, and about section
[22m[39m[36m<body>[39m
  [36m<div>[39m
    [36m<div[39m
      [33mclass[39m=[32m"flex flex-col min-h-screen bg-slate-50 dark:bg-slate-950 text-slate-900 dark:text-slate-100 font-sans transition-colors duration-300"[39m
    [36m>[39m
      [36m<header[39m
        [33mclass[39m=[32m"border-b border-slate-200/80 dark:border-slate-800/80 bg-white/80 dark:bg-slate-900/80 backdrop-blur-lg sticky top-0 z-50 transition-colors duration-300"[39m
        [33mrole[39m=[32m"banner"[39m
      [36m>[39m
        [36m<div[39m
          [33mclass[39m=[32m"max-w-7xl mx-auto px-4 sm:px-6 lg:px-8 h-16 flex items-center justify-between"[39m
        [36m>[39m
          [36m<a[39m
            [33mclass[39m=[32m"flex items-center gap-3 text-xl font-bold tracking-tight hover:opacity-90 transition-opacity"[39m
            [33mhref[39m=[32m"/"[39m
          [36m>[39m
            [36m<div[39m
              [33mclass[39m=[32m"flex items-center justify-center w-10 h-10 rounded-xl bg-slate-900 dark:bg-white text-white dark:text-slate-900 font-black tracking-tighter text-sm transition-transform duration-300 hover:scale-110 shadow-lg "[39m
            [36m>[39m
              [0mKATA[0m
            [36m</div>[39m
            [36m<span[39m
              [33mclass[39m=[32m"hidden sm:inline-block"[39m
            [36m>[39m
              [0mKATA[0m
            [36m</span>[39m
          [36m</a>[39m
          [36m<div[39m
            [33mclass[39m=[32m"flex items-center gap-4"[39m
          [36m>[39m
            [36m<nav[39m
              [33mclass[39m=[32m"hidden md:flex items-center gap-2"[39m
              [33mrole[39m=[32m"navigation"[39m
            [36m>[39m
              [36m<a[39m
                [33mclass[39m=[32m"text-sm font-medium transition-colors px-3 py-2 rounded-lg bg-indigo-100 dark:bg-indigo-600/20 text-indigo-700 dark:text-indigo-400 font-semibold border border-indigo-200 dark:border-indigo-500/30"[39m
                [33mhref[39m=[32m"/"[39m
              [36m>[39m
                [0mHome[0m
              [36m</a>[39m
              [36m<a[39m
                [33mclass[39m=[32m"text-sm font-medium transition-colors px-3 py-2 rounded-lg text-slate-600 dark:text-slate-300 hover:text-slate-900 dark:hover:text-white hover:bg-slate-100 dark:hover:bg-slate-800/60"[39m
                [33mhref[39m=[32m"/vehicles"[39m
              [36m>[39m
                [0mVehicles[0m
              [36m</a>[39m
              [36m<a[39m
                [33mclass[39m=[32m"text-sm font-medium transition-colors px-3 py-2 rounded-lg text-slate-600 dark:text-slate-300 hover:text-slate-900 dark:hover:text-white hover:bg-slate-100 dark:hover:bg-slate-800/60"[39m
                [33mhref[39m=[32m"/dashboard"[39m
              [36m>[39m
                [0mDashboard[0m
              [36m</a>[39m
              [36m<a[39m
                [33mclass[39m=[32m"text-sm font-medium transition-colors px-3 py-2 rounded-lg text-slate-600 dark:text-slate-300 hover:text-slate-900 dark:hover:text-white hover:bg-slate-100 dark:hover:bg-slate-800/60"[39m
                [33mhref[39m=[32m"/profile"[39m
              [36m>[39m
                [0mProfile[0m
              [36m</a>[39m
              [36m<button[39m
                [33mclass[39m=[32m"text-sm font-medium text-slate-500 dark:text-slate-400 hover:text-rose-600 dark:hover:text-rose-400 hover:bg-rose-50 dark:hover:bg-rose-500/10 px-3 py-2 rounded-lg transition-colors ml-2"[39m
              [36m>[39m
                [0mLogout[0m
              [36m</button>[39m
            [36m</nav>[39m
            [36m<button[39m
              [33maria-label[39m=[32m"Toggle Theme"[39m
              [33mclass[39m=[32m"p-2 rounded-lg text-slate-500 dark:text-slate-400 hover:bg-slate-100 dark:hover:bg-slate-800 transition-colors"[39m
            [36m>[39m
              [0m≡ƒîÖ[0m
            [36m</button>[39m
            [36m<button[39m
              [33maria-label[39m=[32m"Toggle Navigation Menu"[39m
              [33mclass[39m=[32m"md:hidden p-2 rounded-lg text-slate-500 dark:text-slate-400 hover:text-slate-900 dark:hover:text-white hover:bg-slate-100 dark:hover:bg-slate-800 transition-colors"[39m
            [36m>[39m
              [36m<svg[39m
                [33mclass[39m=[32m"w-6 h-6"[39m
                [33mfill[39m=[32m"none"[39m
                [33mstroke[39m=[32m"currentColor"[39m
                [33mviewBox[39m=[32m"0 0 24 24"[39m
              [36m>[39m
                [36m<path[39m
                  [33md[39m=[32m"M4 6h16M4 12h16M4 18h16"[39m
                  [33mstroke-linecap[39m=[32m"round"[39m
                  [33mstroke-linejoin[39m=[32m"round"[39m
                  [33mstroke-width[39m=[32m"2"[39m
                [36m/>[39m
              [36m</svg>[39m
            [36m</button>[39m
          [36m</div>[39m
        [36m</div>[39m
      [36m</header>[39m
      [36m<main[39m
        [33mclass[39m=[32m"flex-1 max-w-7xl mx-auto px-4 sm:px-6 lg:px-8 py-8 w-full transition-colors duration-300"[39m
      [36m>[39m
        [36m<section[39m
          [33mclass[39m=[32m"relative rounded-3xl overflow-hidden bg-white dark:bg-slate-900 border border-slate-200 dark:border-slate-800 p-8 sm:p-12 md:p-16 mb-16 shadow-xl transition-colors duration-300"[39m
        [36m>[39m
          [36m<div[39m
            [33mclass[39m=[32m"absolute top-0 right-0 w-full h-full bg-gradient-to-br from-indigo-50/50 via-white to-slate-50 dark:from-indigo-950/40 dark:via-slate-900 dark:to-slate-950 pointer-events-none transition-colors duration-300"[39m
          [36m/>[39m
          [36m<div[39m
            [33mclass[39m=[32m"absolute -top-24 -right-24 w-96 h-96 bg-indigo-500/10 dark:bg-indigo-500/20 rounded-full blur-3xl pointer-events-none"[39m
          [36m/>[39m
          [36m<div[39m
            [33mclass[39m=[32m"relative max-w-3xl space-y-6 z-10"[39m
          [36m>[39m
            [36m<span[39m
              [33mclass[39m=[32m"inline-flex items-center px-2.5 py-0.5 rounded-full text-xs font-semibold border bg-emerald-500/15 text-emerald-300 border-emerald-500/30 backdrop-blur-md animate-fade-in-up"[39m
            [36m>[39m
              [0mΓ£¿ Premier Dealership Experience[0m
            [36m</span>[39m
            [36m<h1[39m
              [33mclass[39m=[32m"text-4xl sm:text-5xl md:text-6xl font-black text-slate-900 dark:text-white tracking-tight leading-tight transition-colors duration-300"[39m
            [36m>[39m
              [0mFind Your Dream Vehicle with [0m
              [36m<span[39m
                [33mclass[39m=[32m"bg-gradient-to-r from-indigo-600 to-purple-600 dark:from-indigo-400 dark:to-purple-400 bg-clip-text text-transparent"[39m
              [36m>[39m
                [0mKATA[0m
              [36m</span>[39m
            [36m</h1>[39m
            [36m<p[39m
              [33mclass[39m=[32m"text-lg text-slate-600 dark:text-slate-300 leading-relaxed transition-colors duration-300"[39m
            [36m>[39m
              [0mBrowse our curated inventory of premium electric, SUV, truck, coupe, and sedan vehicles. Real-time availability, instant online purchase, and full dealership transparency.[0m
            [36m</p>[39m
            [36m<div[39m
              [33mclass[39m=[32m"flex flex-wrap gap-4 pt-4"[39m
            [36m>[39m
              [36m<a[39m
                [33mhref[39m=[32m"/vehicles"[39m
              [36m>[39m
                [36m<button[39m
                  [33mclass[39m=[32m"inline-flex items-center justify-center font-medium rounded-lg transition-all focus:outline-none focus:ring-2 focus:ring-offset-2 disabled:opacity-50 disabled:cursor-not-allowed bg-indigo-600 hover:bg-indigo-700 text-white focus:ring-indigo-500 px-5 py-2.5 text-base  shadow-lg shadow-indigo-500/30 hover:scale-105 transition-transform"[39m
                [36m>[39m
                  [0mExplore Inventory ΓåÆ[0m
                [36m</button>[39m
              [36m</a>[39m
              [36m<a[39m
                [33mhref[39m=[32m"/register"[39m
              [36m>[39m
                [36m<button[39m
                  [33mclass[39m=[32m"inline-flex items-center justify-center font-medium rounded-lg transition-all focus:outline-none focus:ring-2 focus:ring-offset-2 disabled:opacity-50 disabled:cursor-not-allowed bg-transparent border border-slate-700 hover:bg-slate-800 text-slate-300 focus:ring-slate-500 px-5 py-2.5 text-base  hover:scale-105 transition-transform"[39m
                [36m>[39m
                  [0mCreate Account[0m
                [36m</button>[39m
              [36m</a>[39m
            [36m</div>[39m
          [36m</div>[39m
        [36m</section>[39m
        [36m<section[39m
          [33mclass[39m=[32m"grid grid-cols-2 md:grid-cols-4 gap-4 mb-16"[39m
        [36m>[39m
          [36m<div[39m
            [33mclass[39m=[32m"bg-white dark:bg-slate-900/60 border border-slate-200 dark:border-slate-800/80 rounded-2xl p-6 text-center shadow-sm hover:shadow-md transition-all hover:-translate-y-1"[39m
          [36m>[39m
            [36m<p[39m
              [33mclass[39m=[32m"text-3xl font-black text-indigo-600 dark:text-indigo-400"[39m
            [36m>[39m
              [0m100%[0m
            [36m</p>[39m
            [36m<p[39m
              [33mclass[39m=[32m"text-sm font-medium text-slate-500 dark:text-slate-400 mt-1"[39m
            [36m>[39m
              [0mVerified Inventory[0m
            [36m</p>[39m
          [36m</div>[39m
          [36m<div[39m
            [33mclass[39m=[32m"bg-white dark:bg-slate-900/60 border border-slate-200 dark:border-slate-800/80 rounded-2xl p-6 text-center shadow-sm hover:shadow-md t...

[90mstdout[2m | src/pages/__tests__/publicPages.test.tsx[2m > [22m[2mPublic Pages[2m > [22m[2mHome Page[2m > [22m[2mrenders hero section, call to action, statistics, and about section
[22m[39m[36m<body>[39m
  [36m<div>[39m
    [36m<div[39m
      [33mclass[39m=[32m"flex flex-col min-h-screen bg-slate-50 dark:bg-slate-950 text-slate-900 dark:text-slate-100 font-sans transition-colors duration-300"[39m
    [36m>[39m
      [36m<header[39m
        [33mclass[39m=[32m"border-b border-slate-200/80 dark:border-slate-800/80 bg-white/80 dark:bg-slate-900/80 backdrop-blur-lg sticky top-0 z-50 transition-colors duration-300"[39m
        [33mrole[39m=[32m"banner"[39m
      [36m>[39m
        [36m<div[39m
          [33mclass[39m=[32m"max-w-7xl mx-auto px-4 sm:px-6 lg:px-8 h-16 flex items-center justify-between"[39m
        [36m>[39m
          [36m<a[39m
            [33mclass[39m=[32m"flex items-center gap-3 text-xl font-bold tracking-tight hover:opacity-90 transition-opacity"[39m
            [33mhref[39m=[32m"/"[39m
          [36m>[39m
            [36m<div[39m
              [33mclass[39m=[32m"flex items-center justify-center w-10 h-10 rounded-xl bg-slate-900 dark:bg-white text-white dark:text-slate-900 font-black tracking-tighter text-sm transition-transform duration-300 hover:scale-110 shadow-lg "[39m
            [36m>[39m
              [0mKATA[0m
            [36m</div>[39m
            [36m<span[39m
              [33mclass[39m=[32m"hidden sm:inline-block"[39m
            [36m>[39m
              [0mKATA[0m
            [36m</span>[39m
          [36m</a>[39m
          [36m<div[39m
            [33mclass[39m=[32m"flex items-center gap-4"[39m
          [36m>[39m
            [36m<nav[39m
              [33mclass[39m=[32m"hidden md:flex items-center gap-2"[39m
              [33mrole[39m=[32m"navigation"[39m
            [36m>[39m
              [36m<a[39m
                [33mclass[39m=[32m"text-sm font-medium transition-colors px-3 py-2 rounded-lg bg-indigo-100 dark:bg-indigo-600/20 text-indigo-700 dark:text-indigo-400 font-semibold border border-indigo-200 dark:border-indigo-500/30"[39m
                [33mhref[39m=[32m"/"[39m
              [36m>[39m
                [0mHome[0m
              [36m</a>[39m
              [36m<a[39m
                [33mclass[39m=[32m"text-sm font-medium transition-colors px-3 py-2 rounded-lg text-slate-600 dark:text-slate-300 hover:text-slate-900 dark:hover:text-white hover:bg-slate-100 dark:hover:bg-slate-800/60"[39m
                [33mhref[39m=[32m"/vehicles"[39m
              [36m>[39m
                [0mVehicles[0m
              [36m</a>[39m
              [36m<a[39m
                [33mclass[39m=[32m"text-sm font-medium transition-colors px-3 py-2 rounded-lg text-slate-600 dark:text-slate-300 hover:text-slate-900 dark:hover:text-white hover:bg-slate-100 dark:hover:bg-slate-800/60"[39m
                [33mhref[39m=[32m"/dashboard"[39m
              [36m>[39m
                [0mDashboard[0m
              [36m</a>[39m
              [36m<a[39m
                [33mclass[39m=[32m"text-sm font-medium transition-colors px-3 py-2 rounded-lg text-slate-600 dark:text-slate-300 hover:text-slate-900 dark:hover:text-white hover:bg-slate-100 dark:hover:bg-slate-800/60"[39m
                [33mhref[39m=[32m"/profile"[39m
              [36m>[39m
                [0mProfile[0m
              [36m</a>[39m
              [36m<button[39m
                [33mclass[39m=[32m"text-sm font-medium text-slate-500 dark:text-slate-400 hover:text-rose-600 dark:hover:text-rose-400 hover:bg-rose-50 dark:hover:bg-rose-500/10 px-3 py-2 rounded-lg transition-colors ml-2"[39m
              [36m>[39m
                [0mLogout[0m
              [36m</button>[39m
            [36m</nav>[39m
            [36m<button[39m
              [33maria-label[39m=[32m"Toggle Theme"[39m
              [33mclass[39m=[32m"p-2 rounded-lg text-slate-500 dark:text-slate-400 hover:bg-slate-100 dark:hover:bg-slate-800 transition-colors"[39m
            [36m>[39m
              [0m≡ƒîÖ[0m
            [36m</button>[39m
            [36m<button[39m
              [33maria-label[39m=[32m"Toggle Navigation Menu"[39m
              [33mclass[39m=[32m"md:hidden p-2 rounded-lg text-slate-500 dark:text-slate-400 hover:text-slate-900 dark:hover:text-white hover:bg-slate-100 dark:hover:bg-slate-800 transition-colors"[39m
            [36m>[39m
              [36m<svg[39m
                [33mclass[39m=[32m"w-6 h-6"[39m
                [33mfill[39m=[32m"none"[39m
                [33mstroke[39m=[32m"currentColor"[39m
                [33mviewBox[39m=[32m"0 0 24 24"[39m
              [36m>[39m
                [36m<path[39m
                  [33md[39m=[32m"M4 6h16M4 12h16M4 18h16"[39m
                  [33mstroke-linecap[39m=[32m"round"[39m
                  [33mstroke-linejoin[39m=[32m"round"[39m
                  [33mstroke-width[39m=[32m"2"[39m
                [36m/>[39m
              [36m</svg>[39m
            [36m</button>[39m
          [36m</div>[39m
        [36m</div>[39m
      [36m</header>[39m
      [36m<main[39m
        [33mclass[39m=[32m"flex-1 max-w-7xl mx-auto px-4 sm:px-6 lg:px-8 py-8 w-full transition-colors duration-300"[39m
      [36m>[39m
        [36m<section[39m
          [33mclass[39m=[32m"relative rounded-3xl overflow-hidden bg-white dark:bg-slate-900 border border-slate-200 dark:border-slate-800 p-8 sm:p-12 md:p-16 mb-16 shadow-xl transition-colors duration-300"[39m
        [36m>[39m
          [36m<div[39m
            [33mclass[39m=[32m"absolute top-0 right-0 w-full h-full bg-gradient-to-br from-indigo-50/50 via-white to-slate-50 dark:from-indigo-950/40 dark:via-slate-900 dark:to-slate-950 pointer-events-none transition-colors duration-300"[39m
          [36m/>[39m
          [36m<div[39m
            [33mclass[39m=[32m"absolute -top-24 -right-24 w-96 h-96 bg-indigo-500/10 dark:bg-indigo-500/20 rounded-full blur-3xl pointer-events-none"[39m
          [36m/>[39m
          [36m<div[39m
            [33mclass[39m=[32m"relative max-w-3xl space-y-6 z-10"[39m
          [36m>[39m
            [36m<span[39m
              [33mclass[39m=[32m"inline-flex items-center px-2.5 py-0.5 rounded-full text-xs font-semibold border bg-emerald-500/15 text-emerald-300 border-emerald-500/30 backdrop-blur-md animate-fade-in-up"[39m
            [36m>[39m
              [0mΓ£¿ Premier Dealership Experience[0m
            [36m</span>[39m
            [36m<h1[39m
              [33mclass[39m=[32m"text-4xl sm:text-5xl md:text-6xl font-black text-slate-900 dark:text-white tracking-tight leading-tight transition-colors duration-300"[39m
            [36m>[39m
              [0mFind Your Dream Vehicle with [0m
              [36m<span[39m
                [33mclass[39m=[32m"bg-gradient-to-r from-indigo-600 to-purple-600 dark:from-indigo-400 dark:to-purple-400 bg-clip-text text-transparent"[39m
              [36m>[39m
                [0mKATA[0m
              [36m</span>[39m
            [36m</h1>[39m
            [36m<p[39m
              [33mclass[39m=[32m"text-lg text-slate-600 dark:text-slate-300 leading-relaxed transition-colors duration-300"[39m
            [36m>[39m
              [0mBrowse our curated inventory of premium electric, SUV, truck, coupe, and sedan vehicles. Real-time availability, instant online purchase, and full dealership transparency.[0m
            [36m</p>[39m
            [36m<div[39m
              [33mclass[39m=[32m"flex flex-wrap gap-4 pt-4"[39m
            [36m>[39m
              [36m<a[39m
                [33mhref[39m=[32m"/vehicles"[39m
              [36m>[39m
                [36m<button[39m
                  [33mclass[39m=[32m"inline-flex items-center justify-center font-medium rounded-lg transition-all focus:outline-none focus:ring-2 focus:ring-offset-2 disabled:opacity-50 disabled:cursor-not-allowed bg-indigo-600 hover:bg-indigo-700 text-white focus:ring-indigo-500 px-5 py-2.5 text-base  shadow-lg shadow-indigo-500/30 hover:scale-105 transition-transform"[39m
                [36m>[39m
                  [0mExplore Inventory ΓåÆ[0m
                [36m</button>[39m
              [36m</a>[39m
              [36m<a[39m
                [33mhref[39m=[32m"/register"[39m
              [36m>[39m
                [36m<button[39m
                  [33mclass[39m=[32m"inline-flex items-center justify-center font-medium rounded-lg transition-all focus:outline-none focus:ring-2 focus:ring-offset-2 disabled:opacity-50 disabled:cursor-not-allowed bg-transparent border border-slate-700 hover:bg-slate-800 text-slate-300 focus:ring-slate-500 px-5 py-2.5 text-base  hover:scale-105 transition-transform"[39m
                [36m>[39m
                  [0mCreate Account[0m
                [36m</button>[39m
              [36m</a>[39m
            [36m</div>[39m
          [36m</div>[39m
        [36m</section>[39m
        [36m<section[39m
          [33mclass[39m=[32m"grid grid-cols-2 md:grid-cols-4 gap-4 mb-16"[39m
        [36m>[39m
          [36m<div[39m
            [33mclass[39m=[32m"bg-white dark:bg-slate-900/60 border border-slate-200 dark:border-slate-800/80 rounded-2xl p-6 text-center shadow-sm hover:shadow-md transition-all hover:-translate-y-1"[39m
          [36m>[39m
            [36m<p[39m
              [33mclass[39m=[32m"text-3xl font-black text-indigo-600 dark:text-indigo-400"[39m
            [36m>[39m
              [0m100%[0m
            [36m</p>[39m
            [36m<p[39m
              [33mclass[39m=[32m"text-sm font-medium text-slate-500 dark:text-slate-400 mt-1"[39m
            [36m>[39m
              [0mVerified Inventory[0m
            [36m</p>[39m
          [36m</div>[39m
          [36m<div[39m
            [33mclass[39m=[32m"bg-white dark:bg-slate-900/60 border border-slate-200 dark:border-slate-800/80 rounded-2xl p-6 text-center shadow-sm hover:shadow-md t...

[90mstdout[2m | src/pages/__tests__/publicPages.test.tsx[2m > [22m[2mPublic Pages[2m > [22m[2mHome Page[2m > [22m[2mrenders hero section, call to action, statistics, and about section
[22m[39m[36m<body>[39m
  [36m<div>[39m
    [36m<div[39m
      [33mclass[39m=[32m"flex flex-col min-h-screen bg-slate-50 dark:bg-slate-950 text-slate-900 dark:text-slate-100 font-sans transition-colors duration-300"[39m
    [36m>[39m
      [36m<header[39m
        [33mclass[39m=[32m"border-b border-slate-200/80 dark:border-slate-800/80 bg-white/80 dark:bg-slate-900/80 backdrop-blur-lg sticky top-0 z-50 transition-colors duration-300"[39m
        [33mrole[39m=[32m"banner"[39m
      [36m>[39m
        [36m<div[39m
          [33mclass[39m=[32m"max-w-7xl mx-auto px-4 sm:px-6 lg:px-8 h-16 flex items-center justify-between"[39m
        [36m>[39m
          [36m<a[39m
            [33mclass[39m=[32m"flex items-center gap-3 text-xl font-bold tracking-tight hover:opacity-90 transition-opacity"[39m
            [33mhref[39m=[32m"/"[39m
          [36m>[39m
            [36m<div[39m
              [33mclass[39m=[32m"flex items-center justify-center w-10 h-10 rounded-xl bg-slate-900 dark:bg-white text-white dark:text-slate-900 font-black tracking-tighter text-sm transition-transform duration-300 hover:scale-110 shadow-lg "[39m
            [36m>[39m
              [0mKATA[0m
            [36m</div>[39m
            [36m<span[39m
              [33mclass[39m=[32m"hidden sm:inline-block"[39m
            [36m>[39m
              [0mKATA[0m
            [36m</span>[39m
          [36m</a>[39m
          [36m<div[39m
            [33mclass[39m=[32m"flex items-center gap-4"[39m
          [36m>[39m
            [36m<nav[39m
              [33mclass[39m=[32m"hidden md:flex items-center gap-2"[39m
              [33mrole[39m=[32m"navigation"[39m
            [36m>[39m
              [36m<a[39m
                [33mclass[39m=[32m"text-sm font-medium transition-colors px-3 py-2 rounded-lg bg-indigo-100 dark:bg-indigo-600/20 text-indigo-700 dark:text-indigo-400 font-semibold border border-indigo-200 dark:border-indigo-500/30"[39m
                [33mhref[39m=[32m"/"[39m
              [36m>[39m
                [0mHome[0m
              [36m</a>[39m
              [36m<a[39m
                [33mclass[39m=[32m"text-sm font-medium transition-colors px-3 py-2 rounded-lg text-slate-600 dark:text-slate-300 hover:text-slate-900 dark:hover:text-white hover:bg-slate-100 dark:hover:bg-slate-800/60"[39m
                [33mhref[39m=[32m"/vehicles"[39m
              [36m>[39m
                [0mVehicles[0m
              [36m</a>[39m
              [36m<a[39m
                [33mclass[39m=[32m"text-sm font-medium transition-colors px-3 py-2 rounded-lg text-slate-600 dark:text-slate-300 hover:text-slate-900 dark:hover:text-white hover:bg-slate-100 dark:hover:bg-slate-800/60"[39m
                [33mhref[39m=[32m"/dashboard"[39m
              [36m>[39m
                [0mDashboard[0m
              [36m</a>[39m
              [36m<a[39m
                [33mclass[39m=[32m"text-sm font-medium transition-colors px-3 py-2 rounded-lg text-slate-600 dark:text-slate-300 hover:text-slate-900 dark:hover:text-white hover:bg-slate-100 dark:hover:bg-slate-800/60"[39m
                [33mhref[39m=[32m"/profile"[39m
              [36m>[39m
                [0mProfile[0m
              [36m</a>[39m
              [36m<button[39m
                [33mclass[39m=[32m"text-sm font-medium text-slate-500 dark:text-slate-400 hover:text-rose-600 dark:hover:text-rose-400 hover:bg-rose-50 dark:hover:bg-rose-500/10 px-3 py-2 rounded-lg transition-colors ml-2"[39m
              [36m>[39m
                [0mLogout[0m
              [36m</button>[39m
            [36m</nav>[39m
            [36m<button[39m
              [33maria-label[39m=[32m"Toggle Theme"[39m
              [33mclass[39m=[32m"p-2 rounded-lg text-slate-500 dark:text-slate-400 hover:bg-slate-100 dark:hover:bg-slate-800 transition-colors"[39m
            [36m>[39m
              [0m≡ƒîÖ[0m
            [36m</button>[39m
            [36m<button[39m
              [33maria-label[39m=[32m"Toggle Navigation Menu"[39m
              [33mclass[39m=[32m"md:hidden p-2 rounded-lg text-slate-500 dark:text-slate-400 hover:text-slate-900 dark:hover:text-white hover:bg-slate-100 dark:hover:bg-slate-800 transition-colors"[39m
            [36m>[39m
              [36m<svg[39m
                [33mclass[39m=[32m"w-6 h-6"[39m
                [33mfill[39m=[32m"none"[39m
                [33mstroke[39m=[32m"currentColor"[39m
                [33mviewBox[39m=[32m"0 0 24 24"[39m
              [36m>[39m
                [36m<path[39m
                  [33md[39m=[32m"M4 6h16M4 12h16M4 18h16"[39m
                  [33mstroke-linecap[39m=[32m"round"[39m
                  [33mstroke-linejoin[39m=[32m"round"[39m
                  [33mstroke-width[39m=[32m"2"[39m
                [36m/>[39m
              [36m</svg>[39m
            [36m</button>[39m
          [36m</div>[39m
        [36m</div>[39m
      [36m</header>[39m
      [36m<main[39m
        [33mclass[39m=[32m"flex-1 max-w-7xl mx-auto px-4 sm:px-6 lg:px-8 py-8 w-full transition-colors duration-300"[39m
      [36m>[39m
        [36m<section[39m
          [33mclass[39m=[32m"relative rounded-3xl overflow-hidden bg-white dark:bg-slate-900 border border-slate-200 dark:border-slate-800 p-8 sm:p-12 md:p-16 mb-16 shadow-xl transition-colors duration-300"[39m
        [36m>[39m
          [36m<div[39m
            [33mclass[39m=[32m"absolute top-0 right-0 w-full h-full bg-gradient-to-br from-indigo-50/50 via-white to-slate-50 dark:from-indigo-950/40 dark:via-slate-900 dark:to-slate-950 pointer-events-none transition-colors duration-300"[39m
          [36m/>[39m
          [36m<div[39m
            [33mclass[39m=[32m"absolute -top-24 -right-24 w-96 h-96 bg-indigo-500/10 dark:bg-indigo-500/20 rounded-full blur-3xl pointer-events-none"[39m
          [36m/>[39m
          [36m<div[39m
            [33mclass[39m=[32m"relative max-w-3xl space-y-6 z-10"[39m
          [36m>[39m
            [36m<span[39m
              [33mclass[39m=[32m"inline-flex items-center px-2.5 py-0.5 rounded-full text-xs font-semibold border bg-emerald-500/15 text-emerald-300 border-emerald-500/30 backdrop-blur-md animate-fade-in-up"[39m
            [36m>[39m
              [0mΓ£¿ Premier Dealership Experience[0m
            [36m</span>[39m
            [36m<h1[39m
              [33mclass[39m=[32m"text-4xl sm:text-5xl md:text-6xl font-black text-slate-900 dark:text-white tracking-tight leading-tight transition-colors duration-300"[39m
            [36m>[39m
              [0mFind Your Dream Vehicle with [0m
              [36m<span[39m
                [33mclass[39m=[32m"bg-gradient-to-r from-indigo-600 to-purple-600 dark:from-indigo-400 dark:to-purple-400 bg-clip-text text-transparent"[39m
              [36m>[39m
                [0mKATA[0m
              [36m</span>[39m
            [36m</h1>[39m
            [36m<p[39m
              [33mclass[39m=[32m"text-lg text-slate-600 dark:text-slate-300 leading-relaxed transition-colors duration-300"[39m
            [36m>[39m
              [0mBrowse our curated inventory of premium electric, SUV, truck, coupe, and sedan vehicles. Real-time availability, instant online purchase, and full dealership transparency.[0m
            [36m</p>[39m
            [36m<div[39m
              [33mclass[39m=[32m"flex flex-wrap gap-4 pt-4"[39m
            [36m>[39m
              [36m<a[39m
                [33mhref[39m=[32m"/vehicles"[39m
              [36m>[39m
                [36m<button[39m
                  [33mclass[39m=[32m"inline-flex items-center justify-center font-medium rounded-lg transition-all focus:outline-none focus:ring-2 focus:ring-offset-2 disabled:opacity-50 disabled:cursor-not-allowed bg-indigo-600 hover:bg-indigo-700 text-white focus:ring-indigo-500 px-5 py-2.5 text-base  shadow-lg shadow-indigo-500/30 hover:scale-105 transition-transform"[39m
                [36m>[39m
                  [0mExplore Inventory ΓåÆ[0m
                [36m</button>[39m
              [36m</a>[39m
              [36m<a[39m
                [33mhref[39m=[32m"/register"[39m
              [36m>[39m
                [36m<button[39m
                  [33mclass[39m=[32m"inline-flex items-center justify-center font-medium rounded-lg transition-all focus:outline-none focus:ring-2 focus:ring-offset-2 disabled:opacity-50 disabled:cursor-not-allowed bg-transparent border border-slate-700 hover:bg-slate-800 text-slate-300 focus:ring-slate-500 px-5 py-2.5 text-base  hover:scale-105 transition-transform"[39m
                [36m>[39m
                  [0mCreate Account[0m
                [36m</button>[39m
              [36m</a>[39m
            [36m</div>[39m
          [36m</div>[39m
        [36m</section>[39m
        [36m<section[39m
          [33mclass[39m=[32m"grid grid-cols-2 md:grid-cols-4 gap-4 mb-16"[39m
        [36m>[39m
          [36m<div[39m
            [33mclass[39m=[32m"bg-white dark:bg-slate-900/60 border border-slate-200 dark:border-slate-800/80 rounded-2xl p-6 text-center shadow-sm hover:shadow-md transition-all hover:-translate-y-1"[39m
          [36m>[39m
            [36m<p[39m
              [33mclass[39m=[32m"text-3xl font-black text-indigo-600 dark:text-indigo-400"[39m
            [36m>[39m
              [0m100%[0m
            [36m</p>[39m
            [36m<p[39m
              [33mclass[39m=[32m"text-sm font-medium text-slate-500 dark:text-slate-400 mt-1"[39m
            [36m>[39m
              [0mVerified Inventory[0m
            [36m</p>[39m
          [36m</div>[39m
          [36m<div[39m
            [33mclass[39m=[32m"bg-white dark:bg-slate-900/60 border border-slate-200 dark:border-slate-800/80 rounded-2xl p-6 text-center shadow-sm hover:shadow-md t...

[90mstdout[2m | src/pages/__tests__/publicPages.test.tsx[2m > [22m[2mPublic Pages[2m > [22m[2mHome Page[2m > [22m[2mrenders hero section, call to action, statistics, and about section
[22m[39m[36m<body>[39m
  [36m<div>[39m
    [36m<div[39m
      [33mclass[39m=[32m"flex flex-col min-h-screen bg-slate-50 dark:bg-slate-950 text-slate-900 dark:text-slate-100 font-sans transition-colors duration-300"[39m
    [36m>[39m
      [36m<header[39m
        [33mclass[39m=[32m"border-b border-slate-200/80 dark:border-slate-800/80 bg-white/80 dark:bg-slate-900/80 backdrop-blur-lg sticky top-0 z-50 transition-colors duration-300"[39m
        [33mrole[39m=[32m"banner"[39m
      [36m>[39m
        [36m<div[39m
          [33mclass[39m=[32m"max-w-7xl mx-auto px-4 sm:px-6 lg:px-8 h-16 flex items-center justify-between"[39m
        [36m>[39m
          [36m<a[39m
            [33mclass[39m=[32m"flex items-center gap-3 text-xl font-bold tracking-tight hover:opacity-90 transition-opacity"[39m
            [33mhref[39m=[32m"/"[39m
          [36m>[39m
            [36m<div[39m
              [33mclass[39m=[32m"flex items-center justify-center w-10 h-10 rounded-xl bg-slate-900 dark:bg-white text-white dark:text-slate-900 font-black tracking-tighter text-sm transition-transform duration-300 hover:scale-110 shadow-lg "[39m
            [36m>[39m
              [0mKATA[0m
            [36m</div>[39m
            [36m<span[39m
              [33mclass[39m=[32m"hidden sm:inline-block"[39m
            [36m>[39m
              [0mKATA[0m
            [36m</span>[39m
          [36m</a>[39m
          [36m<div[39m
            [33mclass[39m=[32m"flex items-center gap-4"[39m
          [36m>[39m
            [36m<nav[39m
              [33mclass[39m=[32m"hidden md:flex items-center gap-2"[39m
              [33mrole[39m=[32m"navigation"[39m
            [36m>[39m
              [36m<a[39m
                [33mclass[39m=[32m"text-sm font-medium transition-colors px-3 py-2 rounded-lg bg-indigo-100 dark:bg-indigo-600/20 text-indigo-700 dark:text-indigo-400 font-semibold border border-indigo-200 dark:border-indigo-500/30"[39m
                [33mhref[39m=[32m"/"[39m
              [36m>[39m
                [0mHome[0m
              [36m</a>[39m
              [36m<a[39m
                [33mclass[39m=[32m"text-sm font-medium transition-colors px-3 py-2 rounded-lg text-slate-600 dark:text-slate-300 hover:text-slate-900 dark:hover:text-white hover:bg-slate-100 dark:hover:bg-slate-800/60"[39m
                [33mhref[39m=[32m"/vehicles"[39m
              [36m>[39m
                [0mVehicles[0m
              [36m</a>[39m
              [36m<a[39m
                [33mclass[39m=[32m"text-sm font-medium transition-colors px-3 py-2 rounded-lg text-slate-600 dark:text-slate-300 hover:text-slate-900 dark:hover:text-white hover:bg-slate-100 dark:hover:bg-slate-800/60"[39m
                [33mhref[39m=[32m"/dashboard"[39m
              [36m>[39m
                [0mDashboard[0m
              [36m</a>[39m
              [36m<a[39m
                [33mclass[39m=[32m"text-sm font-medium transition-colors px-3 py-2 rounded-lg text-slate-600 dark:text-slate-300 hover:text-slate-900 dark:hover:text-white hover:bg-slate-100 dark:hover:bg-slate-800/60"[39m
                [33mhref[39m=[32m"/profile"[39m
              [36m>[39m
                [0mProfile[0m
              [36m</a>[39m
              [36m<button[39m
                [33mclass[39m=[32m"text-sm font-medium text-slate-500 dark:text-slate-400 hover:text-rose-600 dark:hover:text-rose-400 hover:bg-rose-50 dark:hover:bg-rose-500/10 px-3 py-2 rounded-lg transition-colors ml-2"[39m
              [36m>[39m
                [0mLogout[0m
              [36m</button>[39m
            [36m</nav>[39m
            [36m<button[39m
              [33maria-label[39m=[32m"Toggle Theme"[39m
              [33mclass[39m=[32m"p-2 rounded-lg text-slate-500 dark:text-slate-400 hover:bg-slate-100 dark:hover:bg-slate-800 transition-colors"[39m
            [36m>[39m
              [0m≡ƒîÖ[0m
            [36m</button>[39m
            [36m<button[39m
              [33maria-label[39m=[32m"Toggle Navigation Menu"[39m
              [33mclass[39m=[32m"md:hidden p-2 rounded-lg text-slate-500 dark:text-slate-400 hover:text-slate-900 dark:hover:text-white hover:bg-slate-100 dark:hover:bg-slate-800 transition-colors"[39m
            [36m>[39m
              [36m<svg[39m
                [33mclass[39m=[32m"w-6 h-6"[39m
                [33mfill[39m=[32m"none"[39m
                [33mstroke[39m=[32m"currentColor"[39m
                [33mviewBox[39m=[32m"0 0 24 24"[39m
              [36m>[39m
                [36m<path[39m
                  [33md[39m=[32m"M4 6h16M4 12h16M4 18h16"[39m
                  [33mstroke-linecap[39m=[32m"round"[39m
                  [33mstroke-linejoin[39m=[32m"round"[39m
                  [33mstroke-width[39m=[32m"2"[39m
                [36m/>[39m
              [36m</svg>[39m
            [36m</button>[39m
          [36m</div>[39m
        [36m</div>[39m
      [36m</header>[39m
      [36m<main[39m
        [33mclass[39m=[32m"flex-1 max-w-7xl mx-auto px-4 sm:px-6 lg:px-8 py-8 w-full transition-colors duration-300"[39m
      [36m>[39m
        [36m<section[39m
          [33mclass[39m=[32m"relative rounded-3xl overflow-hidden bg-white dark:bg-slate-900 border border-slate-200 dark:border-slate-800 p-8 sm:p-12 md:p-16 mb-16 shadow-xl transition-colors duration-300"[39m
        [36m>[39m
          [36m<div[39m
            [33mclass[39m=[32m"absolute top-0 right-0 w-full h-full bg-gradient-to-br from-indigo-50/50 via-white to-slate-50 dark:from-indigo-950/40 dark:via-slate-900 dark:to-slate-950 pointer-events-none transition-colors duration-300"[39m
          [36m/>[39m
          [36m<div[39m
            [33mclass[39m=[32m"absolute -top-24 -right-24 w-96 h-96 bg-indigo-500/10 dark:bg-indigo-500/20 rounded-full blur-3xl pointer-events-none"[39m
          [36m/>[39m
          [36m<div[39m
            [33mclass[39m=[32m"relative max-w-3xl space-y-6 z-10"[39m
          [36m>[39m
            [36m<span[39m
              [33mclass[39m=[32m"inline-flex items-center px-2.5 py-0.5 rounded-full text-xs font-semibold border bg-emerald-500/15 text-emerald-300 border-emerald-500/30 backdrop-blur-md animate-fade-in-up"[39m
            [36m>[39m
              [0mΓ£¿ Premier Dealership Experience[0m
            [36m</span>[39m
            [36m<h1[39m
              [33mclass[39m=[32m"text-4xl sm:text-5xl md:text-6xl font-black text-slate-900 dark:text-white tracking-tight leading-tight transition-colors duration-300"[39m
            [36m>[39m
              [0mFind Your Dream Vehicle with [0m
              [36m<span[39m
                [33mclass[39m=[32m"bg-gradient-to-r from-indigo-600 to-purple-600 dark:from-indigo-400 dark:to-purple-400 bg-clip-text text-transparent"[39m
              [36m>[39m
                [0mKATA[0m
              [36m</span>[39m
            [36m</h1>[39m
            [36m<p[39m
              [33mclass[39m=[32m"text-lg text-slate-600 dark:text-slate-300 leading-relaxed transition-colors duration-300"[39m
            [36m>[39m
              [0mBrowse our curated inventory of premium electric, SUV, truck, coupe, and sedan vehicles. Real-time availability, instant online purchase, and full dealership transparency.[0m
            [36m</p>[39m
            [36m<div[39m
              [33mclass[39m=[32m"flex flex-wrap gap-4 pt-4"[39m
            [36m>[39m
              [36m<a[39m
                [33mhref[39m=[32m"/vehicles"[39m
              [36m>[39m
                [36m<button[39m
                  [33mclass[39m=[32m"inline-flex items-center justify-center font-medium rounded-lg transition-all focus:outline-none focus:ring-2 focus:ring-offset-2 disabled:opacity-50 disabled:cursor-not-allowed bg-indigo-600 hover:bg-indigo-700 text-white focus:ring-indigo-500 px-5 py-2.5 text-base  shadow-lg shadow-indigo-500/30 hover:scale-105 transition-transform"[39m
                [36m>[39m
                  [0mExplore Inventory ΓåÆ[0m
                [36m</button>[39m
              [36m</a>[39m
              [36m<a[39m
                [33mhref[39m=[32m"/register"[39m
              [36m>[39m
                [36m<button[39m
                  [33mclass[39m=[32m"inline-flex items-center justify-center font-medium rounded-lg transition-all focus:outline-none focus:ring-2 focus:ring-offset-2 disabled:opacity-50 disabled:cursor-not-allowed bg-transparent border border-slate-700 hover:bg-slate-800 text-slate-300 focus:ring-slate-500 px-5 py-2.5 text-base  hover:scale-105 transition-transform"[39m
                [36m>[39m
                  [0mCreate Account[0m
                [36m</button>[39m
              [36m</a>[39m
            [36m</div>[39m
          [36m</div>[39m
        [36m</section>[39m
        [36m<section[39m
          [33mclass[39m=[32m"grid grid-cols-2 md:grid-cols-4 gap-4 mb-16"[39m
        [36m>[39m
          [36m<div[39m
            [33mclass[39m=[32m"bg-white dark:bg-slate-900/60 border border-slate-200 dark:border-slate-800/80 rounded-2xl p-6 text-center shadow-sm hover:shadow-md transition-all hover:-translate-y-1"[39m
          [36m>[39m
            [36m<p[39m
              [33mclass[39m=[32m"text-3xl font-black text-indigo-600 dark:text-indigo-400"[39m
            [36m>[39m
              [0m100%[0m
            [36m</p>[39m
            [36m<p[39m
              [33mclass[39m=[32m"text-sm font-medium text-slate-500 dark:text-slate-400 mt-1"[39m
            [36m>[39m
              [0mVerified Inventory[0m
            [36m</p>[39m
          [36m</div>[39m
          [36m<div[39m
            [33mclass[39m=[32m"bg-white dark:bg-slate-900/60 border border-slate-200 dark:border-slate-800/80 rounded-2xl p-6 text-center shadow-sm hover:shadow-md t...

[90mstdout[2m | src/pages/__tests__/publicPages.test.tsx[2m > [22m[2mPublic Pages[2m > [22m[2mHome Page[2m > [22m[2mrenders hero section, call to action, statistics, and about section
[22m[39m[36m<body>[39m
  [36m<div>[39m
    [36m<div[39m
      [33mclass[39m=[32m"flex flex-col min-h-screen bg-slate-50 dark:bg-slate-950 text-slate-900 dark:text-slate-100 font-sans transition-colors duration-300"[39m
    [36m>[39m
      [36m<header[39m
        [33mclass[39m=[32m"border-b border-slate-200/80 dark:border-slate-800/80 bg-white/80 dark:bg-slate-900/80 backdrop-blur-lg sticky top-0 z-50 transition-colors duration-300"[39m
        [33mrole[39m=[32m"banner"[39m
      [36m>[39m
        [36m<div[39m
          [33mclass[39m=[32m"max-w-7xl mx-auto px-4 sm:px-6 lg:px-8 h-16 flex items-center justify-between"[39m
        [36m>[39m
          [36m<a[39m
            [33mclass[39m=[32m"flex items-center gap-3 text-xl font-bold tracking-tight hover:opacity-90 transition-opacity"[39m
            [33mhref[39m=[32m"/"[39m
          [36m>[39m
            [36m<div[39m
              [33mclass[39m=[32m"flex items-center justify-center w-10 h-10 rounded-xl bg-slate-900 dark:bg-white text-white dark:text-slate-900 font-black tracking-tighter text-sm transition-transform duration-300 hover:scale-110 shadow-lg "[39m
            [36m>[39m
              [0mKATA[0m
            [36m</div>[39m
            [36m<span[39m
              [33mclass[39m=[32m"hidden sm:inline-block"[39m
            [36m>[39m
              [0mKATA[0m
            [36m</span>[39m
          [36m</a>[39m
          [36m<div[39m
            [33mclass[39m=[32m"flex items-center gap-4"[39m
          [36m>[39m
            [36m<nav[39m
              [33mclass[39m=[32m"hidden md:flex items-center gap-2"[39m
              [33mrole[39m=[32m"navigation"[39m
            [36m>[39m
              [36m<a[39m
                [33mclass[39m=[32m"text-sm font-medium transition-colors px-3 py-2 rounded-lg bg-indigo-100 dark:bg-indigo-600/20 text-indigo-700 dark:text-indigo-400 font-semibold border border-indigo-200 dark:border-indigo-500/30"[39m
                [33mhref[39m=[32m"/"[39m
              [36m>[39m
                [0mHome[0m
              [36m</a>[39m
              [36m<a[39m
                [33mclass[39m=[32m"text-sm font-medium transition-colors px-3 py-2 rounded-lg text-slate-600 dark:text-slate-300 hover:text-slate-900 dark:hover:text-white hover:bg-slate-100 dark:hover:bg-slate-800/60"[39m
                [33mhref[39m=[32m"/vehicles"[39m
              [36m>[39m
                [0mVehicles[0m
              [36m</a>[39m
              [36m<a[39m
                [33mclass[39m=[32m"text-sm font-medium transition-colors px-3 py-2 rounded-lg text-slate-600 dark:text-slate-300 hover:text-slate-900 dark:hover:text-white hover:bg-slate-100 dark:hover:bg-slate-800/60"[39m
                [33mhref[39m=[32m"/dashboard"[39m
              [36m>[39m
                [0mDashboard[0m
              [36m</a>[39m
              [36m<a[39m
                [33mclass[39m=[32m"text-sm font-medium transition-colors px-3 py-2 rounded-lg text-slate-600 dark:text-slate-300 hover:text-slate-900 dark:hover:text-white hover:bg-slate-100 dark:hover:bg-slate-800/60"[39m
                [33mhref[39m=[32m"/profile"[39m
              [36m>[39m
                [0mProfile[0m
              [36m</a>[39m
              [36m<button[39m
                [33mclass[39m=[32m"text-sm font-medium text-slate-500 dark:text-slate-400 hover:text-rose-600 dark:hover:text-rose-400 hover:bg-rose-50 dark:hover:bg-rose-500/10 px-3 py-2 rounded-lg transition-colors ml-2"[39m
              [36m>[39m
                [0mLogout[0m
              [36m</button>[39m
            [36m</nav>[39m
            [36m<button[39m
              [33maria-label[39m=[32m"Toggle Theme"[39m
              [33mclass[39m=[32m"p-2 rounded-lg text-slate-500 dark:text-slate-400 hover:bg-slate-100 dark:hover:bg-slate-800 transition-colors"[39m
            [36m>[39m
              [0m≡ƒîÖ[0m
            [36m</button>[39m
            [36m<button[39m
              [33maria-label[39m=[32m"Toggle Navigation Menu"[39m
              [33mclass[39m=[32m"md:hidden p-2 rounded-lg text-slate-500 dark:text-slate-400 hover:text-slate-900 dark:hover:text-white hover:bg-slate-100 dark:hover:bg-slate-800 transition-colors"[39m
            [36m>[39m
              [36m<svg[39m
                [33mclass[39m=[32m"w-6 h-6"[39m
                [33mfill[39m=[32m"none"[39m
                [33mstroke[39m=[32m"currentColor"[39m
                [33mviewBox[39m=[32m"0 0 24 24"[39m
              [36m>[39m
                [36m<path[39m
                  [33md[39m=[32m"M4 6h16M4 12h16M4 18h16"[39m
                  [33mstroke-linecap[39m=[32m"round"[39m
                  [33mstroke-linejoin[39m=[32m"round"[39m
                  [33mstroke-width[39m=[32m"2"[39m
                [36m/>[39m
              [36m</svg>[39m
            [36m</button>[39m
          [36m</div>[39m
        [36m</div>[39m
      [36m</header>[39m
      [36m<main[39m
        [33mclass[39m=[32m"flex-1 max-w-7xl mx-auto px-4 sm:px-6 lg:px-8 py-8 w-full transition-colors duration-300"[39m
      [36m>[39m
        [36m<section[39m
          [33mclass[39m=[32m"relative rounded-3xl overflow-hidden bg-white dark:bg-slate-900 border border-slate-200 dark:border-slate-800 p-8 sm:p-12 md:p-16 mb-16 shadow-xl transition-colors duration-300"[39m
        [36m>[39m
          [36m<div[39m
            [33mclass[39m=[32m"absolute top-0 right-0 w-full h-full bg-gradient-to-br from-indigo-50/50 via-white to-slate-50 dark:from-indigo-950/40 dark:via-slate-900 dark:to-slate-950 pointer-events-none transition-colors duration-300"[39m
          [36m/>[39m
          [36m<div[39m
            [33mclass[39m=[32m"absolute -top-24 -right-24 w-96 h-96 bg-indigo-500/10 dark:bg-indigo-500/20 rounded-full blur-3xl pointer-events-none"[39m
          [36m/>[39m
          [36m<div[39m
            [33mclass[39m=[32m"relative max-w-3xl space-y-6 z-10"[39m
          [36m>[39m
            [36m<span[39m
              [33mclass[39m=[32m"inline-flex items-center px-2.5 py-0.5 rounded-full text-xs font-semibold border bg-emerald-500/15 text-emerald-300 border-emerald-500/30 backdrop-blur-md animate-fade-in-up"[39m
            [36m>[39m
              [0mΓ£¿ Premier Dealership Experience[0m
            [36m</span>[39m
            [36m<h1[39m
              [33mclass[39m=[32m"text-4xl sm:text-5xl md:text-6xl font-black text-slate-900 dark:text-white tracking-tight leading-tight transition-colors duration-300"[39m
            [36m>[39m
              [0mFind Your Dream Vehicle with [0m
              [36m<span[39m
                [33mclass[39m=[32m"bg-gradient-to-r from-indigo-600 to-purple-600 dark:from-indigo-400 dark:to-purple-400 bg-clip-text text-transparent"[39m
              [36m>[39m
                [0mKATA[0m
              [36m</span>[39m
            [36m</h1>[39m
            [36m<p[39m
              [33mclass[39m=[32m"text-lg text-slate-600 dark:text-slate-300 leading-relaxed transition-colors duration-300"[39m
            [36m>[39m
              [0mBrowse our curated inventory of premium electric, SUV, truck, coupe, and sedan vehicles. Real-time availability, instant online purchase, and full dealership transparency.[0m
            [36m</p>[39m
            [36m<div[39m
              [33mclass[39m=[32m"flex flex-wrap gap-4 pt-4"[39m
            [36m>[39m
              [36m<a[39m
                [33mhref[39m=[32m"/vehicles"[39m
              [36m>[39m
                [36m<button[39m
                  [33mclass[39m=[32m"inline-flex items-center justify-center font-medium rounded-lg transition-all focus:outline-none focus:ring-2 focus:ring-offset-2 disabled:opacity-50 disabled:cursor-not-allowed bg-indigo-600 hover:bg-indigo-700 text-white focus:ring-indigo-500 px-5 py-2.5 text-base  shadow-lg shadow-indigo-500/30 hover:scale-105 transition-transform"[39m
                [36m>[39m
                  [0mExplore Inventory ΓåÆ[0m
                [36m</button>[39m
              [36m</a>[39m
              [36m<a[39m
                [33mhref[39m=[32m"/register"[39m
              [36m>[39m
                [36m<button[39m
                  [33mclass[39m=[32m"inline-flex items-center justify-center font-medium rounded-lg transition-all focus:outline-none focus:ring-2 focus:ring-offset-2 disabled:opacity-50 disabled:cursor-not-allowed bg-transparent border border-slate-700 hover:bg-slate-800 text-slate-300 focus:ring-slate-500 px-5 py-2.5 text-base  hover:scale-105 transition-transform"[39m
                [36m>[39m
                  [0mCreate Account[0m
                [36m</button>[39m
              [36m</a>[39m
            [36m</div>[39m
          [36m</div>[39m
        [36m</section>[39m
        [36m<section[39m
          [33mclass[39m=[32m"grid grid-cols-2 md:grid-cols-4 gap-4 mb-16"[39m
        [36m>[39m
          [36m<div[39m
            [33mclass[39m=[32m"bg-white dark:bg-slate-900/60 border border-slate-200 dark:border-slate-800/80 rounded-2xl p-6 text-center shadow-sm hover:shadow-md transition-all hover:-translate-y-1"[39m
          [36m>[39m
            [36m<p[39m
              [33mclass[39m=[32m"text-3xl font-black text-indigo-600 dark:text-indigo-400"[39m
            [36m>[39m
              [0m100%[0m
            [36m</p>[39m
            [36m<p[39m
              [33mclass[39m=[32m"text-sm font-medium text-slate-500 dark:text-slate-400 mt-1"[39m
            [36m>[39m
              [0mVerified Inventory[0m
            [36m</p>[39m
          [36m</div>[39m
          [36m<div[39m
            [33mclass[39m=[32m"bg-white dark:bg-slate-900/60 border border-slate-200 dark:border-slate-800/80 rounded-2xl p-6 text-center shadow-sm hover:shadow-md t...

[90mstdout[2m | src/pages/__tests__/publicPages.test.tsx[2m > [22m[2mPublic Pages[2m > [22m[2mHome Page[2m > [22m[2mrenders hero section, call to action, statistics, and about section
[22m[39m[36m<body>[39m
  [36m<div>[39m
    [36m<div[39m
      [33mclass[39m=[32m"flex flex-col min-h-screen bg-slate-50 dark:bg-slate-950 text-slate-900 dark:text-slate-100 font-sans transition-colors duration-300"[39m
    [36m>[39m
      [36m<header[39m
        [33mclass[39m=[32m"border-b border-slate-200/80 dark:border-slate-800/80 bg-white/80 dark:bg-slate-900/80 backdrop-blur-lg sticky top-0 z-50 transition-colors duration-300"[39m
        [33mrole[39m=[32m"banner"[39m
      [36m>[39m
        [36m<div[39m
          [33mclass[39m=[32m"max-w-7xl mx-auto px-4 sm:px-6 lg:px-8 h-16 flex items-center justify-between"[39m
        [36m>[39m
          [36m<a[39m
            [33mclass[39m=[32m"flex items-center gap-3 text-xl font-bold tracking-tight hover:opacity-90 transition-opacity"[39m
            [33mhref[39m=[32m"/"[39m
          [36m>[39m
            [36m<div[39m
              [33mclass[39m=[32m"flex items-center justify-center w-10 h-10 rounded-xl bg-slate-900 dark:bg-white text-white dark:text-slate-900 font-black tracking-tighter text-sm transition-transform duration-300 hover:scale-110 shadow-lg "[39m
            [36m>[39m
              [0mKATA[0m
            [36m</div>[39m
            [36m<span[39m
              [33mclass[39m=[32m"hidden sm:inline-block"[39m
            [36m>[39m
              [0mKATA[0m
            [36m</span>[39m
          [36m</a>[39m
          [36m<div[39m
            [33mclass[39m=[32m"flex items-center gap-4"[39m
          [36m>[39m
            [36m<nav[39m
              [33mclass[39m=[32m"hidden md:flex items-center gap-2"[39m
              [33mrole[39m=[32m"navigation"[39m
            [36m>[39m
              [36m<a[39m
                [33mclass[39m=[32m"text-sm font-medium transition-colors px-3 py-2 rounded-lg bg-indigo-100 dark:bg-indigo-600/20 text-indigo-700 dark:text-indigo-400 font-semibold border border-indigo-200 dark:border-indigo-500/30"[39m
                [33mhref[39m=[32m"/"[39m
              [36m>[39m
                [0mHome[0m
              [36m</a>[39m
              [36m<a[39m
                [33mclass[39m=[32m"text-sm font-medium transition-colors px-3 py-2 rounded-lg text-slate-600 dark:text-slate-300 hover:text-slate-900 dark:hover:text-white hover:bg-slate-100 dark:hover:bg-slate-800/60"[39m
                [33mhref[39m=[32m"/vehicles"[39m
              [36m>[39m
                [0mVehicles[0m
              [36m</a>[39m
              [36m<a[39m
                [33mclass[39m=[32m"text-sm font-medium transition-colors px-3 py-2 rounded-lg text-slate-600 dark:text-slate-300 hover:text-slate-900 dark:hover:text-white hover:bg-slate-100 dark:hover:bg-slate-800/60"[39m
                [33mhref[39m=[32m"/dashboard"[39m
              [36m>[39m
                [0mDashboard[0m
              [36m</a>[39m
              [36m<a[39m
                [33mclass[39m=[32m"text-sm font-medium transition-colors px-3 py-2 rounded-lg text-slate-600 dark:text-slate-300 hover:text-slate-900 dark:hover:text-white hover:bg-slate-100 dark:hover:bg-slate-800/60"[39m
                [33mhref[39m=[32m"/profile"[39m
              [36m>[39m
                [0mProfile[0m
              [36m</a>[39m
              [36m<button[39m
                [33mclass[39m=[32m"text-sm font-medium text-slate-500 dark:text-slate-400 hover:text-rose-600 dark:hover:text-rose-400 hover:bg-rose-50 dark:hover:bg-rose-500/10 px-3 py-2 rounded-lg transition-colors ml-2"[39m
              [36m>[39m
                [0mLogout[0m
              [36m</button>[39m
            [36m</nav>[39m
            [36m<button[39m
              [33maria-label[39m=[32m"Toggle Theme"[39m
              [33mclass[39m=[32m"p-2 rounded-lg text-slate-500 dark:text-slate-400 hover:bg-slate-100 dark:hover:bg-slate-800 transition-colors"[39m
            [36m>[39m
              [0m≡ƒîÖ[0m
            [36m</button>[39m
            [36m<button[39m
              [33maria-label[39m=[32m"Toggle Navigation Menu"[39m
              [33mclass[39m=[32m"md:hidden p-2 rounded-lg text-slate-500 dark:text-slate-400 hover:text-slate-900 dark:hover:text-white hover:bg-slate-100 dark:hover:bg-slate-800 transition-colors"[39m
            [36m>[39m
              [36m<svg[39m
                [33mclass[39m=[32m"w-6 h-6"[39m
                [33mfill[39m=[32m"none"[39m
                [33mstroke[39m=[32m"currentColor"[39m
                [33mviewBox[39m=[32m"0 0 24 24"[39m
              [36m>[39m
                [36m<path[39m
                  [33md[39m=[32m"M4 6h16M4 12h16M4 18h16"[39m
                  [33mstroke-linecap[39m=[32m"round"[39m
                  [33mstroke-linejoin[39m=[32m"round"[39m
                  [33mstroke-width[39m=[32m"2"[39m
                [36m/>[39m
              [36m</svg>[39m
            [36m</button>[39m
          [36m</div>[39m
        [36m</div>[39m
      [36m</header>[39m
      [36m<main[39m
        [33mclass[39m=[32m"flex-1 max-w-7xl mx-auto px-4 sm:px-6 lg:px-8 py-8 w-full transition-colors duration-300"[39m
      [36m>[39m
        [36m<section[39m
          [33mclass[39m=[32m"relative rounded-3xl overflow-hidden bg-white dark:bg-slate-900 border border-slate-200 dark:border-slate-800 p-8 sm:p-12 md:p-16 mb-16 shadow-xl transition-colors duration-300"[39m
        [36m>[39m
          [36m<div[39m
            [33mclass[39m=[32m"absolute top-0 right-0 w-full h-full bg-gradient-to-br from-indigo-50/50 via-white to-slate-50 dark:from-indigo-950/40 dark:via-slate-900 dark:to-slate-950 pointer-events-none transition-colors duration-300"[39m
          [36m/>[39m
          [36m<div[39m
            [33mclass[39m=[32m"absolute -top-24 -right-24 w-96 h-96 bg-indigo-500/10 dark:bg-indigo-500/20 rounded-full blur-3xl pointer-events-none"[39m
          [36m/>[39m
          [36m<div[39m
            [33mclass[39m=[32m"relative max-w-3xl space-y-6 z-10"[39m
          [36m>[39m
            [36m<span[39m
              [33mclass[39m=[32m"inline-flex items-center px-2.5 py-0.5 rounded-full text-xs font-semibold border bg-emerald-500/15 text-emerald-300 border-emerald-500/30 backdrop-blur-md animate-fade-in-up"[39m
            [36m>[39m
              [0mΓ£¿ Premier Dealership Experience[0m
            [36m</span>[39m
            [36m<h1[39m
              [33mclass[39m=[32m"text-4xl sm:text-5xl md:text-6xl font-black text-slate-900 dark:text-white tracking-tight leading-tight transition-colors duration-300"[39m
            [36m>[39m
              [0mFind Your Dream Vehicle with [0m
              [36m<span[39m
                [33mclass[39m=[32m"bg-gradient-to-r from-indigo-600 to-purple-600 dark:from-indigo-400 dark:to-purple-400 bg-clip-text text-transparent"[39m
              [36m>[39m
                [0mKATA[0m
              [36m</span>[39m
            [36m</h1>[39m
            [36m<p[39m
              [33mclass[39m=[32m"text-lg text-slate-600 dark:text-slate-300 leading-relaxed transition-colors duration-300"[39m
            [36m>[39m
              [0mBrowse our curated inventory of premium electric, SUV, truck, coupe, and sedan vehicles. Real-time availability, instant online purchase, and full dealership transparency.[0m
            [36m</p>[39m
            [36m<div[39m
              [33mclass[39m=[32m"flex flex-wrap gap-4 pt-4"[39m
            [36m>[39m
              [36m<a[39m
                [33mhref[39m=[32m"/vehicles"[39m
              [36m>[39m
                [36m<button[39m
                  [33mclass[39m=[32m"inline-flex items-center justify-center font-medium rounded-lg transition-all focus:outline-none focus:ring-2 focus:ring-offset-2 disabled:opacity-50 disabled:cursor-not-allowed bg-indigo-600 hover:bg-indigo-700 text-white focus:ring-indigo-500 px-5 py-2.5 text-base  shadow-lg shadow-indigo-500/30 hover:scale-105 transition-transform"[39m
                [36m>[39m
                  [0mExplore Inventory ΓåÆ[0m
                [36m</button>[39m
              [36m</a>[39m
              [36m<a[39m
                [33mhref[39m=[32m"/register"[39m
              [36m>[39m
                [36m<button[39m
                  [33mclass[39m=[32m"inline-flex items-center justify-center font-medium rounded-lg transition-all focus:outline-none focus:ring-2 focus:ring-offset-2 disabled:opacity-50 disabled:cursor-not-allowed bg-transparent border border-slate-700 hover:bg-slate-800 text-slate-300 focus:ring-slate-500 px-5 py-2.5 text-base  hover:scale-105 transition-transform"[39m
                [36m>[39m
                  [0mCreate Account[0m
                [36m</button>[39m
              [36m</a>[39m
            [36m</div>[39m
          [36m</div>[39m
        [36m</section>[39m
        [36m<section[39m
          [33mclass[39m=[32m"grid grid-cols-2 md:grid-cols-4 gap-4 mb-16"[39m
        [36m>[39m
          [36m<div[39m
            [33mclass[39m=[32m"bg-white dark:bg-slate-900/60 border border-slate-200 dark:border-slate-800/80 rounded-2xl p-6 text-center shadow-sm hover:shadow-md transition-all hover:-translate-y-1"[39m
          [36m>[39m
            [36m<p[39m
              [33mclass[39m=[32m"text-3xl font-black text-indigo-600 dark:text-indigo-400"[39m
            [36m>[39m
              [0m100%[0m
            [36m</p>[39m
            [36m<p[39m
              [33mclass[39m=[32m"text-sm font-medium text-slate-500 dark:text-slate-400 mt-1"[39m
            [36m>[39m
              [0mVerified Inventory[0m
            [36m</p>[39m
          [36m</div>[39m
          [36m<div[39m
            [33mclass[39m=[32m"bg-white dark:bg-slate-900/60 border border-slate-200 dark:border-slate-800/80 rounded-2xl p-6 text-center shadow-sm hover:shadow-md t...

[90mstdout[2m | src/pages/__tests__/publicPages.test.tsx[2m > [22m[2mPublic Pages[2m > [22m[2mHome Page[2m > [22m[2mrenders hero section, call to action, statistics, and about section
[22m[39m[36m<body>[39m
  [36m<div>[39m
    [36m<div[39m
      [33mclass[39m=[32m"flex flex-col min-h-screen bg-slate-50 dark:bg-slate-950 text-slate-900 dark:text-slate-100 font-sans transition-colors duration-300"[39m
    [36m>[39m
      [36m<header[39m
        [33mclass[39m=[32m"border-b border-slate-200/80 dark:border-slate-800/80 bg-white/80 dark:bg-slate-900/80 backdrop-blur-lg sticky top-0 z-50 transition-colors duration-300"[39m
        [33mrole[39m=[32m"banner"[39m
      [36m>[39m
        [36m<div[39m
          [33mclass[39m=[32m"max-w-7xl mx-auto px-4 sm:px-6 lg:px-8 h-16 flex items-center justify-between"[39m
        [36m>[39m
          [36m<a[39m
            [33mclass[39m=[32m"flex items-center gap-3 text-xl font-bold tracking-tight hover:opacity-90 transition-opacity"[39m
            [33mhref[39m=[32m"/"[39m
          [36m>[39m
            [36m<div[39m
              [33mclass[39m=[32m"flex items-center justify-center w-10 h-10 rounded-xl bg-slate-900 dark:bg-white text-white dark:text-slate-900 font-black tracking-tighter text-sm transition-transform duration-300 hover:scale-110 shadow-lg "[39m
            [36m>[39m
              [0mKATA[0m
            [36m</div>[39m
            [36m<span[39m
              [33mclass[39m=[32m"hidden sm:inline-block"[39m
            [36m>[39m
              [0mKATA[0m
            [36m</span>[39m
          [36m</a>[39m
          [36m<div[39m
            [33mclass[39m=[32m"flex items-center gap-4"[39m
          [36m>[39m
            [36m<nav[39m
              [33mclass[39m=[32m"hidden md:flex items-center gap-2"[39m
              [33mrole[39m=[32m"navigation"[39m
            [36m>[39m
              [36m<a[39m
                [33mclass[39m=[32m"text-sm font-medium transition-colors px-3 py-2 rounded-lg bg-indigo-100 dark:bg-indigo-600/20 text-indigo-700 dark:text-indigo-400 font-semibold border border-indigo-200 dark:border-indigo-500/30"[39m
                [33mhref[39m=[32m"/"[39m
              [36m>[39m
                [0mHome[0m
              [36m</a>[39m
              [36m<a[39m
                [33mclass[39m=[32m"text-sm font-medium transition-colors px-3 py-2 rounded-lg text-slate-600 dark:text-slate-300 hover:text-slate-900 dark:hover:text-white hover:bg-slate-100 dark:hover:bg-slate-800/60"[39m
                [33mhref[39m=[32m"/vehicles"[39m
              [36m>[39m
                [0mVehicles[0m
              [36m</a>[39m
              [36m<a[39m
                [33mclass[39m=[32m"text-sm font-medium transition-colors px-3 py-2 rounded-lg text-slate-600 dark:text-slate-300 hover:text-slate-900 dark:hover:text-white hover:bg-slate-100 dark:hover:bg-slate-800/60"[39m
                [33mhref[39m=[32m"/dashboard"[39m
              [36m>[39m
                [0mDashboard[0m
              [36m</a>[39m
              [36m<a[39m
                [33mclass[39m=[32m"text-sm font-medium transition-colors px-3 py-2 rounded-lg text-slate-600 dark:text-slate-300 hover:text-slate-900 dark:hover:text-white hover:bg-slate-100 dark:hover:bg-slate-800/60"[39m
                [33mhref[39m=[32m"/profile"[39m
              [36m>[39m
                [0mProfile[0m
              [36m</a>[39m
              [36m<button[39m
                [33mclass[39m=[32m"text-sm font-medium text-slate-500 dark:text-slate-400 hover:text-rose-600 dark:hover:text-rose-400 hover:bg-rose-50 dark:hover:bg-rose-500/10 px-3 py-2 rounded-lg transition-colors ml-2"[39m
              [36m>[39m
                [0mLogout[0m
              [36m</button>[39m
            [36m</nav>[39m
            [36m<button[39m
              [33maria-label[39m=[32m"Toggle Theme"[39m
              [33mclass[39m=[32m"p-2 rounded-lg text-slate-500 dark:text-slate-400 hover:bg-slate-100 dark:hover:bg-slate-800 transition-colors"[39m
            [36m>[39m
              [0m≡ƒîÖ[0m
            [36m</button>[39m
            [36m<button[39m
              [33maria-label[39m=[32m"Toggle Navigation Menu"[39m
              [33mclass[39m=[32m"md:hidden p-2 rounded-lg text-slate-500 dark:text-slate-400 hover:text-slate-900 dark:hover:text-white hover:bg-slate-100 dark:hover:bg-slate-800 transition-colors"[39m
            [36m>[39m
              [36m<svg[39m
                [33mclass[39m=[32m"w-6 h-6"[39m
                [33mfill[39m=[32m"none"[39m
                [33mstroke[39m=[32m"currentColor"[39m
                [33mviewBox[39m=[32m"0 0 24 24"[39m
              [36m>[39m
                [36m<path[39m
                  [33md[39m=[32m"M4 6h16M4 12h16M4 18h16"[39m
                  [33mstroke-linecap[39m=[32m"round"[39m
                  [33mstroke-linejoin[39m=[32m"round"[39m
                  [33mstroke-width[39m=[32m"2"[39m
                [36m/>[39m
              [36m</svg>[39m
            [36m</button>[39m
          [36m</div>[39m
        [36m</div>[39m
      [36m</header>[39m
      [36m<main[39m
        [33mclass[39m=[32m"flex-1 max-w-7xl mx-auto px-4 sm:px-6 lg:px-8 py-8 w-full transition-colors duration-300"[39m
      [36m>[39m
        [36m<section[39m
          [33mclass[39m=[32m"relative rounded-3xl overflow-hidden bg-white dark:bg-slate-900 border border-slate-200 dark:border-slate-800 p-8 sm:p-12 md:p-16 mb-16 shadow-xl transition-colors duration-300"[39m
        [36m>[39m
          [36m<div[39m
            [33mclass[39m=[32m"absolute top-0 right-0 w-full h-full bg-gradient-to-br from-indigo-50/50 via-white to-slate-50 dark:from-indigo-950/40 dark:via-slate-900 dark:to-slate-950 pointer-events-none transition-colors duration-300"[39m
          [36m/>[39m
          [36m<div[39m
            [33mclass[39m=[32m"absolute -top-24 -right-24 w-96 h-96 bg-indigo-500/10 dark:bg-indigo-500/20 rounded-full blur-3xl pointer-events-none"[39m
          [36m/>[39m
          [36m<div[39m
            [33mclass[39m=[32m"relative max-w-3xl space-y-6 z-10"[39m
          [36m>[39m
            [36m<span[39m
              [33mclass[39m=[32m"inline-flex items-center px-2.5 py-0.5 rounded-full text-xs font-semibold border bg-emerald-500/15 text-emerald-300 border-emerald-500/30 backdrop-blur-md animate-fade-in-up"[39m
            [36m>[39m
              [0mΓ£¿ Premier Dealership Experience[0m
            [36m</span>[39m
            [36m<h1[39m
              [33mclass[39m=[32m"text-4xl sm:text-5xl md:text-6xl font-black text-slate-900 dark:text-white tracking-tight leading-tight transition-colors duration-300"[39m
            [36m>[39m
              [0mFind Your Dream Vehicle with [0m
              [36m<span[39m
                [33mclass[39m=[32m"bg-gradient-to-r from-indigo-600 to-purple-600 dark:from-indigo-400 dark:to-purple-400 bg-clip-text text-transparent"[39m
              [36m>[39m
                [0mKATA[0m
              [36m</span>[39m
            [36m</h1>[39m
            [36m<p[39m
              [33mclass[39m=[32m"text-lg text-slate-600 dark:text-slate-300 leading-relaxed transition-colors duration-300"[39m
            [36m>[39m
              [0mBrowse our curated inventory of premium electric, SUV, truck, coupe, and sedan vehicles. Real-time availability, instant online purchase, and full dealership transparency.[0m
            [36m</p>[39m
            [36m<div[39m
              [33mclass[39m=[32m"flex flex-wrap gap-4 pt-4"[39m
            [36m>[39m
              [36m<a[39m
                [33mhref[39m=[32m"/vehicles"[39m
              [36m>[39m
                [36m<button[39m
                  [33mclass[39m=[32m"inline-flex items-center justify-center font-medium rounded-lg transition-all focus:outline-none focus:ring-2 focus:ring-offset-2 disabled:opacity-50 disabled:cursor-not-allowed bg-indigo-600 hover:bg-indigo-700 text-white focus:ring-indigo-500 px-5 py-2.5 text-base  shadow-lg shadow-indigo-500/30 hover:scale-105 transition-transform"[39m
                [36m>[39m
                  [0mExplore Inventory ΓåÆ[0m
                [36m</button>[39m
              [36m</a>[39m
              [36m<a[39m
                [33mhref[39m=[32m"/register"[39m
              [36m>[39m
                [36m<button[39m
                  [33mclass[39m=[32m"inline-flex items-center justify-center font-medium rounded-lg transition-all focus:outline-none focus:ring-2 focus:ring-offset-2 disabled:opacity-50 disabled:cursor-not-allowed bg-transparent border border-slate-700 hover:bg-slate-800 text-slate-300 focus:ring-slate-500 px-5 py-2.5 text-base  hover:scale-105 transition-transform"[39m
                [36m>[39m
                  [0mCreate Account[0m
                [36m</button>[39m
              [36m</a>[39m
            [36m</div>[39m
          [36m</div>[39m
        [36m</section>[39m
        [36m<section[39m
          [33mclass[39m=[32m"grid grid-cols-2 md:grid-cols-4 gap-4 mb-16"[39m
        [36m>[39m
          [36m<div[39m
            [33mclass[39m=[32m"bg-white dark:bg-slate-900/60 border border-slate-200 dark:border-slate-800/80 rounded-2xl p-6 text-center shadow-sm hover:shadow-md transition-all hover:-translate-y-1"[39m
          [36m>[39m
            [36m<p[39m
              [33mclass[39m=[32m"text-3xl font-black text-indigo-600 dark:text-indigo-400"[39m
            [36m>[39m
              [0m100%[0m
            [36m</p>[39m
            [36m<p[39m
              [33mclass[39m=[32m"text-sm font-medium text-slate-500 dark:text-slate-400 mt-1"[39m
            [36m>[39m
              [0mVerified Inventory[0m
            [36m</p>[39m
          [36m</div>[39m
          [36m<div[39m
            [33mclass[39m=[32m"bg-white dark:bg-slate-900/60 border border-slate-200 dark:border-slate-800/80 rounded-2xl p-6 text-center shadow-sm hover:shadow-md t...

[90mstdout[2m | src/pages/__tests__/publicPages.test.tsx[2m > [22m[2mPublic Pages[2m > [22m[2mHome Page[2m > [22m[2mrenders hero section, call to action, statistics, and about section
[22m[39m[36m<body>[39m
  [36m<div>[39m
    [36m<div[39m
      [33mclass[39m=[32m"flex flex-col min-h-screen bg-slate-50 dark:bg-slate-950 text-slate-900 dark:text-slate-100 font-sans transition-colors duration-300"[39m
    [36m>[39m
      [36m<header[39m
        [33mclass[39m=[32m"border-b border-slate-200/80 dark:border-slate-800/80 bg-white/80 dark:bg-slate-900/80 backdrop-blur-lg sticky top-0 z-50 transition-colors duration-300"[39m
        [33mrole[39m=[32m"banner"[39m
      [36m>[39m
        [36m<div[39m
          [33mclass[39m=[32m"max-w-7xl mx-auto px-4 sm:px-6 lg:px-8 h-16 flex items-center justify-between"[39m
        [36m>[39m
          [36m<a[39m
            [33mclass[39m=[32m"flex items-center gap-3 text-xl font-bold tracking-tight hover:opacity-90 transition-opacity"[39m
            [33mhref[39m=[32m"/"[39m
          [36m>[39m
            [36m<div[39m
              [33mclass[39m=[32m"flex items-center justify-center w-10 h-10 rounded-xl bg-slate-900 dark:bg-white text-white dark:text-slate-900 font-black tracking-tighter text-sm transition-transform duration-300 hover:scale-110 shadow-lg "[39m
            [36m>[39m
              [0mKATA[0m
            [36m</div>[39m
            [36m<span[39m
              [33mclass[39m=[32m"hidden sm:inline-block"[39m
            [36m>[39m
              [0mKATA[0m
            [36m</span>[39m
          [36m</a>[39m
          [36m<div[39m
            [33mclass[39m=[32m"flex items-center gap-4"[39m
          [36m>[39m
            [36m<nav[39m
              [33mclass[39m=[32m"hidden md:flex items-center gap-2"[39m
              [33mrole[39m=[32m"navigation"[39m
            [36m>[39m
              [36m<a[39m
                [33mclass[39m=[32m"text-sm font-medium transition-colors px-3 py-2 rounded-lg bg-indigo-100 dark:bg-indigo-600/20 text-indigo-700 dark:text-indigo-400 font-semibold border border-indigo-200 dark:border-indigo-500/30"[39m
                [33mhref[39m=[32m"/"[39m
              [36m>[39m
                [0mHome[0m
              [36m</a>[39m
              [36m<a[39m
                [33mclass[39m=[32m"text-sm font-medium transition-colors px-3 py-2 rounded-lg text-slate-600 dark:text-slate-300 hover:text-slate-900 dark:hover:text-white hover:bg-slate-100 dark:hover:bg-slate-800/60"[39m
                [33mhref[39m=[32m"/vehicles"[39m
              [36m>[39m
                [0mVehicles[0m
              [36m</a>[39m
              [36m<a[39m
                [33mclass[39m=[32m"text-sm font-medium transition-colors px-3 py-2 rounded-lg text-slate-600 dark:text-slate-300 hover:text-slate-900 dark:hover:text-white hover:bg-slate-100 dark:hover:bg-slate-800/60"[39m
                [33mhref[39m=[32m"/dashboard"[39m
              [36m>[39m
                [0mDashboard[0m
              [36m</a>[39m
              [36m<a[39m
                [33mclass[39m=[32m"text-sm font-medium transition-colors px-3 py-2 rounded-lg text-slate-600 dark:text-slate-300 hover:text-slate-900 dark:hover:text-white hover:bg-slate-100 dark:hover:bg-slate-800/60"[39m
                [33mhref[39m=[32m"/profile"[39m
              [36m>[39m
                [0mProfile[0m
              [36m</a>[39m
              [36m<button[39m
                [33mclass[39m=[32m"text-sm font-medium text-slate-500 dark:text-slate-400 hover:text-rose-600 dark:hover:text-rose-400 hover:bg-rose-50 dark:hover:bg-rose-500/10 px-3 py-2 rounded-lg transition-colors ml-2"[39m
              [36m>[39m
                [0mLogout[0m
              [36m</button>[39m
            [36m</nav>[39m
            [36m<button[39m
              [33maria-label[39m=[32m"Toggle Theme"[39m
              [33mclass[39m=[32m"p-2 rounded-lg text-slate-500 dark:text-slate-400 hover:bg-slate-100 dark:hover:bg-slate-800 transition-colors"[39m
            [36m>[39m
              [0m≡ƒîÖ[0m
            [36m</button>[39m
            [36m<button[39m
              [33maria-label[39m=[32m"Toggle Navigation Menu"[39m
              [33mclass[39m=[32m"md:hidden p-2 rounded-lg text-slate-500 dark:text-slate-400 hover:text-slate-900 dark:hover:text-white hover:bg-slate-100 dark:hover:bg-slate-800 transition-colors"[39m
            [36m>[39m
              [36m<svg[39m
                [33mclass[39m=[32m"w-6 h-6"[39m
                [33mfill[39m=[32m"none"[39m
                [33mstroke[39m=[32m"currentColor"[39m
                [33mviewBox[39m=[32m"0 0 24 24"[39m
              [36m>[39m
                [36m<path[39m
                  [33md[39m=[32m"M4 6h16M4 12h16M4 18h16"[39m
                  [33mstroke-linecap[39m=[32m"round"[39m
                  [33mstroke-linejoin[39m=[32m"round"[39m
                  [33mstroke-width[39m=[32m"2"[39m
                [36m/>[39m
              [36m</svg>[39m
            [36m</button>[39m
          [36m</div>[39m
        [36m</div>[39m
      [36m</header>[39m
      [36m<main[39m
        [33mclass[39m=[32m"flex-1 max-w-7xl mx-auto px-4 sm:px-6 lg:px-8 py-8 w-full transition-colors duration-300"[39m
      [36m>[39m
        [36m<section[39m
          [33mclass[39m=[32m"relative rounded-3xl overflow-hidden bg-white dark:bg-slate-900 border border-slate-200 dark:border-slate-800 p-8 sm:p-12 md:p-16 mb-16 shadow-xl transition-colors duration-300"[39m
        [36m>[39m
          [36m<div[39m
            [33mclass[39m=[32m"absolute top-0 right-0 w-full h-full bg-gradient-to-br from-indigo-50/50 via-white to-slate-50 dark:from-indigo-950/40 dark:via-slate-900 dark:to-slate-950 pointer-events-none transition-colors duration-300"[39m
          [36m/>[39m
          [36m<div[39m
            [33mclass[39m=[32m"absolute -top-24 -right-24 w-96 h-96 bg-indigo-500/10 dark:bg-indigo-500/20 rounded-full blur-3xl pointer-events-none"[39m
          [36m/>[39m
          [36m<div[39m
            [33mclass[39m=[32m"relative max-w-3xl space-y-6 z-10"[39m
          [36m>[39m
            [36m<span[39m
              [33mclass[39m=[32m"inline-flex items-center px-2.5 py-0.5 rounded-full text-xs font-semibold border bg-emerald-500/15 text-emerald-300 border-emerald-500/30 backdrop-blur-md animate-fade-in-up"[39m
            [36m>[39m
              [0mΓ£¿ Premier Dealership Experience[0m
            [36m</span>[39m
            [36m<h1[39m
              [33mclass[39m=[32m"text-4xl sm:text-5xl md:text-6xl font-black text-slate-900 dark:text-white tracking-tight leading-tight transition-colors duration-300"[39m
            [36m>[39m
              [0mFind Your Dream Vehicle with [0m
              [36m<span[39m
                [33mclass[39m=[32m"bg-gradient-to-r from-indigo-600 to-purple-600 dark:from-indigo-400 dark:to-purple-400 bg-clip-text text-transparent"[39m
              [36m>[39m
                [0mKATA[0m
              [36m</span>[39m
            [36m</h1>[39m
            [36m<p[39m
              [33mclass[39m=[32m"text-lg text-slate-600 dark:text-slate-300 leading-relaxed transition-colors duration-300"[39m
            [36m>[39m
              [0mBrowse our curated inventory of premium electric, SUV, truck, coupe, and sedan vehicles. Real-time availability, instant online purchase, and full dealership transparency.[0m
            [36m</p>[39m
            [36m<div[39m
              [33mclass[39m=[32m"flex flex-wrap gap-4 pt-4"[39m
            [36m>[39m
              [36m<a[39m
                [33mhref[39m=[32m"/vehicles"[39m
              [36m>[39m
                [36m<button[39m
                  [33mclass[39m=[32m"inline-flex items-center justify-center font-medium rounded-lg transition-all focus:outline-none focus:ring-2 focus:ring-offset-2 disabled:opacity-50 disabled:cursor-not-allowed bg-indigo-600 hover:bg-indigo-700 text-white focus:ring-indigo-500 px-5 py-2.5 text-base  shadow-lg shadow-indigo-500/30 hover:scale-105 transition-transform"[39m
                [36m>[39m
                  [0mExplore Inventory ΓåÆ[0m
                [36m</button>[39m
              [36m</a>[39m
              [36m<a[39m
                [33mhref[39m=[32m"/register"[39m
              [36m>[39m
                [36m<button[39m
                  [33mclass[39m=[32m"inline-flex items-center justify-center font-medium rounded-lg transition-all focus:outline-none focus:ring-2 focus:ring-offset-2 disabled:opacity-50 disabled:cursor-not-allowed bg-transparent border border-slate-700 hover:bg-slate-800 text-slate-300 focus:ring-slate-500 px-5 py-2.5 text-base  hover:scale-105 transition-transform"[39m
                [36m>[39m
                  [0mCreate Account[0m
                [36m</button>[39m
              [36m</a>[39m
            [36m</div>[39m
          [36m</div>[39m
        [36m</section>[39m
        [36m<section[39m
          [33mclass[39m=[32m"grid grid-cols-2 md:grid-cols-4 gap-4 mb-16"[39m
        [36m>[39m
          [36m<div[39m
            [33mclass[39m=[32m"bg-white dark:bg-slate-900/60 border border-slate-200 dark:border-slate-800/80 rounded-2xl p-6 text-center shadow-sm hover:shadow-md transition-all hover:-translate-y-1"[39m
          [36m>[39m
            [36m<p[39m
              [33mclass[39m=[32m"text-3xl font-black text-indigo-600 dark:text-indigo-400"[39m
            [36m>[39m
              [0m100%[0m
            [36m</p>[39m
            [36m<p[39m
              [33mclass[39m=[32m"text-sm font-medium text-slate-500 dark:text-slate-400 mt-1"[39m
            [36m>[39m
              [0mVerified Inventory[0m
            [36m</p>[39m
          [36m</div>[39m
          [36m<div[39m
            [33mclass[39m=[32m"bg-white dark:bg-slate-900/60 border border-slate-200 dark:border-slate-800/80 rounded-2xl p-6 text-center shadow-sm hover:shadow-md t...

[90mstdout[2m | src/pages/__tests__/publicPages.test.tsx[2m > [22m[2mPublic Pages[2m > [22m[2mHome Page[2m > [22m[2mrenders hero section, call to action, statistics, and about section
[22m[39m[36m<body>[39m
  [36m<div>[39m
    [36m<div[39m
      [33mclass[39m=[32m"flex flex-col min-h-screen bg-slate-50 dark:bg-slate-950 text-slate-900 dark:text-slate-100 font-sans transition-colors duration-300"[39m
    [36m>[39m
      [36m<header[39m
        [33mclass[39m=[32m"border-b border-slate-200/80 dark:border-slate-800/80 bg-white/80 dark:bg-slate-900/80 backdrop-blur-lg sticky top-0 z-50 transition-colors duration-300"[39m
        [33mrole[39m=[32m"banner"[39m
      [36m>[39m
        [36m<div[39m
          [33mclass[39m=[32m"max-w-7xl mx-auto px-4 sm:px-6 lg:px-8 h-16 flex items-center justify-between"[39m
        [36m>[39m
          [36m<a[39m
            [33mclass[39m=[32m"flex items-center gap-3 text-xl font-bold tracking-tight hover:opacity-90 transition-opacity"[39m
            [33mhref[39m=[32m"/"[39m
          [36m>[39m
            [36m<div[39m
              [33mclass[39m=[32m"flex items-center justify-center w-10 h-10 rounded-xl bg-slate-900 dark:bg-white text-white dark:text-slate-900 font-black tracking-tighter text-sm transition-transform duration-300 hover:scale-110 shadow-lg "[39m
            [36m>[39m
              [0mKATA[0m
            [36m</div>[39m
            [36m<span[39m
              [33mclass[39m=[32m"hidden sm:inline-block"[39m
            [36m>[39m
              [0mKATA[0m
            [36m</span>[39m
          [36m</a>[39m
          [36m<div[39m
            [33mclass[39m=[32m"flex items-center gap-4"[39m
          [36m>[39m
            [36m<nav[39m
              [33mclass[39m=[32m"hidden md:flex items-center gap-2"[39m
              [33mrole[39m=[32m"navigation"[39m
            [36m>[39m
              [36m<a[39m
                [33mclass[39m=[32m"text-sm font-medium transition-colors px-3 py-2 rounded-lg bg-indigo-100 dark:bg-indigo-600/20 text-indigo-700 dark:text-indigo-400 font-semibold border border-indigo-200 dark:border-indigo-500/30"[39m
                [33mhref[39m=[32m"/"[39m
              [36m>[39m
                [0mHome[0m
              [36m</a>[39m
              [36m<a[39m
                [33mclass[39m=[32m"text-sm font-medium transition-colors px-3 py-2 rounded-lg text-slate-600 dark:text-slate-300 hover:text-slate-900 dark:hover:text-white hover:bg-slate-100 dark:hover:bg-slate-800/60"[39m
                [33mhref[39m=[32m"/vehicles"[39m
              [36m>[39m
                [0mVehicles[0m
              [36m</a>[39m
              [36m<a[39m
                [33mclass[39m=[32m"text-sm font-medium transition-colors px-3 py-2 rounded-lg text-slate-600 dark:text-slate-300 hover:text-slate-900 dark:hover:text-white hover:bg-slate-100 dark:hover:bg-slate-800/60"[39m
                [33mhref[39m=[32m"/dashboard"[39m
              [36m>[39m
                [0mDashboard[0m
              [36m</a>[39m
              [36m<a[39m
                [33mclass[39m=[32m"text-sm font-medium transition-colors px-3 py-2 rounded-lg text-slate-600 dark:text-slate-300 hover:text-slate-900 dark:hover:text-white hover:bg-slate-100 dark:hover:bg-slate-800/60"[39m
                [33mhref[39m=[32m"/profile"[39m
              [36m>[39m
                [0mProfile[0m
              [36m</a>[39m
              [36m<button[39m
                [33mclass[39m=[32m"text-sm font-medium text-slate-500 dark:text-slate-400 hover:text-rose-600 dark:hover:text-rose-400 hover:bg-rose-50 dark:hover:bg-rose-500/10 px-3 py-2 rounded-lg transition-colors ml-2"[39m
              [36m>[39m
                [0mLogout[0m
              [36m</button>[39m
            [36m</nav>[39m
            [36m<button[39m
              [33maria-label[39m=[32m"Toggle Theme"[39m
              [33mclass[39m=[32m"p-2 rounded-lg text-slate-500 dark:text-slate-400 hover:bg-slate-100 dark:hover:bg-slate-800 transition-colors"[39m
            [36m>[39m
              [0m≡ƒîÖ[0m
            [36m</button>[39m
            [36m<button[39m
              [33maria-label[39m=[32m"Toggle Navigation Menu"[39m
              [33mclass[39m=[32m"md:hidden p-2 rounded-lg text-slate-500 dark:text-slate-400 hover:text-slate-900 dark:hover:text-white hover:bg-slate-100 dark:hover:bg-slate-800 transition-colors"[39m
            [36m>[39m
              [36m<svg[39m
                [33mclass[39m=[32m"w-6 h-6"[39m
                [33mfill[39m=[32m"none"[39m
                [33mstroke[39m=[32m"currentColor"[39m
                [33mviewBox[39m=[32m"0 0 24 24"[39m
              [36m>[39m
                [36m<path[39m
                  [33md[39m=[32m"M4 6h16M4 12h16M4 18h16"[39m
                  [33mstroke-linecap[39m=[32m"round"[39m
                  [33mstroke-linejoin[39m=[32m"round"[39m
                  [33mstroke-width[39m=[32m"2"[39m
                [36m/>[39m
              [36m</svg>[39m
            [36m</button>[39m
          [36m</div>[39m
        [36m</div>[39m
      [36m</header>[39m
      [36m<main[39m
        [33mclass[39m=[32m"flex-1 max-w-7xl mx-auto px-4 sm:px-6 lg:px-8 py-8 w-full transition-colors duration-300"[39m
      [36m>[39m
        [36m<section[39m
          [33mclass[39m=[32m"relative rounded-3xl overflow-hidden bg-white dark:bg-slate-900 border border-slate-200 dark:border-slate-800 p-8 sm:p-12 md:p-16 mb-16 shadow-xl transition-colors duration-300"[39m
        [36m>[39m
          [36m<div[39m
            [33mclass[39m=[32m"absolute top-0 right-0 w-full h-full bg-gradient-to-br from-indigo-50/50 via-white to-slate-50 dark:from-indigo-950/40 dark:via-slate-900 dark:to-slate-950 pointer-events-none transition-colors duration-300"[39m
          [36m/>[39m
          [36m<div[39m
            [33mclass[39m=[32m"absolute -top-24 -right-24 w-96 h-96 bg-indigo-500/10 dark:bg-indigo-500/20 rounded-full blur-3xl pointer-events-none"[39m
          [36m/>[39m
          [36m<div[39m
            [33mclass[39m=[32m"relative max-w-3xl space-y-6 z-10"[39m
          [36m>[39m
            [36m<span[39m
              [33mclass[39m=[32m"inline-flex items-center px-2.5 py-0.5 rounded-full text-xs font-semibold border bg-emerald-500/15 text-emerald-300 border-emerald-500/30 backdrop-blur-md animate-fade-in-up"[39m
            [36m>[39m
              [0mΓ£¿ Premier Dealership Experience[0m
            [36m</span>[39m
            [36m<h1[39m
              [33mclass[39m=[32m"text-4xl sm:text-5xl md:text-6xl font-black text-slate-900 dark:text-white tracking-tight leading-tight transition-colors duration-300"[39m
            [36m>[39m
              [0mFind Your Dream Vehicle with [0m
              [36m<span[39m
                [33mclass[39m=[32m"bg-gradient-to-r from-indigo-600 to-purple-600 dark:from-indigo-400 dark:to-purple-400 bg-clip-text text-transparent"[39m
              [36m>[39m
                [0mKATA[0m
              [36m</span>[39m
            [36m</h1>[39m
            [36m<p[39m
              [33mclass[39m=[32m"text-lg text-slate-600 dark:text-slate-300 leading-relaxed transition-colors duration-300"[39m
            [36m>[39m
              [0mBrowse our curated inventory of premium electric, SUV, truck, coupe, and sedan vehicles. Real-time availability, instant online purchase, and full dealership transparency.[0m
            [36m</p>[39m
            [36m<div[39m
              [33mclass[39m=[32m"flex flex-wrap gap-4 pt-4"[39m
            [36m>[39m
              [36m<a[39m
                [33mhref[39m=[32m"/vehicles"[39m
              [36m>[39m
                [36m<button[39m
                  [33mclass[39m=[32m"inline-flex items-center justify-center font-medium rounded-lg transition-all focus:outline-none focus:ring-2 focus:ring-offset-2 disabled:opacity-50 disabled:cursor-not-allowed bg-indigo-600 hover:bg-indigo-700 text-white focus:ring-indigo-500 px-5 py-2.5 text-base  shadow-lg shadow-indigo-500/30 hover:scale-105 transition-transform"[39m
                [36m>[39m
                  [0mExplore Inventory ΓåÆ[0m
                [36m</button>[39m
              [36m</a>[39m
              [36m<a[39m
                [33mhref[39m=[32m"/register"[39m
              [36m>[39m
                [36m<button[39m
                  [33mclass[39m=[32m"inline-flex items-center justify-center font-medium rounded-lg transition-all focus:outline-none focus:ring-2 focus:ring-offset-2 disabled:opacity-50 disabled:cursor-not-allowed bg-transparent border border-slate-700 hover:bg-slate-800 text-slate-300 focus:ring-slate-500 px-5 py-2.5 text-base  hover:scale-105 transition-transform"[39m
                [36m>[39m
                  [0mCreate Account[0m
                [36m</button>[39m
              [36m</a>[39m
            [36m</div>[39m
          [36m</div>[39m
        [36m</section>[39m
        [36m<section[39m
          [33mclass[39m=[32m"grid grid-cols-2 md:grid-cols-4 gap-4 mb-16"[39m
        [36m>[39m
          [36m<div[39m
            [33mclass[39m=[32m"bg-white dark:bg-slate-900/60 border border-slate-200 dark:border-slate-800/80 rounded-2xl p-6 text-center shadow-sm hover:shadow-md transition-all hover:-translate-y-1"[39m
          [36m>[39m
            [36m<p[39m
              [33mclass[39m=[32m"text-3xl font-black text-indigo-600 dark:text-indigo-400"[39m
            [36m>[39m
              [0m100%[0m
            [36m</p>[39m
            [36m<p[39m
              [33mclass[39m=[32m"text-sm font-medium text-slate-500 dark:text-slate-400 mt-1"[39m
            [36m>[39m
              [0mVerified Inventory[0m
            [36m</p>[39m
          [36m</div>[39m
          [36m<div[39m
            [33mclass[39m=[32m"bg-white dark:bg-slate-900/60 border border-slate-200 dark:border-slate-800/80 rounded-2xl p-6 text-center shadow-sm hover:shadow-md t...

[90mstdout[2m | src/pages/__tests__/publicPages.test.tsx[2m > [22m[2mPublic Pages[2m > [22m[2mHome Page[2m > [22m[2mrenders hero section, call to action, statistics, and about section
[22m[39m[36m<body>[39m
  [36m<div>[39m
    [36m<div[39m
      [33mclass[39m=[32m"flex flex-col min-h-screen bg-slate-50 dark:bg-slate-950 text-slate-900 dark:text-slate-100 font-sans transition-colors duration-300"[39m
    [36m>[39m
      [36m<header[39m
        [33mclass[39m=[32m"border-b border-slate-200/80 dark:border-slate-800/80 bg-white/80 dark:bg-slate-900/80 backdrop-blur-lg sticky top-0 z-50 transition-colors duration-300"[39m
        [33mrole[39m=[32m"banner"[39m
      [36m>[39m
        [36m<div[39m
          [33mclass[39m=[32m"max-w-7xl mx-auto px-4 sm:px-6 lg:px-8 h-16 flex items-center justify-between"[39m
        [36m>[39m
          [36m<a[39m
            [33mclass[39m=[32m"flex items-center gap-3 text-xl font-bold tracking-tight hover:opacity-90 transition-opacity"[39m
            [33mhref[39m=[32m"/"[39m
          [36m>[39m
            [36m<div[39m
              [33mclass[39m=[32m"flex items-center justify-center w-10 h-10 rounded-xl bg-slate-900 dark:bg-white text-white dark:text-slate-900 font-black tracking-tighter text-sm transition-transform duration-300 hover:scale-110 shadow-lg "[39m
            [36m>[39m
              [0mKATA[0m
            [36m</div>[39m
            [36m<span[39m
              [33mclass[39m=[32m"hidden sm:inline-block"[39m
            [36m>[39m
              [0mKATA[0m
            [36m</span>[39m
          [36m</a>[39m
          [36m<div[39m
            [33mclass[39m=[32m"flex items-center gap-4"[39m
          [36m>[39m
            [36m<nav[39m
              [33mclass[39m=[32m"hidden md:flex items-center gap-2"[39m
              [33mrole[39m=[32m"navigation"[39m
            [36m>[39m
              [36m<a[39m
                [33mclass[39m=[32m"text-sm font-medium transition-colors px-3 py-2 rounded-lg bg-indigo-100 dark:bg-indigo-600/20 text-indigo-700 dark:text-indigo-400 font-semibold border border-indigo-200 dark:border-indigo-500/30"[39m
                [33mhref[39m=[32m"/"[39m
              [36m>[39m
                [0mHome[0m
              [36m</a>[39m
              [36m<a[39m
                [33mclass[39m=[32m"text-sm font-medium transition-colors px-3 py-2 rounded-lg text-slate-600 dark:text-slate-300 hover:text-slate-900 dark:hover:text-white hover:bg-slate-100 dark:hover:bg-slate-800/60"[39m
                [33mhref[39m=[32m"/vehicles"[39m
              [36m>[39m
                [0mVehicles[0m
              [36m</a>[39m
              [36m<a[39m
                [33mclass[39m=[32m"text-sm font-medium transition-colors px-3 py-2 rounded-lg text-slate-600 dark:text-slate-300 hover:text-slate-900 dark:hover:text-white hover:bg-slate-100 dark:hover:bg-slate-800/60"[39m
                [33mhref[39m=[32m"/dashboard"[39m
              [36m>[39m
                [0mDashboard[0m
              [36m</a>[39m
              [36m<a[39m
                [33mclass[39m=[32m"text-sm font-medium transition-colors px-3 py-2 rounded-lg text-slate-600 dark:text-slate-300 hover:text-slate-900 dark:hover:text-white hover:bg-slate-100 dark:hover:bg-slate-800/60"[39m
                [33mhref[39m=[32m"/profile"[39m
              [36m>[39m
                [0mProfile[0m
              [36m</a>[39m
              [36m<button[39m
                [33mclass[39m=[32m"text-sm font-medium text-slate-500 dark:text-slate-400 hover:text-rose-600 dark:hover:text-rose-400 hover:bg-rose-50 dark:hover:bg-rose-500/10 px-3 py-2 rounded-lg transition-colors ml-2"[39m
              [36m>[39m
                [0mLogout[0m
              [36m</button>[39m
            [36m</nav>[39m
            [36m<button[39m
              [33maria-label[39m=[32m"Toggle Theme"[39m
              [33mclass[39m=[32m"p-2 rounded-lg text-slate-500 dark:text-slate-400 hover:bg-slate-100 dark:hover:bg-slate-800 transition-colors"[39m
            [36m>[39m
              [0m≡ƒîÖ[0m
            [36m</button>[39m
            [36m<button[39m
              [33maria-label[39m=[32m"Toggle Navigation Menu"[39m
              [33mclass[39m=[32m"md:hidden p-2 rounded-lg text-slate-500 dark:text-slate-400 hover:text-slate-900 dark:hover:text-white hover:bg-slate-100 dark:hover:bg-slate-800 transition-colors"[39m
            [36m>[39m
              [36m<svg[39m
                [33mclass[39m=[32m"w-6 h-6"[39m
                [33mfill[39m=[32m"none"[39m
                [33mstroke[39m=[32m"currentColor"[39m
                [33mviewBox[39m=[32m"0 0 24 24"[39m
              [36m>[39m
                [36m<path[39m
                  [33md[39m=[32m"M4 6h16M4 12h16M4 18h16"[39m
                  [33mstroke-linecap[39m=[32m"round"[39m
                  [33mstroke-linejoin[39m=[32m"round"[39m
                  [33mstroke-width[39m=[32m"2"[39m
                [36m/>[39m
              [36m</svg>[39m
            [36m</button>[39m
          [36m</div>[39m
        [36m</div>[39m
      [36m</header>[39m
      [36m<main[39m
        [33mclass[39m=[32m"flex-1 max-w-7xl mx-auto px-4 sm:px-6 lg:px-8 py-8 w-full transition-colors duration-300"[39m
      [36m>[39m
        [36m<section[39m
          [33mclass[39m=[32m"relative rounded-3xl overflow-hidden bg-white dark:bg-slate-900 border border-slate-200 dark:border-slate-800 p-8 sm:p-12 md:p-16 mb-16 shadow-xl transition-colors duration-300"[39m
        [36m>[39m
          [36m<div[39m
            [33mclass[39m=[32m"absolute top-0 right-0 w-full h-full bg-gradient-to-br from-indigo-50/50 via-white to-slate-50 dark:from-indigo-950/40 dark:via-slate-900 dark:to-slate-950 pointer-events-none transition-colors duration-300"[39m
          [36m/>[39m
          [36m<div[39m
            [33mclass[39m=[32m"absolute -top-24 -right-24 w-96 h-96 bg-indigo-500/10 dark:bg-indigo-500/20 rounded-full blur-3xl pointer-events-none"[39m
          [36m/>[39m
          [36m<div[39m
            [33mclass[39m=[32m"relative max-w-3xl space-y-6 z-10"[39m
          [36m>[39m
            [36m<span[39m
              [33mclass[39m=[32m"inline-flex items-center px-2.5 py-0.5 rounded-full text-xs font-semibold border bg-emerald-500/15 text-emerald-300 border-emerald-500/30 backdrop-blur-md animate-fade-in-up"[39m
            [36m>[39m
              [0mΓ£¿ Premier Dealership Experience[0m
            [36m</span>[39m
            [36m<h1[39m
              [33mclass[39m=[32m"text-4xl sm:text-5xl md:text-6xl font-black text-slate-900 dark:text-white tracking-tight leading-tight transition-colors duration-300"[39m
            [36m>[39m
              [0mFind Your Dream Vehicle with [0m
              [36m<span[39m
                [33mclass[39m=[32m"bg-gradient-to-r from-indigo-600 to-purple-600 dark:from-indigo-400 dark:to-purple-400 bg-clip-text text-transparent"[39m
              [36m>[39m
                [0mKATA[0m
              [36m</span>[39m
            [36m</h1>[39m
            [36m<p[39m
              [33mclass[39m=[32m"text-lg text-slate-600 dark:text-slate-300 leading-relaxed transition-colors duration-300"[39m
            [36m>[39m
              [0mBrowse our curated inventory of premium electric, SUV, truck, coupe, and sedan vehicles. Real-time availability, instant online purchase, and full dealership transparency.[0m
            [36m</p>[39m
            [36m<div[39m
              [33mclass[39m=[32m"flex flex-wrap gap-4 pt-4"[39m
            [36m>[39m
              [36m<a[39m
                [33mhref[39m=[32m"/vehicles"[39m
              [36m>[39m
                [36m<button[39m
                  [33mclass[39m=[32m"inline-flex items-center justify-center font-medium rounded-lg transition-all focus:outline-none focus:ring-2 focus:ring-offset-2 disabled:opacity-50 disabled:cursor-not-allowed bg-indigo-600 hover:bg-indigo-700 text-white focus:ring-indigo-500 px-5 py-2.5 text-base  shadow-lg shadow-indigo-500/30 hover:scale-105 transition-transform"[39m
                [36m>[39m
                  [0mExplore Inventory ΓåÆ[0m
                [36m</button>[39m
              [36m</a>[39m
              [36m<a[39m
                [33mhref[39m=[32m"/register"[39m
              [36m>[39m
                [36m<button[39m
                  [33mclass[39m=[32m"inline-flex items-center justify-center font-medium rounded-lg transition-all focus:outline-none focus:ring-2 focus:ring-offset-2 disabled:opacity-50 disabled:cursor-not-allowed bg-transparent border border-slate-700 hover:bg-slate-800 text-slate-300 focus:ring-slate-500 px-5 py-2.5 text-base  hover:scale-105 transition-transform"[39m
                [36m>[39m
                  [0mCreate Account[0m
                [36m</button>[39m
              [36m</a>[39m
            [36m</div>[39m
          [36m</div>[39m
        [36m</section>[39m
        [36m<section[39m
          [33mclass[39m=[32m"grid grid-cols-2 md:grid-cols-4 gap-4 mb-16"[39m
        [36m>[39m
          [36m<div[39m
            [33mclass[39m=[32m"bg-white dark:bg-slate-900/60 border border-slate-200 dark:border-slate-800/80 rounded-2xl p-6 text-center shadow-sm hover:shadow-md transition-all hover:-translate-y-1"[39m
          [36m>[39m
            [36m<p[39m
              [33mclass[39m=[32m"text-3xl font-black text-indigo-600 dark:text-indigo-400"[39m
            [36m>[39m
              [0m100%[0m
            [36m</p>[39m
            [36m<p[39m
              [33mclass[39m=[32m"text-sm font-medium text-slate-500 dark:text-slate-400 mt-1"[39m
            [36m>[39m
              [0mVerified Inventory[0m
            [36m</p>[39m
          [36m</div>[39m
          [36m<div[39m
            [33mclass[39m=[32m"bg-white dark:bg-slate-900/60 border border-slate-200 dark:border-slate-800/80 rounded-2xl p-6 text-center shadow-sm hover:shadow-md t...

[90mstdout[2m | src/pages/__tests__/publicPages.test.tsx[2m > [22m[2mPublic Pages[2m > [22m[2mHome Page[2m > [22m[2mrenders hero section, call to action, statistics, and about section
[22m[39m[36m<body>[39m
  [36m<div>[39m
    [36m<div[39m
      [33mclass[39m=[32m"flex flex-col min-h-screen bg-slate-50 dark:bg-slate-950 text-slate-900 dark:text-slate-100 font-sans transition-colors duration-300"[39m
    [36m>[39m
      [36m<header[39m
        [33mclass[39m=[32m"border-b border-slate-200/80 dark:border-slate-800/80 bg-white/80 dark:bg-slate-900/80 backdrop-blur-lg sticky top-0 z-50 transition-colors duration-300"[39m
        [33mrole[39m=[32m"banner"[39m
      [36m>[39m
        [36m<div[39m
          [33mclass[39m=[32m"max-w-7xl mx-auto px-4 sm:px-6 lg:px-8 h-16 flex items-center justify-between"[39m
        [36m>[39m
          [36m<a[39m
            [33mclass[39m=[32m"flex items-center gap-3 text-xl font-bold tracking-tight hover:opacity-90 transition-opacity"[39m
            [33mhref[39m=[32m"/"[39m
          [36m>[39m
            [36m<div[39m
              [33mclass[39m=[32m"flex items-center justify-center w-10 h-10 rounded-xl bg-slate-900 dark:bg-white text-white dark:text-slate-900 font-black tracking-tighter text-sm transition-transform duration-300 hover:scale-110 shadow-lg "[39m
            [36m>[39m
              [0mKATA[0m
            [36m</div>[39m
            [36m<span[39m
              [33mclass[39m=[32m"hidden sm:inline-block"[39m
            [36m>[39m
              [0mKATA[0m
            [36m</span>[39m
          [36m</a>[39m
          [36m<div[39m
            [33mclass[39m=[32m"flex items-center gap-4"[39m
          [36m>[39m
            [36m<nav[39m
              [33mclass[39m=[32m"hidden md:flex items-center gap-2"[39m
              [33mrole[39m=[32m"navigation"[39m
            [36m>[39m
              [36m<a[39m
                [33mclass[39m=[32m"text-sm font-medium transition-colors px-3 py-2 rounded-lg bg-indigo-100 dark:bg-indigo-600/20 text-indigo-700 dark:text-indigo-400 font-semibold border border-indigo-200 dark:border-indigo-500/30"[39m
                [33mhref[39m=[32m"/"[39m
              [36m>[39m
                [0mHome[0m
              [36m</a>[39m
              [36m<a[39m
                [33mclass[39m=[32m"text-sm font-medium transition-colors px-3 py-2 rounded-lg text-slate-600 dark:text-slate-300 hover:text-slate-900 dark:hover:text-white hover:bg-slate-100 dark:hover:bg-slate-800/60"[39m
                [33mhref[39m=[32m"/vehicles"[39m
              [36m>[39m
                [0mVehicles[0m
              [36m</a>[39m
              [36m<a[39m
                [33mclass[39m=[32m"text-sm font-medium transition-colors px-3 py-2 rounded-lg text-slate-600 dark:text-slate-300 hover:text-slate-900 dark:hover:text-white hover:bg-slate-100 dark:hover:bg-slate-800/60"[39m
                [33mhref[39m=[32m"/dashboard"[39m
              [36m>[39m
                [0mDashboard[0m
              [36m</a>[39m
              [36m<a[39m
                [33mclass[39m=[32m"text-sm font-medium transition-colors px-3 py-2 rounded-lg text-slate-600 dark:text-slate-300 hover:text-slate-900 dark:hover:text-white hover:bg-slate-100 dark:hover:bg-slate-800/60"[39m
                [33mhref[39m=[32m"/profile"[39m
              [36m>[39m
                [0mProfile[0m
              [36m</a>[39m
              [36m<button[39m
                [33mclass[39m=[32m"text-sm font-medium text-slate-500 dark:text-slate-400 hover:text-rose-600 dark:hover:text-rose-400 hover:bg-rose-50 dark:hover:bg-rose-500/10 px-3 py-2 rounded-lg transition-colors ml-2"[39m
              [36m>[39m
                [0mLogout[0m
              [36m</button>[39m
            [36m</nav>[39m
            [36m<button[39m
              [33maria-label[39m=[32m"Toggle Theme"[39m
              [33mclass[39m=[32m"p-2 rounded-lg text-slate-500 dark:text-slate-400 hover:bg-slate-100 dark:hover:bg-slate-800 transition-colors"[39m
            [36m>[39m
              [0m≡ƒîÖ[0m
            [36m</button>[39m
            [36m<button[39m
              [33maria-label[39m=[32m"Toggle Navigation Menu"[39m
              [33mclass[39m=[32m"md:hidden p-2 rounded-lg text-slate-500 dark:text-slate-400 hover:text-slate-900 dark:hover:text-white hover:bg-slate-100 dark:hover:bg-slate-800 transition-colors"[39m
            [36m>[39m
              [36m<svg[39m
                [33mclass[39m=[32m"w-6 h-6"[39m
                [33mfill[39m=[32m"none"[39m
                [33mstroke[39m=[32m"currentColor"[39m
                [33mviewBox[39m=[32m"0 0 24 24"[39m
              [36m>[39m
                [36m<path[39m
                  [33md[39m=[32m"M4 6h16M4 12h16M4 18h16"[39m
                  [33mstroke-linecap[39m=[32m"round"[39m
                  [33mstroke-linejoin[39m=[32m"round"[39m
                  [33mstroke-width[39m=[32m"2"[39m
                [36m/>[39m
              [36m</svg>[39m
            [36m</button>[39m
          [36m</div>[39m
        [36m</div>[39m
      [36m</header>[39m
      [36m<main[39m
        [33mclass[39m=[32m"flex-1 max-w-7xl mx-auto px-4 sm:px-6 lg:px-8 py-8 w-full transition-colors duration-300"[39m
      [36m>[39m
        [36m<section[39m
          [33mclass[39m=[32m"relative rounded-3xl overflow-hidden bg-white dark:bg-slate-900 border border-slate-200 dark:border-slate-800 p-8 sm:p-12 md:p-16 mb-16 shadow-xl transition-colors duration-300"[39m
        [36m>[39m
          [36m<div[39m
            [33mclass[39m=[32m"absolute top-0 right-0 w-full h-full bg-gradient-to-br from-indigo-50/50 via-white to-slate-50 dark:from-indigo-950/40 dark:via-slate-900 dark:to-slate-950 pointer-events-none transition-colors duration-300"[39m
          [36m/>[39m
          [36m<div[39m
            [33mclass[39m=[32m"absolute -top-24 -right-24 w-96 h-96 bg-indigo-500/10 dark:bg-indigo-500/20 rounded-full blur-3xl pointer-events-none"[39m
          [36m/>[39m
          [36m<div[39m
            [33mclass[39m=[32m"relative max-w-3xl space-y-6 z-10"[39m
          [36m>[39m
            [36m<span[39m
              [33mclass[39m=[32m"inline-flex items-center px-2.5 py-0.5 rounded-full text-xs font-semibold border bg-emerald-500/15 text-emerald-300 border-emerald-500/30 backdrop-blur-md animate-fade-in-up"[39m
            [36m>[39m
              [0mΓ£¿ Premier Dealership Experience[0m
            [36m</span>[39m
            [36m<h1[39m
              [33mclass[39m=[32m"text-4xl sm:text-5xl md:text-6xl font-black text-slate-900 dark:text-white tracking-tight leading-tight transition-colors duration-300"[39m
            [36m>[39m
              [0mFind Your Dream Vehicle with [0m
              [36m<span[39m
                [33mclass[39m=[32m"bg-gradient-to-r from-indigo-600 to-purple-600 dark:from-indigo-400 dark:to-purple-400 bg-clip-text text-transparent"[39m
              [36m>[39m
                [0mKATA[0m
              [36m</span>[39m
            [36m</h1>[39m
            [36m<p[39m
              [33mclass[39m=[32m"text-lg text-slate-600 dark:text-slate-300 leading-relaxed transition-colors duration-300"[39m
            [36m>[39m
              [0mBrowse our curated inventory of premium electric, SUV, truck, coupe, and sedan vehicles. Real-time availability, instant online purchase, and full dealership transparency.[0m
            [36m</p>[39m
            [36m<div[39m
              [33mclass[39m=[32m"flex flex-wrap gap-4 pt-4"[39m
            [36m>[39m
              [36m<a[39m
                [33mhref[39m=[32m"/vehicles"[39m
              [36m>[39m
                [36m<button[39m
                  [33mclass[39m=[32m"inline-flex items-center justify-center font-medium rounded-lg transition-all focus:outline-none focus:ring-2 focus:ring-offset-2 disabled:opacity-50 disabled:cursor-not-allowed bg-indigo-600 hover:bg-indigo-700 text-white focus:ring-indigo-500 px-5 py-2.5 text-base  shadow-lg shadow-indigo-500/30 hover:scale-105 transition-transform"[39m
                [36m>[39m
                  [0mExplore Inventory ΓåÆ[0m
                [36m</button>[39m
              [36m</a>[39m
              [36m<a[39m
                [33mhref[39m=[32m"/register"[39m
              [36m>[39m
                [36m<button[39m
                  [33mclass[39m=[32m"inline-flex items-center justify-center font-medium rounded-lg transition-all focus:outline-none focus:ring-2 focus:ring-offset-2 disabled:opacity-50 disabled:cursor-not-allowed bg-transparent border border-slate-700 hover:bg-slate-800 text-slate-300 focus:ring-slate-500 px-5 py-2.5 text-base  hover:scale-105 transition-transform"[39m
                [36m>[39m
                  [0mCreate Account[0m
                [36m</button>[39m
              [36m</a>[39m
            [36m</div>[39m
          [36m</div>[39m
        [36m</section>[39m
        [36m<section[39m
          [33mclass[39m=[32m"grid grid-cols-2 md:grid-cols-4 gap-4 mb-16"[39m
        [36m>[39m
          [36m<div[39m
            [33mclass[39m=[32m"bg-white dark:bg-slate-900/60 border border-slate-200 dark:border-slate-800/80 rounded-2xl p-6 text-center shadow-sm hover:shadow-md transition-all hover:-translate-y-1"[39m
          [36m>[39m
            [36m<p[39m
              [33mclass[39m=[32m"text-3xl font-black text-indigo-600 dark:text-indigo-400"[39m
            [36m>[39m
              [0m100%[0m
            [36m</p>[39m
            [36m<p[39m
              [33mclass[39m=[32m"text-sm font-medium text-slate-500 dark:text-slate-400 mt-1"[39m
            [36m>[39m
              [0mVerified Inventory[0m
            [36m</p>[39m
          [36m</div>[39m
          [36m<div[39m
            [33mclass[39m=[32m"bg-white dark:bg-slate-900/60 border border-slate-200 dark:border-slate-800/80 rounded-2xl p-6 text-center shadow-sm hover:shadow-md t...

[90mstdout[2m | src/pages/__tests__/publicPages.test.tsx[2m > [22m[2mPublic Pages[2m > [22m[2mHome Page[2m > [22m[2mrenders hero section, call to action, statistics, and about section
[22m[39m[36m<body>[39m
  [36m<div>[39m
    [36m<div[39m
      [33mclass[39m=[32m"flex flex-col min-h-screen bg-slate-50 dark:bg-slate-950 text-slate-900 dark:text-slate-100 font-sans transition-colors duration-300"[39m
    [36m>[39m
      [36m<header[39m
        [33mclass[39m=[32m"border-b border-slate-200/80 dark:border-slate-800/80 bg-white/80 dark:bg-slate-900/80 backdrop-blur-lg sticky top-0 z-50 transition-colors duration-300"[39m
        [33mrole[39m=[32m"banner"[39m
      [36m>[39m
        [36m<div[39m
          [33mclass[39m=[32m"max-w-7xl mx-auto px-4 sm:px-6 lg:px-8 h-16 flex items-center justify-between"[39m
        [36m>[39m
          [36m<a[39m
            [33mclass[39m=[32m"flex items-center gap-3 text-xl font-bold tracking-tight hover:opacity-90 transition-opacity"[39m
            [33mhref[39m=[32m"/"[39m
          [36m>[39m
            [36m<div[39m
              [33mclass[39m=[32m"flex items-center justify-center w-10 h-10 rounded-xl bg-slate-900 dark:bg-white text-white dark:text-slate-900 font-black tracking-tighter text-sm transition-transform duration-300 hover:scale-110 shadow-lg "[39m
            [36m>[39m
              [0mKATA[0m
            [36m</div>[39m
            [36m<span[39m
              [33mclass[39m=[32m"hidden sm:inline-block"[39m
            [36m>[39m
              [0mKATA[0m
            [36m</span>[39m
          [36m</a>[39m
          [36m<div[39m
            [33mclass[39m=[32m"flex items-center gap-4"[39m
          [36m>[39m
            [36m<nav[39m
              [33mclass[39m=[32m"hidden md:flex items-center gap-2"[39m
              [33mrole[39m=[32m"navigation"[39m
            [36m>[39m
              [36m<a[39m
                [33mclass[39m=[32m"text-sm font-medium transition-colors px-3 py-2 rounded-lg bg-indigo-100 dark:bg-indigo-600/20 text-indigo-700 dark:text-indigo-400 font-semibold border border-indigo-200 dark:border-indigo-500/30"[39m
                [33mhref[39m=[32m"/"[39m
              [36m>[39m
                [0mHome[0m
              [36m</a>[39m
              [36m<a[39m
                [33mclass[39m=[32m"text-sm font-medium transition-colors px-3 py-2 rounded-lg text-slate-600 dark:text-slate-300 hover:text-slate-900 dark:hover:text-white hover:bg-slate-100 dark:hover:bg-slate-800/60"[39m
                [33mhref[39m=[32m"/vehicles"[39m
              [36m>[39m
                [0mVehicles[0m
              [36m</a>[39m
              [36m<a[39m
                [33mclass[39m=[32m"text-sm font-medium transition-colors px-3 py-2 rounded-lg text-slate-600 dark:text-slate-300 hover:text-slate-900 dark:hover:text-white hover:bg-slate-100 dark:hover:bg-slate-800/60"[39m
                [33mhref[39m=[32m"/dashboard"[39m
              [36m>[39m
                [0mDashboard[0m
              [36m</a>[39m
              [36m<a[39m
                [33mclass[39m=[32m"text-sm font-medium transition-colors px-3 py-2 rounded-lg text-slate-600 dark:text-slate-300 hover:text-slate-900 dark:hover:text-white hover:bg-slate-100 dark:hover:bg-slate-800/60"[39m
                [33mhref[39m=[32m"/profile"[39m
              [36m>[39m
                [0mProfile[0m
              [36m</a>[39m
              [36m<button[39m
                [33mclass[39m=[32m"text-sm font-medium text-slate-500 dark:text-slate-400 hover:text-rose-600 dark:hover:text-rose-400 hover:bg-rose-50 dark:hover:bg-rose-500/10 px-3 py-2 rounded-lg transition-colors ml-2"[39m
              [36m>[39m
                [0mLogout[0m
              [36m</button>[39m
            [36m</nav>[39m
            [36m<button[39m
              [33maria-label[39m=[32m"Toggle Theme"[39m
              [33mclass[39m=[32m"p-2 rounded-lg text-slate-500 dark:text-slate-400 hover:bg-slate-100 dark:hover:bg-slate-800 transition-colors"[39m
            [36m>[39m
              [0m≡ƒîÖ[0m
            [36m</button>[39m
            [36m<button[39m
              [33maria-label[39m=[32m"Toggle Navigation Menu"[39m
              [33mclass[39m=[32m"md:hidden p-2 rounded-lg text-slate-500 dark:text-slate-400 hover:text-slate-900 dark:hover:text-white hover:bg-slate-100 dark:hover:bg-slate-800 transition-colors"[39m
            [36m>[39m
              [36m<svg[39m
                [33mclass[39m=[32m"w-6 h-6"[39m
                [33mfill[39m=[32m"none"[39m
                [33mstroke[39m=[32m"currentColor"[39m
                [33mviewBox[39m=[32m"0 0 24 24"[39m
              [36m>[39m
                [36m<path[39m
                  [33md[39m=[32m"M4 6h16M4 12h16M4 18h16"[39m
                  [33mstroke-linecap[39m=[32m"round"[39m
                  [33mstroke-linejoin[39m=[32m"round"[39m
                  [33mstroke-width[39m=[32m"2"[39m
                [36m/>[39m
              [36m</svg>[39m
            [36m</button>[39m
          [36m</div>[39m
        [36m</div>[39m
      [36m</header>[39m
      [36m<main[39m
        [33mclass[39m=[32m"flex-1 max-w-7xl mx-auto px-4 sm:px-6 lg:px-8 py-8 w-full transition-colors duration-300"[39m
      [36m>[39m
        [36m<section[39m
          [33mclass[39m=[32m"relative rounded-3xl overflow-hidden bg-white dark:bg-slate-900 border border-slate-200 dark:border-slate-800 p-8 sm:p-12 md:p-16 mb-16 shadow-xl transition-colors duration-300"[39m
        [36m>[39m
          [36m<div[39m
            [33mclass[39m=[32m"absolute top-0 right-0 w-full h-full bg-gradient-to-br from-indigo-50/50 via-white to-slate-50 dark:from-indigo-950/40 dark:via-slate-900 dark:to-slate-950 pointer-events-none transition-colors duration-300"[39m
          [36m/>[39m
          [36m<div[39m
            [33mclass[39m=[32m"absolute -top-24 -right-24 w-96 h-96 bg-indigo-500/10 dark:bg-indigo-500/20 rounded-full blur-3xl pointer-events-none"[39m
          [36m/>[39m
          [36m<div[39m
            [33mclass[39m=[32m"relative max-w-3xl space-y-6 z-10"[39m
          [36m>[39m
            [36m<span[39m
              [33mclass[39m=[32m"inline-flex items-center px-2.5 py-0.5 rounded-full text-xs font-semibold border bg-emerald-500/15 text-emerald-300 border-emerald-500/30 backdrop-blur-md animate-fade-in-up"[39m
            [36m>[39m
              [0mΓ£¿ Premier Dealership Experience[0m
            [36m</span>[39m
            [36m<h1[39m
              [33mclass[39m=[32m"text-4xl sm:text-5xl md:text-6xl font-black text-slate-900 dark:text-white tracking-tight leading-tight transition-colors duration-300"[39m
            [36m>[39m
              [0mFind Your Dream Vehicle with [0m
              [36m<span[39m
                [33mclass[39m=[32m"bg-gradient-to-r from-indigo-600 to-purple-600 dark:from-indigo-400 dark:to-purple-400 bg-clip-text text-transparent"[39m
              [36m>[39m
                [0mKATA[0m
              [36m</span>[39m
            [36m</h1>[39m
            [36m<p[39m
              [33mclass[39m=[32m"text-lg text-slate-600 dark:text-slate-300 leading-relaxed transition-colors duration-300"[39m
            [36m>[39m
              [0mBrowse our curated inventory of premium electric, SUV, truck, coupe, and sedan vehicles. Real-time availability, instant online purchase, and full dealership transparency.[0m
            [36m</p>[39m
            [36m<div[39m
              [33mclass[39m=[32m"flex flex-wrap gap-4 pt-4"[39m
            [36m>[39m
              [36m<a[39m
                [33mhref[39m=[32m"/vehicles"[39m
              [36m>[39m
                [36m<button[39m
                  [33mclass[39m=[32m"inline-flex items-center justify-center font-medium rounded-lg transition-all focus:outline-none focus:ring-2 focus:ring-offset-2 disabled:opacity-50 disabled:cursor-not-allowed bg-indigo-600 hover:bg-indigo-700 text-white focus:ring-indigo-500 px-5 py-2.5 text-base  shadow-lg shadow-indigo-500/30 hover:scale-105 transition-transform"[39m
                [36m>[39m
                  [0mExplore Inventory ΓåÆ[0m
                [36m</button>[39m
              [36m</a>[39m
              [36m<a[39m
                [33mhref[39m=[32m"/register"[39m
              [36m>[39m
                [36m<button[39m
                  [33mclass[39m=[32m"inline-flex items-center justify-center font-medium rounded-lg transition-all focus:outline-none focus:ring-2 focus:ring-offset-2 disabled:opacity-50 disabled:cursor-not-allowed bg-transparent border border-slate-700 hover:bg-slate-800 text-slate-300 focus:ring-slate-500 px-5 py-2.5 text-base  hover:scale-105 transition-transform"[39m
                [36m>[39m
                  [0mCreate Account[0m
                [36m</button>[39m
              [36m</a>[39m
            [36m</div>[39m
          [36m</div>[39m
        [36m</section>[39m
        [36m<section[39m
          [33mclass[39m=[32m"grid grid-cols-2 md:grid-cols-4 gap-4 mb-16"[39m
        [36m>[39m
          [36m<div[39m
            [33mclass[39m=[32m"bg-white dark:bg-slate-900/60 border border-slate-200 dark:border-slate-800/80 rounded-2xl p-6 text-center shadow-sm hover:shadow-md transition-all hover:-translate-y-1"[39m
          [36m>[39m
            [36m<p[39m
              [33mclass[39m=[32m"text-3xl font-black text-indigo-600 dark:text-indigo-400"[39m
            [36m>[39m
              [0m100%[0m
            [36m</p>[39m
            [36m<p[39m
              [33mclass[39m=[32m"text-sm font-medium text-slate-500 dark:text-slate-400 mt-1"[39m
            [36m>[39m
              [0mVerified Inventory[0m
            [36m</p>[39m
          [36m</div>[39m
          [36m<div[39m
            [33mclass[39m=[32m"bg-white dark:bg-slate-900/60 border border-slate-200 dark:border-slate-800/80 rounded-2xl p-6 text-center shadow-sm hover:shadow-md t...

[90mstdout[2m | src/pages/__tests__/publicPages.test.tsx[2m > [22m[2mPublic Pages[2m > [22m[2mHome Page[2m > [22m[2mrenders hero section, call to action, statistics, and about section
[22m[39m[36m<body>[39m
  [36m<div>[39m
    [36m<div[39m
      [33mclass[39m=[32m"flex flex-col min-h-screen bg-slate-50 dark:bg-slate-950 text-slate-900 dark:text-slate-100 font-sans transition-colors duration-300"[39m
    [36m>[39m
      [36m<header[39m
        [33mclass[39m=[32m"border-b border-slate-200/80 dark:border-slate-800/80 bg-white/80 dark:bg-slate-900/80 backdrop-blur-lg sticky top-0 z-50 transition-colors duration-300"[39m
        [33mrole[39m=[32m"banner"[39m
      [36m>[39m
        [36m<div[39m
          [33mclass[39m=[32m"max-w-7xl mx-auto px-4 sm:px-6 lg:px-8 h-16 flex items-center justify-between"[39m
        [36m>[39m
          [36m<a[39m
            [33mclass[39m=[32m"flex items-center gap-3 text-xl font-bold tracking-tight hover:opacity-90 transition-opacity"[39m
            [33mhref[39m=[32m"/"[39m
          [36m>[39m
            [36m<div[39m
              [33mclass[39m=[32m"flex items-center justify-center w-10 h-10 rounded-xl bg-slate-900 dark:bg-white text-white dark:text-slate-900 font-black tracking-tighter text-sm transition-transform duration-300 hover:scale-110 shadow-lg "[39m
            [36m>[39m
              [0mKATA[0m
            [36m</div>[39m
            [36m<span[39m
              [33mclass[39m=[32m"hidden sm:inline-block"[39m
            [36m>[39m
              [0mKATA[0m
            [36m</span>[39m
          [36m</a>[39m
          [36m<div[39m
            [33mclass[39m=[32m"flex items-center gap-4"[39m
          [36m>[39m
            [36m<nav[39m
              [33mclass[39m=[32m"hidden md:flex items-center gap-2"[39m
              [33mrole[39m=[32m"navigation"[39m
            [36m>[39m
              [36m<a[39m
                [33mclass[39m=[32m"text-sm font-medium transition-colors px-3 py-2 rounded-lg bg-indigo-100 dark:bg-indigo-600/20 text-indigo-700 dark:text-indigo-400 font-semibold border border-indigo-200 dark:border-indigo-500/30"[39m
                [33mhref[39m=[32m"/"[39m
              [36m>[39m
                [0mHome[0m
              [36m</a>[39m
              [36m<a[39m
                [33mclass[39m=[32m"text-sm font-medium transition-colors px-3 py-2 rounded-lg text-slate-600 dark:text-slate-300 hover:text-slate-900 dark:hover:text-white hover:bg-slate-100 dark:hover:bg-slate-800/60"[39m
                [33mhref[39m=[32m"/vehicles"[39m
              [36m>[39m
                [0mVehicles[0m
              [36m</a>[39m
              [36m<a[39m
                [33mclass[39m=[32m"text-sm font-medium transition-colors px-3 py-2 rounded-lg text-slate-600 dark:text-slate-300 hover:text-slate-900 dark:hover:text-white hover:bg-slate-100 dark:hover:bg-slate-800/60"[39m
                [33mhref[39m=[32m"/dashboard"[39m
              [36m>[39m
                [0mDashboard[0m
              [36m</a>[39m
              [36m<a[39m
                [33mclass[39m=[32m"text-sm font-medium transition-colors px-3 py-2 rounded-lg text-slate-600 dark:text-slate-300 hover:text-slate-900 dark:hover:text-white hover:bg-slate-100 dark:hover:bg-slate-800/60"[39m
                [33mhref[39m=[32m"/profile"[39m
              [36m>[39m
                [0mProfile[0m
              [36m</a>[39m
              [36m<button[39m
                [33mclass[39m=[32m"text-sm font-medium text-slate-500 dark:text-slate-400 hover:text-rose-600 dark:hover:text-rose-400 hover:bg-rose-50 dark:hover:bg-rose-500/10 px-3 py-2 rounded-lg transition-colors ml-2"[39m
              [36m>[39m
                [0mLogout[0m
              [36m</button>[39m
            [36m</nav>[39m
            [36m<button[39m
              [33maria-label[39m=[32m"Toggle Theme"[39m
              [33mclass[39m=[32m"p-2 rounded-lg text-slate-500 dark:text-slate-400 hover:bg-slate-100 dark:hover:bg-slate-800 transition-colors"[39m
            [36m>[39m
              [0m≡ƒîÖ[0m
            [36m</button>[39m
            [36m<button[39m
              [33maria-label[39m=[32m"Toggle Navigation Menu"[39m
              [33mclass[39m=[32m"md:hidden p-2 rounded-lg text-slate-500 dark:text-slate-400 hover:text-slate-900 dark:hover:text-white hover:bg-slate-100 dark:hover:bg-slate-800 transition-colors"[39m
            [36m>[39m
              [36m<svg[39m
                [33mclass[39m=[32m"w-6 h-6"[39m
                [33mfill[39m=[32m"none"[39m
                [33mstroke[39m=[32m"currentColor"[39m
                [33mviewBox[39m=[32m"0 0 24 24"[39m
              [36m>[39m
                [36m<path[39m
                  [33md[39m=[32m"M4 6h16M4 12h16M4 18h16"[39m
                  [33mstroke-linecap[39m=[32m"round"[39m
                  [33mstroke-linejoin[39m=[32m"round"[39m
                  [33mstroke-width[39m=[32m"2"[39m
                [36m/>[39m
              [36m</svg>[39m
            [36m</button>[39m
          [36m</div>[39m
        [36m</div>[39m
      [36m</header>[39m
      [36m<main[39m
        [33mclass[39m=[32m"flex-1 max-w-7xl mx-auto px-4 sm:px-6 lg:px-8 py-8 w-full transition-colors duration-300"[39m
      [36m>[39m
        [36m<section[39m
          [33mclass[39m=[32m"relative rounded-3xl overflow-hidden bg-white dark:bg-slate-900 border border-slate-200 dark:border-slate-800 p-8 sm:p-12 md:p-16 mb-16 shadow-xl transition-colors duration-300"[39m
        [36m>[39m
          [36m<div[39m
            [33mclass[39m=[32m"absolute top-0 right-0 w-full h-full bg-gradient-to-br from-indigo-50/50 via-white to-slate-50 dark:from-indigo-950/40 dark:via-slate-900 dark:to-slate-950 pointer-events-none transition-colors duration-300"[39m
          [36m/>[39m
          [36m<div[39m
            [33mclass[39m=[32m"absolute -top-24 -right-24 w-96 h-96 bg-indigo-500/10 dark:bg-indigo-500/20 rounded-full blur-3xl pointer-events-none"[39m
          [36m/>[39m
          [36m<div[39m
            [33mclass[39m=[32m"relative max-w-3xl space-y-6 z-10"[39m
          [36m>[39m
            [36m<span[39m
              [33mclass[39m=[32m"inline-flex items-center px-2.5 py-0.5 rounded-full text-xs font-semibold border bg-emerald-500/15 text-emerald-300 border-emerald-500/30 backdrop-blur-md animate-fade-in-up"[39m
            [36m>[39m
              [0mΓ£¿ Premier Dealership Experience[0m
            [36m</span>[39m
            [36m<h1[39m
              [33mclass[39m=[32m"text-4xl sm:text-5xl md:text-6xl font-black text-slate-900 dark:text-white tracking-tight leading-tight transition-colors duration-300"[39m
            [36m>[39m
              [0mFind Your Dream Vehicle with [0m
              [36m<span[39m
                [33mclass[39m=[32m"bg-gradient-to-r from-indigo-600 to-purple-600 dark:from-indigo-400 dark:to-purple-400 bg-clip-text text-transparent"[39m
              [36m>[39m
                [0mKATA[0m
              [36m</span>[39m
            [36m</h1>[39m
            [36m<p[39m
              [33mclass[39m=[32m"text-lg text-slate-600 dark:text-slate-300 leading-relaxed transition-colors duration-300"[39m
            [36m>[39m
              [0mBrowse our curated inventory of premium electric, SUV, truck, coupe, and sedan vehicles. Real-time availability, instant online purchase, and full dealership transparency.[0m
            [36m</p>[39m
            [36m<div[39m
              [33mclass[39m=[32m"flex flex-wrap gap-4 pt-4"[39m
            [36m>[39m
              [36m<a[39m
                [33mhref[39m=[32m"/vehicles"[39m
              [36m>[39m
                [36m<button[39m
                  [33mclass[39m=[32m"inline-flex items-center justify-center font-medium rounded-lg transition-all focus:outline-none focus:ring-2 focus:ring-offset-2 disabled:opacity-50 disabled:cursor-not-allowed bg-indigo-600 hover:bg-indigo-700 text-white focus:ring-indigo-500 px-5 py-2.5 text-base  shadow-lg shadow-indigo-500/30 hover:scale-105 transition-transform"[39m
                [36m>[39m
                  [0mExplore Inventory ΓåÆ[0m
                [36m</button>[39m
              [36m</a>[39m
              [36m<a[39m
                [33mhref[39m=[32m"/register"[39m
              [36m>[39m
                [36m<button[39m
                  [33mclass[39m=[32m"inline-flex items-center justify-center font-medium rounded-lg transition-all focus:outline-none focus:ring-2 focus:ring-offset-2 disabled:opacity-50 disabled:cursor-not-allowed bg-transparent border border-slate-700 hover:bg-slate-800 text-slate-300 focus:ring-slate-500 px-5 py-2.5 text-base  hover:scale-105 transition-transform"[39m
                [36m>[39m
                  [0mCreate Account[0m
                [36m</button>[39m
              [36m</a>[39m
            [36m</div>[39m
          [36m</div>[39m
        [36m</section>[39m
        [36m<section[39m
          [33mclass[39m=[32m"grid grid-cols-2 md:grid-cols-4 gap-4 mb-16"[39m
        [36m>[39m
          [36m<div[39m
            [33mclass[39m=[32m"bg-white dark:bg-slate-900/60 border border-slate-200 dark:border-slate-800/80 rounded-2xl p-6 text-center shadow-sm hover:shadow-md transition-all hover:-translate-y-1"[39m
          [36m>[39m
            [36m<p[39m
              [33mclass[39m=[32m"text-3xl font-black text-indigo-600 dark:text-indigo-400"[39m
            [36m>[39m
              [0m100%[0m
            [36m</p>[39m
            [36m<p[39m
              [33mclass[39m=[32m"text-sm font-medium text-slate-500 dark:text-slate-400 mt-1"[39m
            [36m>[39m
              [0mVerified Inventory[0m
            [36m</p>[39m
          [36m</div>[39m
          [36m<div[39m
            [33mclass[39m=[32m"bg-white dark:bg-slate-900/60 border border-slate-200 dark:border-slate-800/80 rounded-2xl p-6 text-center shadow-sm hover:shadow-md t...

[90mstdout[2m | src/pages/__tests__/publicPages.test.tsx[2m > [22m[2mPublic Pages[2m > [22m[2mHome Page[2m > [22m[2mrenders hero section, call to action, statistics, and about section
[22m[39m[36m<body>[39m
  [36m<div>[39m
    [36m<div[39m
      [33mclass[39m=[32m"flex flex-col min-h-screen bg-slate-50 dark:bg-slate-950 text-slate-900 dark:text-slate-100 font-sans transition-colors duration-300"[39m
    [36m>[39m
      [36m<header[39m
        [33mclass[39m=[32m"border-b border-slate-200/80 dark:border-slate-800/80 bg-white/80 dark:bg-slate-900/80 backdrop-blur-lg sticky top-0 z-50 transition-colors duration-300"[39m
        [33mrole[39m=[32m"banner"[39m
      [36m>[39m
        [36m<div[39m
          [33mclass[39m=[32m"max-w-7xl mx-auto px-4 sm:px-6 lg:px-8 h-16 flex items-center justify-between"[39m
        [36m>[39m
          [36m<a[39m
            [33mclass[39m=[32m"flex items-center gap-3 text-xl font-bold tracking-tight hover:opacity-90 transition-opacity"[39m
            [33mhref[39m=[32m"/"[39m
          [36m>[39m
            [36m<div[39m
              [33mclass[39m=[32m"flex items-center justify-center w-10 h-10 rounded-xl bg-slate-900 dark:bg-white text-white dark:text-slate-900 font-black tracking-tighter text-sm transition-transform duration-300 hover:scale-110 shadow-lg "[39m
            [36m>[39m
              [0mKATA[0m
            [36m</div>[39m
            [36m<span[39m
              [33mclass[39m=[32m"hidden sm:inline-block"[39m
            [36m>[39m
              [0mKATA[0m
            [36m</span>[39m
          [36m</a>[39m
          [36m<div[39m
            [33mclass[39m=[32m"flex items-center gap-4"[39m
          [36m>[39m
            [36m<nav[39m
              [33mclass[39m=[32m"hidden md:flex items-center gap-2"[39m
              [33mrole[39m=[32m"navigation"[39m
            [36m>[39m
              [36m<a[39m
                [33mclass[39m=[32m"text-sm font-medium transition-colors px-3 py-2 rounded-lg bg-indigo-100 dark:bg-indigo-600/20 text-indigo-700 dark:text-indigo-400 font-semibold border border-indigo-200 dark:border-indigo-500/30"[39m
                [33mhref[39m=[32m"/"[39m
              [36m>[39m
                [0mHome[0m
              [36m</a>[39m
              [36m<a[39m
                [33mclass[39m=[32m"text-sm font-medium transition-colors px-3 py-2 rounded-lg text-slate-600 dark:text-slate-300 hover:text-slate-900 dark:hover:text-white hover:bg-slate-100 dark:hover:bg-slate-800/60"[39m
                [33mhref[39m=[32m"/vehicles"[39m
              [36m>[39m
                [0mVehicles[0m
              [36m</a>[39m
              [36m<a[39m
                [33mclass[39m=[32m"text-sm font-medium transition-colors px-3 py-2 rounded-lg text-slate-600 dark:text-slate-300 hover:text-slate-900 dark:hover:text-white hover:bg-slate-100 dark:hover:bg-slate-800/60"[39m
                [33mhref[39m=[32m"/dashboard"[39m
              [36m>[39m
                [0mDashboard[0m
              [36m</a>[39m
              [36m<a[39m
                [33mclass[39m=[32m"text-sm font-medium transition-colors px-3 py-2 rounded-lg text-slate-600 dark:text-slate-300 hover:text-slate-900 dark:hover:text-white hover:bg-slate-100 dark:hover:bg-slate-800/60"[39m
                [33mhref[39m=[32m"/profile"[39m
              [36m>[39m
                [0mProfile[0m
              [36m</a>[39m
              [36m<button[39m
                [33mclass[39m=[32m"text-sm font-medium text-slate-500 dark:text-slate-400 hover:text-rose-600 dark:hover:text-rose-400 hover:bg-rose-50 dark:hover:bg-rose-500/10 px-3 py-2 rounded-lg transition-colors ml-2"[39m
              [36m>[39m
                [0mLogout[0m
              [36m</button>[39m
            [36m</nav>[39m
            [36m<button[39m
              [33maria-label[39m=[32m"Toggle Theme"[39m
              [33mclass[39m=[32m"p-2 rounded-lg text-slate-500 dark:text-slate-400 hover:bg-slate-100 dark:hover:bg-slate-800 transition-colors"[39m
            [36m>[39m
              [0m≡ƒîÖ[0m
            [36m</button>[39m
            [36m<button[39m
              [33maria-label[39m=[32m"Toggle Navigation Menu"[39m
              [33mclass[39m=[32m"md:hidden p-2 rounded-lg text-slate-500 dark:text-slate-400 hover:text-slate-900 dark:hover:text-white hover:bg-slate-100 dark:hover:bg-slate-800 transition-colors"[39m
            [36m>[39m
              [36m<svg[39m
                [33mclass[39m=[32m"w-6 h-6"[39m
                [33mfill[39m=[32m"none"[39m
                [33mstroke[39m=[32m"currentColor"[39m
                [33mviewBox[39m=[32m"0 0 24 24"[39m
              [36m>[39m
                [36m<path[39m
                  [33md[39m=[32m"M4 6h16M4 12h16M4 18h16"[39m
                  [33mstroke-linecap[39m=[32m"round"[39m
                  [33mstroke-linejoin[39m=[32m"round"[39m
                  [33mstroke-width[39m=[32m"2"[39m
                [36m/>[39m
              [36m</svg>[39m
            [36m</button>[39m
          [36m</div>[39m
        [36m</div>[39m
      [36m</header>[39m
      [36m<main[39m
        [33mclass[39m=[32m"flex-1 max-w-7xl mx-auto px-4 sm:px-6 lg:px-8 py-8 w-full transition-colors duration-300"[39m
      [36m>[39m
        [36m<section[39m
          [33mclass[39m=[32m"relative rounded-3xl overflow-hidden bg-white dark:bg-slate-900 border border-slate-200 dark:border-slate-800 p-8 sm:p-12 md:p-16 mb-16 shadow-xl transition-colors duration-300"[39m
        [36m>[39m
          [36m<div[39m
            [33mclass[39m=[32m"absolute top-0 right-0 w-full h-full bg-gradient-to-br from-indigo-50/50 via-white to-slate-50 dark:from-indigo-950/40 dark:via-slate-900 dark:to-slate-950 pointer-events-none transition-colors duration-300"[39m
          [36m/>[39m
          [36m<div[39m
            [33mclass[39m=[32m"absolute -top-24 -right-24 w-96 h-96 bg-indigo-500/10 dark:bg-indigo-500/20 rounded-full blur-3xl pointer-events-none"[39m
          [36m/>[39m
          [36m<div[39m
            [33mclass[39m=[32m"relative max-w-3xl space-y-6 z-10"[39m
          [36m>[39m
            [36m<span[39m
              [33mclass[39m=[32m"inline-flex items-center px-2.5 py-0.5 rounded-full text-xs font-semibold border bg-emerald-500/15 text-emerald-300 border-emerald-500/30 backdrop-blur-md animate-fade-in-up"[39m
            [36m>[39m
              [0mΓ£¿ Premier Dealership Experience[0m
            [36m</span>[39m
            [36m<h1[39m
              [33mclass[39m=[32m"text-4xl sm:text-5xl md:text-6xl font-black text-slate-900 dark:text-white tracking-tight leading-tight transition-colors duration-300"[39m
            [36m>[39m
              [0mFind Your Dream Vehicle with [0m
              [36m<span[39m
                [33mclass[39m=[32m"bg-gradient-to-r from-indigo-600 to-purple-600 dark:from-indigo-400 dark:to-purple-400 bg-clip-text text-transparent"[39m
              [36m>[39m
                [0mKATA[0m
              [36m</span>[39m
            [36m</h1>[39m
            [36m<p[39m
              [33mclass[39m=[32m"text-lg text-slate-600 dark:text-slate-300 leading-relaxed transition-colors duration-300"[39m
            [36m>[39m
              [0mBrowse our curated inventory of premium electric, SUV, truck, coupe, and sedan vehicles. Real-time availability, instant online purchase, and full dealership transparency.[0m
            [36m</p>[39m
            [36m<div[39m
              [33mclass[39m=[32m"flex flex-wrap gap-4 pt-4"[39m
            [36m>[39m
              [36m<a[39m
                [33mhref[39m=[32m"/vehicles"[39m
              [36m>[39m
                [36m<button[39m
                  [33mclass[39m=[32m"inline-flex items-center justify-center font-medium rounded-lg transition-all focus:outline-none focus:ring-2 focus:ring-offset-2 disabled:opacity-50 disabled:cursor-not-allowed bg-indigo-600 hover:bg-indigo-700 text-white focus:ring-indigo-500 px-5 py-2.5 text-base  shadow-lg shadow-indigo-500/30 hover:scale-105 transition-transform"[39m
                [36m>[39m
                  [0mExplore Inventory ΓåÆ[0m
                [36m</button>[39m
              [36m</a>[39m
              [36m<a[39m
                [33mhref[39m=[32m"/register"[39m
              [36m>[39m
                [36m<button[39m
                  [33mclass[39m=[32m"inline-flex items-center justify-center font-medium rounded-lg transition-all focus:outline-none focus:ring-2 focus:ring-offset-2 disabled:opacity-50 disabled:cursor-not-allowed bg-transparent border border-slate-700 hover:bg-slate-800 text-slate-300 focus:ring-slate-500 px-5 py-2.5 text-base  hover:scale-105 transition-transform"[39m
                [36m>[39m
                  [0mCreate Account[0m
                [36m</button>[39m
              [36m</a>[39m
            [36m</div>[39m
          [36m</div>[39m
        [36m</section>[39m
        [36m<section[39m
          [33mclass[39m=[32m"grid grid-cols-2 md:grid-cols-4 gap-4 mb-16"[39m
        [36m>[39m
          [36m<div[39m
            [33mclass[39m=[32m"bg-white dark:bg-slate-900/60 border border-slate-200 dark:border-slate-800/80 rounded-2xl p-6 text-center shadow-sm hover:shadow-md transition-all hover:-translate-y-1"[39m
          [36m>[39m
            [36m<p[39m
              [33mclass[39m=[32m"text-3xl font-black text-indigo-600 dark:text-indigo-400"[39m
            [36m>[39m
              [0m100%[0m
            [36m</p>[39m
            [36m<p[39m
              [33mclass[39m=[32m"text-sm font-medium text-slate-500 dark:text-slate-400 mt-1"[39m
            [36m>[39m
              [0mVerified Inventory[0m
            [36m</p>[39m
          [36m</div>[39m
          [36m<div[39m
            [33mclass[39m=[32m"bg-white dark:bg-slate-900/60 border border-slate-200 dark:border-slate-800/80 rounded-2xl p-6 text-center shadow-sm hover:shadow-md t...

[90mstdout[2m | src/pages/__tests__/publicPages.test.tsx[2m > [22m[2mPublic Pages[2m > [22m[2mHome Page[2m > [22m[2mrenders hero section, call to action, statistics, and about section
[22m[39m[36m<body>[39m
  [36m<div>[39m
    [36m<div[39m
      [33mclass[39m=[32m"flex flex-col min-h-screen bg-slate-50 dark:bg-slate-950 text-slate-900 dark:text-slate-100 font-sans transition-colors duration-300"[39m
    [36m>[39m
      [36m<header[39m
        [33mclass[39m=[32m"border-b border-slate-200/80 dark:border-slate-800/80 bg-white/80 dark:bg-slate-900/80 backdrop-blur-lg sticky top-0 z-50 transition-colors duration-300"[39m
        [33mrole[39m=[32m"banner"[39m
      [36m>[39m
        [36m<div[39m
          [33mclass[39m=[32m"max-w-7xl mx-auto px-4 sm:px-6 lg:px-8 h-16 flex items-center justify-between"[39m
        [36m>[39m
          [36m<a[39m
            [33mclass[39m=[32m"flex items-center gap-3 text-xl font-bold tracking-tight hover:opacity-90 transition-opacity"[39m
            [33mhref[39m=[32m"/"[39m
          [36m>[39m
            [36m<div[39m
              [33mclass[39m=[32m"flex items-center justify-center w-10 h-10 rounded-xl bg-slate-900 dark:bg-white text-white dark:text-slate-900 font-black tracking-tighter text-sm transition-transform duration-300 hover:scale-110 shadow-lg "[39m
            [36m>[39m
              [0mKATA[0m
            [36m</div>[39m
            [36m<span[39m
              [33mclass[39m=[32m"hidden sm:inline-block"[39m
            [36m>[39m
              [0mKATA[0m
            [36m</span>[39m
          [36m</a>[39m
          [36m<div[39m
            [33mclass[39m=[32m"flex items-center gap-4"[39m
          [36m>[39m
            [36m<nav[39m
              [33mclass[39m=[32m"hidden md:flex items-center gap-2"[39m
              [33mrole[39m=[32m"navigation"[39m
            [36m>[39m
              [36m<a[39m
                [33mclass[39m=[32m"text-sm font-medium transition-colors px-3 py-2 rounded-lg bg-indigo-100 dark:bg-indigo-600/20 text-indigo-700 dark:text-indigo-400 font-semibold border border-indigo-200 dark:border-indigo-500/30"[39m
                [33mhref[39m=[32m"/"[39m
              [36m>[39m
                [0mHome[0m
              [36m</a>[39m
              [36m<a[39m
                [33mclass[39m=[32m"text-sm font-medium transition-colors px-3 py-2 rounded-lg text-slate-600 dark:text-slate-300 hover:text-slate-900 dark:hover:text-white hover:bg-slate-100 dark:hover:bg-slate-800/60"[39m
                [33mhref[39m=[32m"/vehicles"[39m
              [36m>[39m
                [0mVehicles[0m
              [36m</a>[39m
              [36m<a[39m
                [33mclass[39m=[32m"text-sm font-medium transition-colors px-3 py-2 rounded-lg text-slate-600 dark:text-slate-300 hover:text-slate-900 dark:hover:text-white hover:bg-slate-100 dark:hover:bg-slate-800/60"[39m
                [33mhref[39m=[32m"/dashboard"[39m
              [36m>[39m
                [0mDashboard[0m
              [36m</a>[39m
              [36m<a[39m
                [33mclass[39m=[32m"text-sm font-medium transition-colors px-3 py-2 rounded-lg text-slate-600 dark:text-slate-300 hover:text-slate-900 dark:hover:text-white hover:bg-slate-100 dark:hover:bg-slate-800/60"[39m
                [33mhref[39m=[32m"/profile"[39m
              [36m>[39m
                [0mProfile[0m
              [36m</a>[39m
              [36m<button[39m
                [33mclass[39m=[32m"text-sm font-medium text-slate-500 dark:text-slate-400 hover:text-rose-600 dark:hover:text-rose-400 hover:bg-rose-50 dark:hover:bg-rose-500/10 px-3 py-2 rounded-lg transition-colors ml-2"[39m
              [36m>[39m
                [0mLogout[0m
              [36m</button>[39m
            [36m</nav>[39m
            [36m<button[39m
              [33maria-label[39m=[32m"Toggle Theme"[39m
              [33mclass[39m=[32m"p-2 rounded-lg text-slate-500 dark:text-slate-400 hover:bg-slate-100 dark:hover:bg-slate-800 transition-colors"[39m
            [36m>[39m
              [0m≡ƒîÖ[0m
            [36m</button>[39m
            [36m<button[39m
              [33maria-label[39m=[32m"Toggle Navigation Menu"[39m
              [33mclass[39m=[32m"md:hidden p-2 rounded-lg text-slate-500 dark:text-slate-400 hover:text-slate-900 dark:hover:text-white hover:bg-slate-100 dark:hover:bg-slate-800 transition-colors"[39m
            [36m>[39m
              [36m<svg[39m
                [33mclass[39m=[32m"w-6 h-6"[39m
                [33mfill[39m=[32m"none"[39m
                [33mstroke[39m=[32m"currentColor"[39m
                [33mviewBox[39m=[32m"0 0 24 24"[39m
              [36m>[39m
                [36m<path[39m
                  [33md[39m=[32m"M4 6h16M4 12h16M4 18h16"[39m
                  [33mstroke-linecap[39m=[32m"round"[39m
                  [33mstroke-linejoin[39m=[32m"round"[39m
                  [33mstroke-width[39m=[32m"2"[39m
                [36m/>[39m
              [36m</svg>[39m
            [36m</button>[39m
          [36m</div>[39m
        [36m</div>[39m
      [36m</header>[39m
      [36m<main[39m
        [33mclass[39m=[32m"flex-1 max-w-7xl mx-auto px-4 sm:px-6 lg:px-8 py-8 w-full transition-colors duration-300"[39m
      [36m>[39m
        [36m<section[39m
          [33mclass[39m=[32m"relative rounded-3xl overflow-hidden bg-white dark:bg-slate-900 border border-slate-200 dark:border-slate-800 p-8 sm:p-12 md:p-16 mb-16 shadow-xl transition-colors duration-300"[39m
        [36m>[39m
          [36m<div[39m
            [33mclass[39m=[32m"absolute top-0 right-0 w-full h-full bg-gradient-to-br from-indigo-50/50 via-white to-slate-50 dark:from-indigo-950/40 dark:via-slate-900 dark:to-slate-950 pointer-events-none transition-colors duration-300"[39m
          [36m/>[39m
          [36m<div[39m
            [33mclass[39m=[32m"absolute -top-24 -right-24 w-96 h-96 bg-indigo-500/10 dark:bg-indigo-500/20 rounded-full blur-3xl pointer-events-none"[39m
          [36m/>[39m
          [36m<div[39m
            [33mclass[39m=[32m"relative max-w-3xl space-y-6 z-10"[39m
          [36m>[39m
            [36m<span[39m
              [33mclass[39m=[32m"inline-flex items-center px-2.5 py-0.5 rounded-full text-xs font-semibold border bg-emerald-500/15 text-emerald-300 border-emerald-500/30 backdrop-blur-md animate-fade-in-up"[39m
            [36m>[39m
              [0mΓ£¿ Premier Dealership Experience[0m
            [36m</span>[39m
            [36m<h1[39m
              [33mclass[39m=[32m"text-4xl sm:text-5xl md:text-6xl font-black text-slate-900 dark:text-white tracking-tight leading-tight transition-colors duration-300"[39m
            [36m>[39m
              [0mFind Your Dream Vehicle with [0m
              [36m<span[39m
                [33mclass[39m=[32m"bg-gradient-to-r from-indigo-600 to-purple-600 dark:from-indigo-400 dark:to-purple-400 bg-clip-text text-transparent"[39m
              [36m>[39m
                [0mKATA[0m
              [36m</span>[39m
            [36m</h1>[39m
            [36m<p[39m
              [33mclass[39m=[32m"text-lg text-slate-600 dark:text-slate-300 leading-relaxed transition-colors duration-300"[39m
            [36m>[39m
              [0mBrowse our curated inventory of premium electric, SUV, truck, coupe, and sedan vehicles. Real-time availability, instant online purchase, and full dealership transparency.[0m
            [36m</p>[39m
            [36m<div[39m
              [33mclass[39m=[32m"flex flex-wrap gap-4 pt-4"[39m
            [36m>[39m
              [36m<a[39m
                [33mhref[39m=[32m"/vehicles"[39m
              [36m>[39m
                [36m<button[39m
                  [33mclass[39m=[32m"inline-flex items-center justify-center font-medium rounded-lg transition-all focus:outline-none focus:ring-2 focus:ring-offset-2 disabled:opacity-50 disabled:cursor-not-allowed bg-indigo-600 hover:bg-indigo-700 text-white focus:ring-indigo-500 px-5 py-2.5 text-base  shadow-lg shadow-indigo-500/30 hover:scale-105 transition-transform"[39m
                [36m>[39m
                  [0mExplore Inventory ΓåÆ[0m
                [36m</button>[39m
              [36m</a>[39m
              [36m<a[39m
                [33mhref[39m=[32m"/register"[39m
              [36m>[39m
                [36m<button[39m
                  [33mclass[39m=[32m"inline-flex items-center justify-center font-medium rounded-lg transition-all focus:outline-none focus:ring-2 focus:ring-offset-2 disabled:opacity-50 disabled:cursor-not-allowed bg-transparent border border-slate-700 hover:bg-slate-800 text-slate-300 focus:ring-slate-500 px-5 py-2.5 text-base  hover:scale-105 transition-transform"[39m
                [36m>[39m
                  [0mCreate Account[0m
                [36m</button>[39m
              [36m</a>[39m
            [36m</div>[39m
          [36m</div>[39m
        [36m</section>[39m
        [36m<section[39m
          [33mclass[39m=[32m"grid grid-cols-2 md:grid-cols-4 gap-4 mb-16"[39m
        [36m>[39m
          [36m<div[39m
            [33mclass[39m=[32m"bg-white dark:bg-slate-900/60 border border-slate-200 dark:border-slate-800/80 rounded-2xl p-6 text-center shadow-sm hover:shadow-md transition-all hover:-translate-y-1"[39m
          [36m>[39m
            [36m<p[39m
              [33mclass[39m=[32m"text-3xl font-black text-indigo-600 dark:text-indigo-400"[39m
            [36m>[39m
              [0m100%[0m
            [36m</p>[39m
            [36m<p[39m
              [33mclass[39m=[32m"text-sm font-medium text-slate-500 dark:text-slate-400 mt-1"[39m
            [36m>[39m
              [0mVerified Inventory[0m
            [36m</p>[39m
          [36m</div>[39m
          [36m<div[39m
            [33mclass[39m=[32m"bg-white dark:bg-slate-900/60 border border-slate-200 dark:border-slate-800/80 rounded-2xl p-6 text-center shadow-sm hover:shadow-md t...

[90mstdout[2m | src/pages/__tests__/publicPages.test.tsx[2m > [22m[2mPublic Pages[2m > [22m[2mHome Page[2m > [22m[2mrenders hero section, call to action, statistics, and about section
[22m[39m[36m<body>[39m
  [36m<div>[39m
    [36m<div[39m
      [33mclass[39m=[32m"flex flex-col min-h-screen bg-slate-50 dark:bg-slate-950 text-slate-900 dark:text-slate-100 font-sans transition-colors duration-300"[39m
    [36m>[39m
      [36m<header[39m
        [33mclass[39m=[32m"border-b border-slate-200/80 dark:border-slate-800/80 bg-white/80 dark:bg-slate-900/80 backdrop-blur-lg sticky top-0 z-50 transition-colors duration-300"[39m
        [33mrole[39m=[32m"banner"[39m
      [36m>[39m
        [36m<div[39m
          [33mclass[39m=[32m"max-w-7xl mx-auto px-4 sm:px-6 lg:px-8 h-16 flex items-center justify-between"[39m
        [36m>[39m
          [36m<a[39m
            [33mclass[39m=[32m"flex items-center gap-3 text-xl font-bold tracking-tight hover:opacity-90 transition-opacity"[39m
            [33mhref[39m=[32m"/"[39m
          [36m>[39m
            [36m<div[39m
              [33mclass[39m=[32m"flex items-center justify-center w-10 h-10 rounded-xl bg-slate-900 dark:bg-white text-white dark:text-slate-900 font-black tracking-tighter text-sm transition-transform duration-300 hover:scale-110 shadow-lg "[39m
            [36m>[39m
              [0mKATA[0m
            [36m</div>[39m
            [36m<span[39m
              [33mclass[39m=[32m"hidden sm:inline-block"[39m
            [36m>[39m
              [0mKATA[0m
            [36m</span>[39m
          [36m</a>[39m
          [36m<div[39m
            [33mclass[39m=[32m"flex items-center gap-4"[39m
          [36m>[39m
            [36m<nav[39m
              [33mclass[39m=[32m"hidden md:flex items-center gap-2"[39m
              [33mrole[39m=[32m"navigation"[39m
            [36m>[39m
              [36m<a[39m
                [33mclass[39m=[32m"text-sm font-medium transition-colors px-3 py-2 rounded-lg bg-indigo-100 dark:bg-indigo-600/20 text-indigo-700 dark:text-indigo-400 font-semibold border border-indigo-200 dark:border-indigo-500/30"[39m
                [33mhref[39m=[32m"/"[39m
              [36m>[39m
                [0mHome[0m
              [36m</a>[39m
              [36m<a[39m
                [33mclass[39m=[32m"text-sm font-medium transition-colors px-3 py-2 rounded-lg text-slate-600 dark:text-slate-300 hover:text-slate-900 dark:hover:text-white hover:bg-slate-100 dark:hover:bg-slate-800/60"[39m
                [33mhref[39m=[32m"/vehicles"[39m
              [36m>[39m
                [0mVehicles[0m
              [36m</a>[39m
              [36m<a[39m
                [33mclass[39m=[32m"text-sm font-medium transition-colors px-3 py-2 rounded-lg text-slate-600 dark:text-slate-300 hover:text-slate-900 dark:hover:text-white hover:bg-slate-100 dark:hover:bg-slate-800/60"[39m
                [33mhref[39m=[32m"/dashboard"[39m
              [36m>[39m
                [0mDashboard[0m
              [36m</a>[39m
              [36m<a[39m
                [33mclass[39m=[32m"text-sm font-medium transition-colors px-3 py-2 rounded-lg text-slate-600 dark:text-slate-300 hover:text-slate-900 dark:hover:text-white hover:bg-slate-100 dark:hover:bg-slate-800/60"[39m
                [33mhref[39m=[32m"/profile"[39m
              [36m>[39m
                [0mProfile[0m
              [36m</a>[39m
              [36m<button[39m
                [33mclass[39m=[32m"text-sm font-medium text-slate-500 dark:text-slate-400 hover:text-rose-600 dark:hover:text-rose-400 hover:bg-rose-50 dark:hover:bg-rose-500/10 px-3 py-2 rounded-lg transition-colors ml-2"[39m
              [36m>[39m
                [0mLogout[0m
              [36m</button>[39m
            [36m</nav>[39m
            [36m<button[39m
              [33maria-label[39m=[32m"Toggle Theme"[39m
              [33mclass[39m=[32m"p-2 rounded-lg text-slate-500 dark:text-slate-400 hover:bg-slate-100 dark:hover:bg-slate-800 transition-colors"[39m
            [36m>[39m
              [0m≡ƒîÖ[0m
            [36m</button>[39m
            [36m<button[39m
              [33maria-label[39m=[32m"Toggle Navigation Menu"[39m
              [33mclass[39m=[32m"md:hidden p-2 rounded-lg text-slate-500 dark:text-slate-400 hover:text-slate-900 dark:hover:text-white hover:bg-slate-100 dark:hover:bg-slate-800 transition-colors"[39m
            [36m>[39m
              [36m<svg[39m
                [33mclass[39m=[32m"w-6 h-6"[39m
                [33mfill[39m=[32m"none"[39m
                [33mstroke[39m=[32m"currentColor"[39m
                [33mviewBox[39m=[32m"0 0 24 24"[39m
              [36m>[39m
                [36m<path[39m
                  [33md[39m=[32m"M4 6h16M4 12h16M4 18h16"[39m
                  [33mstroke-linecap[39m=[32m"round"[39m
                  [33mstroke-linejoin[39m=[32m"round"[39m
                  [33mstroke-width[39m=[32m"2"[39m
                [36m/>[39m
              [36m</svg>[39m
            [36m</button>[39m
          [36m</div>[39m
        [36m</div>[39m
      [36m</header>[39m
      [36m<main[39m
        [33mclass[39m=[32m"flex-1 max-w-7xl mx-auto px-4 sm:px-6 lg:px-8 py-8 w-full transition-colors duration-300"[39m
      [36m>[39m
        [36m<section[39m
          [33mclass[39m=[32m"relative rounded-3xl overflow-hidden bg-white dark:bg-slate-900 border border-slate-200 dark:border-slate-800 p-8 sm:p-12 md:p-16 mb-16 shadow-xl transition-colors duration-300"[39m
        [36m>[39m
          [36m<div[39m
            [33mclass[39m=[32m"absolute top-0 right-0 w-full h-full bg-gradient-to-br from-indigo-50/50 via-white to-slate-50 dark:from-indigo-950/40 dark:via-slate-900 dark:to-slate-950 pointer-events-none transition-colors duration-300"[39m
          [36m/>[39m
          [36m<div[39m
            [33mclass[39m=[32m"absolute -top-24 -right-24 w-96 h-96 bg-indigo-500/10 dark:bg-indigo-500/20 rounded-full blur-3xl pointer-events-none"[39m
          [36m/>[39m
          [36m<div[39m
            [33mclass[39m=[32m"relative max-w-3xl space-y-6 z-10"[39m
          [36m>[39m
            [36m<span[39m
              [33mclass[39m=[32m"inline-flex items-center px-2.5 py-0.5 rounded-full text-xs font-semibold border bg-emerald-500/15 text-emerald-300 border-emerald-500/30 backdrop-blur-md animate-fade-in-up"[39m
            [36m>[39m
              [0mΓ£¿ Premier Dealership Experience[0m
            [36m</span>[39m
            [36m<h1[39m
              [33mclass[39m=[32m"text-4xl sm:text-5xl md:text-6xl font-black text-slate-900 dark:text-white tracking-tight leading-tight transition-colors duration-300"[39m
            [36m>[39m
              [0mFind Your Dream Vehicle with [0m
              [36m<span[39m
                [33mclass[39m=[32m"bg-gradient-to-r from-indigo-600 to-purple-600 dark:from-indigo-400 dark:to-purple-400 bg-clip-text text-transparent"[39m
              [36m>[39m
                [0mKATA[0m
              [36m</span>[39m
            [36m</h1>[39m
            [36m<p[39m
              [33mclass[39m=[32m"text-lg text-slate-600 dark:text-slate-300 leading-relaxed transition-colors duration-300"[39m
            [36m>[39m
              [0mBrowse our curated inventory of premium electric, SUV, truck, coupe, and sedan vehicles. Real-time availability, instant online purchase, and full dealership transparency.[0m
            [36m</p>[39m
            [36m<div[39m
              [33mclass[39m=[32m"flex flex-wrap gap-4 pt-4"[39m
            [36m>[39m
              [36m<a[39m
                [33mhref[39m=[32m"/vehicles"[39m
              [36m>[39m
                [36m<button[39m
                  [33mclass[39m=[32m"inline-flex items-center justify-center font-medium rounded-lg transition-all focus:outline-none focus:ring-2 focus:ring-offset-2 disabled:opacity-50 disabled:cursor-not-allowed bg-indigo-600 hover:bg-indigo-700 text-white focus:ring-indigo-500 px-5 py-2.5 text-base  shadow-lg shadow-indigo-500/30 hover:scale-105 transition-transform"[39m
                [36m>[39m
                  [0mExplore Inventory ΓåÆ[0m
                [36m</button>[39m
              [36m</a>[39m
              [36m<a[39m
                [33mhref[39m=[32m"/register"[39m
              [36m>[39m
                [36m<button[39m
                  [33mclass[39m=[32m"inline-flex items-center justify-center font-medium rounded-lg transition-all focus:outline-none focus:ring-2 focus:ring-offset-2 disabled:opacity-50 disabled:cursor-not-allowed bg-transparent border border-slate-700 hover:bg-slate-800 text-slate-300 focus:ring-slate-500 px-5 py-2.5 text-base  hover:scale-105 transition-transform"[39m
                [36m>[39m
                  [0mCreate Account[0m
                [36m</button>[39m
              [36m</a>[39m
            [36m</div>[39m
          [36m</div>[39m
        [36m</section>[39m
        [36m<section[39m
          [33mclass[39m=[32m"grid grid-cols-2 md:grid-cols-4 gap-4 mb-16"[39m
        [36m>[39m
          [36m<div[39m
            [33mclass[39m=[32m"bg-white dark:bg-slate-900/60 border border-slate-200 dark:border-slate-800/80 rounded-2xl p-6 text-center shadow-sm hover:shadow-md transition-all hover:-translate-y-1"[39m
          [36m>[39m
            [36m<p[39m
              [33mclass[39m=[32m"text-3xl font-black text-indigo-600 dark:text-indigo-400"[39m
            [36m>[39m
              [0m100%[0m
            [36m</p>[39m
            [36m<p[39m
              [33mclass[39m=[32m"text-sm font-medium text-slate-500 dark:text-slate-400 mt-1"[39m
            [36m>[39m
              [0mVerified Inventory[0m
            [36m</p>[39m
          [36m</div>[39m
          [36m<div[39m
            [33mclass[39m=[32m"bg-white dark:bg-slate-900/60 border border-slate-200 dark:border-slate-800/80 rounded-2xl p-6 text-center shadow-sm hover:shadow-md t...

[90mstdout[2m | src/pages/__tests__/publicPages.test.tsx[2m > [22m[2mPublic Pages[2m > [22m[2mHome Page[2m > [22m[2mrenders hero section, call to action, statistics, and about section
[22m[39m[36m<body>[39m
  [36m<div>[39m
    [36m<div[39m
      [33mclass[39m=[32m"flex flex-col min-h-screen bg-slate-50 dark:bg-slate-950 text-slate-900 dark:text-slate-100 font-sans transition-colors duration-300"[39m
    [36m>[39m
      [36m<header[39m
        [33mclass[39m=[32m"border-b border-slate-200/80 dark:border-slate-800/80 bg-white/80 dark:bg-slate-900/80 backdrop-blur-lg sticky top-0 z-50 transition-colors duration-300"[39m
        [33mrole[39m=[32m"banner"[39m
      [36m>[39m
        [36m<div[39m
          [33mclass[39m=[32m"max-w-7xl mx-auto px-4 sm:px-6 lg:px-8 h-16 flex items-center justify-between"[39m
        [36m>[39m
          [36m<a[39m
            [33mclass[39m=[32m"flex items-center gap-3 text-xl font-bold tracking-tight hover:opacity-90 transition-opacity"[39m
            [33mhref[39m=[32m"/"[39m
          [36m>[39m
            [36m<div[39m
              [33mclass[39m=[32m"flex items-center justify-center w-10 h-10 rounded-xl bg-slate-900 dark:bg-white text-white dark:text-slate-900 font-black tracking-tighter text-sm transition-transform duration-300 hover:scale-110 shadow-lg "[39m
            [36m>[39m
              [0mKATA[0m
            [36m</div>[39m
            [36m<span[39m
              [33mclass[39m=[32m"hidden sm:inline-block"[39m
            [36m>[39m
              [0mKATA[0m
            [36m</span>[39m
          [36m</a>[39m
          [36m<div[39m
            [33mclass[39m=[32m"flex items-center gap-4"[39m
          [36m>[39m
            [36m<nav[39m
              [33mclass[39m=[32m"hidden md:flex items-center gap-2"[39m
              [33mrole[39m=[32m"navigation"[39m
            [36m>[39m
              [36m<a[39m
                [33mclass[39m=[32m"text-sm font-medium transition-colors px-3 py-2 rounded-lg bg-indigo-100 dark:bg-indigo-600/20 text-indigo-700 dark:text-indigo-400 font-semibold border border-indigo-200 dark:border-indigo-500/30"[39m
                [33mhref[39m=[32m"/"[39m
              [36m>[39m
                [0mHome[0m
              [36m</a>[39m
              [36m<a[39m
                [33mclass[39m=[32m"text-sm font-medium transition-colors px-3 py-2 rounded-lg text-slate-600 dark:text-slate-300 hover:text-slate-900 dark:hover:text-white hover:bg-slate-100 dark:hover:bg-slate-800/60"[39m
                [33mhref[39m=[32m"/vehicles"[39m
              [36m>[39m
                [0mVehicles[0m
              [36m</a>[39m
              [36m<a[39m
                [33mclass[39m=[32m"text-sm font-medium transition-colors px-3 py-2 rounded-lg text-slate-600 dark:text-slate-300 hover:text-slate-900 dark:hover:text-white hover:bg-slate-100 dark:hover:bg-slate-800/60"[39m
                [33mhref[39m=[32m"/dashboard"[39m
              [36m>[39m
                [0mDashboard[0m
              [36m</a>[39m
              [36m<a[39m
                [33mclass[39m=[32m"text-sm font-medium transition-colors px-3 py-2 rounded-lg text-slate-600 dark:text-slate-300 hover:text-slate-900 dark:hover:text-white hover:bg-slate-100 dark:hover:bg-slate-800/60"[39m
                [33mhref[39m=[32m"/profile"[39m
              [36m>[39m
                [0mProfile[0m
              [36m</a>[39m
              [36m<button[39m
                [33mclass[39m=[32m"text-sm font-medium text-slate-500 dark:text-slate-400 hover:text-rose-600 dark:hover:text-rose-400 hover:bg-rose-50 dark:hover:bg-rose-500/10 px-3 py-2 rounded-lg transition-colors ml-2"[39m
              [36m>[39m
                [0mLogout[0m
              [36m</button>[39m
            [36m</nav>[39m
            [36m<button[39m
              [33maria-label[39m=[32m"Toggle Theme"[39m
              [33mclass[39m=[32m"p-2 rounded-lg text-slate-500 dark:text-slate-400 hover:bg-slate-100 dark:hover:bg-slate-800 transition-colors"[39m
            [36m>[39m
              [0m≡ƒîÖ[0m
            [36m</button>[39m
            [36m<button[39m
              [33maria-label[39m=[32m"Toggle Navigation Menu"[39m
              [33mclass[39m=[32m"md:hidden p-2 rounded-lg text-slate-500 dark:text-slate-400 hover:text-slate-900 dark:hover:text-white hover:bg-slate-100 dark:hover:bg-slate-800 transition-colors"[39m
            [36m>[39m
              [36m<svg[39m
                [33mclass[39m=[32m"w-6 h-6"[39m
                [33mfill[39m=[32m"none"[39m
                [33mstroke[39m=[32m"currentColor"[39m
                [33mviewBox[39m=[32m"0 0 24 24"[39m
              [36m>[39m
                [36m<path[39m
                  [33md[39m=[32m"M4 6h16M4 12h16M4 18h16"[39m
                  [33mstroke-linecap[39m=[32m"round"[39m
                  [33mstroke-linejoin[39m=[32m"round"[39m
                  [33mstroke-width[39m=[32m"2"[39m
                [36m/>[39m
              [36m</svg>[39m
            [36m</button>[39m
          [36m</div>[39m
        [36m</div>[39m
      [36m</header>[39m
      [36m<main[39m
        [33mclass[39m=[32m"flex-1 max-w-7xl mx-auto px-4 sm:px-6 lg:px-8 py-8 w-full transition-colors duration-300"[39m
      [36m>[39m
        [36m<section[39m
          [33mclass[39m=[32m"relative rounded-3xl overflow-hidden bg-white dark:bg-slate-900 border border-slate-200 dark:border-slate-800 p-8 sm:p-12 md:p-16 mb-16 shadow-xl transition-colors duration-300"[39m
        [36m>[39m
          [36m<div[39m
            [33mclass[39m=[32m"absolute top-0 right-0 w-full h-full bg-gradient-to-br from-indigo-50/50 via-white to-slate-50 dark:from-indigo-950/40 dark:via-slate-900 dark:to-slate-950 pointer-events-none transition-colors duration-300"[39m
          [36m/>[39m
          [36m<div[39m
            [33mclass[39m=[32m"absolute -top-24 -right-24 w-96 h-96 bg-indigo-500/10 dark:bg-indigo-500/20 rounded-full blur-3xl pointer-events-none"[39m
          [36m/>[39m
          [36m<div[39m
            [33mclass[39m=[32m"relative max-w-3xl space-y-6 z-10"[39m
          [36m>[39m
            [36m<span[39m
              [33mclass[39m=[32m"inline-flex items-center px-2.5 py-0.5 rounded-full text-xs font-semibold border bg-emerald-500/15 text-emerald-300 border-emerald-500/30 backdrop-blur-md animate-fade-in-up"[39m
            [36m>[39m
              [0mΓ£¿ Premier Dealership Experience[0m
            [36m</span>[39m
            [36m<h1[39m
              [33mclass[39m=[32m"text-4xl sm:text-5xl md:text-6xl font-black text-slate-900 dark:text-white tracking-tight leading-tight transition-colors duration-300"[39m
            [36m>[39m
              [0mFind Your Dream Vehicle with [0m
              [36m<span[39m
                [33mclass[39m=[32m"bg-gradient-to-r from-indigo-600 to-purple-600 dark:from-indigo-400 dark:to-purple-400 bg-clip-text text-transparent"[39m
              [36m>[39m
                [0mKATA[0m
              [36m</span>[39m
            [36m</h1>[39m
            [36m<p[39m
              [33mclass[39m=[32m"text-lg text-slate-600 dark:text-slate-300 leading-relaxed transition-colors duration-300"[39m
            [36m>[39m
              [0mBrowse our curated inventory of premium electric, SUV, truck, coupe, and sedan vehicles. Real-time availability, instant online purchase, and full dealership transparency.[0m
            [36m</p>[39m
            [36m<div[39m
              [33mclass[39m=[32m"flex flex-wrap gap-4 pt-4"[39m
            [36m>[39m
              [36m<a[39m
                [33mhref[39m=[32m"/vehicles"[39m
              [36m>[39m
                [36m<button[39m
                  [33mclass[39m=[32m"inline-flex items-center justify-center font-medium rounded-lg transition-all focus:outline-none focus:ring-2 focus:ring-offset-2 disabled:opacity-50 disabled:cursor-not-allowed bg-indigo-600 hover:bg-indigo-700 text-white focus:ring-indigo-500 px-5 py-2.5 text-base  shadow-lg shadow-indigo-500/30 hover:scale-105 transition-transform"[39m
                [36m>[39m
                  [0mExplore Inventory ΓåÆ[0m
                [36m</button>[39m
              [36m</a>[39m
              [36m<a[39m
                [33mhref[39m=[32m"/register"[39m
              [36m>[39m
                [36m<button[39m
                  [33mclass[39m=[32m"inline-flex items-center justify-center font-medium rounded-lg transition-all focus:outline-none focus:ring-2 focus:ring-offset-2 disabled:opacity-50 disabled:cursor-not-allowed bg-transparent border border-slate-700 hover:bg-slate-800 text-slate-300 focus:ring-slate-500 px-5 py-2.5 text-base  hover:scale-105 transition-transform"[39m
                [36m>[39m
                  [0mCreate Account[0m
                [36m</button>[39m
              [36m</a>[39m
            [36m</div>[39m
          [36m</div>[39m
        [36m</section>[39m
        [36m<section[39m
          [33mclass[39m=[32m"grid grid-cols-2 md:grid-cols-4 gap-4 mb-16"[39m
        [36m>[39m
          [36m<div[39m
            [33mclass[39m=[32m"bg-white dark:bg-slate-900/60 border border-slate-200 dark:border-slate-800/80 rounded-2xl p-6 text-center shadow-sm hover:shadow-md transition-all hover:-translate-y-1"[39m
          [36m>[39m
            [36m<p[39m
              [33mclass[39m=[32m"text-3xl font-black text-indigo-600 dark:text-indigo-400"[39m
            [36m>[39m
              [0m100%[0m
            [36m</p>[39m
            [36m<p[39m
              [33mclass[39m=[32m"text-sm font-medium text-slate-500 dark:text-slate-400 mt-1"[39m
            [36m>[39m
              [0mVerified Inventory[0m
            [36m</p>[39m
          [36m</div>[39m
          [36m<div[39m
            [33mclass[39m=[32m"bg-white dark:bg-slate-900/60 border border-slate-200 dark:border-slate-800/80 rounded-2xl p-6 text-center shadow-sm hover:shadow-md t...

[90mstdout[2m | src/pages/__tests__/publicPages.test.tsx[2m > [22m[2mPublic Pages[2m > [22m[2mHome Page[2m > [22m[2mrenders hero section, call to action, statistics, and about section
[22m[39m[36m<body>[39m
  [36m<div>[39m
    [36m<div[39m
      [33mclass[39m=[32m"flex flex-col min-h-screen bg-slate-50 dark:bg-slate-950 text-slate-900 dark:text-slate-100 font-sans transition-colors duration-300"[39m
    [36m>[39m
      [36m<header[39m
        [33mclass[39m=[32m"border-b border-slate-200/80 dark:border-slate-800/80 bg-white/80 dark:bg-slate-900/80 backdrop-blur-lg sticky top-0 z-50 transition-colors duration-300"[39m
        [33mrole[39m=[32m"banner"[39m
      [36m>[39m
        [36m<div[39m
          [33mclass[39m=[32m"max-w-7xl mx-auto px-4 sm:px-6 lg:px-8 h-16 flex items-center justify-between"[39m
        [36m>[39m
          [36m<a[39m
            [33mclass[39m=[32m"flex items-center gap-3 text-xl font-bold tracking-tight hover:opacity-90 transition-opacity"[39m
            [33mhref[39m=[32m"/"[39m
          [36m>[39m
            [36m<div[39m
              [33mclass[39m=[32m"flex items-center justify-center w-10 h-10 rounded-xl bg-slate-900 dark:bg-white text-white dark:text-slate-900 font-black tracking-tighter text-sm transition-transform duration-300 hover:scale-110 shadow-lg "[39m
            [36m>[39m
              [0mKATA[0m
            [36m</div>[39m
            [36m<span[39m
              [33mclass[39m=[32m"hidden sm:inline-block"[39m
            [36m>[39m
              [0mKATA[0m
            [36m</span>[39m
          [36m</a>[39m
          [36m<div[39m
            [33mclass[39m=[32m"flex items-center gap-4"[39m
          [36m>[39m
            [36m<nav[39m
              [33mclass[39m=[32m"hidden md:flex items-center gap-2"[39m
              [33mrole[39m=[32m"navigation"[39m
            [36m>[39m
              [36m<a[39m
                [33mclass[39m=[32m"text-sm font-medium transition-colors px-3 py-2 rounded-lg bg-indigo-100 dark:bg-indigo-600/20 text-indigo-700 dark:text-indigo-400 font-semibold border border-indigo-200 dark:border-indigo-500/30"[39m
                [33mhref[39m=[32m"/"[39m
              [36m>[39m
                [0mHome[0m
              [36m</a>[39m
              [36m<a[39m
                [33mclass[39m=[32m"text-sm font-medium transition-colors px-3 py-2 rounded-lg text-slate-600 dark:text-slate-300 hover:text-slate-900 dark:hover:text-white hover:bg-slate-100 dark:hover:bg-slate-800/60"[39m
                [33mhref[39m=[32m"/vehicles"[39m
              [36m>[39m
                [0mVehicles[0m
              [36m</a>[39m
              [36m<a[39m
                [33mclass[39m=[32m"text-sm font-medium transition-colors px-3 py-2 rounded-lg text-slate-600 dark:text-slate-300 hover:text-slate-900 dark:hover:text-white hover:bg-slate-100 dark:hover:bg-slate-800/60"[39m
                [33mhref[39m=[32m"/dashboard"[39m
              [36m>[39m
                [0mDashboard[0m
              [36m</a>[39m
              [36m<a[39m
                [33mclass[39m=[32m"text-sm font-medium transition-colors px-3 py-2 rounded-lg text-slate-600 dark:text-slate-300 hover:text-slate-900 dark:hover:text-white hover:bg-slate-100 dark:hover:bg-slate-800/60"[39m
                [33mhref[39m=[32m"/profile"[39m
              [36m>[39m
                [0mProfile[0m
              [36m</a>[39m
              [36m<button[39m
                [33mclass[39m=[32m"text-sm font-medium text-slate-500 dark:text-slate-400 hover:text-rose-600 dark:hover:text-rose-400 hover:bg-rose-50 dark:hover:bg-rose-500/10 px-3 py-2 rounded-lg transition-colors ml-2"[39m
              [36m>[39m
                [0mLogout[0m
              [36m</button>[39m
            [36m</nav>[39m
            [36m<button[39m
              [33maria-label[39m=[32m"Toggle Theme"[39m
              [33mclass[39m=[32m"p-2 rounded-lg text-slate-500 dark:text-slate-400 hover:bg-slate-100 dark:hover:bg-slate-800 transition-colors"[39m
            [36m>[39m
              [0m≡ƒîÖ[0m
            [36m</button>[39m
            [36m<button[39m
              [33maria-label[39m=[32m"Toggle Navigation Menu"[39m
              [33mclass[39m=[32m"md:hidden p-2 rounded-lg text-slate-500 dark:text-slate-400 hover:text-slate-900 dark:hover:text-white hover:bg-slate-100 dark:hover:bg-slate-800 transition-colors"[39m
            [36m>[39m
              [36m<svg[39m
                [33mclass[39m=[32m"w-6 h-6"[39m
                [33mfill[39m=[32m"none"[39m
                [33mstroke[39m=[32m"currentColor"[39m
                [33mviewBox[39m=[32m"0 0 24 24"[39m
              [36m>[39m
                [36m<path[39m
                  [33md[39m=[32m"M4 6h16M4 12h16M4 18h16"[39m
                  [33mstroke-linecap[39m=[32m"round"[39m
                  [33mstroke-linejoin[39m=[32m"round"[39m
                  [33mstroke-width[39m=[32m"2"[39m
                [36m/>[39m
              [36m</svg>[39m
            [36m</button>[39m
          [36m</div>[39m
        [36m</div>[39m
      [36m</header>[39m
      [36m<main[39m
        [33mclass[39m=[32m"flex-1 max-w-7xl mx-auto px-4 sm:px-6 lg:px-8 py-8 w-full transition-colors duration-300"[39m
      [36m>[39m
        [36m<section[39m
          [33mclass[39m=[32m"relative rounded-3xl overflow-hidden bg-white dark:bg-slate-900 border border-slate-200 dark:border-slate-800 p-8 sm:p-12 md:p-16 mb-16 shadow-xl transition-colors duration-300"[39m
        [36m>[39m
          [36m<div[39m
            [33mclass[39m=[32m"absolute top-0 right-0 w-full h-full bg-gradient-to-br from-indigo-50/50 via-white to-slate-50 dark:from-indigo-950/40 dark:via-slate-900 dark:to-slate-950 pointer-events-none transition-colors duration-300"[39m
          [36m/>[39m
          [36m<div[39m
            [33mclass[39m=[32m"absolute -top-24 -right-24 w-96 h-96 bg-indigo-500/10 dark:bg-indigo-500/20 rounded-full blur-3xl pointer-events-none"[39m
          [36m/>[39m
          [36m<div[39m
            [33mclass[39m=[32m"relative max-w-3xl space-y-6 z-10"[39m
          [36m>[39m
            [36m<span[39m
              [33mclass[39m=[32m"inline-flex items-center px-2.5 py-0.5 rounded-full text-xs font-semibold border bg-emerald-500/15 text-emerald-300 border-emerald-500/30 backdrop-blur-md animate-fade-in-up"[39m
            [36m>[39m
              [0mΓ£¿ Premier Dealership Experience[0m
            [36m</span>[39m
            [36m<h1[39m
              [33mclass[39m=[32m"text-4xl sm:text-5xl md:text-6xl font-black text-slate-900 dark:text-white tracking-tight leading-tight transition-colors duration-300"[39m
            [36m>[39m
              [0mFind Your Dream Vehicle with [0m
              [36m<span[39m
                [33mclass[39m=[32m"bg-gradient-to-r from-indigo-600 to-purple-600 dark:from-indigo-400 dark:to-purple-400 bg-clip-text text-transparent"[39m
              [36m>[39m
                [0mKATA[0m
              [36m</span>[39m
            [36m</h1>[39m
            [36m<p[39m
              [33mclass[39m=[32m"text-lg text-slate-600 dark:text-slate-300 leading-relaxed transition-colors duration-300"[39m
            [36m>[39m
              [0mBrowse our curated inventory of premium electric, SUV, truck, coupe, and sedan vehicles. Real-time availability, instant online purchase, and full dealership transparency.[0m
            [36m</p>[39m
            [36m<div[39m
              [33mclass[39m=[32m"flex flex-wrap gap-4 pt-4"[39m
            [36m>[39m
              [36m<a[39m
                [33mhref[39m=[32m"/vehicles"[39m
              [36m>[39m
                [36m<button[39m
                  [33mclass[39m=[32m"inline-flex items-center justify-center font-medium rounded-lg transition-all focus:outline-none focus:ring-2 focus:ring-offset-2 disabled:opacity-50 disabled:cursor-not-allowed bg-indigo-600 hover:bg-indigo-700 text-white focus:ring-indigo-500 px-5 py-2.5 text-base  shadow-lg shadow-indigo-500/30 hover:scale-105 transition-transform"[39m
                [36m>[39m
                  [0mExplore Inventory ΓåÆ[0m
                [36m</button>[39m
              [36m</a>[39m
              [36m<a[39m
                [33mhref[39m=[32m"/register"[39m
              [36m>[39m
                [36m<button[39m
                  [33mclass[39m=[32m"inline-flex items-center justify-center font-medium rounded-lg transition-all focus:outline-none focus:ring-2 focus:ring-offset-2 disabled:opacity-50 disabled:cursor-not-allowed bg-transparent border border-slate-700 hover:bg-slate-800 text-slate-300 focus:ring-slate-500 px-5 py-2.5 text-base  hover:scale-105 transition-transform"[39m
                [36m>[39m
                  [0mCreate Account[0m
                [36m</button>[39m
              [36m</a>[39m
            [36m</div>[39m
          [36m</div>[39m
        [36m</section>[39m
        [36m<section[39m
          [33mclass[39m=[32m"grid grid-cols-2 md:grid-cols-4 gap-4 mb-16"[39m
        [36m>[39m
          [36m<div[39m
            [33mclass[39m=[32m"bg-white dark:bg-slate-900/60 border border-slate-200 dark:border-slate-800/80 rounded-2xl p-6 text-center shadow-sm hover:shadow-md transition-all hover:-translate-y-1"[39m
          [36m>[39m
            [36m<p[39m
              [33mclass[39m=[32m"text-3xl font-black text-indigo-600 dark:text-indigo-400"[39m
            [36m>[39m
              [0m100%[0m
            [36m</p>[39m
            [36m<p[39m
              [33mclass[39m=[32m"text-sm font-medium text-slate-500 dark:text-slate-400 mt-1"[39m
            [36m>[39m
              [0mVerified Inventory[0m
            [36m</p>[39m
          [36m</div>[39m
          [36m<div[39m
            [33mclass[39m=[32m"bg-white dark:bg-slate-900/60 border border-slate-200 dark:border-slate-800/80 rounded-2xl p-6 text-center shadow-sm hover:shadow-md t...

[90mstdout[2m | src/pages/__tests__/publicPages.test.tsx[2m > [22m[2mPublic Pages[2m > [22m[2mHome Page[2m > [22m[2mrenders hero section, call to action, statistics, and about section
[22m[39m[36m<body>[39m
  [36m<div>[39m
    [36m<div[39m
      [33mclass[39m=[32m"flex flex-col min-h-screen bg-slate-50 dark:bg-slate-950 text-slate-900 dark:text-slate-100 font-sans transition-colors duration-300"[39m
    [36m>[39m
      [36m<header[39m
        [33mclass[39m=[32m"border-b border-slate-200/80 dark:border-slate-800/80 bg-white/80 dark:bg-slate-900/80 backdrop-blur-lg sticky top-0 z-50 transition-colors duration-300"[39m
        [33mrole[39m=[32m"banner"[39m
      [36m>[39m
        [36m<div[39m
          [33mclass[39m=[32m"max-w-7xl mx-auto px-4 sm:px-6 lg:px-8 h-16 flex items-center justify-between"[39m
        [36m>[39m
          [36m<a[39m
            [33mclass[39m=[32m"flex items-center gap-3 text-xl font-bold tracking-tight hover:opacity-90 transition-opacity"[39m
            [33mhref[39m=[32m"/"[39m
          [36m>[39m
            [36m<div[39m
              [33mclass[39m=[32m"flex items-center justify-center w-10 h-10 rounded-xl bg-slate-900 dark:bg-white text-white dark:text-slate-900 font-black tracking-tighter text-sm transition-transform duration-300 hover:scale-110 shadow-lg "[39m
            [36m>[39m
              [0mKATA[0m
            [36m</div>[39m
            [36m<span[39m
              [33mclass[39m=[32m"hidden sm:inline-block"[39m
            [36m>[39m
              [0mKATA[0m
            [36m</span>[39m
          [36m</a>[39m
          [36m<div[39m
            [33mclass[39m=[32m"flex items-center gap-4"[39m
          [36m>[39m
            [36m<nav[39m
              [33mclass[39m=[32m"hidden md:flex items-center gap-2"[39m
              [33mrole[39m=[32m"navigation"[39m
            [36m>[39m
              [36m<a[39m
                [33mclass[39m=[32m"text-sm font-medium transition-colors px-3 py-2 rounded-lg bg-indigo-100 dark:bg-indigo-600/20 text-indigo-700 dark:text-indigo-400 font-semibold border border-indigo-200 dark:border-indigo-500/30"[39m
                [33mhref[39m=[32m"/"[39m
              [36m>[39m
                [0mHome[0m
              [36m</a>[39m
              [36m<a[39m
                [33mclass[39m=[32m"text-sm font-medium transition-colors px-3 py-2 rounded-lg text-slate-600 dark:text-slate-300 hover:text-slate-900 dark:hover:text-white hover:bg-slate-100 dark:hover:bg-slate-800/60"[39m
                [33mhref[39m=[32m"/vehicles"[39m
              [36m>[39m
                [0mVehicles[0m
              [36m</a>[39m
              [36m<a[39m
                [33mclass[39m=[32m"text-sm font-medium transition-colors px-3 py-2 rounded-lg text-slate-600 dark:text-slate-300 hover:text-slate-900 dark:hover:text-white hover:bg-slate-100 dark:hover:bg-slate-800/60"[39m
                [33mhref[39m=[32m"/dashboard"[39m
              [36m>[39m
                [0mDashboard[0m
              [36m</a>[39m
              [36m<a[39m
                [33mclass[39m=[32m"text-sm font-medium transition-colors px-3 py-2 rounded-lg text-slate-600 dark:text-slate-300 hover:text-slate-900 dark:hover:text-white hover:bg-slate-100 dark:hover:bg-slate-800/60"[39m
                [33mhref[39m=[32m"/profile"[39m
              [36m>[39m
                [0mProfile[0m
              [36m</a>[39m
              [36m<button[39m
                [33mclass[39m=[32m"text-sm font-medium text-slate-500 dark:text-slate-400 hover:text-rose-600 dark:hover:text-rose-400 hover:bg-rose-50 dark:hover:bg-rose-500/10 px-3 py-2 rounded-lg transition-colors ml-2"[39m
              [36m>[39m
                [0mLogout[0m
              [36m</button>[39m
            [36m</nav>[39m
            [36m<button[39m
              [33maria-label[39m=[32m"Toggle Theme"[39m
              [33mclass[39m=[32m"p-2 rounded-lg text-slate-500 dark:text-slate-400 hover:bg-slate-100 dark:hover:bg-slate-800 transition-colors"[39m
            [36m>[39m
              [0m≡ƒîÖ[0m
            [36m</button>[39m
            [36m<button[39m
              [33maria-label[39m=[32m"Toggle Navigation Menu"[39m
              [33mclass[39m=[32m"md:hidden p-2 rounded-lg text-slate-500 dark:text-slate-400 hover:text-slate-900 dark:hover:text-white hover:bg-slate-100 dark:hover:bg-slate-800 transition-colors"[39m
            [36m>[39m
              [36m<svg[39m
                [33mclass[39m=[32m"w-6 h-6"[39m
                [33mfill[39m=[32m"none"[39m
                [33mstroke[39m=[32m"currentColor"[39m
                [33mviewBox[39m=[32m"0 0 24 24"[39m
              [36m>[39m
                [36m<path[39m
                  [33md[39m=[32m"M4 6h16M4 12h16M4 18h16"[39m
                  [33mstroke-linecap[39m=[32m"round"[39m
                  [33mstroke-linejoin[39m=[32m"round"[39m
                  [33mstroke-width[39m=[32m"2"[39m
                [36m/>[39m
              [36m</svg>[39m
            [36m</button>[39m
          [36m</div>[39m
        [36m</div>[39m
      [36m</header>[39m
      [36m<main[39m
        [33mclass[39m=[32m"flex-1 max-w-7xl mx-auto px-4 sm:px-6 lg:px-8 py-8 w-full transition-colors duration-300"[39m
      [36m>[39m
        [36m<section[39m
          [33mclass[39m=[32m"relative rounded-3xl overflow-hidden bg-white dark:bg-slate-900 border border-slate-200 dark:border-slate-800 p-8 sm:p-12 md:p-16 mb-16 shadow-xl transition-colors duration-300"[39m
        [36m>[39m
          [36m<div[39m
            [33mclass[39m=[32m"absolute top-0 right-0 w-full h-full bg-gradient-to-br from-indigo-50/50 via-white to-slate-50 dark:from-indigo-950/40 dark:via-slate-900 dark:to-slate-950 pointer-events-none transition-colors duration-300"[39m
          [36m/>[39m
          [36m<div[39m
            [33mclass[39m=[32m"absolute -top-24 -right-24 w-96 h-96 bg-indigo-500/10 dark:bg-indigo-500/20 rounded-full blur-3xl pointer-events-none"[39m
          [36m/>[39m
          [36m<div[39m
            [33mclass[39m=[32m"relative max-w-3xl space-y-6 z-10"[39m
          [36m>[39m
            [36m<span[39m
              [33mclass[39m=[32m"inline-flex items-center px-2.5 py-0.5 rounded-full text-xs font-semibold border bg-emerald-500/15 text-emerald-300 border-emerald-500/30 backdrop-blur-md animate-fade-in-up"[39m
            [36m>[39m
              [0mΓ£¿ Premier Dealership Experience[0m
            [36m</span>[39m
            [36m<h1[39m
              [33mclass[39m=[32m"text-4xl sm:text-5xl md:text-6xl font-black text-slate-900 dark:text-white tracking-tight leading-tight transition-colors duration-300"[39m
            [36m>[39m
              [0mFind Your Dream Vehicle with [0m
              [36m<span[39m
                [33mclass[39m=[32m"bg-gradient-to-r from-indigo-600 to-purple-600 dark:from-indigo-400 dark:to-purple-400 bg-clip-text text-transparent"[39m
              [36m>[39m
                [0mKATA[0m
              [36m</span>[39m
            [36m</h1>[39m
            [36m<p[39m
              [33mclass[39m=[32m"text-lg text-slate-600 dark:text-slate-300 leading-relaxed transition-colors duration-300"[39m
            [36m>[39m
              [0mBrowse our curated inventory of premium electric, SUV, truck, coupe, and sedan vehicles. Real-time availability, instant online purchase, and full dealership transparency.[0m
            [36m</p>[39m
            [36m<div[39m
              [33mclass[39m=[32m"flex flex-wrap gap-4 pt-4"[39m
            [36m>[39m
              [36m<a[39m
                [33mhref[39m=[32m"/vehicles"[39m
              [36m>[39m
                [36m<button[39m
                  [33mclass[39m=[32m"inline-flex items-center justify-center font-medium rounded-lg transition-all focus:outline-none focus:ring-2 focus:ring-offset-2 disabled:opacity-50 disabled:cursor-not-allowed bg-indigo-600 hover:bg-indigo-700 text-white focus:ring-indigo-500 px-5 py-2.5 text-base  shadow-lg shadow-indigo-500/30 hover:scale-105 transition-transform"[39m
                [36m>[39m
                  [0mExplore Inventory ΓåÆ[0m
                [36m</button>[39m
              [36m</a>[39m
              [36m<a[39m
                [33mhref[39m=[32m"/register"[39m
              [36m>[39m
                [36m<button[39m
                  [33mclass[39m=[32m"inline-flex items-center justify-center font-medium rounded-lg transition-all focus:outline-none focus:ring-2 focus:ring-offset-2 disabled:opacity-50 disabled:cursor-not-allowed bg-transparent border border-slate-700 hover:bg-slate-800 text-slate-300 focus:ring-slate-500 px-5 py-2.5 text-base  hover:scale-105 transition-transform"[39m
                [36m>[39m
                  [0mCreate Account[0m
                [36m</button>[39m
              [36m</a>[39m
            [36m</div>[39m
          [36m</div>[39m
        [36m</section>[39m
        [36m<section[39m
          [33mclass[39m=[32m"grid grid-cols-2 md:grid-cols-4 gap-4 mb-16"[39m
        [36m>[39m
          [36m<div[39m
            [33mclass[39m=[32m"bg-white dark:bg-slate-900/60 border border-slate-200 dark:border-slate-800/80 rounded-2xl p-6 text-center shadow-sm hover:shadow-md transition-all hover:-translate-y-1"[39m
          [36m>[39m
            [36m<p[39m
              [33mclass[39m=[32m"text-3xl font-black text-indigo-600 dark:text-indigo-400"[39m
            [36m>[39m
              [0m100%[0m
            [36m</p>[39m
            [36m<p[39m
              [33mclass[39m=[32m"text-sm font-medium text-slate-500 dark:text-slate-400 mt-1"[39m
            [36m>[39m
              [0mVerified Inventory[0m
            [36m</p>[39m
          [36m</div>[39m
          [36m<div[39m
            [33mclass[39m=[32m"bg-white dark:bg-slate-900/60 border border-slate-200 dark:border-slate-800/80 rounded-2xl p-6 text-center shadow-sm hover:shadow-md t...

[90mstdout[2m | src/pages/__tests__/publicPages.test.tsx[2m > [22m[2mPublic Pages[2m > [22m[2mHome Page[2m > [22m[2mrenders hero section, call to action, statistics, and about section
[22m[39m[36m<body>[39m
  [36m<div>[39m
    [36m<div[39m
      [33mclass[39m=[32m"flex flex-col min-h-screen bg-slate-50 dark:bg-slate-950 text-slate-900 dark:text-slate-100 font-sans transition-colors duration-300"[39m
    [36m>[39m
      [36m<header[39m
        [33mclass[39m=[32m"border-b border-slate-200/80 dark:border-slate-800/80 bg-white/80 dark:bg-slate-900/80 backdrop-blur-lg sticky top-0 z-50 transition-colors duration-300"[39m
        [33mrole[39m=[32m"banner"[39m
      [36m>[39m
        [36m<div[39m
          [33mclass[39m=[32m"max-w-7xl mx-auto px-4 sm:px-6 lg:px-8 h-16 flex items-center justify-between"[39m
        [36m>[39m
          [36m<a[39m
            [33mclass[39m=[32m"flex items-center gap-3 text-xl font-bold tracking-tight hover:opacity-90 transition-opacity"[39m
            [33mhref[39m=[32m"/"[39m
          [36m>[39m
            [36m<div[39m
              [33mclass[39m=[32m"flex items-center justify-center w-10 h-10 rounded-xl bg-slate-900 dark:bg-white text-white dark:text-slate-900 font-black tracking-tighter text-sm transition-transform duration-300 hover:scale-110 shadow-lg "[39m
            [36m>[39m
              [0mKATA[0m
            [36m</div>[39m
            [36m<span[39m
              [33mclass[39m=[32m"hidden sm:inline-block"[39m
            [36m>[39m
              [0mKATA[0m
            [36m</span>[39m
          [36m</a>[39m
          [36m<div[39m
            [33mclass[39m=[32m"flex items-center gap-4"[39m
          [36m>[39m
            [36m<nav[39m
              [33mclass[39m=[32m"hidden md:flex items-center gap-2"[39m
              [33mrole[39m=[32m"navigation"[39m
            [36m>[39m
              [36m<a[39m
                [33mclass[39m=[32m"text-sm font-medium transition-colors px-3 py-2 rounded-lg bg-indigo-100 dark:bg-indigo-600/20 text-indigo-700 dark:text-indigo-400 font-semibold border border-indigo-200 dark:border-indigo-500/30"[39m
                [33mhref[39m=[32m"/"[39m
              [36m>[39m
                [0mHome[0m
              [36m</a>[39m
              [36m<a[39m
                [33mclass[39m=[32m"text-sm font-medium transition-colors px-3 py-2 rounded-lg text-slate-600 dark:text-slate-300 hover:text-slate-900 dark:hover:text-white hover:bg-slate-100 dark:hover:bg-slate-800/60"[39m
                [33mhref[39m=[32m"/vehicles"[39m
              [36m>[39m
                [0mVehicles[0m
              [36m</a>[39m
              [36m<a[39m
                [33mclass[39m=[32m"text-sm font-medium transition-colors px-3 py-2 rounded-lg text-slate-600 dark:text-slate-300 hover:text-slate-900 dark:hover:text-white hover:bg-slate-100 dark:hover:bg-slate-800/60"[39m
                [33mhref[39m=[32m"/dashboard"[39m
              [36m>[39m
                [0mDashboard[0m
              [36m</a>[39m
              [36m<a[39m
                [33mclass[39m=[32m"text-sm font-medium transition-colors px-3 py-2 rounded-lg text-slate-600 dark:text-slate-300 hover:text-slate-900 dark:hover:text-white hover:bg-slate-100 dark:hover:bg-slate-800/60"[39m
                [33mhref[39m=[32m"/profile"[39m
              [36m>[39m
                [0mProfile[0m
              [36m</a>[39m
              [36m<button[39m
                [33mclass[39m=[32m"text-sm font-medium text-slate-500 dark:text-slate-400 hover:text-rose-600 dark:hover:text-rose-400 hover:bg-rose-50 dark:hover:bg-rose-500/10 px-3 py-2 rounded-lg transition-colors ml-2"[39m
              [36m>[39m
                [0mLogout[0m
              [36m</button>[39m
            [36m</nav>[39m
            [36m<button[39m
              [33maria-label[39m=[32m"Toggle Theme"[39m
              [33mclass[39m=[32m"p-2 rounded-lg text-slate-500 dark:text-slate-400 hover:bg-slate-100 dark:hover:bg-slate-800 transition-colors"[39m
            [36m>[39m
              [0m≡ƒîÖ[0m
            [36m</button>[39m
            [36m<button[39m
              [33maria-label[39m=[32m"Toggle Navigation Menu"[39m
              [33mclass[39m=[32m"md:hidden p-2 rounded-lg text-slate-500 dark:text-slate-400 hover:text-slate-900 dark:hover:text-white hover:bg-slate-100 dark:hover:bg-slate-800 transition-colors"[39m
            [36m>[39m
              [36m<svg[39m
                [33mclass[39m=[32m"w-6 h-6"[39m
                [33mfill[39m=[32m"none"[39m
                [33mstroke[39m=[32m"currentColor"[39m
                [33mviewBox[39m=[32m"0 0 24 24"[39m
              [36m>[39m
                [36m<path[39m
                  [33md[39m=[32m"M4 6h16M4 12h16M4 18h16"[39m
                  [33mstroke-linecap[39m=[32m"round"[39m
                  [33mstroke-linejoin[39m=[32m"round"[39m
                  [33mstroke-width[39m=[32m"2"[39m
                [36m/>[39m
              [36m</svg>[39m
            [36m</button>[39m
          [36m</div>[39m
        [36m</div>[39m
      [36m</header>[39m
      [36m<main[39m
        [33mclass[39m=[32m"flex-1 max-w-7xl mx-auto px-4 sm:px-6 lg:px-8 py-8 w-full transition-colors duration-300"[39m
      [36m>[39m
        [36m<section[39m
          [33mclass[39m=[32m"relative rounded-3xl overflow-hidden bg-white dark:bg-slate-900 border border-slate-200 dark:border-slate-800 p-8 sm:p-12 md:p-16 mb-16 shadow-xl transition-colors duration-300"[39m
        [36m>[39m
          [36m<div[39m
            [33mclass[39m=[32m"absolute top-0 right-0 w-full h-full bg-gradient-to-br from-indigo-50/50 via-white to-slate-50 dark:from-indigo-950/40 dark:via-slate-900 dark:to-slate-950 pointer-events-none transition-colors duration-300"[39m
          [36m/>[39m
          [36m<div[39m
            [33mclass[39m=[32m"absolute -top-24 -right-24 w-96 h-96 bg-indigo-500/10 dark:bg-indigo-500/20 rounded-full blur-3xl pointer-events-none"[39m
          [36m/>[39m
          [36m<div[39m
            [33mclass[39m=[32m"relative max-w-3xl space-y-6 z-10"[39m
          [36m>[39m
            [36m<span[39m
              [33mclass[39m=[32m"inline-flex items-center px-2.5 py-0.5 rounded-full text-xs font-semibold border bg-emerald-500/15 text-emerald-300 border-emerald-500/30 backdrop-blur-md animate-fade-in-up"[39m
            [36m>[39m
              [0mΓ£¿ Premier Dealership Experience[0m
            [36m</span>[39m
            [36m<h1[39m
              [33mclass[39m=[32m"text-4xl sm:text-5xl md:text-6xl font-black text-slate-900 dark:text-white tracking-tight leading-tight transition-colors duration-300"[39m
            [36m>[39m
              [0mFind Your Dream Vehicle with [0m
              [36m<span[39m
                [33mclass[39m=[32m"bg-gradient-to-r from-indigo-600 to-purple-600 dark:from-indigo-400 dark:to-purple-400 bg-clip-text text-transparent"[39m
              [36m>[39m
                [0mKATA[0m
              [36m</span>[39m
            [36m</h1>[39m
            [36m<p[39m
              [33mclass[39m=[32m"text-lg text-slate-600 dark:text-slate-300 leading-relaxed transition-colors duration-300"[39m
            [36m>[39m
              [0mBrowse our curated inventory of premium electric, SUV, truck, coupe, and sedan vehicles. Real-time availability, instant online purchase, and full dealership transparency.[0m
            [36m</p>[39m
            [36m<div[39m
              [33mclass[39m=[32m"flex flex-wrap gap-4 pt-4"[39m
            [36m>[39m
              [36m<a[39m
                [33mhref[39m=[32m"/vehicles"[39m
              [36m>[39m
                [36m<button[39m
                  [33mclass[39m=[32m"inline-flex items-center justify-center font-medium rounded-lg transition-all focus:outline-none focus:ring-2 focus:ring-offset-2 disabled:opacity-50 disabled:cursor-not-allowed bg-indigo-600 hover:bg-indigo-700 text-white focus:ring-indigo-500 px-5 py-2.5 text-base  shadow-lg shadow-indigo-500/30 hover:scale-105 transition-transform"[39m
                [36m>[39m
                  [0mExplore Inventory ΓåÆ[0m
                [36m</button>[39m
              [36m</a>[39m
              [36m<a[39m
                [33mhref[39m=[32m"/register"[39m
              [36m>[39m
                [36m<button[39m
                  [33mclass[39m=[32m"inline-flex items-center justify-center font-medium rounded-lg transition-all focus:outline-none focus:ring-2 focus:ring-offset-2 disabled:opacity-50 disabled:cursor-not-allowed bg-transparent border border-slate-700 hover:bg-slate-800 text-slate-300 focus:ring-slate-500 px-5 py-2.5 text-base  hover:scale-105 transition-transform"[39m
                [36m>[39m
                  [0mCreate Account[0m
                [36m</button>[39m
              [36m</a>[39m
            [36m</div>[39m
          [36m</div>[39m
        [36m</section>[39m
        [36m<section[39m
          [33mclass[39m=[32m"grid grid-cols-2 md:grid-cols-4 gap-4 mb-16"[39m
        [36m>[39m
          [36m<div[39m
            [33mclass[39m=[32m"bg-white dark:bg-slate-900/60 border border-slate-200 dark:border-slate-800/80 rounded-2xl p-6 text-center shadow-sm hover:shadow-md transition-all hover:-translate-y-1"[39m
          [36m>[39m
            [36m<p[39m
              [33mclass[39m=[32m"text-3xl font-black text-indigo-600 dark:text-indigo-400"[39m
            [36m>[39m
              [0m100%[0m
            [36m</p>[39m
            [36m<p[39m
              [33mclass[39m=[32m"text-sm font-medium text-slate-500 dark:text-slate-400 mt-1"[39m
            [36m>[39m
              [0mVerified Inventory[0m
            [36m</p>[39m
          [36m</div>[39m
          [36m<div[39m
            [33mclass[39m=[32m"bg-white dark:bg-slate-900/60 border border-slate-200 dark:border-slate-800/80 rounded-2xl p-6 text-center shadow-sm hover:shadow-md t...

[90mstdout[2m | src/pages/__tests__/publicPages.test.tsx[2m > [22m[2mPublic Pages[2m > [22m[2mHome Page[2m > [22m[2mrenders hero section, call to action, statistics, and about section
[22m[39m[36m<body>[39m
  [36m<div>[39m
    [36m<div[39m
      [33mclass[39m=[32m"flex flex-col min-h-screen bg-slate-50 dark:bg-slate-950 text-slate-900 dark:text-slate-100 font-sans transition-colors duration-300"[39m
    [36m>[39m
      [36m<header[39m
        [33mclass[39m=[32m"border-b border-slate-200/80 dark:border-slate-800/80 bg-white/80 dark:bg-slate-900/80 backdrop-blur-lg sticky top-0 z-50 transition-colors duration-300"[39m
        [33mrole[39m=[32m"banner"[39m
      [36m>[39m
        [36m<div[39m
          [33mclass[39m=[32m"max-w-7xl mx-auto px-4 sm:px-6 lg:px-8 h-16 flex items-center justify-between"[39m
        [36m>[39m
          [36m<a[39m
            [33mclass[39m=[32m"flex items-center gap-3 text-xl font-bold tracking-tight hover:opacity-90 transition-opacity"[39m
            [33mhref[39m=[32m"/"[39m
          [36m>[39m
            [36m<div[39m
              [33mclass[39m=[32m"flex items-center justify-center w-10 h-10 rounded-xl bg-slate-900 dark:bg-white text-white dark:text-slate-900 font-black tracking-tighter text-sm transition-transform duration-300 hover:scale-110 shadow-lg "[39m
            [36m>[39m
              [0mKATA[0m
            [36m</div>[39m
            [36m<span[39m
              [33mclass[39m=[32m"hidden sm:inline-block"[39m
            [36m>[39m
              [0mKATA[0m
            [36m</span>[39m
          [36m</a>[39m
          [36m<div[39m
            [33mclass[39m=[32m"flex items-center gap-4"[39m
          [36m>[39m
            [36m<nav[39m
              [33mclass[39m=[32m"hidden md:flex items-center gap-2"[39m
              [33mrole[39m=[32m"navigation"[39m
            [36m>[39m
              [36m<a[39m
                [33mclass[39m=[32m"text-sm font-medium transition-colors px-3 py-2 rounded-lg bg-indigo-100 dark:bg-indigo-600/20 text-indigo-700 dark:text-indigo-400 font-semibold border border-indigo-200 dark:border-indigo-500/30"[39m
                [33mhref[39m=[32m"/"[39m
              [36m>[39m
                [0mHome[0m
              [36m</a>[39m
              [36m<a[39m
                [33mclass[39m=[32m"text-sm font-medium transition-colors px-3 py-2 rounded-lg text-slate-600 dark:text-slate-300 hover:text-slate-900 dark:hover:text-white hover:bg-slate-100 dark:hover:bg-slate-800/60"[39m
                [33mhref[39m=[32m"/vehicles"[39m
              [36m>[39m
                [0mVehicles[0m
              [36m</a>[39m
              [36m<a[39m
                [33mclass[39m=[32m"text-sm font-medium transition-colors px-3 py-2 rounded-lg text-slate-600 dark:text-slate-300 hover:text-slate-900 dark:hover:text-white hover:bg-slate-100 dark:hover:bg-slate-800/60"[39m
                [33mhref[39m=[32m"/dashboard"[39m
              [36m>[39m
                [0mDashboard[0m
              [36m</a>[39m
              [36m<a[39m
                [33mclass[39m=[32m"text-sm font-medium transition-colors px-3 py-2 rounded-lg text-slate-600 dark:text-slate-300 hover:text-slate-900 dark:hover:text-white hover:bg-slate-100 dark:hover:bg-slate-800/60"[39m
                [33mhref[39m=[32m"/profile"[39m
              [36m>[39m
                [0mProfile[0m
              [36m</a>[39m
              [36m<button[39m
                [33mclass[39m=[32m"text-sm font-medium text-slate-500 dark:text-slate-400 hover:text-rose-600 dark:hover:text-rose-400 hover:bg-rose-50 dark:hover:bg-rose-500/10 px-3 py-2 rounded-lg transition-colors ml-2"[39m
              [36m>[39m
                [0mLogout[0m
              [36m</button>[39m
            [36m</nav>[39m
            [36m<button[39m
              [33maria-label[39m=[32m"Toggle Theme"[39m
              [33mclass[39m=[32m"p-2 rounded-lg text-slate-500 dark:text-slate-400 hover:bg-slate-100 dark:hover:bg-slate-800 transition-colors"[39m
            [36m>[39m
              [0m≡ƒîÖ[0m
            [36m</button>[39m
            [36m<button[39m
              [33maria-label[39m=[32m"Toggle Navigation Menu"[39m
              [33mclass[39m=[32m"md:hidden p-2 rounded-lg text-slate-500 dark:text-slate-400 hover:text-slate-900 dark:hover:text-white hover:bg-slate-100 dark:hover:bg-slate-800 transition-colors"[39m
            [36m>[39m
              [36m<svg[39m
                [33mclass[39m=[32m"w-6 h-6"[39m
                [33mfill[39m=[32m"none"[39m
                [33mstroke[39m=[32m"currentColor"[39m
                [33mviewBox[39m=[32m"0 0 24 24"[39m
              [36m>[39m
                [36m<path[39m
                  [33md[39m=[32m"M4 6h16M4 12h16M4 18h16"[39m
                  [33mstroke-linecap[39m=[32m"round"[39m
                  [33mstroke-linejoin[39m=[32m"round"[39m
                  [33mstroke-width[39m=[32m"2"[39m
                [36m/>[39m
              [36m</svg>[39m
            [36m</button>[39m
          [36m</div>[39m
        [36m</div>[39m
      [36m</header>[39m
      [36m<main[39m
        [33mclass[39m=[32m"flex-1 max-w-7xl mx-auto px-4 sm:px-6 lg:px-8 py-8 w-full transition-colors duration-300"[39m
      [36m>[39m
        [36m<section[39m
          [33mclass[39m=[32m"relative rounded-3xl overflow-hidden bg-white dark:bg-slate-900 border border-slate-200 dark:border-slate-800 p-8 sm:p-12 md:p-16 mb-16 shadow-xl transition-colors duration-300"[39m
        [36m>[39m
          [36m<div[39m
            [33mclass[39m=[32m"absolute top-0 right-0 w-full h-full bg-gradient-to-br from-indigo-50/50 via-white to-slate-50 dark:from-indigo-950/40 dark:via-slate-900 dark:to-slate-950 pointer-events-none transition-colors duration-300"[39m
          [36m/>[39m
          [36m<div[39m
            [33mclass[39m=[32m"absolute -top-24 -right-24 w-96 h-96 bg-indigo-500/10 dark:bg-indigo-500/20 rounded-full blur-3xl pointer-events-none"[39m
          [36m/>[39m
          [36m<div[39m
            [33mclass[39m=[32m"relative max-w-3xl space-y-6 z-10"[39m
          [36m>[39m
            [36m<span[39m
              [33mclass[39m=[32m"inline-flex items-center px-2.5 py-0.5 rounded-full text-xs font-semibold border bg-emerald-500/15 text-emerald-300 border-emerald-500/30 backdrop-blur-md animate-fade-in-up"[39m
            [36m>[39m
              [0mΓ£¿ Premier Dealership Experience[0m
            [36m</span>[39m
            [36m<h1[39m
              [33mclass[39m=[32m"text-4xl sm:text-5xl md:text-6xl font-black text-slate-900 dark:text-white tracking-tight leading-tight transition-colors duration-300"[39m
            [36m>[39m
              [0mFind Your Dream Vehicle with [0m
              [36m<span[39m
                [33mclass[39m=[32m"bg-gradient-to-r from-indigo-600 to-purple-600 dark:from-indigo-400 dark:to-purple-400 bg-clip-text text-transparent"[39m
              [36m>[39m
                [0mKATA[0m
              [36m</span>[39m
            [36m</h1>[39m
            [36m<p[39m
              [33mclass[39m=[32m"text-lg text-slate-600 dark:text-slate-300 leading-relaxed transition-colors duration-300"[39m
            [36m>[39m
              [0mBrowse our curated inventory of premium electric, SUV, truck, coupe, and sedan vehicles. Real-time availability, instant online purchase, and full dealership transparency.[0m
            [36m</p>[39m
            [36m<div[39m
              [33mclass[39m=[32m"flex flex-wrap gap-4 pt-4"[39m
            [36m>[39m
              [36m<a[39m
                [33mhref[39m=[32m"/vehicles"[39m
              [36m>[39m
                [36m<button[39m
                  [33mclass[39m=[32m"inline-flex items-center justify-center font-medium rounded-lg transition-all focus:outline-none focus:ring-2 focus:ring-offset-2 disabled:opacity-50 disabled:cursor-not-allowed bg-indigo-600 hover:bg-indigo-700 text-white focus:ring-indigo-500 px-5 py-2.5 text-base  shadow-lg shadow-indigo-500/30 hover:scale-105 transition-transform"[39m
                [36m>[39m
                  [0mExplore Inventory ΓåÆ[0m
                [36m</button>[39m
              [36m</a>[39m
              [36m<a[39m
                [33mhref[39m=[32m"/register"[39m
              [36m>[39m
                [36m<button[39m
                  [33mclass[39m=[32m"inline-flex items-center justify-center font-medium rounded-lg transition-all focus:outline-none focus:ring-2 focus:ring-offset-2 disabled:opacity-50 disabled:cursor-not-allowed bg-transparent border border-slate-700 hover:bg-slate-800 text-slate-300 focus:ring-slate-500 px-5 py-2.5 text-base  hover:scale-105 transition-transform"[39m
                [36m>[39m
                  [0mCreate Account[0m
                [36m</button>[39m
              [36m</a>[39m
            [36m</div>[39m
          [36m</div>[39m
        [36m</section>[39m
        [36m<section[39m
          [33mclass[39m=[32m"grid grid-cols-2 md:grid-cols-4 gap-4 mb-16"[39m
        [36m>[39m
          [36m<div[39m
            [33mclass[39m=[32m"bg-white dark:bg-slate-900/60 border border-slate-200 dark:border-slate-800/80 rounded-2xl p-6 text-center shadow-sm hover:shadow-md transition-all hover:-translate-y-1"[39m
          [36m>[39m
            [36m<p[39m
              [33mclass[39m=[32m"text-3xl font-black text-indigo-600 dark:text-indigo-400"[39m
            [36m>[39m
              [0m100%[0m
            [36m</p>[39m
            [36m<p[39m
              [33mclass[39m=[32m"text-sm font-medium text-slate-500 dark:text-slate-400 mt-1"[39m
            [36m>[39m
              [0mVerified Inventory[0m
            [36m</p>[39m
          [36m</div>[39m
          [36m<div[39m
            [33mclass[39m=[32m"bg-white dark:bg-slate-900/60 border border-slate-200 dark:border-slate-800/80 rounded-2xl p-6 text-center shadow-sm hover:shadow-md t...

[90mstdout[2m | src/pages/__tests__/publicPages.test.tsx[2m > [22m[2mPublic Pages[2m > [22m[2mHome Page[2m > [22m[2mrenders hero section, call to action, statistics, and about section
[22m[39m[36m<body>[39m
  [36m<div>[39m
    [36m<div[39m
      [33mclass[39m=[32m"flex flex-col min-h-screen bg-slate-50 dark:bg-slate-950 text-slate-900 dark:text-slate-100 font-sans transition-colors duration-300"[39m
    [36m>[39m
      [36m<header[39m
        [33mclass[39m=[32m"border-b border-slate-200/80 dark:border-slate-800/80 bg-white/80 dark:bg-slate-900/80 backdrop-blur-lg sticky top-0 z-50 transition-colors duration-300"[39m
        [33mrole[39m=[32m"banner"[39m
      [36m>[39m
        [36m<div[39m
          [33mclass[39m=[32m"max-w-7xl mx-auto px-4 sm:px-6 lg:px-8 h-16 flex items-center justify-between"[39m
        [36m>[39m
          [36m<a[39m
            [33mclass[39m=[32m"flex items-center gap-3 text-xl font-bold tracking-tight hover:opacity-90 transition-opacity"[39m
            [33mhref[39m=[32m"/"[39m
          [36m>[39m
            [36m<div[39m
              [33mclass[39m=[32m"flex items-center justify-center w-10 h-10 rounded-xl bg-slate-900 dark:bg-white text-white dark:text-slate-900 font-black tracking-tighter text-sm transition-transform duration-300 hover:scale-110 shadow-lg "[39m
            [36m>[39m
              [0mKATA[0m
            [36m</div>[39m
            [36m<span[39m
              [33mclass[39m=[32m"hidden sm:inline-block"[39m
            [36m>[39m
              [0mKATA[0m
            [36m</span>[39m
          [36m</a>[39m
          [36m<div[39m
            [33mclass[39m=[32m"flex items-center gap-4"[39m
          [36m>[39m
            [36m<nav[39m
              [33mclass[39m=[32m"hidden md:flex items-center gap-2"[39m
              [33mrole[39m=[32m"navigation"[39m
            [36m>[39m
              [36m<a[39m
                [33mclass[39m=[32m"text-sm font-medium transition-colors px-3 py-2 rounded-lg bg-indigo-100 dark:bg-indigo-600/20 text-indigo-700 dark:text-indigo-400 font-semibold border border-indigo-200 dark:border-indigo-500/30"[39m
                [33mhref[39m=[32m"/"[39m
              [36m>[39m
                [0mHome[0m
              [36m</a>[39m
              [36m<a[39m
                [33mclass[39m=[32m"text-sm font-medium transition-colors px-3 py-2 rounded-lg text-slate-600 dark:text-slate-300 hover:text-slate-900 dark:hover:text-white hover:bg-slate-100 dark:hover:bg-slate-800/60"[39m
                [33mhref[39m=[32m"/vehicles"[39m
              [36m>[39m
                [0mVehicles[0m
              [36m</a>[39m
              [36m<a[39m
                [33mclass[39m=[32m"text-sm font-medium transition-colors px-3 py-2 rounded-lg text-slate-600 dark:text-slate-300 hover:text-slate-900 dark:hover:text-white hover:bg-slate-100 dark:hover:bg-slate-800/60"[39m
                [33mhref[39m=[32m"/dashboard"[39m
              [36m>[39m
                [0mDashboard[0m
              [36m</a>[39m
              [36m<a[39m
                [33mclass[39m=[32m"text-sm font-medium transition-colors px-3 py-2 rounded-lg text-slate-600 dark:text-slate-300 hover:text-slate-900 dark:hover:text-white hover:bg-slate-100 dark:hover:bg-slate-800/60"[39m
                [33mhref[39m=[32m"/profile"[39m
              [36m>[39m
                [0mProfile[0m
              [36m</a>[39m
              [36m<button[39m
                [33mclass[39m=[32m"text-sm font-medium text-slate-500 dark:text-slate-400 hover:text-rose-600 dark:hover:text-rose-400 hover:bg-rose-50 dark:hover:bg-rose-500/10 px-3 py-2 rounded-lg transition-colors ml-2"[39m
              [36m>[39m
                [0mLogout[0m
              [36m</button>[39m
            [36m</nav>[39m
            [36m<button[39m
              [33maria-label[39m=[32m"Toggle Theme"[39m
              [33mclass[39m=[32m"p-2 rounded-lg text-slate-500 dark:text-slate-400 hover:bg-slate-100 dark:hover:bg-slate-800 transition-colors"[39m
            [36m>[39m
              [0m≡ƒîÖ[0m
            [36m</button>[39m
            [36m<button[39m
              [33maria-label[39m=[32m"Toggle Navigation Menu"[39m
              [33mclass[39m=[32m"md:hidden p-2 rounded-lg text-slate-500 dark:text-slate-400 hover:text-slate-900 dark:hover:text-white hover:bg-slate-100 dark:hover:bg-slate-800 transition-colors"[39m
            [36m>[39m
              [36m<svg[39m
                [33mclass[39m=[32m"w-6 h-6"[39m
                [33mfill[39m=[32m"none"[39m
                [33mstroke[39m=[32m"currentColor"[39m
                [33mviewBox[39m=[32m"0 0 24 24"[39m
              [36m>[39m
                [36m<path[39m
                  [33md[39m=[32m"M4 6h16M4 12h16M4 18h16"[39m
                  [33mstroke-linecap[39m=[32m"round"[39m
                  [33mstroke-linejoin[39m=[32m"round"[39m
                  [33mstroke-width[39m=[32m"2"[39m
                [36m/>[39m
              [36m</svg>[39m
            [36m</button>[39m
          [36m</div>[39m
        [36m</div>[39m
      [36m</header>[39m
      [36m<main[39m
        [33mclass[39m=[32m"flex-1 max-w-7xl mx-auto px-4 sm:px-6 lg:px-8 py-8 w-full transition-colors duration-300"[39m
      [36m>[39m
        [36m<section[39m
          [33mclass[39m=[32m"relative rounded-3xl overflow-hidden bg-white dark:bg-slate-900 border border-slate-200 dark:border-slate-800 p-8 sm:p-12 md:p-16 mb-16 shadow-xl transition-colors duration-300"[39m
        [36m>[39m
          [36m<div[39m
            [33mclass[39m=[32m"absolute top-0 right-0 w-full h-full bg-gradient-to-br from-indigo-50/50 via-white to-slate-50 dark:from-indigo-950/40 dark:via-slate-900 dark:to-slate-950 pointer-events-none transition-colors duration-300"[39m
          [36m/>[39m
          [36m<div[39m
            [33mclass[39m=[32m"absolute -top-24 -right-24 w-96 h-96 bg-indigo-500/10 dark:bg-indigo-500/20 rounded-full blur-3xl pointer-events-none"[39m
          [36m/>[39m
          [36m<div[39m
            [33mclass[39m=[32m"relative max-w-3xl space-y-6 z-10"[39m
          [36m>[39m
            [36m<span[39m
              [33mclass[39m=[32m"inline-flex items-center px-2.5 py-0.5 rounded-full text-xs font-semibold border bg-emerald-500/15 text-emerald-300 border-emerald-500/30 backdrop-blur-md animate-fade-in-up"[39m
            [36m>[39m
              [0mΓ£¿ Premier Dealership Experience[0m
            [36m</span>[39m
            [36m<h1[39m
              [33mclass[39m=[32m"text-4xl sm:text-5xl md:text-6xl font-black text-slate-900 dark:text-white tracking-tight leading-tight transition-colors duration-300"[39m
            [36m>[39m
              [0mFind Your Dream Vehicle with [0m
              [36m<span[39m
                [33mclass[39m=[32m"bg-gradient-to-r from-indigo-600 to-purple-600 dark:from-indigo-400 dark:to-purple-400 bg-clip-text text-transparent"[39m
              [36m>[39m
                [0mKATA[0m
              [36m</span>[39m
            [36m</h1>[39m
            [36m<p[39m
              [33mclass[39m=[32m"text-lg text-slate-600 dark:text-slate-300 leading-relaxed transition-colors duration-300"[39m
            [36m>[39m
              [0mBrowse our curated inventory of premium electric, SUV, truck, coupe, and sedan vehicles. Real-time availability, instant online purchase, and full dealership transparency.[0m
            [36m</p>[39m
            [36m<div[39m
              [33mclass[39m=[32m"flex flex-wrap gap-4 pt-4"[39m
            [36m>[39m
              [36m<a[39m
                [33mhref[39m=[32m"/vehicles"[39m
              [36m>[39m
                [36m<button[39m
                  [33mclass[39m=[32m"inline-flex items-center justify-center font-medium rounded-lg transition-all focus:outline-none focus:ring-2 focus:ring-offset-2 disabled:opacity-50 disabled:cursor-not-allowed bg-indigo-600 hover:bg-indigo-700 text-white focus:ring-indigo-500 px-5 py-2.5 text-base  shadow-lg shadow-indigo-500/30 hover:scale-105 transition-transform"[39m
                [36m>[39m
                  [0mExplore Inventory ΓåÆ[0m
                [36m</button>[39m
              [36m</a>[39m
              [36m<a[39m
                [33mhref[39m=[32m"/register"[39m
              [36m>[39m
                [36m<button[39m
                  [33mclass[39m=[32m"inline-flex items-center justify-center font-medium rounded-lg transition-all focus:outline-none focus:ring-2 focus:ring-offset-2 disabled:opacity-50 disabled:cursor-not-allowed bg-transparent border border-slate-700 hover:bg-slate-800 text-slate-300 focus:ring-slate-500 px-5 py-2.5 text-base  hover:scale-105 transition-transform"[39m
                [36m>[39m
                  [0mCreate Account[0m
                [36m</button>[39m
              [36m</a>[39m
            [36m</div>[39m
          [36m</div>[39m
        [36m</section>[39m
        [36m<section[39m
          [33mclass[39m=[32m"grid grid-cols-2 md:grid-cols-4 gap-4 mb-16"[39m
        [36m>[39m
          [36m<div[39m
            [33mclass[39m=[32m"bg-white dark:bg-slate-900/60 border border-slate-200 dark:border-slate-800/80 rounded-2xl p-6 text-center shadow-sm hover:shadow-md transition-all hover:-translate-y-1"[39m
          [36m>[39m
            [36m<p[39m
              [33mclass[39m=[32m"text-3xl font-black text-indigo-600 dark:text-indigo-400"[39m
            [36m>[39m
              [0m100%[0m
            [36m</p>[39m
            [36m<p[39m
              [33mclass[39m=[32m"text-sm font-medium text-slate-500 dark:text-slate-400 mt-1"[39m
            [36m>[39m
              [0mVerified Inventory[0m
            [36m</p>[39m
          [36m</div>[39m
          [36m<div[39m
            [33mclass[39m=[32m"bg-white dark:bg-slate-900/60 border border-slate-200 dark:border-slate-800/80 rounded-2xl p-6 text-center shadow-sm hover:shadow-md t...

[90mstdout[2m | src/pages/__tests__/publicPages.test.tsx[2m > [22m[2mPublic Pages[2m > [22m[2mHome Page[2m > [22m[2mrenders hero section, call to action, statistics, and about section
[22m[39m[36m<body>[39m
  [36m<div>[39m
    [36m<div[39m
      [33mclass[39m=[32m"flex flex-col min-h-screen bg-slate-50 dark:bg-slate-950 text-slate-900 dark:text-slate-100 font-sans transition-colors duration-300"[39m
    [36m>[39m
      [36m<header[39m
        [33mclass[39m=[32m"border-b border-slate-200/80 dark:border-slate-800/80 bg-white/80 dark:bg-slate-900/80 backdrop-blur-lg sticky top-0 z-50 transition-colors duration-300"[39m
        [33mrole[39m=[32m"banner"[39m
      [36m>[39m
        [36m<div[39m
          [33mclass[39m=[32m"max-w-7xl mx-auto px-4 sm:px-6 lg:px-8 h-16 flex items-center justify-between"[39m
        [36m>[39m
          [36m<a[39m
            [33mclass[39m=[32m"flex items-center gap-3 text-xl font-bold tracking-tight hover:opacity-90 transition-opacity"[39m
            [33mhref[39m=[32m"/"[39m
          [36m>[39m
            [36m<div[39m
              [33mclass[39m=[32m"flex items-center justify-center w-10 h-10 rounded-xl bg-slate-900 dark:bg-white text-white dark:text-slate-900 font-black tracking-tighter text-sm transition-transform duration-300 hover:scale-110 shadow-lg "[39m
            [36m>[39m
              [0mKATA[0m
            [36m</div>[39m
            [36m<span[39m
              [33mclass[39m=[32m"hidden sm:inline-block"[39m
            [36m>[39m
              [0mKATA[0m
            [36m</span>[39m
          [36m</a>[39m
          [36m<div[39m
            [33mclass[39m=[32m"flex items-center gap-4"[39m
          [36m>[39m
            [36m<nav[39m
              [33mclass[39m=[32m"hidden md:flex items-center gap-2"[39m
              [33mrole[39m=[32m"navigation"[39m
            [36m>[39m
              [36m<a[39m
                [33mclass[39m=[32m"text-sm font-medium transition-colors px-3 py-2 rounded-lg bg-indigo-100 dark:bg-indigo-600/20 text-indigo-700 dark:text-indigo-400 font-semibold border border-indigo-200 dark:border-indigo-500/30"[39m
                [33mhref[39m=[32m"/"[39m
              [36m>[39m
                [0mHome[0m
              [36m</a>[39m
              [36m<a[39m
                [33mclass[39m=[32m"text-sm font-medium transition-colors px-3 py-2 rounded-lg text-slate-600 dark:text-slate-300 hover:text-slate-900 dark:hover:text-white hover:bg-slate-100 dark:hover:bg-slate-800/60"[39m
                [33mhref[39m=[32m"/vehicles"[39m
              [36m>[39m
                [0mVehicles[0m
              [36m</a>[39m
              [36m<a[39m
                [33mclass[39m=[32m"text-sm font-medium transition-colors px-3 py-2 rounded-lg text-slate-600 dark:text-slate-300 hover:text-slate-900 dark:hover:text-white hover:bg-slate-100 dark:hover:bg-slate-800/60"[39m
                [33mhref[39m=[32m"/dashboard"[39m
              [36m>[39m
                [0mDashboard[0m
              [36m</a>[39m
              [36m<a[39m
                [33mclass[39m=[32m"text-sm font-medium transition-colors px-3 py-2 rounded-lg text-slate-600 dark:text-slate-300 hover:text-slate-900 dark:hover:text-white hover:bg-slate-100 dark:hover:bg-slate-800/60"[39m
                [33mhref[39m=[32m"/profile"[39m
              [36m>[39m
                [0mProfile[0m
              [36m</a>[39m
              [36m<button[39m
                [33mclass[39m=[32m"text-sm font-medium text-slate-500 dark:text-slate-400 hover:text-rose-600 dark:hover:text-rose-400 hover:bg-rose-50 dark:hover:bg-rose-500/10 px-3 py-2 rounded-lg transition-colors ml-2"[39m
              [36m>[39m
                [0mLogout[0m
              [36m</button>[39m
            [36m</nav>[39m
            [36m<button[39m
              [33maria-label[39m=[32m"Toggle Theme"[39m
              [33mclass[39m=[32m"p-2 rounded-lg text-slate-500 dark:text-slate-400 hover:bg-slate-100 dark:hover:bg-slate-800 transition-colors"[39m
            [36m>[39m
              [0m≡ƒîÖ[0m
            [36m</button>[39m
            [36m<button[39m
              [33maria-label[39m=[32m"Toggle Navigation Menu"[39m
              [33mclass[39m=[32m"md:hidden p-2 rounded-lg text-slate-500 dark:text-slate-400 hover:text-slate-900 dark:hover:text-white hover:bg-slate-100 dark:hover:bg-slate-800 transition-colors"[39m
            [36m>[39m
              [36m<svg[39m
                [33mclass[39m=[32m"w-6 h-6"[39m
                [33mfill[39m=[32m"none"[39m
                [33mstroke[39m=[32m"currentColor"[39m
                [33mviewBox[39m=[32m"0 0 24 24"[39m
              [36m>[39m
                [36m<path[39m
                  [33md[39m=[32m"M4 6h16M4 12h16M4 18h16"[39m
                  [33mstroke-linecap[39m=[32m"round"[39m
                  [33mstroke-linejoin[39m=[32m"round"[39m
                  [33mstroke-width[39m=[32m"2"[39m
                [36m/>[39m
              [36m</svg>[39m
            [36m</button>[39m
          [36m</div>[39m
        [36m</div>[39m
      [36m</header>[39m
      [36m<main[39m
        [33mclass[39m=[32m"flex-1 max-w-7xl mx-auto px-4 sm:px-6 lg:px-8 py-8 w-full transition-colors duration-300"[39m
      [36m>[39m
        [36m<section[39m
          [33mclass[39m=[32m"relative rounded-3xl overflow-hidden bg-white dark:bg-slate-900 border border-slate-200 dark:border-slate-800 p-8 sm:p-12 md:p-16 mb-16 shadow-xl transition-colors duration-300"[39m
        [36m>[39m
          [36m<div[39m
            [33mclass[39m=[32m"absolute top-0 right-0 w-full h-full bg-gradient-to-br from-indigo-50/50 via-white to-slate-50 dark:from-indigo-950/40 dark:via-slate-900 dark:to-slate-950 pointer-events-none transition-colors duration-300"[39m
          [36m/>[39m
          [36m<div[39m
            [33mclass[39m=[32m"absolute -top-24 -right-24 w-96 h-96 bg-indigo-500/10 dark:bg-indigo-500/20 rounded-full blur-3xl pointer-events-none"[39m
          [36m/>[39m
          [36m<div[39m
            [33mclass[39m=[32m"relative max-w-3xl space-y-6 z-10"[39m
          [36m>[39m
            [36m<span[39m
              [33mclass[39m=[32m"inline-flex items-center px-2.5 py-0.5 rounded-full text-xs font-semibold border bg-emerald-500/15 text-emerald-300 border-emerald-500/30 backdrop-blur-md animate-fade-in-up"[39m
            [36m>[39m
              [0mΓ£¿ Premier Dealership Experience[0m
            [36m</span>[39m
            [36m<h1[39m
              [33mclass[39m=[32m"text-4xl sm:text-5xl md:text-6xl font-black text-slate-900 dark:text-white tracking-tight leading-tight transition-colors duration-300"[39m
            [36m>[39m
              [0mFind Your Dream Vehicle with [0m
              [36m<span[39m
                [33mclass[39m=[32m"bg-gradient-to-r from-indigo-600 to-purple-600 dark:from-indigo-400 dark:to-purple-400 bg-clip-text text-transparent"[39m
              [36m>[39m
                [0mKATA[0m
              [36m</span>[39m
            [36m</h1>[39m
            [36m<p[39m
              [33mclass[39m=[32m"text-lg text-slate-600 dark:text-slate-300 leading-relaxed transition-colors duration-300"[39m
            [36m>[39m
              [0mBrowse our curated inventory of premium electric, SUV, truck, coupe, and sedan vehicles. Real-time availability, instant online purchase, and full dealership transparency.[0m
            [36m</p>[39m
            [36m<div[39m
              [33mclass[39m=[32m"flex flex-wrap gap-4 pt-4"[39m
            [36m>[39m
              [36m<a[39m
                [33mhref[39m=[32m"/vehicles"[39m
              [36m>[39m
                [36m<button[39m
                  [33mclass[39m=[32m"inline-flex items-center justify-center font-medium rounded-lg transition-all focus:outline-none focus:ring-2 focus:ring-offset-2 disabled:opacity-50 disabled:cursor-not-allowed bg-indigo-600 hover:bg-indigo-700 text-white focus:ring-indigo-500 px-5 py-2.5 text-base  shadow-lg shadow-indigo-500/30 hover:scale-105 transition-transform"[39m
                [36m>[39m
                  [0mExplore Inventory ΓåÆ[0m
                [36m</button>[39m
              [36m</a>[39m
              [36m<a[39m
                [33mhref[39m=[32m"/register"[39m
              [36m>[39m
                [36m<button[39m
                  [33mclass[39m=[32m"inline-flex items-center justify-center font-medium rounded-lg transition-all focus:outline-none focus:ring-2 focus:ring-offset-2 disabled:opacity-50 disabled:cursor-not-allowed bg-transparent border border-slate-700 hover:bg-slate-800 text-slate-300 focus:ring-slate-500 px-5 py-2.5 text-base  hover:scale-105 transition-transform"[39m
                [36m>[39m
                  [0mCreate Account[0m
                [36m</button>[39m
              [36m</a>[39m
            [36m</div>[39m
          [36m</div>[39m
        [36m</section>[39m
        [36m<section[39m
          [33mclass[39m=[32m"grid grid-cols-2 md:grid-cols-4 gap-4 mb-16"[39m
        [36m>[39m
          [36m<div[39m
            [33mclass[39m=[32m"bg-white dark:bg-slate-900/60 border border-slate-200 dark:border-slate-800/80 rounded-2xl p-6 text-center shadow-sm hover:shadow-md transition-all hover:-translate-y-1"[39m
          [36m>[39m
            [36m<p[39m
              [33mclass[39m=[32m"text-3xl font-black text-indigo-600 dark:text-indigo-400"[39m
            [36m>[39m
              [0m100%[0m
            [36m</p>[39m
            [36m<p[39m
              [33mclass[39m=[32m"text-sm font-medium text-slate-500 dark:text-slate-400 mt-1"[39m
            [36m>[39m
              [0mVerified Inventory[0m
            [36m</p>[39m
          [36m</div>[39m
          [36m<div[39m
            [33mclass[39m=[32m"bg-white dark:bg-slate-900/60 border border-slate-200 dark:border-slate-800/80 rounded-2xl p-6 text-center shadow-sm hover:shadow-md t...

[90mstdout[2m | src/pages/__tests__/publicPages.test.tsx[2m > [22m[2mPublic Pages[2m > [22m[2mHome Page[2m > [22m[2mrenders hero section, call to action, statistics, and about section
[22m[39m[36m<body>[39m
  [36m<div>[39m
    [36m<div[39m
      [33mclass[39m=[32m"flex flex-col min-h-screen bg-slate-50 dark:bg-slate-950 text-slate-900 dark:text-slate-100 font-sans transition-colors duration-300"[39m
    [36m>[39m
      [36m<header[39m
        [33mclass[39m=[32m"border-b border-slate-200/80 dark:border-slate-800/80 bg-white/80 dark:bg-slate-900/80 backdrop-blur-lg sticky top-0 z-50 transition-colors duration-300"[39m
        [33mrole[39m=[32m"banner"[39m
      [36m>[39m
        [36m<div[39m
          [33mclass[39m=[32m"max-w-7xl mx-auto px-4 sm:px-6 lg:px-8 h-16 flex items-center justify-between"[39m
        [36m>[39m
          [36m<a[39m
            [33mclass[39m=[32m"flex items-center gap-3 text-xl font-bold tracking-tight hover:opacity-90 transition-opacity"[39m
            [33mhref[39m=[32m"/"[39m
          [36m>[39m
            [36m<div[39m
              [33mclass[39m=[32m"flex items-center justify-center w-10 h-10 rounded-xl bg-slate-900 dark:bg-white text-white dark:text-slate-900 font-black tracking-tighter text-sm transition-transform duration-300 hover:scale-110 shadow-lg "[39m
            [36m>[39m
              [0mKATA[0m
            [36m</div>[39m
            [36m<span[39m
              [33mclass[39m=[32m"hidden sm:inline-block"[39m
            [36m>[39m
              [0mKATA[0m
            [36m</span>[39m
          [36m</a>[39m
          [36m<div[39m
            [33mclass[39m=[32m"flex items-center gap-4"[39m
          [36m>[39m
            [36m<nav[39m
              [33mclass[39m=[32m"hidden md:flex items-center gap-2"[39m
              [33mrole[39m=[32m"navigation"[39m
            [36m>[39m
              [36m<a[39m
                [33mclass[39m=[32m"text-sm font-medium transition-colors px-3 py-2 rounded-lg bg-indigo-100 dark:bg-indigo-600/20 text-indigo-700 dark:text-indigo-400 font-semibold border border-indigo-200 dark:border-indigo-500/30"[39m
                [33mhref[39m=[32m"/"[39m
              [36m>[39m
                [0mHome[0m
              [36m</a>[39m
              [36m<a[39m
                [33mclass[39m=[32m"text-sm font-medium transition-colors px-3 py-2 rounded-lg text-slate-600 dark:text-slate-300 hover:text-slate-900 dark:hover:text-white hover:bg-slate-100 dark:hover:bg-slate-800/60"[39m
                [33mhref[39m=[32m"/vehicles"[39m
              [36m>[39m
                [0mVehicles[0m
              [36m</a>[39m
              [36m<a[39m
                [33mclass[39m=[32m"text-sm font-medium transition-colors px-3 py-2 rounded-lg text-slate-600 dark:text-slate-300 hover:text-slate-900 dark:hover:text-white hover:bg-slate-100 dark:hover:bg-slate-800/60"[39m
                [33mhref[39m=[32m"/dashboard"[39m
              [36m>[39m
                [0mDashboard[0m
              [36m</a>[39m
              [36m<a[39m
                [33mclass[39m=[32m"text-sm font-medium transition-colors px-3 py-2 rounded-lg text-slate-600 dark:text-slate-300 hover:text-slate-900 dark:hover:text-white hover:bg-slate-100 dark:hover:bg-slate-800/60"[39m
                [33mhref[39m=[32m"/profile"[39m
              [36m>[39m
                [0mProfile[0m
              [36m</a>[39m
              [36m<button[39m
                [33mclass[39m=[32m"text-sm font-medium text-slate-500 dark:text-slate-400 hover:text-rose-600 dark:hover:text-rose-400 hover:bg-rose-50 dark:hover:bg-rose-500/10 px-3 py-2 rounded-lg transition-colors ml-2"[39m
              [36m>[39m
                [0mLogout[0m
              [36m</button>[39m
            [36m</nav>[39m
            [36m<button[39m
              [33maria-label[39m=[32m"Toggle Theme"[39m
              [33mclass[39m=[32m"p-2 rounded-lg text-slate-500 dark:text-slate-400 hover:bg-slate-100 dark:hover:bg-slate-800 transition-colors"[39m
            [36m>[39m
              [0m≡ƒîÖ[0m
            [36m</button>[39m
            [36m<button[39m
              [33maria-label[39m=[32m"Toggle Navigation Menu"[39m
              [33mclass[39m=[32m"md:hidden p-2 rounded-lg text-slate-500 dark:text-slate-400 hover:text-slate-900 dark:hover:text-white hover:bg-slate-100 dark:hover:bg-slate-800 transition-colors"[39m
            [36m>[39m
              [36m<svg[39m
                [33mclass[39m=[32m"w-6 h-6"[39m
                [33mfill[39m=[32m"none"[39m
                [33mstroke[39m=[32m"currentColor"[39m
                [33mviewBox[39m=[32m"0 0 24 24"[39m
              [36m>[39m
                [36m<path[39m
                  [33md[39m=[32m"M4 6h16M4 12h16M4 18h16"[39m
                  [33mstroke-linecap[39m=[32m"round"[39m
                  [33mstroke-linejoin[39m=[32m"round"[39m
                  [33mstroke-width[39m=[32m"2"[39m
                [36m/>[39m
              [36m</svg>[39m
            [36m</button>[39m
          [36m</div>[39m
        [36m</div>[39m
      [36m</header>[39m
      [36m<main[39m
        [33mclass[39m=[32m"flex-1 max-w-7xl mx-auto px-4 sm:px-6 lg:px-8 py-8 w-full transition-colors duration-300"[39m
      [36m>[39m
        [36m<section[39m
          [33mclass[39m=[32m"relative rounded-3xl overflow-hidden bg-white dark:bg-slate-900 border border-slate-200 dark:border-slate-800 p-8 sm:p-12 md:p-16 mb-16 shadow-xl transition-colors duration-300"[39m
        [36m>[39m
          [36m<div[39m
            [33mclass[39m=[32m"absolute top-0 right-0 w-full h-full bg-gradient-to-br from-indigo-50/50 via-white to-slate-50 dark:from-indigo-950/40 dark:via-slate-900 dark:to-slate-950 pointer-events-none transition-colors duration-300"[39m
          [36m/>[39m
          [36m<div[39m
            [33mclass[39m=[32m"absolute -top-24 -right-24 w-96 h-96 bg-indigo-500/10 dark:bg-indigo-500/20 rounded-full blur-3xl pointer-events-none"[39m
          [36m/>[39m
          [36m<div[39m
            [33mclass[39m=[32m"relative max-w-3xl space-y-6 z-10"[39m
          [36m>[39m
            [36m<span[39m
              [33mclass[39m=[32m"inline-flex items-center px-2.5 py-0.5 rounded-full text-xs font-semibold border bg-emerald-500/15 text-emerald-300 border-emerald-500/30 backdrop-blur-md animate-fade-in-up"[39m
            [36m>[39m
              [0mΓ£¿ Premier Dealership Experience[0m
            [36m</span>[39m
            [36m<h1[39m
              [33mclass[39m=[32m"text-4xl sm:text-5xl md:text-6xl font-black text-slate-900 dark:text-white tracking-tight leading-tight transition-colors duration-300"[39m
            [36m>[39m
              [0mFind Your Dream Vehicle with [0m
              [36m<span[39m
                [33mclass[39m=[32m"bg-gradient-to-r from-indigo-600 to-purple-600 dark:from-indigo-400 dark:to-purple-400 bg-clip-text text-transparent"[39m
              [36m>[39m
                [0mKATA[0m
              [36m</span>[39m
            [36m</h1>[39m
            [36m<p[39m
              [33mclass[39m=[32m"text-lg text-slate-600 dark:text-slate-300 leading-relaxed transition-colors duration-300"[39m
            [36m>[39m
              [0mBrowse our curated inventory of premium electric, SUV, truck, coupe, and sedan vehicles. Real-time availability, instant online purchase, and full dealership transparency.[0m
            [36m</p>[39m
            [36m<div[39m
              [33mclass[39m=[32m"flex flex-wrap gap-4 pt-4"[39m
            [36m>[39m
              [36m<a[39m
                [33mhref[39m=[32m"/vehicles"[39m
              [36m>[39m
                [36m<button[39m
                  [33mclass[39m=[32m"inline-flex items-center justify-center font-medium rounded-lg transition-all focus:outline-none focus:ring-2 focus:ring-offset-2 disabled:opacity-50 disabled:cursor-not-allowed bg-indigo-600 hover:bg-indigo-700 text-white focus:ring-indigo-500 px-5 py-2.5 text-base  shadow-lg shadow-indigo-500/30 hover:scale-105 transition-transform"[39m
                [36m>[39m
                  [0mExplore Inventory ΓåÆ[0m
                [36m</button>[39m
              [36m</a>[39m
              [36m<a[39m
                [33mhref[39m=[32m"/register"[39m
              [36m>[39m
                [36m<button[39m
                  [33mclass[39m=[32m"inline-flex items-center justify-center font-medium rounded-lg transition-all focus:outline-none focus:ring-2 focus:ring-offset-2 disabled:opacity-50 disabled:cursor-not-allowed bg-transparent border border-slate-700 hover:bg-slate-800 text-slate-300 focus:ring-slate-500 px-5 py-2.5 text-base  hover:scale-105 transition-transform"[39m
                [36m>[39m
                  [0mCreate Account[0m
                [36m</button>[39m
              [36m</a>[39m
            [36m</div>[39m
          [36m</div>[39m
        [36m</section>[39m
        [36m<section[39m
          [33mclass[39m=[32m"grid grid-cols-2 md:grid-cols-4 gap-4 mb-16"[39m
        [36m>[39m
          [36m<div[39m
            [33mclass[39m=[32m"bg-white dark:bg-slate-900/60 border border-slate-200 dark:border-slate-800/80 rounded-2xl p-6 text-center shadow-sm hover:shadow-md transition-all hover:-translate-y-1"[39m
          [36m>[39m
            [36m<p[39m
              [33mclass[39m=[32m"text-3xl font-black text-indigo-600 dark:text-indigo-400"[39m
            [36m>[39m
              [0m100%[0m
            [36m</p>[39m
            [36m<p[39m
              [33mclass[39m=[32m"text-sm font-medium text-slate-500 dark:text-slate-400 mt-1"[39m
            [36m>[39m
              [0mVerified Inventory[0m
            [36m</p>[39m
          [36m</div>[39m
          [36m<div[39m
            [33mclass[39m=[32m"bg-white dark:bg-slate-900/60 border border-slate-200 dark:border-slate-800/80 rounded-2xl p-6 text-center shadow-sm hover:shadow-md t...

[90mstdout[2m | src/pages/__tests__/publicPages.test.tsx[2m > [22m[2mPublic Pages[2m > [22m[2mHome Page[2m > [22m[2mrenders hero section, call to action, statistics, and about section
[22m[39m[36m<body>[39m
  [36m<div>[39m
    [36m<div[39m
      [33mclass[39m=[32m"flex flex-col min-h-screen bg-slate-50 dark:bg-slate-950 text-slate-900 dark:text-slate-100 font-sans transition-colors duration-300"[39m
    [36m>[39m
      [36m<header[39m
        [33mclass[39m=[32m"border-b border-slate-200/80 dark:border-slate-800/80 bg-white/80 dark:bg-slate-900/80 backdrop-blur-lg sticky top-0 z-50 transition-colors duration-300"[39m
        [33mrole[39m=[32m"banner"[39m
      [36m>[39m
        [36m<div[39m
          [33mclass[39m=[32m"max-w-7xl mx-auto px-4 sm:px-6 lg:px-8 h-16 flex items-center justify-between"[39m
        [36m>[39m
          [36m<a[39m
            [33mclass[39m=[32m"flex items-center gap-3 text-xl font-bold tracking-tight hover:opacity-90 transition-opacity"[39m
            [33mhref[39m=[32m"/"[39m
          [36m>[39m
            [36m<div[39m
              [33mclass[39m=[32m"flex items-center justify-center w-10 h-10 rounded-xl bg-slate-900 dark:bg-white text-white dark:text-slate-900 font-black tracking-tighter text-sm transition-transform duration-300 hover:scale-110 shadow-lg "[39m
            [36m>[39m
              [0mKATA[0m
            [36m</div>[39m
            [36m<span[39m
              [33mclass[39m=[32m"hidden sm:inline-block"[39m
            [36m>[39m
              [0mKATA[0m
            [36m</span>[39m
          [36m</a>[39m
          [36m<div[39m
            [33mclass[39m=[32m"flex items-center gap-4"[39m
          [36m>[39m
            [36m<nav[39m
              [33mclass[39m=[32m"hidden md:flex items-center gap-2"[39m
              [33mrole[39m=[32m"navigation"[39m
            [36m>[39m
              [36m<a[39m
                [33mclass[39m=[32m"text-sm font-medium transition-colors px-3 py-2 rounded-lg bg-indigo-100 dark:bg-indigo-600/20 text-indigo-700 dark:text-indigo-400 font-semibold border border-indigo-200 dark:border-indigo-500/30"[39m
                [33mhref[39m=[32m"/"[39m
              [36m>[39m
                [0mHome[0m
              [36m</a>[39m
              [36m<a[39m
                [33mclass[39m=[32m"text-sm font-medium transition-colors px-3 py-2 rounded-lg text-slate-600 dark:text-slate-300 hover:text-slate-900 dark:hover:text-white hover:bg-slate-100 dark:hover:bg-slate-800/60"[39m
                [33mhref[39m=[32m"/vehicles"[39m
              [36m>[39m
                [0mVehicles[0m
              [36m</a>[39m
              [36m<a[39m
                [33mclass[39m=[32m"text-sm font-medium transition-colors px-3 py-2 rounded-lg text-slate-600 dark:text-slate-300 hover:text-slate-900 dark:hover:text-white hover:bg-slate-100 dark:hover:bg-slate-800/60"[39m
                [33mhref[39m=[32m"/dashboard"[39m
              [36m>[39m
                [0mDashboard[0m
              [36m</a>[39m
              [36m<a[39m
                [33mclass[39m=[32m"text-sm font-medium transition-colors px-3 py-2 rounded-lg text-slate-600 dark:text-slate-300 hover:text-slate-900 dark:hover:text-white hover:bg-slate-100 dark:hover:bg-slate-800/60"[39m
                [33mhref[39m=[32m"/profile"[39m
              [36m>[39m
                [0mProfile[0m
              [36m</a>[39m
              [36m<button[39m
                [33mclass[39m=[32m"text-sm font-medium text-slate-500 dark:text-slate-400 hover:text-rose-600 dark:hover:text-rose-400 hover:bg-rose-50 dark:hover:bg-rose-500/10 px-3 py-2 rounded-lg transition-colors ml-2"[39m
              [36m>[39m
                [0mLogout[0m
              [36m</button>[39m
            [36m</nav>[39m
            [36m<button[39m
              [33maria-label[39m=[32m"Toggle Theme"[39m
              [33mclass[39m=[32m"p-2 rounded-lg text-slate-500 dark:text-slate-400 hover:bg-slate-100 dark:hover:bg-slate-800 transition-colors"[39m
            [36m>[39m
              [0m≡ƒîÖ[0m
            [36m</button>[39m
            [36m<button[39m
              [33maria-label[39m=[32m"Toggle Navigation Menu"[39m
              [33mclass[39m=[32m"md:hidden p-2 rounded-lg text-slate-500 dark:text-slate-400 hover:text-slate-900 dark:hover:text-white hover:bg-slate-100 dark:hover:bg-slate-800 transition-colors"[39m
            [36m>[39m
              [36m<svg[39m
                [33mclass[39m=[32m"w-6 h-6"[39m
                [33mfill[39m=[32m"none"[39m
                [33mstroke[39m=[32m"currentColor"[39m
                [33mviewBox[39m=[32m"0 0 24 24"[39m
              [36m>[39m
                [36m<path[39m
                  [33md[39m=[32m"M4 6h16M4 12h16M4 18h16"[39m
                  [33mstroke-linecap[39m=[32m"round"[39m
                  [33mstroke-linejoin[39m=[32m"round"[39m
                  [33mstroke-width[39m=[32m"2"[39m
                [36m/>[39m
              [36m</svg>[39m
            [36m</button>[39m
          [36m</div>[39m
        [36m</div>[39m
      [36m</header>[39m
      [36m<main[39m
        [33mclass[39m=[32m"flex-1 max-w-7xl mx-auto px-4 sm:px-6 lg:px-8 py-8 w-full transition-colors duration-300"[39m
      [36m>[39m
        [36m<section[39m
          [33mclass[39m=[32m"relative rounded-3xl overflow-hidden bg-white dark:bg-slate-900 border border-slate-200 dark:border-slate-800 p-8 sm:p-12 md:p-16 mb-16 shadow-xl transition-colors duration-300"[39m
        [36m>[39m
          [36m<div[39m
            [33mclass[39m=[32m"absolute top-0 right-0 w-full h-full bg-gradient-to-br from-indigo-50/50 via-white to-slate-50 dark:from-indigo-950/40 dark:via-slate-900 dark:to-slate-950 pointer-events-none transition-colors duration-300"[39m
          [36m/>[39m
          [36m<div[39m
            [33mclass[39m=[32m"absolute -top-24 -right-24 w-96 h-96 bg-indigo-500/10 dark:bg-indigo-500/20 rounded-full blur-3xl pointer-events-none"[39m
          [36m/>[39m
          [36m<div[39m
            [33mclass[39m=[32m"relative max-w-3xl space-y-6 z-10"[39m
          [36m>[39m
            [36m<span[39m
              [33mclass[39m=[32m"inline-flex items-center px-2.5 py-0.5 rounded-full text-xs font-semibold border bg-emerald-500/15 text-emerald-300 border-emerald-500/30 backdrop-blur-md animate-fade-in-up"[39m
            [36m>[39m
              [0mΓ£¿ Premier Dealership Experience[0m
            [36m</span>[39m
            [36m<h1[39m
              [33mclass[39m=[32m"text-4xl sm:text-5xl md:text-6xl font-black text-slate-900 dark:text-white tracking-tight leading-tight transition-colors duration-300"[39m
            [36m>[39m
              [0mFind Your Dream Vehicle with [0m
              [36m<span[39m
                [33mclass[39m=[32m"bg-gradient-to-r from-indigo-600 to-purple-600 dark:from-indigo-400 dark:to-purple-400 bg-clip-text text-transparent"[39m
              [36m>[39m
                [0mKATA[0m
              [36m</span>[39m
            [36m</h1>[39m
            [36m<p[39m
              [33mclass[39m=[32m"text-lg text-slate-600 dark:text-slate-300 leading-relaxed transition-colors duration-300"[39m
            [36m>[39m
              [0mBrowse our curated inventory of premium electric, SUV, truck, coupe, and sedan vehicles. Real-time availability, instant online purchase, and full dealership transparency.[0m
            [36m</p>[39m
            [36m<div[39m
              [33mclass[39m=[32m"flex flex-wrap gap-4 pt-4"[39m
            [36m>[39m
              [36m<a[39m
                [33mhref[39m=[32m"/vehicles"[39m
              [36m>[39m
                [36m<button[39m
                  [33mclass[39m=[32m"inline-flex items-center justify-center font-medium rounded-lg transition-all focus:outline-none focus:ring-2 focus:ring-offset-2 disabled:opacity-50 disabled:cursor-not-allowed bg-indigo-600 hover:bg-indigo-700 text-white focus:ring-indigo-500 px-5 py-2.5 text-base  shadow-lg shadow-indigo-500/30 hover:scale-105 transition-transform"[39m
                [36m>[39m
                  [0mExplore Inventory ΓåÆ[0m
                [36m</button>[39m
              [36m</a>[39m
              [36m<a[39m
                [33mhref[39m=[32m"/register"[39m
              [36m>[39m
                [36m<button[39m
                  [33mclass[39m=[32m"inline-flex items-center justify-center font-medium rounded-lg transition-all focus:outline-none focus:ring-2 focus:ring-offset-2 disabled:opacity-50 disabled:cursor-not-allowed bg-transparent border border-slate-700 hover:bg-slate-800 text-slate-300 focus:ring-slate-500 px-5 py-2.5 text-base  hover:scale-105 transition-transform"[39m
                [36m>[39m
                  [0mCreate Account[0m
                [36m</button>[39m
              [36m</a>[39m
            [36m</div>[39m
          [36m</div>[39m
        [36m</section>[39m
        [36m<section[39m
          [33mclass[39m=[32m"grid grid-cols-2 md:grid-cols-4 gap-4 mb-16"[39m
        [36m>[39m
          [36m<div[39m
            [33mclass[39m=[32m"bg-white dark:bg-slate-900/60 border border-slate-200 dark:border-slate-800/80 rounded-2xl p-6 text-center shadow-sm hover:shadow-md transition-all hover:-translate-y-1"[39m
          [36m>[39m
            [36m<p[39m
              [33mclass[39m=[32m"text-3xl font-black text-indigo-600 dark:text-indigo-400"[39m
            [36m>[39m
              [0m100%[0m
            [36m</p>[39m
            [36m<p[39m
              [33mclass[39m=[32m"text-sm font-medium text-slate-500 dark:text-slate-400 mt-1"[39m
            [36m>[39m
              [0mVerified Inventory[0m
            [36m</p>[39m
          [36m</div>[39m
          [36m<div[39m
            [33mclass[39m=[32m"bg-white dark:bg-slate-900/60 border border-slate-200 dark:border-slate-800/80 rounded-2xl p-6 text-center shadow-sm hover:shadow-md t...

[90mstdout[2m | src/pages/__tests__/publicPages.test.tsx[2m > [22m[2mPublic Pages[2m > [22m[2mHome Page[2m > [22m[2mrenders hero section, call to action, statistics, and about section
[22m[39m[36m<body>[39m
  [36m<div>[39m
    [36m<div[39m
      [33mclass[39m=[32m"flex flex-col min-h-screen bg-slate-50 dark:bg-slate-950 text-slate-900 dark:text-slate-100 font-sans transition-colors duration-300"[39m
    [36m>[39m
      [36m<header[39m
        [33mclass[39m=[32m"border-b border-slate-200/80 dark:border-slate-800/80 bg-white/80 dark:bg-slate-900/80 backdrop-blur-lg sticky top-0 z-50 transition-colors duration-300"[39m
        [33mrole[39m=[32m"banner"[39m
      [36m>[39m
        [36m<div[39m
          [33mclass[39m=[32m"max-w-7xl mx-auto px-4 sm:px-6 lg:px-8 h-16 flex items-center justify-between"[39m
        [36m>[39m
          [36m<a[39m
            [33mclass[39m=[32m"flex items-center gap-3 text-xl font-bold tracking-tight hover:opacity-90 transition-opacity"[39m
            [33mhref[39m=[32m"/"[39m
          [36m>[39m
            [36m<div[39m
              [33mclass[39m=[32m"flex items-center justify-center w-10 h-10 rounded-xl bg-slate-900 dark:bg-white text-white dark:text-slate-900 font-black tracking-tighter text-sm transition-transform duration-300 hover:scale-110 shadow-lg "[39m
            [36m>[39m
              [0mKATA[0m
            [36m</div>[39m
            [36m<span[39m
              [33mclass[39m=[32m"hidden sm:inline-block"[39m
            [36m>[39m
              [0mKATA[0m
            [36m</span>[39m
          [36m</a>[39m
          [36m<div[39m
            [33mclass[39m=[32m"flex items-center gap-4"[39m
          [36m>[39m
            [36m<nav[39m
              [33mclass[39m=[32m"hidden md:flex items-center gap-2"[39m
              [33mrole[39m=[32m"navigation"[39m
            [36m>[39m
              [36m<a[39m
                [33mclass[39m=[32m"text-sm font-medium transition-colors px-3 py-2 rounded-lg bg-indigo-100 dark:bg-indigo-600/20 text-indigo-700 dark:text-indigo-400 font-semibold border border-indigo-200 dark:border-indigo-500/30"[39m
                [33mhref[39m=[32m"/"[39m
              [36m>[39m
                [0mHome[0m
              [36m</a>[39m
              [36m<a[39m
                [33mclass[39m=[32m"text-sm font-medium transition-colors px-3 py-2 rounded-lg text-slate-600 dark:text-slate-300 hover:text-slate-900 dark:hover:text-white hover:bg-slate-100 dark:hover:bg-slate-800/60"[39m
                [33mhref[39m=[32m"/vehicles"[39m
              [36m>[39m
                [0mVehicles[0m
              [36m</a>[39m
              [36m<a[39m
                [33mclass[39m=[32m"text-sm font-medium transition-colors px-3 py-2 rounded-lg text-slate-600 dark:text-slate-300 hover:text-slate-900 dark:hover:text-white hover:bg-slate-100 dark:hover:bg-slate-800/60"[39m
                [33mhref[39m=[32m"/dashboard"[39m
              [36m>[39m
                [0mDashboard[0m
              [36m</a>[39m
              [36m<a[39m
                [33mclass[39m=[32m"text-sm font-medium transition-colors px-3 py-2 rounded-lg text-slate-600 dark:text-slate-300 hover:text-slate-900 dark:hover:text-white hover:bg-slate-100 dark:hover:bg-slate-800/60"[39m
                [33mhref[39m=[32m"/profile"[39m
              [36m>[39m
                [0mProfile[0m
              [36m</a>[39m
              [36m<button[39m
                [33mclass[39m=[32m"text-sm font-medium text-slate-500 dark:text-slate-400 hover:text-rose-600 dark:hover:text-rose-400 hover:bg-rose-50 dark:hover:bg-rose-500/10 px-3 py-2 rounded-lg transition-colors ml-2"[39m
              [36m>[39m
                [0mLogout[0m
              [36m</button>[39m
            [36m</nav>[39m
            [36m<button[39m
              [33maria-label[39m=[32m"Toggle Theme"[39m
              [33mclass[39m=[32m"p-2 rounded-lg text-slate-500 dark:text-slate-400 hover:bg-slate-100 dark:hover:bg-slate-800 transition-colors"[39m
            [36m>[39m
              [0m≡ƒîÖ[0m
            [36m</button>[39m
            [36m<button[39m
              [33maria-label[39m=[32m"Toggle Navigation Menu"[39m
              [33mclass[39m=[32m"md:hidden p-2 rounded-lg text-slate-500 dark:text-slate-400 hover:text-slate-900 dark:hover:text-white hover:bg-slate-100 dark:hover:bg-slate-800 transition-colors"[39m
            [36m>[39m
              [36m<svg[39m
                [33mclass[39m=[32m"w-6 h-6"[39m
                [33mfill[39m=[32m"none"[39m
                [33mstroke[39m=[32m"currentColor"[39m
                [33mviewBox[39m=[32m"0 0 24 24"[39m
              [36m>[39m
                [36m<path[39m
                  [33md[39m=[32m"M4 6h16M4 12h16M4 18h16"[39m
                  [33mstroke-linecap[39m=[32m"round"[39m
                  [33mstroke-linejoin[39m=[32m"round"[39m
                  [33mstroke-width[39m=[32m"2"[39m
                [36m/>[39m
              [36m</svg>[39m
            [36m</button>[39m
          [36m</div>[39m
        [36m</div>[39m
      [36m</header>[39m
      [36m<main[39m
        [33mclass[39m=[32m"flex-1 max-w-7xl mx-auto px-4 sm:px-6 lg:px-8 py-8 w-full transition-colors duration-300"[39m
      [36m>[39m
        [36m<section[39m
          [33mclass[39m=[32m"relative rounded-3xl overflow-hidden bg-white dark:bg-slate-900 border border-slate-200 dark:border-slate-800 p-8 sm:p-12 md:p-16 mb-16 shadow-xl transition-colors duration-300"[39m
        [36m>[39m
          [36m<div[39m
            [33mclass[39m=[32m"absolute top-0 right-0 w-full h-full bg-gradient-to-br from-indigo-50/50 via-white to-slate-50 dark:from-indigo-950/40 dark:via-slate-900 dark:to-slate-950 pointer-events-none transition-colors duration-300"[39m
          [36m/>[39m
          [36m<div[39m
            [33mclass[39m=[32m"absolute -top-24 -right-24 w-96 h-96 bg-indigo-500/10 dark:bg-indigo-500/20 rounded-full blur-3xl pointer-events-none"[39m
          [36m/>[39m
          [36m<div[39m
            [33mclass[39m=[32m"relative max-w-3xl space-y-6 z-10"[39m
          [36m>[39m
            [36m<span[39m
              [33mclass[39m=[32m"inline-flex items-center px-2.5 py-0.5 rounded-full text-xs font-semibold border bg-emerald-500/15 text-emerald-300 border-emerald-500/30 backdrop-blur-md animate-fade-in-up"[39m
            [36m>[39m
              [0mΓ£¿ Premier Dealership Experience[0m
            [36m</span>[39m
            [36m<h1[39m
              [33mclass[39m=[32m"text-4xl sm:text-5xl md:text-6xl font-black text-slate-900 dark:text-white tracking-tight leading-tight transition-colors duration-300"[39m
            [36m>[39m
              [0mFind Your Dream Vehicle with [0m
              [36m<span[39m
                [33mclass[39m=[32m"bg-gradient-to-r from-indigo-600 to-purple-600 dark:from-indigo-400 dark:to-purple-400 bg-clip-text text-transparent"[39m
              [36m>[39m
                [0mKATA[0m
              [36m</span>[39m
            [36m</h1>[39m
            [36m<p[39m
              [33mclass[39m=[32m"text-lg text-slate-600 dark:text-slate-300 leading-relaxed transition-colors duration-300"[39m
            [36m>[39m
              [0mBrowse our curated inventory of premium electric, SUV, truck, coupe, and sedan vehicles. Real-time availability, instant online purchase, and full dealership transparency.[0m
            [36m</p>[39m
            [36m<div[39m
              [33mclass[39m=[32m"flex flex-wrap gap-4 pt-4"[39m
            [36m>[39m
              [36m<a[39m
                [33mhref[39m=[32m"/vehicles"[39m
              [36m>[39m
                [36m<button[39m
                  [33mclass[39m=[32m"inline-flex items-center justify-center font-medium rounded-lg transition-all focus:outline-none focus:ring-2 focus:ring-offset-2 disabled:opacity-50 disabled:cursor-not-allowed bg-indigo-600 hover:bg-indigo-700 text-white focus:ring-indigo-500 px-5 py-2.5 text-base  shadow-lg shadow-indigo-500/30 hover:scale-105 transition-transform"[39m
                [36m>[39m
                  [0mExplore Inventory ΓåÆ[0m
                [36m</button>[39m
              [36m</a>[39m
              [36m<a[39m
                [33mhref[39m=[32m"/register"[39m
              [36m>[39m
                [36m<button[39m
                  [33mclass[39m=[32m"inline-flex items-center justify-center font-medium rounded-lg transition-all focus:outline-none focus:ring-2 focus:ring-offset-2 disabled:opacity-50 disabled:cursor-not-allowed bg-transparent border border-slate-700 hover:bg-slate-800 text-slate-300 focus:ring-slate-500 px-5 py-2.5 text-base  hover:scale-105 transition-transform"[39m
                [36m>[39m
                  [0mCreate Account[0m
                [36m</button>[39m
              [36m</a>[39m
            [36m</div>[39m
          [36m</div>[39m
        [36m</section>[39m
        [36m<section[39m
          [33mclass[39m=[32m"grid grid-cols-2 md:grid-cols-4 gap-4 mb-16"[39m
        [36m>[39m
          [36m<div[39m
            [33mclass[39m=[32m"bg-white dark:bg-slate-900/60 border border-slate-200 dark:border-slate-800/80 rounded-2xl p-6 text-center shadow-sm hover:shadow-md transition-all hover:-translate-y-1"[39m
          [36m>[39m
            [36m<p[39m
              [33mclass[39m=[32m"text-3xl font-black text-indigo-600 dark:text-indigo-400"[39m
            [36m>[39m
              [0m100%[0m
            [36m</p>[39m
            [36m<p[39m
              [33mclass[39m=[32m"text-sm font-medium text-slate-500 dark:text-slate-400 mt-1"[39m
            [36m>[39m
              [0mVerified Inventory[0m
            [36m</p>[39m
          [36m</div>[39m
          [36m<div[39m
            [33mclass[39m=[32m"bg-white dark:bg-slate-900/60 border border-slate-200 dark:border-slate-800/80 rounded-2xl p-6 text-center shadow-sm hover:shadow-md t...

[90mstdout[2m | src/pages/__tests__/publicPages.test.tsx[2m > [22m[2mPublic Pages[2m > [22m[2mVehicles Listing Page[2m > [22m[2mfetches vehicles and displays search bar, filter controls and pagination
[22m[39m[36m<body>[39m
  [36m<div>[39m
    [36m<div[39m
      [33mclass[39m=[32m"flex flex-col min-h-screen bg-slate-50 dark:bg-slate-950 text-slate-900 dark:text-slate-100 font-sans transition-colors duration-300"[39m
    [36m>[39m
      [36m<header[39m
        [33mclass[39m=[32m"border-b border-slate-200/80 dark:border-slate-800/80 bg-white/80 dark:bg-slate-900/80 backdrop-blur-lg sticky top-0 z-50 transition-colors duration-300"[39m
        [33mrole[39m=[32m"banner"[39m
      [36m>[39m
        [36m<div[39m
          [33mclass[39m=[32m"max-w-7xl mx-auto px-4 sm:px-6 lg:px-8 h-16 flex items-center justify-between"[39m
        [36m>[39m
          [36m<a[39m
            [33mclass[39m=[32m"flex items-center gap-3 text-xl font-bold tracking-tight hover:opacity-90 transition-opacity"[39m
            [33mhref[39m=[32m"/"[39m
          [36m>[39m
            [36m<div[39m
              [33mclass[39m=[32m"flex items-center justify-center w-10 h-10 rounded-xl bg-slate-900 dark:bg-white text-white dark:text-slate-900 font-black tracking-tighter text-sm transition-transform duration-300 hover:scale-110 shadow-lg "[39m
            [36m>[39m
              [0mKATA[0m
            [36m</div>[39m
            [36m<span[39m
              [33mclass[39m=[32m"hidden sm:inline-block"[39m
            [36m>[39m
              [0mKATA[0m
            [36m</span>[39m
          [36m</a>[39m
          [36m<div[39m
            [33mclass[39m=[32m"flex items-center gap-4"[39m
          [36m>[39m
            [36m<nav[39m
              [33mclass[39m=[32m"hidden md:flex items-center gap-2"[39m
              [33mrole[39m=[32m"navigation"[39m
            [36m>[39m
              [36m<a[39m
                [33mclass[39m=[32m"text-sm font-medium transition-colors px-3 py-2 rounded-lg bg-indigo-100 dark:bg-indigo-600/20 text-indigo-700 dark:text-indigo-400 font-semibold border border-indigo-200 dark:border-indigo-500/30"[39m
                [33mhref[39m=[32m"/"[39m
              [36m>[39m
                [0mHome[0m
              [36m</a>[39m
              [36m<a[39m
                [33mclass[39m=[32m"text-sm font-medium transition-colors px-3 py-2 rounded-lg text-slate-600 dark:text-slate-300 hover:text-slate-900 dark:hover:text-white hover:bg-slate-100 dark:hover:bg-slate-800/60"[39m
                [33mhref[39m=[32m"/vehicles"[39m
              [36m>[39m
                [0mVehicles[0m
              [36m</a>[39m
              [36m<a[39m
                [33mclass[39m=[32m"text-sm font-medium transition-colors px-3 py-2 rounded-lg text-slate-600 dark:text-slate-300 hover:text-slate-900 dark:hover:text-white hover:bg-slate-100 dark:hover:bg-slate-800/60"[39m
                [33mhref[39m=[32m"/dashboard"[39m
              [36m>[39m
                [0mDashboard[0m
              [36m</a>[39m
              [36m<a[39m
                [33mclass[39m=[32m"text-sm font-medium transition-colors px-3 py-2 rounded-lg text-slate-600 dark:text-slate-300 hover:text-slate-900 dark:hover:text-white hover:bg-slate-100 dark:hover:bg-slate-800/60"[39m
                [33mhref[39m=[32m"/profile"[39m
              [36m>[39m
                [0mProfile[0m
              [36m</a>[39m
              [36m<button[39m
                [33mclass[39m=[32m"text-sm font-medium text-slate-500 dark:text-slate-400 hover:text-rose-600 dark:hover:text-rose-400 hover:bg-rose-50 dark:hover:bg-rose-500/10 px-3 py-2 rounded-lg transition-colors ml-2"[39m
              [36m>[39m
                [0mLogout[0m
              [36m</button>[39m
            [36m</nav>[39m
            [36m<button[39m
              [33maria-label[39m=[32m"Toggle Theme"[39m
              [33mclass[39m=[32m"p-2 rounded-lg text-slate-500 dark:text-slate-400 hover:bg-slate-100 dark:hover:bg-slate-800 transition-colors"[39m
            [36m>[39m
              [0m≡ƒîÖ[0m
            [36m</button>[39m
            [36m<button[39m
              [33maria-label[39m=[32m"Toggle Navigation Menu"[39m
              [33mclass[39m=[32m"md:hidden p-2 rounded-lg text-slate-500 dark:text-slate-400 hover:text-slate-900 dark:hover:text-white hover:bg-slate-100 dark:hover:bg-slate-800 transition-colors"[39m
            [36m>[39m
              [36m<svg[39m
                [33mclass[39m=[32m"w-6 h-6"[39m
                [33mfill[39m=[32m"none"[39m
                [33mstroke[39m=[32m"currentColor"[39m
                [33mviewBox[39m=[32m"0 0 24 24"[39m
              [36m>[39m
                [36m<path[39m
                  [33md[39m=[32m"M4 6h16M4 12h16M4 18h16"[39m
                  [33mstroke-linecap[39m=[32m"round"[39m
                  [33mstroke-linejoin[39m=[32m"round"[39m
                  [33mstroke-width[39m=[32m"2"[39m
                [36m/>[39m
              [36m</svg>[39m
            [36m</button>[39m
          [36m</div>[39m
        [36m</div>[39m
      [36m</header>[39m
      [36m<main[39m
        [33mclass[39m=[32m"flex-1 max-w-7xl mx-auto px-4 sm:px-6 lg:px-8 py-8 w-full transition-colors duration-300"[39m
      [36m>[39m
        [36m<div[39m
          [33mclass[39m=[32m"space-y-8"[39m
        [36m>[39m
          [36m<div[39m
            [33mclass[39m=[32m"flex flex-col sm:flex-row sm:items-center justify-between gap-4"[39m
          [36m>[39m
            [36m<div>[39m
              [36m<h1[39m
                [33mclass[39m=[32m"text-3xl font-black text-slate-900 dark:text-white tracking-tight transition-colors"[39m
              [36m>[39m
                [0mVehicle Inventory[0m
              [36m</h1>[39m
              [36m<p[39m
                [33mclass[39m=[32m"text-slate-600 dark:text-slate-400 text-sm mt-1 transition-colors"[39m
              [36m>[39m
                [0mBrowse and filter available vehicles in our dealership[0m
              [36m</p>[39m
            [36m</div>[39m
          [36m</div>[39m
          [36m<form[39m
            [33mclass[39m=[32m"bg-white dark:bg-slate-900/80 border border-slate-200 dark:border-slate-800 rounded-2xl p-4 sm:p-6 space-y-4 shadow-sm transition-colors"[39m
          [36m>[39m
            [36m<div[39m
              [33mclass[39m=[32m"grid grid-cols-1 sm:grid-cols-2 lg:grid-cols-4 gap-4"[39m
            [36m>[39m
              [36m<div[39m
                [33mclass[39m=[32m"flex flex-col gap-1.5 w-full"[39m
              [36m>[39m
                [36m<label[39m
                  [33mclass[39m=[32m"text-xs font-semibold text-slate-400"[39m
                  [33mfor[39m=[32m"search-make-/-keyword"[39m
                [36m>[39m
                  [0mSearch Make / Keyword[0m
                [36m</label>[39m
                [36m<input[39m
                  [33mclass[39m=[32m"px-3 py-2 text-sm bg-slate-900 border border-slate-800 focus:ring-indigo-500 rounded-lg text-slate-100 placeholder-slate-500 focus:outline-none focus:ring-2 focus:ring-offset-2 focus:ring-offset-slate-950 transition-all "[39m
                  [33mid[39m=[32m"search-make-/-keyword"[39m
                  [33mplaceholder[39m=[32m"Search by make, model, or category..."[39m
                  [33mvalue[39m=[32m""[39m
                [36m/>[39m
              [36m</div>[39m
              [36m<div[39m
                [33mclass[39m=[32m"flex flex-col gap-1.5 w-full"[39m
              [36m>[39m
                [36m<label[39m
                  [33mclass[39m=[32m"text-xs font-semibold text-slate-400"[39m
                  [33mfor[39m=[32m"category"[39m
                [36m>[39m
                  [0mCategory[0m
                [36m</label>[39m
                [36m<select[39m
                  [33mclass[39m=[32m"px-3 py-2 text-sm bg-slate-900 border border-slate-800 focus:ring-indigo-500 rounded-lg text-slate-100 placeholder-slate-500 focus:outline-none focus:ring-2 focus:ring-offset-2 focus:ring-offset-slate-950 transition-all "[39m
                  [33mid[39m=[32m"category"[39m
                [36m>[39m
                  [36m<option[39m
                    [33mvalue[39m=[32m""[39m
                  [36m>[39m
                    [0mAll Categories[0m
                  [36m</option>[39m
                  [36m<option[39m
                    [33mvalue[39m=[32m"Electric"[39m
                  [36m>[39m
                    [0mElectric[0m
                  [36m</option>[39m
                  [36m<option[39m
                    [33mvalue[39m=[32m"SUV"[39m
                  [36m>[39m
                    [0mSUV[0m
                  [36m</option>[39m
                  [36m<option[39m
                    [33mvalue[39m=[32m"Truck"[39m
                  [36m>[39m
                    [0mTruck[0m
                  [36m</option>[39m
                  [36m<option[39m
                    [33mvalue[39m=[32m"Sedan"[39m
                  [36m>[39m
                    [0mSedan[0m
                  [36m</option>[39m
                  [36m<option[39m
                    [33mvalue[39m=[32m"Coupe"[39m
                  [36m>[39m
                    [0mCoupe[0m
                  [36m</option>[39m
                [36m</select>[39m
              [36m</div>[39m
              [36m<div[39m
                [33mclass[39m=[32m"flex flex-col gap-1.5 w-full"[39m
              [36m>[39m
                [36m<label[39m
                  [33mclass[39m=[32m"text-xs font-semibold text-slate-400"[39m
                  [33mfor[39m=[32m"min-price-($)"[39m
                [36m>[39m
                  [0mMin Price ($)[0m
                [36m</label>[39m
                [36m<input[39m
                  [33mclass[39m=[32m"px-3 py-2 text-sm bg-slate-900 border border-slate-800 focus:ring-indigo-500 rounded-lg text-slate-100 placeholder-slate-500 focus:outline-none focus:ring-2 focus:ring-offset-2 focus:ring-offset-slate-950 transition-all "[39m
                  [33mid[39m=[32m"min-price-($)"[39m
                  [33mplaceholder[39m=[32m"0"[39m
                  [33mtype[39m=[32m"number"[39m
                  [33mvalue[39m=[32m""[39m
                [36m/>[39m
              [36m</div>[39m
              [36m<div[39m
                [33mclass[39m=[32m"flex flex-col gap-1.5 w-full"[39m
              [36m>[39m
                [36m<label[39m
                  [33mclass[39m=[32m"text-xs font-semibold text-slate-400"[39m
                  [33mfor[39m=[32m"max-price-($)"[39m
                [36m>[39m
                  [0mMax Price ($)[0m
                [36m</label>[39m
                [36m<input[39m
                  [33mclass[39m=[32m"px-3 py-2 text-sm bg-slate-900 border border-slate-800 focus:ring-indigo-500 rounded-lg text-slate-100 placeholder-slate-500 focus:outline-none focus:ring-2 focus:ring-offset-2 focus:ring-offset-slate-950 transition-all "[39m
                  [33mid[39m=[32m"max-price-($)"[39m
                  [33mplaceholder[39m=[32m"100000"[39m
                  [33mtype[39m=[32m"number"[39m
                  [33mvalue[39m=[32m""[39m
                [36m/>[39m
              [36m</div>[39m
            [36m</div>[39m
            [36m<div[39m
              [33mclass[39m=[32m"flex flex-wrap items-center justify-between gap-4 pt-4 border-t border-slate-100 dark:border-slate-800/60"[39m
            [36m>[39m
              [36m<div[39m
                [33mclass[39m=[32m"flex items-center gap-3"[39m
              [36m>[39m
                [36m<div[39m
                  [33mclass[39m=[32m"flex flex-col gap-1.5 w-full"[39m
                [36m>[39m
                  [36m<select[39m
                    [33mclass[39m=[32m"px-3 py-2 text-sm bg-slate-900 border border-slate-800 focus:ring-indigo-500 rounded-lg text-slate-100 placeholder-slate-500 focus:outline-none focus:ring-2 focus:ring-offset-2 focus:ring-offset-slate-950 transition-all "[39m
                    [33mid[39m=[32m""[39m
                  [36m>[39m
                    [36m<option[39m
                      [33mvalue[39m=[32m"createdAt"[39m
                    [36m>[39m
                      [0mSort by Date[0m
                    [36m</option>[39m
                    [36m<option[39m
                      [33mvalue[39m=[32m"price"[39m
                    [36m>[39m
                      [0mSort by Price[0m
                    [36m</option>[39m
                    [36m<option[39m
                      [33mvalue[39m=[32m"make"[39m
                    [36m>[39m
                      [0mSort by Make[0m
                    [36m</option>[39m
                    [36m<option[39m
                      [33mvalue[39m=[32m"model"[39m
                    [36m>[39m
                      [0mSort by Model[0m
                    [36m</option>[39m
                  [36m</select>[39m
                [36m</div>[39m
                [36m<div[39m
                  [33mclass[39m=[32m"flex flex-col gap-1.5 w-full"[39m
                [36m>[39m
                  [36m<select[39m
                    [33mclass[39m=[32m"px-3 py-2 text-sm bg-slate-900 border border-slate-800 focus:ring-indigo-500 rounded-lg text-slate-100 placeholder-slate-500 focus:outline-none focus:ring-2 focus:ring-offset-2 focus:ring-offset-slate-950 transition-all "[39m
                    [33mid[39m=[32m""[39m
                  [36m>[39m
                    [36m<option[39m
                      [33mvalue[39m=[32m"desc"[39m
                    [36m>[39m
                      [0mDescending[0m
                    [36m</option>[39m
                    [36m<option[39m
                      [33mvalue[39m=[32m"asc"[39m
                    [36m>[39m
                      [0mAscending[0m
                    [36m</option>[39m
                  [36m</select>[39m
                [36m</div>[39m
              [36m</div>[39m
              [36m<div[39m
                [33mclass[39m=[32m"flex gap-2"[39m
              [36m>[39m
                [36m<button[39m
                  [33mclass[39m=[32m"inline-flex items-center justify-center font-medium rounded-lg transition-all focus:outline-none focus:ring-2 focus:ring-offset-2 disabled:opacity-50 disabled:cursor-not-allowed bg-indigo-600 hover:bg-indigo-700 text-white focus:ring-indigo-500 px-3 py-1.5 text-xs  "[39m
                  [33mtype[39m=[32m"submit"[39m
                [36m>[39m
                  [0mApply Search[0m
                [36m</button>[39m
                [36m<button[39m
                  [33mclass[39m=[32m"inline-flex items-center justify-center font-medium rounded-lg transition-all focus:outline-none focus:ring-2 focus:ring-offset-2 disabled:opacity-50 disabled:cursor-not-allowed bg-transparent border border-slate-700 hover:bg-slate-800 text-slate-300 focus:ring-slate-500 px-3 py-1.5 text-xs  "[39m
                  [33mtype[39m=[32m"button"[39m
                [36m>[39m
                  [0mClear[0m
                [36m</button>[39m
              [36m</div>[39m
            [36m</div>[39m
          [36m</form>[39m
          [36m<div[39m
            [33mclass[39m=[32m"flex justify-center py-20"[39m
          [36m>[39m
            [36m<svg[39m
              [33mclass[39m=[32m"animate-spin text-indigo-500 h-10 w-10"[39m
              [33mdata-testid[39m=[32m"spinner-element"[39m
              [33mfill[39m=[32m"none"[39m
              [33mviewBox[39m=[32m"0 0 24 24"[39m
              [33mxmlns[39m=[32m"http://www.w3.org/2000/svg"[39m
            [36m>[39m
              [36m<circle[39m
                [33mclass[39m=[32m"opacity-25"[39m
                [33mcx[39m=[32m"12"[39m
                [33mcy[39m=[32m"12"[39m
                [33mr[39m=[32m"10"[39m
                [33mstroke[39m=[32m"currentColor"[39m
                [33mstroke-width[39m=[32m"4"[39m
              [36m/>[39m
              [36m<path[39m
                [33mclass[39m=[32m"opacity-75"[39m
                [33md[39m=[32m"M4 12a8 8 0 018-8V0C5.373 0 0 5.373 0 12h4zm2 5.291A7.962 7.962 0 014 12H0c0 3.042 1.135 5.824 3 7.938l3-2.647z"[39m
                [33mfill[39m=[32m"currentColor"[39m
              [36m/>[39m
            [36m</svg>[39m
          [36m</div>[39m
        [36m</div>[39m
      [36m</main>[39m
      [36m<footer[39m
        [33mclass[39m=[32m"border-t border-slate-200 dark:border-slate-900 bg-slate-100 dark:bg-slate-950 py-8 text-center text-sm text-slate-500 transition-colors duration-300"[39m
        [33mrole[39m=[32m"contentinfo"[39m
      [36m>[39m
        [36m<div[39m
          [33mclass[39m=[32m"max-w-7xl mx-auto px-4 space-y-2"[39m
        [36m>[39m
          [36m<p[39m
            [33mclass[39m=[32m"font-medium text-slate-600 dark:text-slate-400"[39m
          [36m>[39m
            [0mKATA Inventory Management System[0m
          [36m</p>[39m
          [36m<p>[39m
            [0m┬⌐ [0m
            [0m2026[0m
            [0m KATA Automotive. All rights reserved.[0m
          [36m</p>[39m
        [36m</div>[39m
      [36m</footer>[39m
    [36m</div>[39m
  [36m</div>[39m
[36m</body>[39m

[90mstdout[2m | src/pages/__tests__/publicPages.test.tsx[2m > [22m[2mPublic Pages[2m > [22m[2mVehicles Listing Page[2m > [22m[2mfetches vehicles and displays search bar, filter controls and pagination
[22m[39m[36m<body>[39m
  [36m<div>[39m
    [36m<div[39m
      [33mclass[39m=[32m"flex flex-col min-h-screen bg-slate-50 dark:bg-slate-950 text-slate-900 dark:text-slate-100 font-sans transition-colors duration-300"[39m
    [36m>[39m
      [36m<header[39m
        [33mclass[39m=[32m"border-b border-slate-200/80 dark:border-slate-800/80 bg-white/80 dark:bg-slate-900/80 backdrop-blur-lg sticky top-0 z-50 transition-colors duration-300"[39m
        [33mrole[39m=[32m"banner"[39m
      [36m>[39m
        [36m<div[39m
          [33mclass[39m=[32m"max-w-7xl mx-auto px-4 sm:px-6 lg:px-8 h-16 flex items-center justify-between"[39m
        [36m>[39m
          [36m<a[39m
            [33mclass[39m=[32m"flex items-center gap-3 text-xl font-bold tracking-tight hover:opacity-90 transition-opacity"[39m
            [33mhref[39m=[32m"/"[39m
          [36m>[39m
            [36m<div[39m
              [33mclass[39m=[32m"flex items-center justify-center w-10 h-10 rounded-xl bg-slate-900 dark:bg-white text-white dark:text-slate-900 font-black tracking-tighter text-sm transition-transform duration-300 hover:scale-110 shadow-lg "[39m
            [36m>[39m
              [0mKATA[0m
            [36m</div>[39m
            [36m<span[39m
              [33mclass[39m=[32m"hidden sm:inline-block"[39m
            [36m>[39m
              [0mKATA[0m
            [36m</span>[39m
          [36m</a>[39m
          [36m<div[39m
            [33mclass[39m=[32m"flex items-center gap-4"[39m
          [36m>[39m
            [36m<nav[39m
              [33mclass[39m=[32m"hidden md:flex items-center gap-2"[39m
              [33mrole[39m=[32m"navigation"[39m
            [36m>[39m
              [36m<a[39m
                [33mclass[39m=[32m"text-sm font-medium transition-colors px-3 py-2 rounded-lg bg-indigo-100 dark:bg-indigo-600/20 text-indigo-700 dark:text-indigo-400 font-semibold border border-indigo-200 dark:border-indigo-500/30"[39m
                [33mhref[39m=[32m"/"[39m
              [36m>[39m
                [0mHome[0m
              [36m</a>[39m
              [36m<a[39m
                [33mclass[39m=[32m"text-sm font-medium transition-colors px-3 py-2 rounded-lg text-slate-600 dark:text-slate-300 hover:text-slate-900 dark:hover:text-white hover:bg-slate-100 dark:hover:bg-slate-800/60"[39m
                [33mhref[39m=[32m"/vehicles"[39m
              [36m>[39m
                [0mVehicles[0m
              [36m</a>[39m
              [36m<a[39m
                [33mclass[39m=[32m"text-sm font-medium transition-colors px-3 py-2 rounded-lg text-slate-600 dark:text-slate-300 hover:text-slate-900 dark:hover:text-white hover:bg-slate-100 dark:hover:bg-slate-800/60"[39m
                [33mhref[39m=[32m"/dashboard"[39m
              [36m>[39m
                [0mDashboard[0m
              [36m</a>[39m
              [36m<a[39m
                [33mclass[39m=[32m"text-sm font-medium transition-colors px-3 py-2 rounded-lg text-slate-600 dark:text-slate-300 hover:text-slate-900 dark:hover:text-white hover:bg-slate-100 dark:hover:bg-slate-800/60"[39m
                [33mhref[39m=[32m"/profile"[39m
              [36m>[39m
                [0mProfile[0m
              [36m</a>[39m
              [36m<button[39m
                [33mclass[39m=[32m"text-sm font-medium text-slate-500 dark:text-slate-400 hover:text-rose-600 dark:hover:text-rose-400 hover:bg-rose-50 dark:hover:bg-rose-500/10 px-3 py-2 rounded-lg transition-colors ml-2"[39m
              [36m>[39m
                [0mLogout[0m
              [36m</button>[39m
            [36m</nav>[39m
            [36m<button[39m
              [33maria-label[39m=[32m"Toggle Theme"[39m
              [33mclass[39m=[32m"p-2 rounded-lg text-slate-500 dark:text-slate-400 hover:bg-slate-100 dark:hover:bg-slate-800 transition-colors"[39m
            [36m>[39m
              [0m≡ƒîÖ[0m
            [36m</button>[39m
            [36m<button[39m
              [33maria-label[39m=[32m"Toggle Navigation Menu"[39m
              [33mclass[39m=[32m"md:hidden p-2 rounded-lg text-slate-500 dark:text-slate-400 hover:text-slate-900 dark:hover:text-white hover:bg-slate-100 dark:hover:bg-slate-800 transition-colors"[39m
            [36m>[39m
              [36m<svg[39m
                [33mclass[39m=[32m"w-6 h-6"[39m
                [33mfill[39m=[32m"none"[39m
                [33mstroke[39m=[32m"currentColor"[39m
                [33mviewBox[39m=[32m"0 0 24 24"[39m
              [36m>[39m
                [36m<path[39m
                  [33md[39m=[32m"M4 6h16M4 12h16M4 18h16"[39m
                  [33mstroke-linecap[39m=[32m"round"[39m
                  [33mstroke-linejoin[39m=[32m"round"[39m
                  [33mstroke-width[39m=[32m"2"[39m
                [36m/>[39m
              [36m</svg>[39m
            [36m</button>[39m
          [36m</div>[39m
        [36m</div>[39m
      [36m</header>[39m
      [36m<main[39m
        [33mclass[39m=[32m"flex-1 max-w-7xl mx-auto px-4 sm:px-6 lg:px-8 py-8 w-full transition-colors duration-300"[39m
      [36m>[39m
        [36m<div[39m
          [33mclass[39m=[32m"space-y-8"[39m
        [36m>[39m
          [36m<div[39m
            [33mclass[39m=[32m"flex flex-col sm:flex-row sm:items-center justify-between gap-4"[39m
          [36m>[39m
            [36m<div>[39m
              [36m<h1[39m
                [33mclass[39m=[32m"text-3xl font-black text-slate-900 dark:text-white tracking-tight transition-colors"[39m
              [36m>[39m
                [0mVehicle Inventory[0m
              [36m</h1>[39m
              [36m<p[39m
                [33mclass[39m=[32m"text-slate-600 dark:text-slate-400 text-sm mt-1 transition-colors"[39m
              [36m>[39m
                [0mBrowse and filter available vehicles in our dealership[0m
              [36m</p>[39m
            [36m</div>[39m
          [36m</div>[39m
          [36m<form[39m
            [33mclass[39m=[32m"bg-white dark:bg-slate-900/80 border border-slate-200 dark:border-slate-800 rounded-2xl p-4 sm:p-6 space-y-4 shadow-sm transition-colors"[39m
          [36m>[39m
            [36m<div[39m
              [33mclass[39m=[32m"grid grid-cols-1 sm:grid-cols-2 lg:grid-cols-4 gap-4"[39m
            [36m>[39m
              [36m<div[39m
                [33mclass[39m=[32m"flex flex-col gap-1.5 w-full"[39m
              [36m>[39m
                [36m<label[39m
                  [33mclass[39m=[32m"text-xs font-semibold text-slate-400"[39m
                  [33mfor[39m=[32m"search-make-/-keyword"[39m
                [36m>[39m
                  [0mSearch Make / Keyword[0m
                [36m</label>[39m
                [36m<input[39m
                  [33mclass[39m=[32m"px-3 py-2 text-sm bg-slate-900 border border-slate-800 focus:ring-indigo-500 rounded-lg text-slate-100 placeholder-slate-500 focus:outline-none focus:ring-2 focus:ring-offset-2 focus:ring-offset-slate-950 transition-all "[39m
                  [33mid[39m=[32m"search-make-/-keyword"[39m
                  [33mplaceholder[39m=[32m"Search by make, model, or category..."[39m
                  [33mvalue[39m=[32m""[39m
                [36m/>[39m
              [36m</div>[39m
              [36m<div[39m
                [33mclass[39m=[32m"flex flex-col gap-1.5 w-full"[39m
              [36m>[39m
                [36m<label[39m
                  [33mclass[39m=[32m"text-xs font-semibold text-slate-400"[39m
                  [33mfor[39m=[32m"category"[39m
                [36m>[39m
                  [0mCategory[0m
                [36m</label>[39m
                [36m<select[39m
                  [33mclass[39m=[32m"px-3 py-2 text-sm bg-slate-900 border border-slate-800 focus:ring-indigo-500 rounded-lg text-slate-100 placeholder-slate-500 focus:outline-none focus:ring-2 focus:ring-offset-2 focus:ring-offset-slate-950 transition-all "[39m
                  [33mid[39m=[32m"category"[39m
                [36m>[39m
                  [36m<option[39m
                    [33mvalue[39m=[32m""[39m
                  [36m>[39m
                    [0mAll Categories[0m
                  [36m</option>[39m
                  [36m<option[39m
                    [33mvalue[39m=[32m"Electric"[39m
                  [36m>[39m
                    [0mElectric[0m
                  [36m</option>[39m
                  [36m<option[39m
                    [33mvalue[39m=[32m"SUV"[39m
                  [36m>[39m
                    [0mSUV[0m
                  [36m</option>[39m
                  [36m<option[39m
                    [33mvalue[39m=[32m"Truck"[39m
                  [36m>[39m
                    [0mTruck[0m
                  [36m</option>[39m
                  [36m<option[39m
                    [33mvalue[39m=[32m"Sedan"[39m
                  [36m>[39m
                    [0mSedan[0m
                  [36m</option>[39m
                  [36m<option[39m
                    [33mvalue[39m=[32m"Coupe"[39m
                  [36m>[39m
                    [0mCoupe[0m
                  [36m</option>[39m
                [36m</select>[39m
              [36m</div>[39m
              [36m<div[39m
                [33mclass[39m=[32m"flex flex-col gap-1.5 w-full"[39m
              [36m>[39m
                [36m<label[39m
                  [33mclass[39m=[32m"text-xs font-semibold text-slate-400"[39m
                  [33mfor[39m=[32m"min-price-($)"[39m
                [36m>[39m
                  [0mMin Price ($)[0m
                [36m</label>[39m
                [36m<input[39m
                  [33mclass[39m=[32m"px-3 py-2 text-sm bg-slate-900 border border-slate-800 focus:ring-indigo-500 round...

[90mstdout[2m | src/pages/__tests__/publicPages.test.tsx[2m > [22m[2mPublic Pages[2m > [22m[2mVehicles Listing Page[2m > [22m[2mfetches vehicles and displays search bar, filter controls and pagination
[22m[39m[36m<body>[39m
  [36m<div>[39m
    [36m<div[39m
      [33mclass[39m=[32m"flex flex-col min-h-screen bg-slate-50 dark:bg-slate-950 text-slate-900 dark:text-slate-100 font-sans transition-colors duration-300"[39m
    [36m>[39m
      [36m<header[39m
        [33mclass[39m=[32m"border-b border-slate-200/80 dark:border-slate-800/80 bg-white/80 dark:bg-slate-900/80 backdrop-blur-lg sticky top-0 z-50 transition-colors duration-300"[39m
        [33mrole[39m=[32m"banner"[39m
      [36m>[39m
        [36m<div[39m
          [33mclass[39m=[32m"max-w-7xl mx-auto px-4 sm:px-6 lg:px-8 h-16 flex items-center justify-between"[39m
        [36m>[39m
          [36m<a[39m
            [33mclass[39m=[32m"flex items-center gap-3 text-xl font-bold tracking-tight hover:opacity-90 transition-opacity"[39m
            [33mhref[39m=[32m"/"[39m
          [36m>[39m
            [36m<div[39m
              [33mclass[39m=[32m"flex items-center justify-center w-10 h-10 rounded-xl bg-slate-900 dark:bg-white text-white dark:text-slate-900 font-black tracking-tighter text-sm transition-transform duration-300 hover:scale-110 shadow-lg "[39m
            [36m>[39m
              [0mKATA[0m
            [36m</div>[39m
            [36m<span[39m
              [33mclass[39m=[32m"hidden sm:inline-block"[39m
            [36m>[39m
              [0mKATA[0m
            [36m</span>[39m
          [36m</a>[39m
          [36m<div[39m
            [33mclass[39m=[32m"flex items-center gap-4"[39m
          [36m>[39m
            [36m<nav[39m
              [33mclass[39m=[32m"hidden md:flex items-center gap-2"[39m
              [33mrole[39m=[32m"navigation"[39m
            [36m>[39m
              [36m<a[39m
                [33mclass[39m=[32m"text-sm font-medium transition-colors px-3 py-2 rounded-lg bg-indigo-100 dark:bg-indigo-600/20 text-indigo-700 dark:text-indigo-400 font-semibold border border-indigo-200 dark:border-indigo-500/30"[39m
                [33mhref[39m=[32m"/"[39m
              [36m>[39m
                [0mHome[0m
              [36m</a>[39m
              [36m<a[39m
                [33mclass[39m=[32m"text-sm font-medium transition-colors px-3 py-2 rounded-lg text-slate-600 dark:text-slate-300 hover:text-slate-900 dark:hover:text-white hover:bg-slate-100 dark:hover:bg-slate-800/60"[39m
                [33mhref[39m=[32m"/vehicles"[39m
              [36m>[39m
                [0mVehicles[0m
              [36m</a>[39m
              [36m<a[39m
                [33mclass[39m=[32m"text-sm font-medium transition-colors px-3 py-2 rounded-lg text-slate-600 dark:text-slate-300 hover:text-slate-900 dark:hover:text-white hover:bg-slate-100 dark:hover:bg-slate-800/60"[39m
                [33mhref[39m=[32m"/dashboard"[39m
              [36m>[39m
                [0mDashboard[0m
              [36m</a>[39m
              [36m<a[39m
                [33mclass[39m=[32m"text-sm font-medium transition-colors px-3 py-2 rounded-lg text-slate-600 dark:text-slate-300 hover:text-slate-900 dark:hover:text-white hover:bg-slate-100 dark:hover:bg-slate-800/60"[39m
                [33mhref[39m=[32m"/profile"[39m
              [36m>[39m
                [0mProfile[0m
              [36m</a>[39m
              [36m<button[39m
                [33mclass[39m=[32m"text-sm font-medium text-slate-500 dark:text-slate-400 hover:text-rose-600 dark:hover:text-rose-400 hover:bg-rose-50 dark:hover:bg-rose-500/10 px-3 py-2 rounded-lg transition-colors ml-2"[39m
              [36m>[39m
                [0mLogout[0m
              [36m</button>[39m
            [36m</nav>[39m
            [36m<button[39m
              [33maria-label[39m=[32m"Toggle Theme"[39m
              [33mclass[39m=[32m"p-2 rounded-lg text-slate-500 dark:text-slate-400 hover:bg-slate-100 dark:hover:bg-slate-800 transition-colors"[39m
            [36m>[39m
              [0m≡ƒîÖ[0m
            [36m</button>[39m
            [36m<button[39m
              [33maria-label[39m=[32m"Toggle Navigation Menu"[39m
              [33mclass[39m=[32m"md:hidden p-2 rounded-lg text-slate-500 dark:text-slate-400 hover:text-slate-900 dark:hover:text-white hover:bg-slate-100 dark:hover:bg-slate-800 transition-colors"[39m
            [36m>[39m
              [36m<svg[39m
                [33mclass[39m=[32m"w-6 h-6"[39m
                [33mfill[39m=[32m"none"[39m
                [33mstroke[39m=[32m"currentColor"[39m
                [33mviewBox[39m=[32m"0 0 24 24"[39m
              [36m>[39m
                [36m<path[39m
                  [33md[39m=[32m"M4 6h16M4 12h16M4 18h16"[39m
                  [33mstroke-linecap[39m=[32m"round"[39m
                  [33mstroke-linejoin[39m=[32m"round"[39m
                  [33mstroke-width[39m=[32m"2"[39m
                [36m/>[39m
              [36m</svg>[39m
            [36m</button>[39m
          [36m</div>[39m
        [36m</div>[39m
      [36m</header>[39m
      [36m<main[39m
        [33mclass[39m=[32m"flex-1 max-w-7xl mx-auto px-4 sm:px-6 lg:px-8 py-8 w-full transition-colors duration-300"[39m
      [36m>[39m
        [36m<div[39m
          [33mclass[39m=[32m"space-y-8"[39m
        [36m>[39m
          [36m<div[39m
            [33mclass[39m=[32m"flex flex-col sm:flex-row sm:items-center justify-between gap-4"[39m
          [36m>[39m
            [36m<div>[39m
              [36m<h1[39m
                [33mclass[39m=[32m"text-3xl font-black text-slate-900 dark:text-white tracking-tight transition-colors"[39m
              [36m>[39m
                [0mVehicle Inventory[0m
              [36m</h1>[39m
              [36m<p[39m
                [33mclass[39m=[32m"text-slate-600 dark:text-slate-400 text-sm mt-1 transition-colors"[39m
              [36m>[39m
                [0mBrowse and filter available vehicles in our dealership[0m
              [36m</p>[39m
            [36m</div>[39m
          [36m</div>[39m
          [36m<form[39m
            [33mclass[39m=[32m"bg-white dark:bg-slate-900/80 border border-slate-200 dark:border-slate-800 rounded-2xl p-4 sm:p-6 space-y-4 shadow-sm transition-colors"[39m
          [36m>[39m
            [36m<div[39m
              [33mclass[39m=[32m"grid grid-cols-1 sm:grid-cols-2 lg:grid-cols-4 gap-4"[39m
            [36m>[39m
              [36m<div[39m
                [33mclass[39m=[32m"flex flex-col gap-1.5 w-full"[39m
              [36m>[39m
                [36m<label[39m
                  [33mclass[39m=[32m"text-xs font-semibold text-slate-400"[39m
                  [33mfor[39m=[32m"search-make-/-keyword"[39m
                [36m>[39m
                  [0mSearch Make / Keyword[0m
                [36m</label>[39m
                [36m<input[39m
                  [33mclass[39m=[32m"px-3 py-2 text-sm bg-slate-900 border border-slate-800 focus:ring-indigo-500 rounded-lg text-slate-100 placeholder-slate-500 focus:outline-none focus:ring-2 focus:ring-offset-2 focus:ring-offset-slate-950 transition-all "[39m
                  [33mid[39m=[32m"search-make-/-keyword"[39m
                  [33mplaceholder[39m=[32m"Search by make, model, or category..."[39m
                  [33mvalue[39m=[32m""[39m
                [36m/>[39m
              [36m</div>[39m
              [36m<div[39m
                [33mclass[39m=[32m"flex flex-col gap-1.5 w-full"[39m
              [36m>[39m
                [36m<label[39m
                  [33mclass[39m=[32m"text-xs font-semibold text-slate-400"[39m
                  [33mfor[39m=[32m"category"[39m
                [36m>[39m
                  [0mCategory[0m
                [36m</label>[39m
                [36m<select[39m
                  [33mclass[39m=[32m"px-3 py-2 text-sm bg-slate-900 border border-slate-800 focus:ring-indigo-500 rounded-lg text-slate-100 placeholder-slate-500 focus:outline-none focus:ring-2 focus:ring-offset-2 focus:ring-offset-slate-950 transition-all "[39m
                  [33mid[39m=[32m"category"[39m
                [36m>[39m
                  [36m<option[39m
                    [33mvalue[39m=[32m""[39m
                  [36m>[39m
                    [0mAll Categories[0m
                  [36m</option>[39m
                  [36m<option[39m
                    [33mvalue[39m=[32m"Electric"[39m
                  [36m>[39m
                    [0mElectric[0m
                  [36m</option>[39m
                  [36m<option[39m
                    [33mvalue[39m=[32m"SUV"[39m
                  [36m>[39m
                    [0mSUV[0m
                  [36m</option>[39m
                  [36m<option[39m
                    [33mvalue[39m=[32m"Truck"[39m
                  [36m>[39m
                    [0mTruck[0m
                  [36m</option>[39m
                  [36m<option[39m
                    [33mvalue[39m=[32m"Sedan"[39m
                  [36m>[39m
                    [0mSedan[0m
                  [36m</option>[39m
                  [36m<option[39m
                    [33mvalue[39m=[32m"Coupe"[39m
                  [36m>[39m
                    [0mCoupe[0m
                  [36m</option>[39m
                [36m</select>[39m
              [36m</div>[39m
              [36m<div[39m
                [33mclass[39m=[32m"flex flex-col gap-1.5 w-full"[39m
              [36m>[39m
                [36m<label[39m
                  [33mclass[39m=[32m"text-xs font-semibold text-slate-400"[39m
                  [33mfor[39m=[32m"min-price-($)"[39m
                [36m>[39m
                  [0mMin Price ($)[0m
                [36m</label>[39m
                [36m<input[39m
                  [33mclass[39m=[32m"px-3 py-2 text-sm bg-slate-900 border border-slate-800 focus:ring-indigo-500 round...

[90mstdout[2m | src/pages/__tests__/publicPages.test.tsx[2m > [22m[2mPublic Pages[2m > [22m[2mVehicles Listing Page[2m > [22m[2mfetches vehicles and displays search bar, filter controls and pagination
[22m[39m[36m<body>[39m
  [36m<div>[39m
    [36m<div[39m
      [33mclass[39m=[32m"flex flex-col min-h-screen bg-slate-50 dark:bg-slate-950 text-slate-900 dark:text-slate-100 font-sans transition-colors duration-300"[39m
    [36m>[39m
      [36m<header[39m
        [33mclass[39m=[32m"border-b border-slate-200/80 dark:border-slate-800/80 bg-white/80 dark:bg-slate-900/80 backdrop-blur-lg sticky top-0 z-50 transition-colors duration-300"[39m
        [33mrole[39m=[32m"banner"[39m
      [36m>[39m
        [36m<div[39m
          [33mclass[39m=[32m"max-w-7xl mx-auto px-4 sm:px-6 lg:px-8 h-16 flex items-center justify-between"[39m
        [36m>[39m
          [36m<a[39m
            [33mclass[39m=[32m"flex items-center gap-3 text-xl font-bold tracking-tight hover:opacity-90 transition-opacity"[39m
            [33mhref[39m=[32m"/"[39m
          [36m>[39m
            [36m<div[39m
              [33mclass[39m=[32m"flex items-center justify-center w-10 h-10 rounded-xl bg-slate-900 dark:bg-white text-white dark:text-slate-900 font-black tracking-tighter text-sm transition-transform duration-300 hover:scale-110 shadow-lg "[39m
            [36m>[39m
              [0mKATA[0m
            [36m</div>[39m
            [36m<span[39m
              [33mclass[39m=[32m"hidden sm:inline-block"[39m
            [36m>[39m
              [0mKATA[0m
            [36m</span>[39m
          [36m</a>[39m
          [36m<div[39m
            [33mclass[39m=[32m"flex items-center gap-4"[39m
          [36m>[39m
            [36m<nav[39m
              [33mclass[39m=[32m"hidden md:flex items-center gap-2"[39m
              [33mrole[39m=[32m"navigation"[39m
            [36m>[39m
              [36m<a[39m
                [33mclass[39m=[32m"text-sm font-medium transition-colors px-3 py-2 rounded-lg bg-indigo-100 dark:bg-indigo-600/20 text-indigo-700 dark:text-indigo-400 font-semibold border border-indigo-200 dark:border-indigo-500/30"[39m
                [33mhref[39m=[32m"/"[39m
              [36m>[39m
                [0mHome[0m
              [36m</a>[39m
              [36m<a[39m
                [33mclass[39m=[32m"text-sm font-medium transition-colors px-3 py-2 rounded-lg text-slate-600 dark:text-slate-300 hover:text-slate-900 dark:hover:text-white hover:bg-slate-100 dark:hover:bg-slate-800/60"[39m
                [33mhref[39m=[32m"/vehicles"[39m
              [36m>[39m
                [0mVehicles[0m
              [36m</a>[39m
              [36m<a[39m
                [33mclass[39m=[32m"text-sm font-medium transition-colors px-3 py-2 rounded-lg text-slate-600 dark:text-slate-300 hover:text-slate-900 dark:hover:text-white hover:bg-slate-100 dark:hover:bg-slate-800/60"[39m
                [33mhref[39m=[32m"/dashboard"[39m
              [36m>[39m
                [0mDashboard[0m
              [36m</a>[39m
              [36m<a[39m
                [33mclass[39m=[32m"text-sm font-medium transition-colors px-3 py-2 rounded-lg text-slate-600 dark:text-slate-300 hover:text-slate-900 dark:hover:text-white hover:bg-slate-100 dark:hover:bg-slate-800/60"[39m
                [33mhref[39m=[32m"/profile"[39m
              [36m>[39m
                [0mProfile[0m
              [36m</a>[39m
              [36m<button[39m
                [33mclass[39m=[32m"text-sm font-medium text-slate-500 dark:text-slate-400 hover:text-rose-600 dark:hover:text-rose-400 hover:bg-rose-50 dark:hover:bg-rose-500/10 px-3 py-2 rounded-lg transition-colors ml-2"[39m
              [36m>[39m
                [0mLogout[0m
              [36m</button>[39m
            [36m</nav>[39m
            [36m<button[39m
              [33maria-label[39m=[32m"Toggle Theme"[39m
              [33mclass[39m=[32m"p-2 rounded-lg text-slate-500 dark:text-slate-400 hover:bg-slate-100 dark:hover:bg-slate-800 transition-colors"[39m
            [36m>[39m
              [0m≡ƒîÖ[0m
            [36m</button>[39m
            [36m<button[39m
              [33maria-label[39m=[32m"Toggle Navigation Menu"[39m
              [33mclass[39m=[32m"md:hidden p-2 rounded-lg text-slate-500 dark:text-slate-400 hover:text-slate-900 dark:hover:text-white hover:bg-slate-100 dark:hover:bg-slate-800 transition-colors"[39m
            [36m>[39m
              [36m<svg[39m
                [33mclass[39m=[32m"w-6 h-6"[39m
                [33mfill[39m=[32m"none"[39m
                [33mstroke[39m=[32m"currentColor"[39m
                [33mviewBox[39m=[32m"0 0 24 24"[39m
              [36m>[39m
                [36m<path[39m
                  [33md[39m=[32m"M4 6h16M4 12h16M4 18h16"[39m
                  [33mstroke-linecap[39m=[32m"round"[39m
                  [33mstroke-linejoin[39m=[32m"round"[39m
                  [33mstroke-width[39m=[32m"2"[39m
                [36m/>[39m
              [36m</svg>[39m
            [36m</button>[39m
          [36m</div>[39m
        [36m</div>[39m
      [36m</header>[39m
      [36m<main[39m
        [33mclass[39m=[32m"flex-1 max-w-7xl mx-auto px-4 sm:px-6 lg:px-8 py-8 w-full transition-colors duration-300"[39m
      [36m>[39m
        [36m<div[39m
          [33mclass[39m=[32m"space-y-8"[39m
        [36m>[39m
          [36m<div[39m
            [33mclass[39m=[32m"flex flex-col sm:flex-row sm:items-center justify-between gap-4"[39m
          [36m>[39m
            [36m<div>[39m
              [36m<h1[39m
                [33mclass[39m=[32m"text-3xl font-black text-slate-900 dark:text-white tracking-tight transition-colors"[39m
              [36m>[39m
                [0mVehicle Inventory[0m
              [36m</h1>[39m
              [36m<p[39m
                [33mclass[39m=[32m"text-slate-600 dark:text-slate-400 text-sm mt-1 transition-colors"[39m
              [36m>[39m
                [0mBrowse and filter available vehicles in our dealership[0m
              [36m</p>[39m
            [36m</div>[39m
          [36m</div>[39m
          [36m<form[39m
            [33mclass[39m=[32m"bg-white dark:bg-slate-900/80 border border-slate-200 dark:border-slate-800 rounded-2xl p-4 sm:p-6 space-y-4 shadow-sm transition-colors"[39m
          [36m>[39m
            [36m<div[39m
              [33mclass[39m=[32m"grid grid-cols-1 sm:grid-cols-2 lg:grid-cols-4 gap-4"[39m
            [36m>[39m
              [36m<div[39m
                [33mclass[39m=[32m"flex flex-col gap-1.5 w-full"[39m
              [36m>[39m
                [36m<label[39m
                  [33mclass[39m=[32m"text-xs font-semibold text-slate-400"[39m
                  [33mfor[39m=[32m"search-make-/-keyword"[39m
                [36m>[39m
                  [0mSearch Make / Keyword[0m
                [36m</label>[39m
                [36m<input[39m
                  [33mclass[39m=[32m"px-3 py-2 text-sm bg-slate-900 border border-slate-800 focus:ring-indigo-500 rounded-lg text-slate-100 placeholder-slate-500 focus:outline-none focus:ring-2 focus:ring-offset-2 focus:ring-offset-slate-950 transition-all "[39m
                  [33mid[39m=[32m"search-make-/-keyword"[39m
                  [33mplaceholder[39m=[32m"Search by make, model, or category..."[39m
                  [33mvalue[39m=[32m""[39m
                [36m/>[39m
              [36m</div>[39m
              [36m<div[39m
                [33mclass[39m=[32m"flex flex-col gap-1.5 w-full"[39m
              [36m>[39m
                [36m<label[39m
                  [33mclass[39m=[32m"text-xs font-semibold text-slate-400"[39m
                  [33mfor[39m=[32m"category"[39m
                [36m>[39m
                  [0mCategory[0m
                [36m</label>[39m
                [36m<select[39m
                  [33mclass[39m=[32m"px-3 py-2 text-sm bg-slate-900 border border-slate-800 focus:ring-indigo-500 rounded-lg text-slate-100 placeholder-slate-500 focus:outline-none focus:ring-2 focus:ring-offset-2 focus:ring-offset-slate-950 transition-all "[39m
                  [33mid[39m=[32m"category"[39m
                [36m>[39m
                  [36m<option[39m
                    [33mvalue[39m=[32m""[39m
                  [36m>[39m
                    [0mAll Categories[0m
                  [36m</option>[39m
                  [36m<option[39m
                    [33mvalue[39m=[32m"Electric"[39m
                  [36m>[39m
                    [0mElectric[0m
                  [36m</option>[39m
                  [36m<option[39m
                    [33mvalue[39m=[32m"SUV"[39m
                  [36m>[39m
                    [0mSUV[0m
                  [36m</option>[39m
                  [36m<option[39m
                    [33mvalue[39m=[32m"Truck"[39m
                  [36m>[39m
                    [0mTruck[0m
                  [36m</option>[39m
                  [36m<option[39m
                    [33mvalue[39m=[32m"Sedan"[39m
                  [36m>[39m
                    [0mSedan[0m
                  [36m</option>[39m
                  [36m<option[39m
                    [33mvalue[39m=[32m"Coupe"[39m
                  [36m>[39m
                    [0mCoupe[0m
                  [36m</option>[39m
                [36m</select>[39m
              [36m</div>[39m
              [36m<div[39m
                [33mclass[39m=[32m"flex flex-col gap-1.5 w-full"[39m
              [36m>[39m
                [36m<label[39m
                  [33mclass[39m=[32m"text-xs font-semibold text-slate-400"[39m
                  [33mfor[39m=[32m"min-price-($)"[39m
                [36m>[39m
                  [0mMin Price ($)[0m
                [36m</label>[39m
                [36m<input[39m
                  [33mclass[39m=[32m"px-3 py-2 text-sm bg-slate-900 border border-slate-800 focus:ring-indigo-500 round...

[90mstdout[2m | src/pages/__tests__/publicPages.test.tsx[2m > [22m[2mPublic Pages[2m > [22m[2mVehicles Listing Page[2m > [22m[2mfetches vehicles and displays search bar, filter controls and pagination
[22m[39m[36m<body>[39m
  [36m<div>[39m
    [36m<div[39m
      [33mclass[39m=[32m"flex flex-col min-h-screen bg-slate-50 dark:bg-slate-950 text-slate-900 dark:text-slate-100 font-sans transition-colors duration-300"[39m
    [36m>[39m
      [36m<header[39m
        [33mclass[39m=[32m"border-b border-slate-200/80 dark:border-slate-800/80 bg-white/80 dark:bg-slate-900/80 backdrop-blur-lg sticky top-0 z-50 transition-colors duration-300"[39m
        [33mrole[39m=[32m"banner"[39m
      [36m>[39m
        [36m<div[39m
          [33mclass[39m=[32m"max-w-7xl mx-auto px-4 sm:px-6 lg:px-8 h-16 flex items-center justify-between"[39m
        [36m>[39m
          [36m<a[39m
            [33mclass[39m=[32m"flex items-center gap-3 text-xl font-bold tracking-tight hover:opacity-90 transition-opacity"[39m
            [33mhref[39m=[32m"/"[39m
          [36m>[39m
            [36m<div[39m
              [33mclass[39m=[32m"flex items-center justify-center w-10 h-10 rounded-xl bg-slate-900 dark:bg-white text-white dark:text-slate-900 font-black tracking-tighter text-sm transition-transform duration-300 hover:scale-110 shadow-lg "[39m
            [36m>[39m
              [0mKATA[0m
            [36m</div>[39m
            [36m<span[39m
              [33mclass[39m=[32m"hidden sm:inline-block"[39m
            [36m>[39m
              [0mKATA[0m
            [36m</span>[39m
          [36m</a>[39m
          [36m<div[39m
            [33mclass[39m=[32m"flex items-center gap-4"[39m
          [36m>[39m
            [36m<nav[39m
              [33mclass[39m=[32m"hidden md:flex items-center gap-2"[39m
              [33mrole[39m=[32m"navigation"[39m
            [36m>[39m
              [36m<a[39m
                [33mclass[39m=[32m"text-sm font-medium transition-colors px-3 py-2 rounded-lg bg-indigo-100 dark:bg-indigo-600/20 text-indigo-700 dark:text-indigo-400 font-semibold border border-indigo-200 dark:border-indigo-500/30"[39m
                [33mhref[39m=[32m"/"[39m
              [36m>[39m
                [0mHome[0m
              [36m</a>[39m
              [36m<a[39m
                [33mclass[39m=[32m"text-sm font-medium transition-colors px-3 py-2 rounded-lg text-slate-600 dark:text-slate-300 hover:text-slate-900 dark:hover:text-white hover:bg-slate-100 dark:hover:bg-slate-800/60"[39m
                [33mhref[39m=[32m"/vehicles"[39m
              [36m>[39m
                [0mVehicles[0m
              [36m</a>[39m
              [36m<a[39m
                [33mclass[39m=[32m"text-sm font-medium transition-colors px-3 py-2 rounded-lg text-slate-600 dark:text-slate-300 hover:text-slate-900 dark:hover:text-white hover:bg-slate-100 dark:hover:bg-slate-800/60"[39m
                [33mhref[39m=[32m"/dashboard"[39m
              [36m>[39m
                [0mDashboard[0m
              [36m</a>[39m
              [36m<a[39m
                [33mclass[39m=[32m"text-sm font-medium transition-colors px-3 py-2 rounded-lg text-slate-600 dark:text-slate-300 hover:text-slate-900 dark:hover:text-white hover:bg-slate-100 dark:hover:bg-slate-800/60"[39m
                [33mhref[39m=[32m"/profile"[39m
              [36m>[39m
                [0mProfile[0m
              [36m</a>[39m
              [36m<button[39m
                [33mclass[39m=[32m"text-sm font-medium text-slate-500 dark:text-slate-400 hover:text-rose-600 dark:hover:text-rose-400 hover:bg-rose-50 dark:hover:bg-rose-500/10 px-3 py-2 rounded-lg transition-colors ml-2"[39m
              [36m>[39m
                [0mLogout[0m
              [36m</button>[39m
            [36m</nav>[39m
            [36m<button[39m
              [33maria-label[39m=[32m"Toggle Theme"[39m
              [33mclass[39m=[32m"p-2 rounded-lg text-slate-500 dark:text-slate-400 hover:bg-slate-100 dark:hover:bg-slate-800 transition-colors"[39m
            [36m>[39m
              [0m≡ƒîÖ[0m
            [36m</button>[39m
            [36m<button[39m
              [33maria-label[39m=[32m"Toggle Navigation Menu"[39m
              [33mclass[39m=[32m"md:hidden p-2 rounded-lg text-slate-500 dark:text-slate-400 hover:text-slate-900 dark:hover:text-white hover:bg-slate-100 dark:hover:bg-slate-800 transition-colors"[39m
            [36m>[39m
              [36m<svg[39m
                [33mclass[39m=[32m"w-6 h-6"[39m
                [33mfill[39m=[32m"none"[39m
                [33mstroke[39m=[32m"currentColor"[39m
                [33mviewBox[39m=[32m"0 0 24 24"[39m
              [36m>[39m
                [36m<path[39m
                  [33md[39m=[32m"M4 6h16M4 12h16M4 18h16"[39m
                  [33mstroke-linecap[39m=[32m"round"[39m
                  [33mstroke-linejoin[39m=[32m"round"[39m
                  [33mstroke-width[39m=[32m"2"[39m
                [36m/>[39m
              [36m</svg>[39m
            [36m</button>[39m
          [36m</div>[39m
        [36m</div>[39m
      [36m</header>[39m
      [36m<main[39m
        [33mclass[39m=[32m"flex-1 max-w-7xl mx-auto px-4 sm:px-6 lg:px-8 py-8 w-full transition-colors duration-300"[39m
      [36m>[39m
        [36m<div[39m
          [33mclass[39m=[32m"space-y-8"[39m
        [36m>[39m
          [36m<div[39m
            [33mclass[39m=[32m"flex flex-col sm:flex-row sm:items-center justify-between gap-4"[39m
          [36m>[39m
            [36m<div>[39m
              [36m<h1[39m
                [33mclass[39m=[32m"text-3xl font-black text-slate-900 dark:text-white tracking-tight transition-colors"[39m
              [36m>[39m
                [0mVehicle Inventory[0m
              [36m</h1>[39m
              [36m<p[39m
                [33mclass[39m=[32m"text-slate-600 dark:text-slate-400 text-sm mt-1 transition-colors"[39m
              [36m>[39m
                [0mBrowse and filter available vehicles in our dealership[0m
              [36m</p>[39m
            [36m</div>[39m
          [36m</div>[39m
          [36m<form[39m
            [33mclass[39m=[32m"bg-white dark:bg-slate-900/80 border border-slate-200 dark:border-slate-800 rounded-2xl p-4 sm:p-6 space-y-4 shadow-sm transition-colors"[39m
          [36m>[39m
            [36m<div[39m
              [33mclass[39m=[32m"grid grid-cols-1 sm:grid-cols-2 lg:grid-cols-4 gap-4"[39m
            [36m>[39m
              [36m<div[39m
                [33mclass[39m=[32m"flex flex-col gap-1.5 w-full"[39m
              [36m>[39m
                [36m<label[39m
                  [33mclass[39m=[32m"text-xs font-semibold text-slate-400"[39m
                  [33mfor[39m=[32m"search-make-/-keyword"[39m
                [36m>[39m
                  [0mSearch Make / Keyword[0m
                [36m</label>[39m
                [36m<input[39m
                  [33mclass[39m=[32m"px-3 py-2 text-sm bg-slate-900 border border-slate-800 focus:ring-indigo-500 rounded-lg text-slate-100 placeholder-slate-500 focus:outline-none focus:ring-2 focus:ring-offset-2 focus:ring-offset-slate-950 transition-all "[39m
                  [33mid[39m=[32m"search-make-/-keyword"[39m
                  [33mplaceholder[39m=[32m"Search by make, model, or category..."[39m
                  [33mvalue[39m=[32m""[39m
                [36m/>[39m
              [36m</div>[39m
              [36m<div[39m
                [33mclass[39m=[32m"flex flex-col gap-1.5 w-full"[39m
              [36m>[39m
                [36m<label[39m
                  [33mclass[39m=[32m"text-xs font-semibold text-slate-400"[39m
                  [33mfor[39m=[32m"category"[39m
                [36m>[39m
                  [0mCategory[0m
                [36m</label>[39m
                [36m<select[39m
                  [33mclass[39m=[32m"px-3 py-2 text-sm bg-slate-900 border border-slate-800 focus:ring-indigo-500 rounded-lg text-slate-100 placeholder-slate-500 focus:outline-none focus:ring-2 focus:ring-offset-2 focus:ring-offset-slate-950 transition-all "[39m
                  [33mid[39m=[32m"category"[39m
                [36m>[39m
                  [36m<option[39m
                    [33mvalue[39m=[32m""[39m
                  [36m>[39m
                    [0mAll Categories[0m
                  [36m</option>[39m
                  [36m<option[39m
                    [33mvalue[39m=[32m"Electric"[39m
                  [36m>[39m
                    [0mElectric[0m
                  [36m</option>[39m
                  [36m<option[39m
                    [33mvalue[39m=[32m"SUV"[39m
                  [36m>[39m
                    [0mSUV[0m
                  [36m</option>[39m
                  [36m<option[39m
                    [33mvalue[39m=[32m"Truck"[39m
                  [36m>[39m
                    [0mTruck[0m
                  [36m</option>[39m
                  [36m<option[39m
                    [33mvalue[39m=[32m"Sedan"[39m
                  [36m>[39m
                    [0mSedan[0m
                  [36m</option>[39m
                  [36m<option[39m
                    [33mvalue[39m=[32m"Coupe"[39m
                  [36m>[39m
                    [0mCoupe[0m
                  [36m</option>[39m
                [36m</select>[39m
              [36m</div>[39m
              [36m<div[39m
                [33mclass[39m=[32m"flex flex-col gap-1.5 w-full"[39m
              [36m>[39m
                [36m<label[39m
                  [33mclass[39m=[32m"text-xs font-semibold text-slate-400"[39m
                  [33mfor[39m=[32m"min-price-($)"[39m
                [36m>[39m
                  [0mMin Price ($)[0m
                [36m</label>[39m
                [36m<input[39m
                  [33mclass[39m=[32m"px-3 py-2 text-sm bg-slate-900 border border-slate-800 focus:ring-indigo-500 round...

[90mstdout[2m | src/pages/__tests__/publicPages.test.tsx[2m > [22m[2mPublic Pages[2m > [22m[2mVehicles Listing Page[2m > [22m[2mfetches vehicles and displays search bar, filter controls and pagination
[22m[39m[36m<body>[39m
  [36m<div>[39m
    [36m<div[39m
      [33mclass[39m=[32m"flex flex-col min-h-screen bg-slate-50 dark:bg-slate-950 text-slate-900 dark:text-slate-100 font-sans transition-colors duration-300"[39m
    [36m>[39m
      [36m<header[39m
        [33mclass[39m=[32m"border-b border-slate-200/80 dark:border-slate-800/80 bg-white/80 dark:bg-slate-900/80 backdrop-blur-lg sticky top-0 z-50 transition-colors duration-300"[39m
        [33mrole[39m=[32m"banner"[39m
      [36m>[39m
        [36m<div[39m
          [33mclass[39m=[32m"max-w-7xl mx-auto px-4 sm:px-6 lg:px-8 h-16 flex items-center justify-between"[39m
        [36m>[39m
          [36m<a[39m
            [33mclass[39m=[32m"flex items-center gap-3 text-xl font-bold tracking-tight hover:opacity-90 transition-opacity"[39m
            [33mhref[39m=[32m"/"[39m
          [36m>[39m
            [36m<div[39m
              [33mclass[39m=[32m"flex items-center justify-center w-10 h-10 rounded-xl bg-slate-900 dark:bg-white text-white dark:text-slate-900 font-black tracking-tighter text-sm transition-transform duration-300 hover:scale-110 shadow-lg "[39m
            [36m>[39m
              [0mKATA[0m
            [36m</div>[39m
            [36m<span[39m
              [33mclass[39m=[32m"hidden sm:inline-block"[39m
            [36m>[39m
              [0mKATA[0m
            [36m</span>[39m
          [36m</a>[39m
          [36m<div[39m
            [33mclass[39m=[32m"flex items-center gap-4"[39m
          [36m>[39m
            [36m<nav[39m
              [33mclass[39m=[32m"hidden md:flex items-center gap-2"[39m
              [33mrole[39m=[32m"navigation"[39m
            [36m>[39m
              [36m<a[39m
                [33mclass[39m=[32m"text-sm font-medium transition-colors px-3 py-2 rounded-lg bg-indigo-100 dark:bg-indigo-600/20 text-indigo-700 dark:text-indigo-400 font-semibold border border-indigo-200 dark:border-indigo-500/30"[39m
                [33mhref[39m=[32m"/"[39m
              [36m>[39m
                [0mHome[0m
              [36m</a>[39m
              [36m<a[39m
                [33mclass[39m=[32m"text-sm font-medium transition-colors px-3 py-2 rounded-lg text-slate-600 dark:text-slate-300 hover:text-slate-900 dark:hover:text-white hover:bg-slate-100 dark:hover:bg-slate-800/60"[39m
                [33mhref[39m=[32m"/vehicles"[39m
              [36m>[39m
                [0mVehicles[0m
              [36m</a>[39m
              [36m<a[39m
                [33mclass[39m=[32m"text-sm font-medium transition-colors px-3 py-2 rounded-lg text-slate-600 dark:text-slate-300 hover:text-slate-900 dark:hover:text-white hover:bg-slate-100 dark:hover:bg-slate-800/60"[39m
                [33mhref[39m=[32m"/dashboard"[39m
              [36m>[39m
                [0mDashboard[0m
              [36m</a>[39m
              [36m<a[39m
                [33mclass[39m=[32m"text-sm font-medium transition-colors px-3 py-2 rounded-lg text-slate-600 dark:text-slate-300 hover:text-slate-900 dark:hover:text-white hover:bg-slate-100 dark:hover:bg-slate-800/60"[39m
                [33mhref[39m=[32m"/profile"[39m
              [36m>[39m
                [0mProfile[0m
              [36m</a>[39m
              [36m<button[39m
                [33mclass[39m=[32m"text-sm font-medium text-slate-500 dark:text-slate-400 hover:text-rose-600 dark:hover:text-rose-400 hover:bg-rose-50 dark:hover:bg-rose-500/10 px-3 py-2 rounded-lg transition-colors ml-2"[39m
              [36m>[39m
                [0mLogout[0m
              [36m</button>[39m
            [36m</nav>[39m
            [36m<button[39m
              [33maria-label[39m=[32m"Toggle Theme"[39m
              [33mclass[39m=[32m"p-2 rounded-lg text-slate-500 dark:text-slate-400 hover:bg-slate-100 dark:hover:bg-slate-800 transition-colors"[39m
            [36m>[39m
              [0m≡ƒîÖ[0m
            [36m</button>[39m
            [36m<button[39m
              [33maria-label[39m=[32m"Toggle Navigation Menu"[39m
              [33mclass[39m=[32m"md:hidden p-2 rounded-lg text-slate-500 dark:text-slate-400 hover:text-slate-900 dark:hover:text-white hover:bg-slate-100 dark:hover:bg-slate-800 transition-colors"[39m
            [36m>[39m
              [36m<svg[39m
                [33mclass[39m=[32m"w-6 h-6"[39m
                [33mfill[39m=[32m"none"[39m
                [33mstroke[39m=[32m"currentColor"[39m
                [33mviewBox[39m=[32m"0 0 24 24"[39m
              [36m>[39m
                [36m<path[39m
                  [33md[39m=[32m"M4 6h16M4 12h16M4 18h16"[39m
                  [33mstroke-linecap[39m=[32m"round"[39m
                  [33mstroke-linejoin[39m=[32m"round"[39m
                  [33mstroke-width[39m=[32m"2"[39m
                [36m/>[39m
              [36m</svg>[39m
            [36m</button>[39m
          [36m</div>[39m
        [36m</div>[39m
      [36m</header>[39m
      [36m<main[39m
        [33mclass[39m=[32m"flex-1 max-w-7xl mx-auto px-4 sm:px-6 lg:px-8 py-8 w-full transition-colors duration-300"[39m
      [36m>[39m
        [36m<div[39m
          [33mclass[39m=[32m"space-y-8"[39m
        [36m>[39m
          [36m<div[39m
            [33mclass[39m=[32m"flex flex-col sm:flex-row sm:items-center justify-between gap-4"[39m
          [36m>[39m
            [36m<div>[39m
              [36m<h1[39m
                [33mclass[39m=[32m"text-3xl font-black text-slate-900 dark:text-white tracking-tight transition-colors"[39m
              [36m>[39m
                [0mVehicle Inventory[0m
              [36m</h1>[39m
              [36m<p[39m
                [33mclass[39m=[32m"text-slate-600 dark:text-slate-400 text-sm mt-1 transition-colors"[39m
              [36m>[39m
                [0mBrowse and filter available vehicles in our dealership[0m
              [36m</p>[39m
            [36m</div>[39m
          [36m</div>[39m
          [36m<form[39m
            [33mclass[39m=[32m"bg-white dark:bg-slate-900/80 border border-slate-200 dark:border-slate-800 rounded-2xl p-4 sm:p-6 space-y-4 shadow-sm transition-colors"[39m
          [36m>[39m
            [36m<div[39m
              [33mclass[39m=[32m"grid grid-cols-1 sm:grid-cols-2 lg:grid-cols-4 gap-4"[39m
            [36m>[39m
              [36m<div[39m
                [33mclass[39m=[32m"flex flex-col gap-1.5 w-full"[39m
              [36m>[39m
                [36m<label[39m
                  [33mclass[39m=[32m"text-xs font-semibold text-slate-400"[39m
                  [33mfor[39m=[32m"search-make-/-keyword"[39m
                [36m>[39m
                  [0mSearch Make / Keyword[0m
                [36m</label>[39m
                [36m<input[39m
                  [33mclass[39m=[32m"px-3 py-2 text-sm bg-slate-900 border border-slate-800 focus:ring-indigo-500 rounded-lg text-slate-100 placeholder-slate-500 focus:outline-none focus:ring-2 focus:ring-offset-2 focus:ring-offset-slate-950 transition-all "[39m
                  [33mid[39m=[32m"search-make-/-keyword"[39m
                  [33mplaceholder[39m=[32m"Search by make, model, or category..."[39m
                  [33mvalue[39m=[32m""[39m
                [36m/>[39m
              [36m</div>[39m
              [36m<div[39m
                [33mclass[39m=[32m"flex flex-col gap-1.5 w-full"[39m
              [36m>[39m
                [36m<label[39m
                  [33mclass[39m=[32m"text-xs font-semibold text-slate-400"[39m
                  [33mfor[39m=[32m"category"[39m
                [36m>[39m
                  [0mCategory[0m
                [36m</label>[39m
                [36m<select[39m
                  [33mclass[39m=[32m"px-3 py-2 text-sm bg-slate-900 border border-slate-800 focus:ring-indigo-500 rounded-lg text-slate-100 placeholder-slate-500 focus:outline-none focus:ring-2 focus:ring-offset-2 focus:ring-offset-slate-950 transition-all "[39m
                  [33mid[39m=[32m"category"[39m
                [36m>[39m
                  [36m<option[39m
                    [33mvalue[39m=[32m""[39m
                  [36m>[39m
                    [0mAll Categories[0m
                  [36m</option>[39m
                  [36m<option[39m
                    [33mvalue[39m=[32m"Electric"[39m
                  [36m>[39m
                    [0mElectric[0m
                  [36m</option>[39m
                  [36m<option[39m
                    [33mvalue[39m=[32m"SUV"[39m
                  [36m>[39m
                    [0mSUV[0m
                  [36m</option>[39m
                  [36m<option[39m
                    [33mvalue[39m=[32m"Truck"[39m
                  [36m>[39m
                    [0mTruck[0m
                  [36m</option>[39m
                  [36m<option[39m
                    [33mvalue[39m=[32m"Sedan"[39m
                  [36m>[39m
                    [0mSedan[0m
                  [36m</option>[39m
                  [36m<option[39m
                    [33mvalue[39m=[32m"Coupe"[39m
                  [36m>[39m
                    [0mCoupe[0m
                  [36m</option>[39m
                [36m</select>[39m
              [36m</div>[39m
              [36m<div[39m
                [33mclass[39m=[32m"flex flex-col gap-1.5 w-full"[39m
              [36m>[39m
                [36m<label[39m
                  [33mclass[39m=[32m"text-xs font-semibold text-slate-400"[39m
                  [33mfor[39m=[32m"min-price-($)"[39m
                [36m>[39m
                  [0mMin Price ($)[0m
                [36m</label>[39m
                [36m<input[39m
                  [33mclass[39m=[32m"px-3 py-2 text-sm bg-slate-900 border border-slate-800 focus:ring-indigo-500 round...

[90mstdout[2m | src/pages/__tests__/publicPages.test.tsx[2m > [22m[2mPublic Pages[2m > [22m[2mVehicles Listing Page[2m > [22m[2mfetches vehicles and displays search bar, filter controls and pagination
[22m[39m[36m<body>[39m
  [36m<div>[39m
    [36m<div[39m
      [33mclass[39m=[32m"flex flex-col min-h-screen bg-slate-50 dark:bg-slate-950 text-slate-900 dark:text-slate-100 font-sans transition-colors duration-300"[39m
    [36m>[39m
      [36m<header[39m
        [33mclass[39m=[32m"border-b border-slate-200/80 dark:border-slate-800/80 bg-white/80 dark:bg-slate-900/80 backdrop-blur-lg sticky top-0 z-50 transition-colors duration-300"[39m
        [33mrole[39m=[32m"banner"[39m
      [36m>[39m
        [36m<div[39m
          [33mclass[39m=[32m"max-w-7xl mx-auto px-4 sm:px-6 lg:px-8 h-16 flex items-center justify-between"[39m
        [36m>[39m
          [36m<a[39m
            [33mclass[39m=[32m"flex items-center gap-3 text-xl font-bold tracking-tight hover:opacity-90 transition-opacity"[39m
            [33mhref[39m=[32m"/"[39m
          [36m>[39m
            [36m<div[39m
              [33mclass[39m=[32m"flex items-center justify-center w-10 h-10 rounded-xl bg-slate-900 dark:bg-white text-white dark:text-slate-900 font-black tracking-tighter text-sm transition-transform duration-300 hover:scale-110 shadow-lg "[39m
            [36m>[39m
              [0mKATA[0m
            [36m</div>[39m
            [36m<span[39m
              [33mclass[39m=[32m"hidden sm:inline-block"[39m
            [36m>[39m
              [0mKATA[0m
            [36m</span>[39m
          [36m</a>[39m
          [36m<div[39m
            [33mclass[39m=[32m"flex items-center gap-4"[39m
          [36m>[39m
            [36m<nav[39m
              [33mclass[39m=[32m"hidden md:flex items-center gap-2"[39m
              [33mrole[39m=[32m"navigation"[39m
            [36m>[39m
              [36m<a[39m
                [33mclass[39m=[32m"text-sm font-medium transition-colors px-3 py-2 rounded-lg bg-indigo-100 dark:bg-indigo-600/20 text-indigo-700 dark:text-indigo-400 font-semibold border border-indigo-200 dark:border-indigo-500/30"[39m
                [33mhref[39m=[32m"/"[39m
              [36m>[39m
                [0mHome[0m
              [36m</a>[39m
              [36m<a[39m
                [33mclass[39m=[32m"text-sm font-medium transition-colors px-3 py-2 rounded-lg text-slate-600 dark:text-slate-300 hover:text-slate-900 dark:hover:text-white hover:bg-slate-100 dark:hover:bg-slate-800/60"[39m
                [33mhref[39m=[32m"/vehicles"[39m
              [36m>[39m
                [0mVehicles[0m
              [36m</a>[39m
              [36m<a[39m
                [33mclass[39m=[32m"text-sm font-medium transition-colors px-3 py-2 rounded-lg text-slate-600 dark:text-slate-300 hover:text-slate-900 dark:hover:text-white hover:bg-slate-100 dark:hover:bg-slate-800/60"[39m
                [33mhref[39m=[32m"/dashboard"[39m
              [36m>[39m
                [0mDashboard[0m
              [36m</a>[39m
              [36m<a[39m
                [33mclass[39m=[32m"text-sm font-medium transition-colors px-3 py-2 rounded-lg text-slate-600 dark:text-slate-300 hover:text-slate-900 dark:hover:text-white hover:bg-slate-100 dark:hover:bg-slate-800/60"[39m
                [33mhref[39m=[32m"/profile"[39m
              [36m>[39m
                [0mProfile[0m
              [36m</a>[39m
              [36m<button[39m
                [33mclass[39m=[32m"text-sm font-medium text-slate-500 dark:text-slate-400 hover:text-rose-600 dark:hover:text-rose-400 hover:bg-rose-50 dark:hover:bg-rose-500/10 px-3 py-2 rounded-lg transition-colors ml-2"[39m
              [36m>[39m
                [0mLogout[0m
              [36m</button>[39m
            [36m</nav>[39m
            [36m<button[39m
              [33maria-label[39m=[32m"Toggle Theme"[39m
              [33mclass[39m=[32m"p-2 rounded-lg text-slate-500 dark:text-slate-400 hover:bg-slate-100 dark:hover:bg-slate-800 transition-colors"[39m
            [36m>[39m
              [0m≡ƒîÖ[0m
            [36m</button>[39m
            [36m<button[39m
              [33maria-label[39m=[32m"Toggle Navigation Menu"[39m
              [33mclass[39m=[32m"md:hidden p-2 rounded-lg text-slate-500 dark:text-slate-400 hover:text-slate-900 dark:hover:text-white hover:bg-slate-100 dark:hover:bg-slate-800 transition-colors"[39m
            [36m>[39m
              [36m<svg[39m
                [33mclass[39m=[32m"w-6 h-6"[39m
                [33mfill[39m=[32m"none"[39m
                [33mstroke[39m=[32m"currentColor"[39m
                [33mviewBox[39m=[32m"0 0 24 24"[39m
              [36m>[39m
                [36m<path[39m
                  [33md[39m=[32m"M4 6h16M4 12h16M4 18h16"[39m
                  [33mstroke-linecap[39m=[32m"round"[39m
                  [33mstroke-linejoin[39m=[32m"round"[39m
                  [33mstroke-width[39m=[32m"2"[39m
                [36m/>[39m
              [36m</svg>[39m
            [36m</button>[39m
          [36m</div>[39m
        [36m</div>[39m
      [36m</header>[39m
      [36m<main[39m
        [33mclass[39m=[32m"flex-1 max-w-7xl mx-auto px-4 sm:px-6 lg:px-8 py-8 w-full transition-colors duration-300"[39m
      [36m>[39m
        [36m<div[39m
          [33mclass[39m=[32m"space-y-8"[39m
        [36m>[39m
          [36m<div[39m
            [33mclass[39m=[32m"flex flex-col sm:flex-row sm:items-center justify-between gap-4"[39m
          [36m>[39m
            [36m<div>[39m
              [36m<h1[39m
                [33mclass[39m=[32m"text-3xl font-black text-slate-900 dark:text-white tracking-tight transition-colors"[39m
              [36m>[39m
                [0mVehicle Inventory[0m
              [36m</h1>[39m
              [36m<p[39m
                [33mclass[39m=[32m"text-slate-600 dark:text-slate-400 text-sm mt-1 transition-colors"[39m
              [36m>[39m
                [0mBrowse and filter available vehicles in our dealership[0m
              [36m</p>[39m
            [36m</div>[39m
          [36m</div>[39m
          [36m<form[39m
            [33mclass[39m=[32m"bg-white dark:bg-slate-900/80 border border-slate-200 dark:border-slate-800 rounded-2xl p-4 sm:p-6 space-y-4 shadow-sm transition-colors"[39m
          [36m>[39m
            [36m<div[39m
              [33mclass[39m=[32m"grid grid-cols-1 sm:grid-cols-2 lg:grid-cols-4 gap-4"[39m
            [36m>[39m
              [36m<div[39m
                [33mclass[39m=[32m"flex flex-col gap-1.5 w-full"[39m
              [36m>[39m
                [36m<label[39m
                  [33mclass[39m=[32m"text-xs font-semibold text-slate-400"[39m
                  [33mfor[39m=[32m"search-make-/-keyword"[39m
                [36m>[39m
                  [0mSearch Make / Keyword[0m
                [36m</label>[39m
                [36m<input[39m
                  [33mclass[39m=[32m"px-3 py-2 text-sm bg-slate-900 border border-slate-800 focus:ring-indigo-500 rounded-lg text-slate-100 placeholder-slate-500 focus:outline-none focus:ring-2 focus:ring-offset-2 focus:ring-offset-slate-950 transition-all "[39m
                  [33mid[39m=[32m"search-make-/-keyword"[39m
                  [33mplaceholder[39m=[32m"Search by make, model, or category..."[39m
                  [33mvalue[39m=[32m""[39m
                [36m/>[39m
              [36m</div>[39m
              [36m<div[39m
                [33mclass[39m=[32m"flex flex-col gap-1.5 w-full"[39m
              [36m>[39m
                [36m<label[39m
                  [33mclass[39m=[32m"text-xs font-semibold text-slate-400"[39m
                  [33mfor[39m=[32m"category"[39m
                [36m>[39m
                  [0mCategory[0m
                [36m</label>[39m
                [36m<select[39m
                  [33mclass[39m=[32m"px-3 py-2 text-sm bg-slate-900 border border-slate-800 focus:ring-indigo-500 rounded-lg text-slate-100 placeholder-slate-500 focus:outline-none focus:ring-2 focus:ring-offset-2 focus:ring-offset-slate-950 transition-all "[39m
                  [33mid[39m=[32m"category"[39m
                [36m>[39m
                  [36m<option[39m
                    [33mvalue[39m=[32m""[39m
                  [36m>[39m
                    [0mAll Categories[0m
                  [36m</option>[39m
                  [36m<option[39m
                    [33mvalue[39m=[32m"Electric"[39m
                  [36m>[39m
                    [0mElectric[0m
                  [36m</option>[39m
                  [36m<option[39m
                    [33mvalue[39m=[32m"SUV"[39m
                  [36m>[39m
                    [0mSUV[0m
                  [36m</option>[39m
                  [36m<option[39m
                    [33mvalue[39m=[32m"Truck"[39m
                  [36m>[39m
                    [0mTruck[0m
                  [36m</option>[39m
                  [36m<option[39m
                    [33mvalue[39m=[32m"Sedan"[39m
                  [36m>[39m
                    [0mSedan[0m
                  [36m</option>[39m
                  [36m<option[39m
                    [33mvalue[39m=[32m"Coupe"[39m
                  [36m>[39m
                    [0mCoupe[0m
                  [36m</option>[39m
                [36m</select>[39m
              [36m</div>[39m
              [36m<div[39m
                [33mclass[39m=[32m"flex flex-col gap-1.5 w-full"[39m
              [36m>[39m
                [36m<label[39m
                  [33mclass[39m=[32m"text-xs font-semibold text-slate-400"[39m
                  [33mfor[39m=[32m"min-price-($)"[39m
                [36m>[39m
                  [0mMin Price ($)[0m
                [36m</label>[39m
                [36m<input[39m
                  [33mclass[39m=[32m"px-3 py-2 text-sm bg-slate-900 border border-slate-800 focus:ring-indigo-500 round...

[90mstdout[2m | src/pages/__tests__/publicPages.test.tsx[2m > [22m[2mPublic Pages[2m > [22m[2mVehicles Listing Page[2m > [22m[2mfetches vehicles and displays search bar, filter controls and pagination
[22m[39m[36m<body>[39m
  [36m<div>[39m
    [36m<div[39m
      [33mclass[39m=[32m"flex flex-col min-h-screen bg-slate-50 dark:bg-slate-950 text-slate-900 dark:text-slate-100 font-sans transition-colors duration-300"[39m
    [36m>[39m
      [36m<header[39m
        [33mclass[39m=[32m"border-b border-slate-200/80 dark:border-slate-800/80 bg-white/80 dark:bg-slate-900/80 backdrop-blur-lg sticky top-0 z-50 transition-colors duration-300"[39m
        [33mrole[39m=[32m"banner"[39m
      [36m>[39m
        [36m<div[39m
          [33mclass[39m=[32m"max-w-7xl mx-auto px-4 sm:px-6 lg:px-8 h-16 flex items-center justify-between"[39m
        [36m>[39m
          [36m<a[39m
            [33mclass[39m=[32m"flex items-center gap-3 text-xl font-bold tracking-tight hover:opacity-90 transition-opacity"[39m
            [33mhref[39m=[32m"/"[39m
          [36m>[39m
            [36m<div[39m
              [33mclass[39m=[32m"flex items-center justify-center w-10 h-10 rounded-xl bg-slate-900 dark:bg-white text-white dark:text-slate-900 font-black tracking-tighter text-sm transition-transform duration-300 hover:scale-110 shadow-lg "[39m
            [36m>[39m
              [0mKATA[0m
            [36m</div>[39m
            [36m<span[39m
              [33mclass[39m=[32m"hidden sm:inline-block"[39m
            [36m>[39m
              [0mKATA[0m
            [36m</span>[39m
          [36m</a>[39m
          [36m<div[39m
            [33mclass[39m=[32m"flex items-center gap-4"[39m
          [36m>[39m
            [36m<nav[39m
              [33mclass[39m=[32m"hidden md:flex items-center gap-2"[39m
              [33mrole[39m=[32m"navigation"[39m
            [36m>[39m
              [36m<a[39m
                [33mclass[39m=[32m"text-sm font-medium transition-colors px-3 py-2 rounded-lg bg-indigo-100 dark:bg-indigo-600/20 text-indigo-700 dark:text-indigo-400 font-semibold border border-indigo-200 dark:border-indigo-500/30"[39m
                [33mhref[39m=[32m"/"[39m
              [36m>[39m
                [0mHome[0m
              [36m</a>[39m
              [36m<a[39m
                [33mclass[39m=[32m"text-sm font-medium transition-colors px-3 py-2 rounded-lg text-slate-600 dark:text-slate-300 hover:text-slate-900 dark:hover:text-white hover:bg-slate-100 dark:hover:bg-slate-800/60"[39m
                [33mhref[39m=[32m"/vehicles"[39m
              [36m>[39m
                [0mVehicles[0m
              [36m</a>[39m
              [36m<a[39m
                [33mclass[39m=[32m"text-sm font-medium transition-colors px-3 py-2 rounded-lg text-slate-600 dark:text-slate-300 hover:text-slate-900 dark:hover:text-white hover:bg-slate-100 dark:hover:bg-slate-800/60"[39m
                [33mhref[39m=[32m"/dashboard"[39m
              [36m>[39m
                [0mDashboard[0m
              [36m</a>[39m
              [36m<a[39m
                [33mclass[39m=[32m"text-sm font-medium transition-colors px-3 py-2 rounded-lg text-slate-600 dark:text-slate-300 hover:text-slate-900 dark:hover:text-white hover:bg-slate-100 dark:hover:bg-slate-800/60"[39m
                [33mhref[39m=[32m"/profile"[39m
              [36m>[39m
                [0mProfile[0m
              [36m</a>[39m
              [36m<button[39m
                [33mclass[39m=[32m"text-sm font-medium text-slate-500 dark:text-slate-400 hover:text-rose-600 dark:hover:text-rose-400 hover:bg-rose-50 dark:hover:bg-rose-500/10 px-3 py-2 rounded-lg transition-colors ml-2"[39m
              [36m>[39m
                [0mLogout[0m
              [36m</button>[39m
            [36m</nav>[39m
            [36m<button[39m
              [33maria-label[39m=[32m"Toggle Theme"[39m
              [33mclass[39m=[32m"p-2 rounded-lg text-slate-500 dark:text-slate-400 hover:bg-slate-100 dark:hover:bg-slate-800 transition-colors"[39m
            [36m>[39m
              [0m≡ƒîÖ[0m
            [36m</button>[39m
            [36m<button[39m
              [33maria-label[39m=[32m"Toggle Navigation Menu"[39m
              [33mclass[39m=[32m"md:hidden p-2 rounded-lg text-slate-500 dark:text-slate-400 hover:text-slate-900 dark:hover:text-white hover:bg-slate-100 dark:hover:bg-slate-800 transition-colors"[39m
            [36m>[39m
              [36m<svg[39m
                [33mclass[39m=[32m"w-6 h-6"[39m
                [33mfill[39m=[32m"none"[39m
                [33mstroke[39m=[32m"currentColor"[39m
                [33mviewBox[39m=[32m"0 0 24 24"[39m
              [36m>[39m
                [36m<path[39m
                  [33md[39m=[32m"M4 6h16M4 12h16M4 18h16"[39m
                  [33mstroke-linecap[39m=[32m"round"[39m
                  [33mstroke-linejoin[39m=[32m"round"[39m
                  [33mstroke-width[39m=[32m"2"[39m
                [36m/>[39m
              [36m</svg>[39m
            [36m</button>[39m
          [36m</div>[39m
        [36m</div>[39m
      [36m</header>[39m
      [36m<main[39m
        [33mclass[39m=[32m"flex-1 max-w-7xl mx-auto px-4 sm:px-6 lg:px-8 py-8 w-full transition-colors duration-300"[39m
      [36m>[39m
        [36m<div[39m
          [33mclass[39m=[32m"space-y-8"[39m
        [36m>[39m
          [36m<div[39m
            [33mclass[39m=[32m"flex flex-col sm:flex-row sm:items-center justify-between gap-4"[39m
          [36m>[39m
            [36m<div>[39m
              [36m<h1[39m
                [33mclass[39m=[32m"text-3xl font-black text-slate-900 dark:text-white tracking-tight transition-colors"[39m
              [36m>[39m
                [0mVehicle Inventory[0m
              [36m</h1>[39m
              [36m<p[39m
                [33mclass[39m=[32m"text-slate-600 dark:text-slate-400 text-sm mt-1 transition-colors"[39m
              [36m>[39m
                [0mBrowse and filter available vehicles in our dealership[0m
              [36m</p>[39m
            [36m</div>[39m
          [36m</div>[39m
          [36m<form[39m
            [33mclass[39m=[32m"bg-white dark:bg-slate-900/80 border border-slate-200 dark:border-slate-800 rounded-2xl p-4 sm:p-6 space-y-4 shadow-sm transition-colors"[39m
          [36m>[39m
            [36m<div[39m
              [33mclass[39m=[32m"grid grid-cols-1 sm:grid-cols-2 lg:grid-cols-4 gap-4"[39m
            [36m>[39m
              [36m<div[39m
                [33mclass[39m=[32m"flex flex-col gap-1.5 w-full"[39m
              [36m>[39m
                [36m<label[39m
                  [33mclass[39m=[32m"text-xs font-semibold text-slate-400"[39m
                  [33mfor[39m=[32m"search-make-/-keyword"[39m
                [36m>[39m
                  [0mSearch Make / Keyword[0m
                [36m</label>[39m
                [36m<input[39m
                  [33mclass[39m=[32m"px-3 py-2 text-sm bg-slate-900 border border-slate-800 focus:ring-indigo-500 rounded-lg text-slate-100 placeholder-slate-500 focus:outline-none focus:ring-2 focus:ring-offset-2 focus:ring-offset-slate-950 transition-all "[39m
                  [33mid[39m=[32m"search-make-/-keyword"[39m
                  [33mplaceholder[39m=[32m"Search by make, model, or category..."[39m
                  [33mvalue[39m=[32m""[39m
                [36m/>[39m
              [36m</div>[39m
              [36m<div[39m
                [33mclass[39m=[32m"flex flex-col gap-1.5 w-full"[39m
              [36m>[39m
                [36m<label[39m
                  [33mclass[39m=[32m"text-xs font-semibold text-slate-400"[39m
                  [33mfor[39m=[32m"category"[39m
                [36m>[39m
                  [0mCategory[0m
                [36m</label>[39m
                [36m<select[39m
                  [33mclass[39m=[32m"px-3 py-2 text-sm bg-slate-900 border border-slate-800 focus:ring-indigo-500 rounded-lg text-slate-100 placeholder-slate-500 focus:outline-none focus:ring-2 focus:ring-offset-2 focus:ring-offset-slate-950 transition-all "[39m
                  [33mid[39m=[32m"category"[39m
                [36m>[39m
                  [36m<option[39m
                    [33mvalue[39m=[32m""[39m
                  [36m>[39m
                    [0mAll Categories[0m
                  [36m</option>[39m
                  [36m<option[39m
                    [33mvalue[39m=[32m"Electric"[39m
                  [36m>[39m
                    [0mElectric[0m
                  [36m</option>[39m
                  [36m<option[39m
                    [33mvalue[39m=[32m"SUV"[39m
                  [36m>[39m
                    [0mSUV[0m
                  [36m</option>[39m
                  [36m<option[39m
                    [33mvalue[39m=[32m"Truck"[39m
                  [36m>[39m
                    [0mTruck[0m
                  [36m</option>[39m
                  [36m<option[39m
                    [33mvalue[39m=[32m"Sedan"[39m
                  [36m>[39m
                    [0mSedan[0m
                  [36m</option>[39m
                  [36m<option[39m
                    [33mvalue[39m=[32m"Coupe"[39m
                  [36m>[39m
                    [0mCoupe[0m
                  [36m</option>[39m
                [36m</select>[39m
              [36m</div>[39m
              [36m<div[39m
                [33mclass[39m=[32m"flex flex-col gap-1.5 w-full"[39m
              [36m>[39m
                [36m<label[39m
                  [33mclass[39m=[32m"text-xs font-semibold text-slate-400"[39m
                  [33mfor[39m=[32m"min-price-($)"[39m
                [36m>[39m
                  [0mMin Price ($)[0m
                [36m</label>[39m
                [36m<input[39m
                  [33mclass[39m=[32m"px-3 py-2 text-sm bg-slate-900 border border-slate-800 focus:ring-indigo-500 round...

[90mstdout[2m | src/pages/__tests__/publicPages.test.tsx[2m > [22m[2mPublic Pages[2m > [22m[2mVehicles Listing Page[2m > [22m[2mfetches vehicles and displays search bar, filter controls and pagination
[22m[39m[36m<body>[39m
  [36m<div>[39m
    [36m<div[39m
      [33mclass[39m=[32m"flex flex-col min-h-screen bg-slate-50 dark:bg-slate-950 text-slate-900 dark:text-slate-100 font-sans transition-colors duration-300"[39m
    [36m>[39m
      [36m<header[39m
        [33mclass[39m=[32m"border-b border-slate-200/80 dark:border-slate-800/80 bg-white/80 dark:bg-slate-900/80 backdrop-blur-lg sticky top-0 z-50 transition-colors duration-300"[39m
        [33mrole[39m=[32m"banner"[39m
      [36m>[39m
        [36m<div[39m
          [33mclass[39m=[32m"max-w-7xl mx-auto px-4 sm:px-6 lg:px-8 h-16 flex items-center justify-between"[39m
        [36m>[39m
          [36m<a[39m
            [33mclass[39m=[32m"flex items-center gap-3 text-xl font-bold tracking-tight hover:opacity-90 transition-opacity"[39m
            [33mhref[39m=[32m"/"[39m
          [36m>[39m
            [36m<div[39m
              [33mclass[39m=[32m"flex items-center justify-center w-10 h-10 rounded-xl bg-slate-900 dark:bg-white text-white dark:text-slate-900 font-black tracking-tighter text-sm transition-transform duration-300 hover:scale-110 shadow-lg "[39m
            [36m>[39m
              [0mKATA[0m
            [36m</div>[39m
            [36m<span[39m
              [33mclass[39m=[32m"hidden sm:inline-block"[39m
            [36m>[39m
              [0mKATA[0m
            [36m</span>[39m
          [36m</a>[39m
          [36m<div[39m
            [33mclass[39m=[32m"flex items-center gap-4"[39m
          [36m>[39m
            [36m<nav[39m
              [33mclass[39m=[32m"hidden md:flex items-center gap-2"[39m
              [33mrole[39m=[32m"navigation"[39m
            [36m>[39m
              [36m<a[39m
                [33mclass[39m=[32m"text-sm font-medium transition-colors px-3 py-2 rounded-lg bg-indigo-100 dark:bg-indigo-600/20 text-indigo-700 dark:text-indigo-400 font-semibold border border-indigo-200 dark:border-indigo-500/30"[39m
                [33mhref[39m=[32m"/"[39m
              [36m>[39m
                [0mHome[0m
              [36m</a>[39m
              [36m<a[39m
                [33mclass[39m=[32m"text-sm font-medium transition-colors px-3 py-2 rounded-lg text-slate-600 dark:text-slate-300 hover:text-slate-900 dark:hover:text-white hover:bg-slate-100 dark:hover:bg-slate-800/60"[39m
                [33mhref[39m=[32m"/vehicles"[39m
              [36m>[39m
                [0mVehicles[0m
              [36m</a>[39m
              [36m<a[39m
                [33mclass[39m=[32m"text-sm font-medium transition-colors px-3 py-2 rounded-lg text-slate-600 dark:text-slate-300 hover:text-slate-900 dark:hover:text-white hover:bg-slate-100 dark:hover:bg-slate-800/60"[39m
                [33mhref[39m=[32m"/dashboard"[39m
              [36m>[39m
                [0mDashboard[0m
              [36m</a>[39m
              [36m<a[39m
                [33mclass[39m=[32m"text-sm font-medium transition-colors px-3 py-2 rounded-lg text-slate-600 dark:text-slate-300 hover:text-slate-900 dark:hover:text-white hover:bg-slate-100 dark:hover:bg-slate-800/60"[39m
                [33mhref[39m=[32m"/profile"[39m
              [36m>[39m
                [0mProfile[0m
              [36m</a>[39m
              [36m<button[39m
                [33mclass[39m=[32m"text-sm font-medium text-slate-500 dark:text-slate-400 hover:text-rose-600 dark:hover:text-rose-400 hover:bg-rose-50 dark:hover:bg-rose-500/10 px-3 py-2 rounded-lg transition-colors ml-2"[39m
              [36m>[39m
                [0mLogout[0m
              [36m</button>[39m
            [36m</nav>[39m
            [36m<button[39m
              [33maria-label[39m=[32m"Toggle Theme"[39m
              [33mclass[39m=[32m"p-2 rounded-lg text-slate-500 dark:text-slate-400 hover:bg-slate-100 dark:hover:bg-slate-800 transition-colors"[39m
            [36m>[39m
              [0m≡ƒîÖ[0m
            [36m</button>[39m
            [36m<button[39m
              [33maria-label[39m=[32m"Toggle Navigation Menu"[39m
              [33mclass[39m=[32m"md:hidden p-2 rounded-lg text-slate-500 dark:text-slate-400 hover:text-slate-900 dark:hover:text-white hover:bg-slate-100 dark:hover:bg-slate-800 transition-colors"[39m
            [36m>[39m
              [36m<svg[39m
                [33mclass[39m=[32m"w-6 h-6"[39m
                [33mfill[39m=[32m"none"[39m
                [33mstroke[39m=[32m"currentColor"[39m
                [33mviewBox[39m=[32m"0 0 24 24"[39m
              [36m>[39m
                [36m<path[39m
                  [33md[39m=[32m"M4 6h16M4 12h16M4 18h16"[39m
                  [33mstroke-linecap[39m=[32m"round"[39m
                  [33mstroke-linejoin[39m=[32m"round"[39m
                  [33mstroke-width[39m=[32m"2"[39m
                [36m/>[39m
              [36m</svg>[39m
            [36m</button>[39m
          [36m</div>[39m
        [36m</div>[39m
      [36m</header>[39m
      [36m<main[39m
        [33mclass[39m=[32m"flex-1 max-w-7xl mx-auto px-4 sm:px-6 lg:px-8 py-8 w-full transition-colors duration-300"[39m
      [36m>[39m
        [36m<div[39m
          [33mclass[39m=[32m"space-y-8"[39m
        [36m>[39m
          [36m<div[39m
            [33mclass[39m=[32m"flex flex-col sm:flex-row sm:items-center justify-between gap-4"[39m
          [36m>[39m
            [36m<div>[39m
              [36m<h1[39m
                [33mclass[39m=[32m"text-3xl font-black text-slate-900 dark:text-white tracking-tight transition-colors"[39m
              [36m>[39m
                [0mVehicle Inventory[0m
              [36m</h1>[39m
              [36m<p[39m
                [33mclass[39m=[32m"text-slate-600 dark:text-slate-400 text-sm mt-1 transition-colors"[39m
              [36m>[39m
                [0mBrowse and filter available vehicles in our dealership[0m
              [36m</p>[39m
            [36m</div>[39m
          [36m</div>[39m
          [36m<form[39m
            [33mclass[39m=[32m"bg-white dark:bg-slate-900/80 border border-slate-200 dark:border-slate-800 rounded-2xl p-4 sm:p-6 space-y-4 shadow-sm transition-colors"[39m
          [36m>[39m
            [36m<div[39m
              [33mclass[39m=[32m"grid grid-cols-1 sm:grid-cols-2 lg:grid-cols-4 gap-4"[39m
            [36m>[39m
              [36m<div[39m
                [33mclass[39m=[32m"flex flex-col gap-1.5 w-full"[39m
              [36m>[39m
                [36m<label[39m
                  [33mclass[39m=[32m"text-xs font-semibold text-slate-400"[39m
                  [33mfor[39m=[32m"search-make-/-keyword"[39m
                [36m>[39m
                  [0mSearch Make / Keyword[0m
                [36m</label>[39m
                [36m<input[39m
                  [33mclass[39m=[32m"px-3 py-2 text-sm bg-slate-900 border border-slate-800 focus:ring-indigo-500 rounded-lg text-slate-100 placeholder-slate-500 focus:outline-none focus:ring-2 focus:ring-offset-2 focus:ring-offset-slate-950 transition-all "[39m
                  [33mid[39m=[32m"search-make-/-keyword"[39m
                  [33mplaceholder[39m=[32m"Search by make, model, or category..."[39m
                  [33mvalue[39m=[32m""[39m
                [36m/>[39m
              [36m</div>[39m
              [36m<div[39m
                [33mclass[39m=[32m"flex flex-col gap-1.5 w-full"[39m
              [36m>[39m
                [36m<label[39m
                  [33mclass[39m=[32m"text-xs font-semibold text-slate-400"[39m
                  [33mfor[39m=[32m"category"[39m
                [36m>[39m
                  [0mCategory[0m
                [36m</label>[39m
                [36m<select[39m
                  [33mclass[39m=[32m"px-3 py-2 text-sm bg-slate-900 border border-slate-800 focus:ring-indigo-500 rounded-lg text-slate-100 placeholder-slate-500 focus:outline-none focus:ring-2 focus:ring-offset-2 focus:ring-offset-slate-950 transition-all "[39m
                  [33mid[39m=[32m"category"[39m
                [36m>[39m
                  [36m<option[39m
                    [33mvalue[39m=[32m""[39m
                  [36m>[39m
                    [0mAll Categories[0m
                  [36m</option>[39m
                  [36m<option[39m
                    [33mvalue[39m=[32m"Electric"[39m
                  [36m>[39m
                    [0mElectric[0m
                  [36m</option>[39m
                  [36m<option[39m
                    [33mvalue[39m=[32m"SUV"[39m
                  [36m>[39m
                    [0mSUV[0m
                  [36m</option>[39m
                  [36m<option[39m
                    [33mvalue[39m=[32m"Truck"[39m
                  [36m>[39m
                    [0mTruck[0m
                  [36m</option>[39m
                  [36m<option[39m
                    [33mvalue[39m=[32m"Sedan"[39m
                  [36m>[39m
                    [0mSedan[0m
                  [36m</option>[39m
                  [36m<option[39m
                    [33mvalue[39m=[32m"Coupe"[39m
                  [36m>[39m
                    [0mCoupe[0m
                  [36m</option>[39m
                [36m</select>[39m
              [36m</div>[39m
              [36m<div[39m
                [33mclass[39m=[32m"flex flex-col gap-1.5 w-full"[39m
              [36m>[39m
                [36m<label[39m
                  [33mclass[39m=[32m"text-xs font-semibold text-slate-400"[39m
                  [33mfor[39m=[32m"min-price-($)"[39m
                [36m>[39m
                  [0mMin Price ($)[0m
                [36m</label>[39m
                [36m<input[39m
                  [33mclass[39m=[32m"px-3 py-2 text-sm bg-slate-900 border border-slate-800 focus:ring-indigo-500 round...

[90mstdout[2m | src/pages/__tests__/publicPages.test.tsx[2m > [22m[2mPublic Pages[2m > [22m[2mVehicles Listing Page[2m > [22m[2mfetches vehicles and displays search bar, filter controls and pagination
[22m[39m[36m<body>[39m
  [36m<div>[39m
    [36m<div[39m
      [33mclass[39m=[32m"flex flex-col min-h-screen bg-slate-50 dark:bg-slate-950 text-slate-900 dark:text-slate-100 font-sans transition-colors duration-300"[39m
    [36m>[39m
      [36m<header[39m
        [33mclass[39m=[32m"border-b border-slate-200/80 dark:border-slate-800/80 bg-white/80 dark:bg-slate-900/80 backdrop-blur-lg sticky top-0 z-50 transition-colors duration-300"[39m
        [33mrole[39m=[32m"banner"[39m
      [36m>[39m
        [36m<div[39m
          [33mclass[39m=[32m"max-w-7xl mx-auto px-4 sm:px-6 lg:px-8 h-16 flex items-center justify-between"[39m
        [36m>[39m
          [36m<a[39m
            [33mclass[39m=[32m"flex items-center gap-3 text-xl font-bold tracking-tight hover:opacity-90 transition-opacity"[39m
            [33mhref[39m=[32m"/"[39m
          [36m>[39m
            [36m<div[39m
              [33mclass[39m=[32m"flex items-center justify-center w-10 h-10 rounded-xl bg-slate-900 dark:bg-white text-white dark:text-slate-900 font-black tracking-tighter text-sm transition-transform duration-300 hover:scale-110 shadow-lg "[39m
            [36m>[39m
              [0mKATA[0m
            [36m</div>[39m
            [36m<span[39m
              [33mclass[39m=[32m"hidden sm:inline-block"[39m
            [36m>[39m
              [0mKATA[0m
            [36m</span>[39m
          [36m</a>[39m
          [36m<div[39m
            [33mclass[39m=[32m"flex items-center gap-4"[39m
          [36m>[39m
            [36m<nav[39m
              [33mclass[39m=[32m"hidden md:flex items-center gap-2"[39m
              [33mrole[39m=[32m"navigation"[39m
            [36m>[39m
              [36m<a[39m
                [33mclass[39m=[32m"text-sm font-medium transition-colors px-3 py-2 rounded-lg bg-indigo-100 dark:bg-indigo-600/20 text-indigo-700 dark:text-indigo-400 font-semibold border border-indigo-200 dark:border-indigo-500/30"[39m
                [33mhref[39m=[32m"/"[39m
              [36m>[39m
                [0mHome[0m
              [36m</a>[39m
              [36m<a[39m
                [33mclass[39m=[32m"text-sm font-medium transition-colors px-3 py-2 rounded-lg text-slate-600 dark:text-slate-300 hover:text-slate-900 dark:hover:text-white hover:bg-slate-100 dark:hover:bg-slate-800/60"[39m
                [33mhref[39m=[32m"/vehicles"[39m
              [36m>[39m
                [0mVehicles[0m
              [36m</a>[39m
              [36m<a[39m
                [33mclass[39m=[32m"text-sm font-medium transition-colors px-3 py-2 rounded-lg text-slate-600 dark:text-slate-300 hover:text-slate-900 dark:hover:text-white hover:bg-slate-100 dark:hover:bg-slate-800/60"[39m
                [33mhref[39m=[32m"/dashboard"[39m
              [36m>[39m
                [0mDashboard[0m
              [36m</a>[39m
              [36m<a[39m
                [33mclass[39m=[32m"text-sm font-medium transition-colors px-3 py-2 rounded-lg text-slate-600 dark:text-slate-300 hover:text-slate-900 dark:hover:text-white hover:bg-slate-100 dark:hover:bg-slate-800/60"[39m
                [33mhref[39m=[32m"/profile"[39m
              [36m>[39m
                [0mProfile[0m
              [36m</a>[39m
              [36m<button[39m
                [33mclass[39m=[32m"text-sm font-medium text-slate-500 dark:text-slate-400 hover:text-rose-600 dark:hover:text-rose-400 hover:bg-rose-50 dark:hover:bg-rose-500/10 px-3 py-2 rounded-lg transition-colors ml-2"[39m
              [36m>[39m
                [0mLogout[0m
              [36m</button>[39m
            [36m</nav>[39m
            [36m<button[39m
              [33maria-label[39m=[32m"Toggle Theme"[39m
              [33mclass[39m=[32m"p-2 rounded-lg text-slate-500 dark:text-slate-400 hover:bg-slate-100 dark:hover:bg-slate-800 transition-colors"[39m
            [36m>[39m
              [0m≡ƒîÖ[0m
            [36m</button>[39m
            [36m<button[39m
              [33maria-label[39m=[32m"Toggle Navigation Menu"[39m
              [33mclass[39m=[32m"md:hidden p-2 rounded-lg text-slate-500 dark:text-slate-400 hover:text-slate-900 dark:hover:text-white hover:bg-slate-100 dark:hover:bg-slate-800 transition-colors"[39m
            [36m>[39m
              [36m<svg[39m
                [33mclass[39m=[32m"w-6 h-6"[39m
                [33mfill[39m=[32m"none"[39m
                [33mstroke[39m=[32m"currentColor"[39m
                [33mviewBox[39m=[32m"0 0 24 24"[39m
              [36m>[39m
                [36m<path[39m
                  [33md[39m=[32m"M4 6h16M4 12h16M4 18h16"[39m
                  [33mstroke-linecap[39m=[32m"round"[39m
                  [33mstroke-linejoin[39m=[32m"round"[39m
                  [33mstroke-width[39m=[32m"2"[39m
                [36m/>[39m
              [36m</svg>[39m
            [36m</button>[39m
          [36m</div>[39m
        [36m</div>[39m
      [36m</header>[39m
      [36m<main[39m
        [33mclass[39m=[32m"flex-1 max-w-7xl mx-auto px-4 sm:px-6 lg:px-8 py-8 w-full transition-colors duration-300"[39m
      [36m>[39m
        [36m<div[39m
          [33mclass[39m=[32m"space-y-8"[39m
        [36m>[39m
          [36m<div[39m
            [33mclass[39m=[32m"flex flex-col sm:flex-row sm:items-center justify-between gap-4"[39m
          [36m>[39m
            [36m<div>[39m
              [36m<h1[39m
                [33mclass[39m=[32m"text-3xl font-black text-slate-900 dark:text-white tracking-tight transition-colors"[39m
              [36m>[39m
                [0mVehicle Inventory[0m
              [36m</h1>[39m
              [36m<p[39m
                [33mclass[39m=[32m"text-slate-600 dark:text-slate-400 text-sm mt-1 transition-colors"[39m
              [36m>[39m
                [0mBrowse and filter available vehicles in our dealership[0m
              [36m</p>[39m
            [36m</div>[39m
          [36m</div>[39m
          [36m<form[39m
            [33mclass[39m=[32m"bg-white dark:bg-slate-900/80 border border-slate-200 dark:border-slate-800 rounded-2xl p-4 sm:p-6 space-y-4 shadow-sm transition-colors"[39m
          [36m>[39m
            [36m<div[39m
              [33mclass[39m=[32m"grid grid-cols-1 sm:grid-cols-2 lg:grid-cols-4 gap-4"[39m
            [36m>[39m
              [36m<div[39m
                [33mclass[39m=[32m"flex flex-col gap-1.5 w-full"[39m
              [36m>[39m
                [36m<label[39m
                  [33mclass[39m=[32m"text-xs font-semibold text-slate-400"[39m
                  [33mfor[39m=[32m"search-make-/-keyword"[39m
                [36m>[39m
                  [0mSearch Make / Keyword[0m
                [36m</label>[39m
                [36m<input[39m
                  [33mclass[39m=[32m"px-3 py-2 text-sm bg-slate-900 border border-slate-800 focus:ring-indigo-500 rounded-lg text-slate-100 placeholder-slate-500 focus:outline-none focus:ring-2 focus:ring-offset-2 focus:ring-offset-slate-950 transition-all "[39m
                  [33mid[39m=[32m"search-make-/-keyword"[39m
                  [33mplaceholder[39m=[32m"Search by make, model, or category..."[39m
                  [33mvalue[39m=[32m""[39m
                [36m/>[39m
              [36m</div>[39m
              [36m<div[39m
                [33mclass[39m=[32m"flex flex-col gap-1.5 w-full"[39m
              [36m>[39m
                [36m<label[39m
                  [33mclass[39m=[32m"text-xs font-semibold text-slate-400"[39m
                  [33mfor[39m=[32m"category"[39m
                [36m>[39m
                  [0mCategory[0m
                [36m</label>[39m
                [36m<select[39m
                  [33mclass[39m=[32m"px-3 py-2 text-sm bg-slate-900 border border-slate-800 focus:ring-indigo-500 rounded-lg text-slate-100 placeholder-slate-500 focus:outline-none focus:ring-2 focus:ring-offset-2 focus:ring-offset-slate-950 transition-all "[39m
                  [33mid[39m=[32m"category"[39m
                [36m>[39m
                  [36m<option[39m
                    [33mvalue[39m=[32m""[39m
                  [36m>[39m
                    [0mAll Categories[0m
                  [36m</option>[39m
                  [36m<option[39m
                    [33mvalue[39m=[32m"Electric"[39m
                  [36m>[39m
                    [0mElectric[0m
                  [36m</option>[39m
                  [36m<option[39m
                    [33mvalue[39m=[32m"SUV"[39m
                  [36m>[39m
                    [0mSUV[0m
                  [36m</option>[39m
                  [36m<option[39m
                    [33mvalue[39m=[32m"Truck"[39m
                  [36m>[39m
                    [0mTruck[0m
                  [36m</option>[39m
                  [36m<option[39m
                    [33mvalue[39m=[32m"Sedan"[39m
                  [36m>[39m
                    [0mSedan[0m
                  [36m</option>[39m
                  [36m<option[39m
                    [33mvalue[39m=[32m"Coupe"[39m
                  [36m>[39m
                    [0mCoupe[0m
                  [36m</option>[39m
                [36m</select>[39m
              [36m</div>[39m
              [36m<div[39m
                [33mclass[39m=[32m"flex flex-col gap-1.5 w-full"[39m
              [36m>[39m
                [36m<label[39m
                  [33mclass[39m=[32m"text-xs font-semibold text-slate-400"[39m
                  [33mfor[39m=[32m"min-price-($)"[39m
                [36m>[39m
                  [0mMin Price ($)[0m
                [36m</label>[39m
                [36m<input[39m
                  [33mclass[39m=[32m"px-3 py-2 text-sm bg-slate-900 border border-slate-800 focus:ring-indigo-500 round...

[90mstdout[2m | src/pages/__tests__/publicPages.test.tsx[2m > [22m[2mPublic Pages[2m > [22m[2mVehicles Listing Page[2m > [22m[2mfetches vehicles and displays search bar, filter controls and pagination
[22m[39m[36m<body>[39m
  [36m<div>[39m
    [36m<div[39m
      [33mclass[39m=[32m"flex flex-col min-h-screen bg-slate-50 dark:bg-slate-950 text-slate-900 dark:text-slate-100 font-sans transition-colors duration-300"[39m
    [36m>[39m
      [36m<header[39m
        [33mclass[39m=[32m"border-b border-slate-200/80 dark:border-slate-800/80 bg-white/80 dark:bg-slate-900/80 backdrop-blur-lg sticky top-0 z-50 transition-colors duration-300"[39m
        [33mrole[39m=[32m"banner"[39m
      [36m>[39m
        [36m<div[39m
          [33mclass[39m=[32m"max-w-7xl mx-auto px-4 sm:px-6 lg:px-8 h-16 flex items-center justify-between"[39m
        [36m>[39m
          [36m<a[39m
            [33mclass[39m=[32m"flex items-center gap-3 text-xl font-bold tracking-tight hover:opacity-90 transition-opacity"[39m
            [33mhref[39m=[32m"/"[39m
          [36m>[39m
            [36m<div[39m
              [33mclass[39m=[32m"flex items-center justify-center w-10 h-10 rounded-xl bg-slate-900 dark:bg-white text-white dark:text-slate-900 font-black tracking-tighter text-sm transition-transform duration-300 hover:scale-110 shadow-lg "[39m
            [36m>[39m
              [0mKATA[0m
            [36m</div>[39m
            [36m<span[39m
              [33mclass[39m=[32m"hidden sm:inline-block"[39m
            [36m>[39m
              [0mKATA[0m
            [36m</span>[39m
          [36m</a>[39m
          [36m<div[39m
            [33mclass[39m=[32m"flex items-center gap-4"[39m
          [36m>[39m
            [36m<nav[39m
              [33mclass[39m=[32m"hidden md:flex items-center gap-2"[39m
              [33mrole[39m=[32m"navigation"[39m
            [36m>[39m
              [36m<a[39m
                [33mclass[39m=[32m"text-sm font-medium transition-colors px-3 py-2 rounded-lg bg-indigo-100 dark:bg-indigo-600/20 text-indigo-700 dark:text-indigo-400 font-semibold border border-indigo-200 dark:border-indigo-500/30"[39m
                [33mhref[39m=[32m"/"[39m
              [36m>[39m
                [0mHome[0m
              [36m</a>[39m
              [36m<a[39m
                [33mclass[39m=[32m"text-sm font-medium transition-colors px-3 py-2 rounded-lg text-slate-600 dark:text-slate-300 hover:text-slate-900 dark:hover:text-white hover:bg-slate-100 dark:hover:bg-slate-800/60"[39m
                [33mhref[39m=[32m"/vehicles"[39m
              [36m>[39m
                [0mVehicles[0m
              [36m</a>[39m
              [36m<a[39m
                [33mclass[39m=[32m"text-sm font-medium transition-colors px-3 py-2 rounded-lg text-slate-600 dark:text-slate-300 hover:text-slate-900 dark:hover:text-white hover:bg-slate-100 dark:hover:bg-slate-800/60"[39m
                [33mhref[39m=[32m"/dashboard"[39m
              [36m>[39m
                [0mDashboard[0m
              [36m</a>[39m
              [36m<a[39m
                [33mclass[39m=[32m"text-sm font-medium transition-colors px-3 py-2 rounded-lg text-slate-600 dark:text-slate-300 hover:text-slate-900 dark:hover:text-white hover:bg-slate-100 dark:hover:bg-slate-800/60"[39m
                [33mhref[39m=[32m"/profile"[39m
              [36m>[39m
                [0mProfile[0m
              [36m</a>[39m
              [36m<button[39m
                [33mclass[39m=[32m"text-sm font-medium text-slate-500 dark:text-slate-400 hover:text-rose-600 dark:hover:text-rose-400 hover:bg-rose-50 dark:hover:bg-rose-500/10 px-3 py-2 rounded-lg transition-colors ml-2"[39m
              [36m>[39m
                [0mLogout[0m
              [36m</button>[39m
            [36m</nav>[39m
            [36m<button[39m
              [33maria-label[39m=[32m"Toggle Theme"[39m
              [33mclass[39m=[32m"p-2 rounded-lg text-slate-500 dark:text-slate-400 hover:bg-slate-100 dark:hover:bg-slate-800 transition-colors"[39m
            [36m>[39m
              [0m≡ƒîÖ[0m
            [36m</button>[39m
            [36m<button[39m
              [33maria-label[39m=[32m"Toggle Navigation Menu"[39m
              [33mclass[39m=[32m"md:hidden p-2 rounded-lg text-slate-500 dark:text-slate-400 hover:text-slate-900 dark:hover:text-white hover:bg-slate-100 dark:hover:bg-slate-800 transition-colors"[39m
            [36m>[39m
              [36m<svg[39m
                [33mclass[39m=[32m"w-6 h-6"[39m
                [33mfill[39m=[32m"none"[39m
                [33mstroke[39m=[32m"currentColor"[39m
                [33mviewBox[39m=[32m"0 0 24 24"[39m
              [36m>[39m
                [36m<path[39m
                  [33md[39m=[32m"M4 6h16M4 12h16M4 18h16"[39m
                  [33mstroke-linecap[39m=[32m"round"[39m
                  [33mstroke-linejoin[39m=[32m"round"[39m
                  [33mstroke-width[39m=[32m"2"[39m
                [36m/>[39m
              [36m</svg>[39m
            [36m</button>[39m
          [36m</div>[39m
        [36m</div>[39m
      [36m</header>[39m
      [36m<main[39m
        [33mclass[39m=[32m"flex-1 max-w-7xl mx-auto px-4 sm:px-6 lg:px-8 py-8 w-full transition-colors duration-300"[39m
      [36m>[39m
        [36m<div[39m
          [33mclass[39m=[32m"space-y-8"[39m
        [36m>[39m
          [36m<div[39m
            [33mclass[39m=[32m"flex flex-col sm:flex-row sm:items-center justify-between gap-4"[39m
          [36m>[39m
            [36m<div>[39m
              [36m<h1[39m
                [33mclass[39m=[32m"text-3xl font-black text-slate-900 dark:text-white tracking-tight transition-colors"[39m
              [36m>[39m
                [0mVehicle Inventory[0m
              [36m</h1>[39m
              [36m<p[39m
                [33mclass[39m=[32m"text-slate-600 dark:text-slate-400 text-sm mt-1 transition-colors"[39m
              [36m>[39m
                [0mBrowse and filter available vehicles in our dealership[0m
              [36m</p>[39m
            [36m</div>[39m
          [36m</div>[39m
          [36m<form[39m
            [33mclass[39m=[32m"bg-white dark:bg-slate-900/80 border border-slate-200 dark:border-slate-800 rounded-2xl p-4 sm:p-6 space-y-4 shadow-sm transition-colors"[39m
          [36m>[39m
            [36m<div[39m
              [33mclass[39m=[32m"grid grid-cols-1 sm:grid-cols-2 lg:grid-cols-4 gap-4"[39m
            [36m>[39m
              [36m<div[39m
                [33mclass[39m=[32m"flex flex-col gap-1.5 w-full"[39m
              [36m>[39m
                [36m<label[39m
                  [33mclass[39m=[32m"text-xs font-semibold text-slate-400"[39m
                  [33mfor[39m=[32m"search-make-/-keyword"[39m
                [36m>[39m
                  [0mSearch Make / Keyword[0m
                [36m</label>[39m
                [36m<input[39m
                  [33mclass[39m=[32m"px-3 py-2 text-sm bg-slate-900 border border-slate-800 focus:ring-indigo-500 rounded-lg text-slate-100 placeholder-slate-500 focus:outline-none focus:ring-2 focus:ring-offset-2 focus:ring-offset-slate-950 transition-all "[39m
                  [33mid[39m=[32m"search-make-/-keyword"[39m
                  [33mplaceholder[39m=[32m"Search by make, model, or category..."[39m
                  [33mvalue[39m=[32m""[39m
                [36m/>[39m
              [36m</div>[39m
              [36m<div[39m
                [33mclass[39m=[32m"flex flex-col gap-1.5 w-full"[39m
              [36m>[39m
                [36m<label[39m
                  [33mclass[39m=[32m"text-xs font-semibold text-slate-400"[39m
                  [33mfor[39m=[32m"category"[39m
                [36m>[39m
                  [0mCategory[0m
                [36m</label>[39m
                [36m<select[39m
                  [33mclass[39m=[32m"px-3 py-2 text-sm bg-slate-900 border border-slate-800 focus:ring-indigo-500 rounded-lg text-slate-100 placeholder-slate-500 focus:outline-none focus:ring-2 focus:ring-offset-2 focus:ring-offset-slate-950 transition-all "[39m
                  [33mid[39m=[32m"category"[39m
                [36m>[39m
                  [36m<option[39m
                    [33mvalue[39m=[32m""[39m
                  [36m>[39m
                    [0mAll Categories[0m
                  [36m</option>[39m
                  [36m<option[39m
                    [33mvalue[39m=[32m"Electric"[39m
                  [36m>[39m
                    [0mElectric[0m
                  [36m</option>[39m
                  [36m<option[39m
                    [33mvalue[39m=[32m"SUV"[39m
                  [36m>[39m
                    [0mSUV[0m
                  [36m</option>[39m
                  [36m<option[39m
                    [33mvalue[39m=[32m"Truck"[39m
                  [36m>[39m
                    [0mTruck[0m
                  [36m</option>[39m
                  [36m<option[39m
                    [33mvalue[39m=[32m"Sedan"[39m
                  [36m>[39m
                    [0mSedan[0m
                  [36m</option>[39m
                  [36m<option[39m
                    [33mvalue[39m=[32m"Coupe"[39m
                  [36m>[39m
                    [0mCoupe[0m
                  [36m</option>[39m
                [36m</select>[39m
              [36m</div>[39m
              [36m<div[39m
                [33mclass[39m=[32m"flex flex-col gap-1.5 w-full"[39m
              [36m>[39m
                [36m<label[39m
                  [33mclass[39m=[32m"text-xs font-semibold text-slate-400"[39m
                  [33mfor[39m=[32m"min-price-($)"[39m
                [36m>[39m
                  [0mMin Price ($)[0m
                [36m</label>[39m
                [36m<input[39m
                  [33mclass[39m=[32m"px-3 py-2 text-sm bg-slate-900 border border-slate-800 focus:ring-indigo-500 round...

[90mstdout[2m | src/pages/__tests__/publicPages.test.tsx[2m > [22m[2mPublic Pages[2m > [22m[2mVehicles Listing Page[2m > [22m[2mfetches vehicles and displays search bar, filter controls and pagination
[22m[39m[36m<body>[39m
  [36m<div>[39m
    [36m<div[39m
      [33mclass[39m=[32m"flex flex-col min-h-screen bg-slate-50 dark:bg-slate-950 text-slate-900 dark:text-slate-100 font-sans transition-colors duration-300"[39m
    [36m>[39m
      [36m<header[39m
        [33mclass[39m=[32m"border-b border-slate-200/80 dark:border-slate-800/80 bg-white/80 dark:bg-slate-900/80 backdrop-blur-lg sticky top-0 z-50 transition-colors duration-300"[39m
        [33mrole[39m=[32m"banner"[39m
      [36m>[39m
        [36m<div[39m
          [33mclass[39m=[32m"max-w-7xl mx-auto px-4 sm:px-6 lg:px-8 h-16 flex items-center justify-between"[39m
        [36m>[39m
          [36m<a[39m
            [33mclass[39m=[32m"flex items-center gap-3 text-xl font-bold tracking-tight hover:opacity-90 transition-opacity"[39m
            [33mhref[39m=[32m"/"[39m
          [36m>[39m
            [36m<div[39m
              [33mclass[39m=[32m"flex items-center justify-center w-10 h-10 rounded-xl bg-slate-900 dark:bg-white text-white dark:text-slate-900 font-black tracking-tighter text-sm transition-transform duration-300 hover:scale-110 shadow-lg "[39m
            [36m>[39m
              [0mKATA[0m
            [36m</div>[39m
            [36m<span[39m
              [33mclass[39m=[32m"hidden sm:inline-block"[39m
            [36m>[39m
              [0mKATA[0m
            [36m</span>[39m
          [36m</a>[39m
          [36m<div[39m
            [33mclass[39m=[32m"flex items-center gap-4"[39m
          [36m>[39m
            [36m<nav[39m
              [33mclass[39m=[32m"hidden md:flex items-center gap-2"[39m
              [33mrole[39m=[32m"navigation"[39m
            [36m>[39m
              [36m<a[39m
                [33mclass[39m=[32m"text-sm font-medium transition-colors px-3 py-2 rounded-lg bg-indigo-100 dark:bg-indigo-600/20 text-indigo-700 dark:text-indigo-400 font-semibold border border-indigo-200 dark:border-indigo-500/30"[39m
                [33mhref[39m=[32m"/"[39m
              [36m>[39m
                [0mHome[0m
              [36m</a>[39m
              [36m<a[39m
                [33mclass[39m=[32m"text-sm font-medium transition-colors px-3 py-2 rounded-lg text-slate-600 dark:text-slate-300 hover:text-slate-900 dark:hover:text-white hover:bg-slate-100 dark:hover:bg-slate-800/60"[39m
                [33mhref[39m=[32m"/vehicles"[39m
              [36m>[39m
                [0mVehicles[0m
              [36m</a>[39m
              [36m<a[39m
                [33mclass[39m=[32m"text-sm font-medium transition-colors px-3 py-2 rounded-lg text-slate-600 dark:text-slate-300 hover:text-slate-900 dark:hover:text-white hover:bg-slate-100 dark:hover:bg-slate-800/60"[39m
                [33mhref[39m=[32m"/dashboard"[39m
              [36m>[39m
                [0mDashboard[0m
              [36m</a>[39m
              [36m<a[39m
                [33mclass[39m=[32m"text-sm font-medium transition-colors px-3 py-2 rounded-lg text-slate-600 dark:text-slate-300 hover:text-slate-900 dark:hover:text-white hover:bg-slate-100 dark:hover:bg-slate-800/60"[39m
                [33mhref[39m=[32m"/profile"[39m
              [36m>[39m
                [0mProfile[0m
              [36m</a>[39m
              [36m<button[39m
                [33mclass[39m=[32m"text-sm font-medium text-slate-500 dark:text-slate-400 hover:text-rose-600 dark:hover:text-rose-400 hover:bg-rose-50 dark:hover:bg-rose-500/10 px-3 py-2 rounded-lg transition-colors ml-2"[39m
              [36m>[39m
                [0mLogout[0m
              [36m</button>[39m
            [36m</nav>[39m
            [36m<button[39m
              [33maria-label[39m=[32m"Toggle Theme"[39m
              [33mclass[39m=[32m"p-2 rounded-lg text-slate-500 dark:text-slate-400 hover:bg-slate-100 dark:hover:bg-slate-800 transition-colors"[39m
            [36m>[39m
              [0m≡ƒîÖ[0m
            [36m</button>[39m
            [36m<button[39m
              [33maria-label[39m=[32m"Toggle Navigation Menu"[39m
              [33mclass[39m=[32m"md:hidden p-2 rounded-lg text-slate-500 dark:text-slate-400 hover:text-slate-900 dark:hover:text-white hover:bg-slate-100 dark:hover:bg-slate-800 transition-colors"[39m
            [36m>[39m
              [36m<svg[39m
                [33mclass[39m=[32m"w-6 h-6"[39m
                [33mfill[39m=[32m"none"[39m
                [33mstroke[39m=[32m"currentColor"[39m
                [33mviewBox[39m=[32m"0 0 24 24"[39m
              [36m>[39m
                [36m<path[39m
                  [33md[39m=[32m"M4 6h16M4 12h16M4 18h16"[39m
                  [33mstroke-linecap[39m=[32m"round"[39m
                  [33mstroke-linejoin[39m=[32m"round"[39m
                  [33mstroke-width[39m=[32m"2"[39m
                [36m/>[39m
              [36m</svg>[39m
            [36m</button>[39m
          [36m</div>[39m
        [36m</div>[39m
      [36m</header>[39m
      [36m<main[39m
        [33mclass[39m=[32m"flex-1 max-w-7xl mx-auto px-4 sm:px-6 lg:px-8 py-8 w-full transition-colors duration-300"[39m
      [36m>[39m
        [36m<div[39m
          [33mclass[39m=[32m"space-y-8"[39m
        [36m>[39m
          [36m<div[39m
            [33mclass[39m=[32m"flex flex-col sm:flex-row sm:items-center justify-between gap-4"[39m
          [36m>[39m
            [36m<div>[39m
              [36m<h1[39m
                [33mclass[39m=[32m"text-3xl font-black text-slate-900 dark:text-white tracking-tight transition-colors"[39m
              [36m>[39m
                [0mVehicle Inventory[0m
              [36m</h1>[39m
              [36m<p[39m
                [33mclass[39m=[32m"text-slate-600 dark:text-slate-400 text-sm mt-1 transition-colors"[39m
              [36m>[39m
                [0mBrowse and filter available vehicles in our dealership[0m
              [36m</p>[39m
            [36m</div>[39m
          [36m</div>[39m
          [36m<form[39m
            [33mclass[39m=[32m"bg-white dark:bg-slate-900/80 border border-slate-200 dark:border-slate-800 rounded-2xl p-4 sm:p-6 space-y-4 shadow-sm transition-colors"[39m
          [36m>[39m
            [36m<div[39m
              [33mclass[39m=[32m"grid grid-cols-1 sm:grid-cols-2 lg:grid-cols-4 gap-4"[39m
            [36m>[39m
              [36m<div[39m
                [33mclass[39m=[32m"flex flex-col gap-1.5 w-full"[39m
              [36m>[39m
                [36m<label[39m
                  [33mclass[39m=[32m"text-xs font-semibold text-slate-400"[39m
                  [33mfor[39m=[32m"search-make-/-keyword"[39m
                [36m>[39m
                  [0mSearch Make / Keyword[0m
                [36m</label>[39m
                [36m<input[39m
                  [33mclass[39m=[32m"px-3 py-2 text-sm bg-slate-900 border border-slate-800 focus:ring-indigo-500 rounded-lg text-slate-100 placeholder-slate-500 focus:outline-none focus:ring-2 focus:ring-offset-2 focus:ring-offset-slate-950 transition-all "[39m
                  [33mid[39m=[32m"search-make-/-keyword"[39m
                  [33mplaceholder[39m=[32m"Search by make, model, or category..."[39m
                  [33mvalue[39m=[32m""[39m
                [36m/>[39m
              [36m</div>[39m
              [36m<div[39m
                [33mclass[39m=[32m"flex flex-col gap-1.5 w-full"[39m
              [36m>[39m
                [36m<label[39m
                  [33mclass[39m=[32m"text-xs font-semibold text-slate-400"[39m
                  [33mfor[39m=[32m"category"[39m
                [36m>[39m
                  [0mCategory[0m
                [36m</label>[39m
                [36m<select[39m
                  [33mclass[39m=[32m"px-3 py-2 text-sm bg-slate-900 border border-slate-800 focus:ring-indigo-500 rounded-lg text-slate-100 placeholder-slate-500 focus:outline-none focus:ring-2 focus:ring-offset-2 focus:ring-offset-slate-950 transition-all "[39m
                  [33mid[39m=[32m"category"[39m
                [36m>[39m
                  [36m<option[39m
                    [33mvalue[39m=[32m""[39m
                  [36m>[39m
                    [0mAll Categories[0m
                  [36m</option>[39m
                  [36m<option[39m
                    [33mvalue[39m=[32m"Electric"[39m
                  [36m>[39m
                    [0mElectric[0m
                  [36m</option>[39m
                  [36m<option[39m
                    [33mvalue[39m=[32m"SUV"[39m
                  [36m>[39m
                    [0mSUV[0m
                  [36m</option>[39m
                  [36m<option[39m
                    [33mvalue[39m=[32m"Truck"[39m
                  [36m>[39m
                    [0mTruck[0m
                  [36m</option>[39m
                  [36m<option[39m
                    [33mvalue[39m=[32m"Sedan"[39m
                  [36m>[39m
                    [0mSedan[0m
                  [36m</option>[39m
                  [36m<option[39m
                    [33mvalue[39m=[32m"Coupe"[39m
                  [36m>[39m
                    [0mCoupe[0m
                  [36m</option>[39m
                [36m</select>[39m
              [36m</div>[39m
              [36m<div[39m
                [33mclass[39m=[32m"flex flex-col gap-1.5 w-full"[39m
              [36m>[39m
                [36m<label[39m
                  [33mclass[39m=[32m"text-xs font-semibold text-slate-400"[39m
                  [33mfor[39m=[32m"min-price-($)"[39m
                [36m>[39m
                  [0mMin Price ($)[0m
                [36m</label>[39m
                [36m<input[39m
                  [33mclass[39m=[32m"px-3 py-2 text-sm bg-slate-900 border border-slate-800 focus:ring-indigo-500 round...

[90mstdout[2m | src/pages/__tests__/publicPages.test.tsx[2m > [22m[2mPublic Pages[2m > [22m[2mVehicles Listing Page[2m > [22m[2mfetches vehicles and displays search bar, filter controls and pagination
[22m[39m[36m<body>[39m
  [36m<div>[39m
    [36m<div[39m
      [33mclass[39m=[32m"flex flex-col min-h-screen bg-slate-50 dark:bg-slate-950 text-slate-900 dark:text-slate-100 font-sans transition-colors duration-300"[39m
    [36m>[39m
      [36m<header[39m
        [33mclass[39m=[32m"border-b border-slate-200/80 dark:border-slate-800/80 bg-white/80 dark:bg-slate-900/80 backdrop-blur-lg sticky top-0 z-50 transition-colors duration-300"[39m
        [33mrole[39m=[32m"banner"[39m
      [36m>[39m
        [36m<div[39m
          [33mclass[39m=[32m"max-w-7xl mx-auto px-4 sm:px-6 lg:px-8 h-16 flex items-center justify-between"[39m
        [36m>[39m
          [36m<a[39m
            [33mclass[39m=[32m"flex items-center gap-3 text-xl font-bold tracking-tight hover:opacity-90 transition-opacity"[39m
            [33mhref[39m=[32m"/"[39m
          [36m>[39m
            [36m<div[39m
              [33mclass[39m=[32m"flex items-center justify-center w-10 h-10 rounded-xl bg-slate-900 dark:bg-white text-white dark:text-slate-900 font-black tracking-tighter text-sm transition-transform duration-300 hover:scale-110 shadow-lg "[39m
            [36m>[39m
              [0mKATA[0m
            [36m</div>[39m
            [36m<span[39m
              [33mclass[39m=[32m"hidden sm:inline-block"[39m
            [36m>[39m
              [0mKATA[0m
            [36m</span>[39m
          [36m</a>[39m
          [36m<div[39m
            [33mclass[39m=[32m"flex items-center gap-4"[39m
          [36m>[39m
            [36m<nav[39m
              [33mclass[39m=[32m"hidden md:flex items-center gap-2"[39m
              [33mrole[39m=[32m"navigation"[39m
            [36m>[39m
              [36m<a[39m
                [33mclass[39m=[32m"text-sm font-medium transition-colors px-3 py-2 rounded-lg bg-indigo-100 dark:bg-indigo-600/20 text-indigo-700 dark:text-indigo-400 font-semibold border border-indigo-200 dark:border-indigo-500/30"[39m
                [33mhref[39m=[32m"/"[39m
              [36m>[39m
                [0mHome[0m
              [36m</a>[39m
              [36m<a[39m
                [33mclass[39m=[32m"text-sm font-medium transition-colors px-3 py-2 rounded-lg text-slate-600 dark:text-slate-300 hover:text-slate-900 dark:hover:text-white hover:bg-slate-100 dark:hover:bg-slate-800/60"[39m
                [33mhref[39m=[32m"/vehicles"[39m
              [36m>[39m
                [0mVehicles[0m
              [36m</a>[39m
              [36m<a[39m
                [33mclass[39m=[32m"text-sm font-medium transition-colors px-3 py-2 rounded-lg text-slate-600 dark:text-slate-300 hover:text-slate-900 dark:hover:text-white hover:bg-slate-100 dark:hover:bg-slate-800/60"[39m
                [33mhref[39m=[32m"/dashboard"[39m
              [36m>[39m
                [0mDashboard[0m
              [36m</a>[39m
              [36m<a[39m
                [33mclass[39m=[32m"text-sm font-medium transition-colors px-3 py-2 rounded-lg text-slate-600 dark:text-slate-300 hover:text-slate-900 dark:hover:text-white hover:bg-slate-100 dark:hover:bg-slate-800/60"[39m
                [33mhref[39m=[32m"/profile"[39m
              [36m>[39m
                [0mProfile[0m
              [36m</a>[39m
              [36m<button[39m
                [33mclass[39m=[32m"text-sm font-medium text-slate-500 dark:text-slate-400 hover:text-rose-600 dark:hover:text-rose-400 hover:bg-rose-50 dark:hover:bg-rose-500/10 px-3 py-2 rounded-lg transition-colors ml-2"[39m
              [36m>[39m
                [0mLogout[0m
              [36m</button>[39m
            [36m</nav>[39m
            [36m<button[39m
              [33maria-label[39m=[32m"Toggle Theme"[39m
              [33mclass[39m=[32m"p-2 rounded-lg text-slate-500 dark:text-slate-400 hover:bg-slate-100 dark:hover:bg-slate-800 transition-colors"[39m
            [36m>[39m
              [0m≡ƒîÖ[0m
            [36m</button>[39m
            [36m<button[39m
              [33maria-label[39m=[32m"Toggle Navigation Menu"[39m
              [33mclass[39m=[32m"md:hidden p-2 rounded-lg text-slate-500 dark:text-slate-400 hover:text-slate-900 dark:hover:text-white hover:bg-slate-100 dark:hover:bg-slate-800 transition-colors"[39m
            [36m>[39m
              [36m<svg[39m
                [33mclass[39m=[32m"w-6 h-6"[39m
                [33mfill[39m=[32m"none"[39m
                [33mstroke[39m=[32m"currentColor"[39m
                [33mviewBox[39m=[32m"0 0 24 24"[39m
              [36m>[39m
                [36m<path[39m
                  [33md[39m=[32m"M4 6h16M4 12h16M4 18h16"[39m
                  [33mstroke-linecap[39m=[32m"round"[39m
                  [33mstroke-linejoin[39m=[32m"round"[39m
                  [33mstroke-width[39m=[32m"2"[39m
                [36m/>[39m
              [36m</svg>[39m
            [36m</button>[39m
          [36m</div>[39m
        [36m</div>[39m
      [36m</header>[39m
      [36m<main[39m
        [33mclass[39m=[32m"flex-1 max-w-7xl mx-auto px-4 sm:px-6 lg:px-8 py-8 w-full transition-colors duration-300"[39m
      [36m>[39m
        [36m<div[39m
          [33mclass[39m=[32m"space-y-8"[39m
        [36m>[39m
          [36m<div[39m
            [33mclass[39m=[32m"flex flex-col sm:flex-row sm:items-center justify-between gap-4"[39m
          [36m>[39m
            [36m<div>[39m
              [36m<h1[39m
                [33mclass[39m=[32m"text-3xl font-black text-slate-900 dark:text-white tracking-tight transition-colors"[39m
              [36m>[39m
                [0mVehicle Inventory[0m
              [36m</h1>[39m
              [36m<p[39m
                [33mclass[39m=[32m"text-slate-600 dark:text-slate-400 text-sm mt-1 transition-colors"[39m
              [36m>[39m
                [0mBrowse and filter available vehicles in our dealership[0m
              [36m</p>[39m
            [36m</div>[39m
          [36m</div>[39m
          [36m<form[39m
            [33mclass[39m=[32m"bg-white dark:bg-slate-900/80 border border-slate-200 dark:border-slate-800 rounded-2xl p-4 sm:p-6 space-y-4 shadow-sm transition-colors"[39m
          [36m>[39m
            [36m<div[39m
              [33mclass[39m=[32m"grid grid-cols-1 sm:grid-cols-2 lg:grid-cols-4 gap-4"[39m
            [36m>[39m
              [36m<div[39m
                [33mclass[39m=[32m"flex flex-col gap-1.5 w-full"[39m
              [36m>[39m
                [36m<label[39m
                  [33mclass[39m=[32m"text-xs font-semibold text-slate-400"[39m
                  [33mfor[39m=[32m"search-make-/-keyword"[39m
                [36m>[39m
                  [0mSearch Make / Keyword[0m
                [36m</label>[39m
                [36m<input[39m
                  [33mclass[39m=[32m"px-3 py-2 text-sm bg-slate-900 border border-slate-800 focus:ring-indigo-500 rounded-lg text-slate-100 placeholder-slate-500 focus:outline-none focus:ring-2 focus:ring-offset-2 focus:ring-offset-slate-950 transition-all "[39m
                  [33mid[39m=[32m"search-make-/-keyword"[39m
                  [33mplaceholder[39m=[32m"Search by make, model, or category..."[39m
                  [33mvalue[39m=[32m""[39m
                [36m/>[39m
              [36m</div>[39m
              [36m<div[39m
                [33mclass[39m=[32m"flex flex-col gap-1.5 w-full"[39m
              [36m>[39m
                [36m<label[39m
                  [33mclass[39m=[32m"text-xs font-semibold text-slate-400"[39m
                  [33mfor[39m=[32m"category"[39m
                [36m>[39m
                  [0mCategory[0m
                [36m</label>[39m
                [36m<select[39m
                  [33mclass[39m=[32m"px-3 py-2 text-sm bg-slate-900 border border-slate-800 focus:ring-indigo-500 rounded-lg text-slate-100 placeholder-slate-500 focus:outline-none focus:ring-2 focus:ring-offset-2 focus:ring-offset-slate-950 transition-all "[39m
                  [33mid[39m=[32m"category"[39m
                [36m>[39m
                  [36m<option[39m
                    [33mvalue[39m=[32m""[39m
                  [36m>[39m
                    [0mAll Categories[0m
                  [36m</option>[39m
                  [36m<option[39m
                    [33mvalue[39m=[32m"Electric"[39m
                  [36m>[39m
                    [0mElectric[0m
                  [36m</option>[39m
                  [36m<option[39m
                    [33mvalue[39m=[32m"SUV"[39m
                  [36m>[39m
                    [0mSUV[0m
                  [36m</option>[39m
                  [36m<option[39m
                    [33mvalue[39m=[32m"Truck"[39m
                  [36m>[39m
                    [0mTruck[0m
                  [36m</option>[39m
                  [36m<option[39m
                    [33mvalue[39m=[32m"Sedan"[39m
                  [36m>[39m
                    [0mSedan[0m
                  [36m</option>[39m
                  [36m<option[39m
                    [33mvalue[39m=[32m"Coupe"[39m
                  [36m>[39m
                    [0mCoupe[0m
                  [36m</option>[39m
                [36m</select>[39m
              [36m</div>[39m
              [36m<div[39m
                [33mclass[39m=[32m"flex flex-col gap-1.5 w-full"[39m
              [36m>[39m
                [36m<label[39m
                  [33mclass[39m=[32m"text-xs font-semibold text-slate-400"[39m
                  [33mfor[39m=[32m"min-price-($)"[39m
                [36m>[39m
                  [0mMin Price ($)[0m
                [36m</label>[39m
                [36m<input[39m
                  [33mclass[39m=[32m"px-3 py-2 text-sm bg-slate-900 border border-slate-800 focus:ring-indigo-500 round...

[90mstdout[2m | src/pages/__tests__/publicPages.test.tsx[2m > [22m[2mPublic Pages[2m > [22m[2mVehicles Listing Page[2m > [22m[2mfetches vehicles and displays search bar, filter controls and pagination
[22m[39m[36m<body>[39m
  [36m<div>[39m
    [36m<div[39m
      [33mclass[39m=[32m"flex flex-col min-h-screen bg-slate-50 dark:bg-slate-950 text-slate-900 dark:text-slate-100 font-sans transition-colors duration-300"[39m
    [36m>[39m
      [36m<header[39m
        [33mclass[39m=[32m"border-b border-slate-200/80 dark:border-slate-800/80 bg-white/80 dark:bg-slate-900/80 backdrop-blur-lg sticky top-0 z-50 transition-colors duration-300"[39m
        [33mrole[39m=[32m"banner"[39m
      [36m>[39m
        [36m<div[39m
          [33mclass[39m=[32m"max-w-7xl mx-auto px-4 sm:px-6 lg:px-8 h-16 flex items-center justify-between"[39m
        [36m>[39m
          [36m<a[39m
            [33mclass[39m=[32m"flex items-center gap-3 text-xl font-bold tracking-tight hover:opacity-90 transition-opacity"[39m
            [33mhref[39m=[32m"/"[39m
          [36m>[39m
            [36m<div[39m
              [33mclass[39m=[32m"flex items-center justify-center w-10 h-10 rounded-xl bg-slate-900 dark:bg-white text-white dark:text-slate-900 font-black tracking-tighter text-sm transition-transform duration-300 hover:scale-110 shadow-lg "[39m
            [36m>[39m
              [0mKATA[0m
            [36m</div>[39m
            [36m<span[39m
              [33mclass[39m=[32m"hidden sm:inline-block"[39m
            [36m>[39m
              [0mKATA[0m
            [36m</span>[39m
          [36m</a>[39m
          [36m<div[39m
            [33mclass[39m=[32m"flex items-center gap-4"[39m
          [36m>[39m
            [36m<nav[39m
              [33mclass[39m=[32m"hidden md:flex items-center gap-2"[39m
              [33mrole[39m=[32m"navigation"[39m
            [36m>[39m
              [36m<a[39m
                [33mclass[39m=[32m"text-sm font-medium transition-colors px-3 py-2 rounded-lg bg-indigo-100 dark:bg-indigo-600/20 text-indigo-700 dark:text-indigo-400 font-semibold border border-indigo-200 dark:border-indigo-500/30"[39m
                [33mhref[39m=[32m"/"[39m
              [36m>[39m
                [0mHome[0m
              [36m</a>[39m
              [36m<a[39m
                [33mclass[39m=[32m"text-sm font-medium transition-colors px-3 py-2 rounded-lg text-slate-600 dark:text-slate-300 hover:text-slate-900 dark:hover:text-white hover:bg-slate-100 dark:hover:bg-slate-800/60"[39m
                [33mhref[39m=[32m"/vehicles"[39m
              [36m>[39m
                [0mVehicles[0m
              [36m</a>[39m
              [36m<a[39m
                [33mclass[39m=[32m"text-sm font-medium transition-colors px-3 py-2 rounded-lg text-slate-600 dark:text-slate-300 hover:text-slate-900 dark:hover:text-white hover:bg-slate-100 dark:hover:bg-slate-800/60"[39m
                [33mhref[39m=[32m"/dashboard"[39m
              [36m>[39m
                [0mDashboard[0m
              [36m</a>[39m
              [36m<a[39m
                [33mclass[39m=[32m"text-sm font-medium transition-colors px-3 py-2 rounded-lg text-slate-600 dark:text-slate-300 hover:text-slate-900 dark:hover:text-white hover:bg-slate-100 dark:hover:bg-slate-800/60"[39m
                [33mhref[39m=[32m"/profile"[39m
              [36m>[39m
                [0mProfile[0m
              [36m</a>[39m
              [36m<button[39m
                [33mclass[39m=[32m"text-sm font-medium text-slate-500 dark:text-slate-400 hover:text-rose-600 dark:hover:text-rose-400 hover:bg-rose-50 dark:hover:bg-rose-500/10 px-3 py-2 rounded-lg transition-colors ml-2"[39m
              [36m>[39m
                [0mLogout[0m
              [36m</button>[39m
            [36m</nav>[39m
            [36m<button[39m
              [33maria-label[39m=[32m"Toggle Theme"[39m
              [33mclass[39m=[32m"p-2 rounded-lg text-slate-500 dark:text-slate-400 hover:bg-slate-100 dark:hover:bg-slate-800 transition-colors"[39m
            [36m>[39m
              [0m≡ƒîÖ[0m
            [36m</button>[39m
            [36m<button[39m
              [33maria-label[39m=[32m"Toggle Navigation Menu"[39m
              [33mclass[39m=[32m"md:hidden p-2 rounded-lg text-slate-500 dark:text-slate-400 hover:text-slate-900 dark:hover:text-white hover:bg-slate-100 dark:hover:bg-slate-800 transition-colors"[39m
            [36m>[39m
              [36m<svg[39m
                [33mclass[39m=[32m"w-6 h-6"[39m
                [33mfill[39m=[32m"none"[39m
                [33mstroke[39m=[32m"currentColor"[39m
                [33mviewBox[39m=[32m"0 0 24 24"[39m
              [36m>[39m
                [36m<path[39m
                  [33md[39m=[32m"M4 6h16M4 12h16M4 18h16"[39m
                  [33mstroke-linecap[39m=[32m"round"[39m
                  [33mstroke-linejoin[39m=[32m"round"[39m
                  [33mstroke-width[39m=[32m"2"[39m
                [36m/>[39m
              [36m</svg>[39m
            [36m</button>[39m
          [36m</div>[39m
        [36m</div>[39m
      [36m</header>[39m
      [36m<main[39m
        [33mclass[39m=[32m"flex-1 max-w-7xl mx-auto px-4 sm:px-6 lg:px-8 py-8 w-full transition-colors duration-300"[39m
      [36m>[39m
        [36m<div[39m
          [33mclass[39m=[32m"space-y-8"[39m
        [36m>[39m
          [36m<div[39m
            [33mclass[39m=[32m"flex flex-col sm:flex-row sm:items-center justify-between gap-4"[39m
          [36m>[39m
            [36m<div>[39m
              [36m<h1[39m
                [33mclass[39m=[32m"text-3xl font-black text-slate-900 dark:text-white tracking-tight transition-colors"[39m
              [36m>[39m
                [0mVehicle Inventory[0m
              [36m</h1>[39m
              [36m<p[39m
                [33mclass[39m=[32m"text-slate-600 dark:text-slate-400 text-sm mt-1 transition-colors"[39m
              [36m>[39m
                [0mBrowse and filter available vehicles in our dealership[0m
              [36m</p>[39m
            [36m</div>[39m
          [36m</div>[39m
          [36m<form[39m
            [33mclass[39m=[32m"bg-white dark:bg-slate-900/80 border border-slate-200 dark:border-slate-800 rounded-2xl p-4 sm:p-6 space-y-4 shadow-sm transition-colors"[39m
          [36m>[39m
            [36m<div[39m
              [33mclass[39m=[32m"grid grid-cols-1 sm:grid-cols-2 lg:grid-cols-4 gap-4"[39m
            [36m>[39m
              [36m<div[39m
                [33mclass[39m=[32m"flex flex-col gap-1.5 w-full"[39m
              [36m>[39m
                [36m<label[39m
                  [33mclass[39m=[32m"text-xs font-semibold text-slate-400"[39m
                  [33mfor[39m=[32m"search-make-/-keyword"[39m
                [36m>[39m
                  [0mSearch Make / Keyword[0m
                [36m</label>[39m
                [36m<input[39m
                  [33mclass[39m=[32m"px-3 py-2 text-sm bg-slate-900 border border-slate-800 focus:ring-indigo-500 rounded-lg text-slate-100 placeholder-slate-500 focus:outline-none focus:ring-2 focus:ring-offset-2 focus:ring-offset-slate-950 transition-all "[39m
                  [33mid[39m=[32m"search-make-/-keyword"[39m
                  [33mplaceholder[39m=[32m"Search by make, model, or category..."[39m
                  [33mvalue[39m=[32m""[39m
                [36m/>[39m
              [36m</div>[39m
              [36m<div[39m
                [33mclass[39m=[32m"flex flex-col gap-1.5 w-full"[39m
              [36m>[39m
                [36m<label[39m
                  [33mclass[39m=[32m"text-xs font-semibold text-slate-400"[39m
                  [33mfor[39m=[32m"category"[39m
                [36m>[39m
                  [0mCategory[0m
                [36m</label>[39m
                [36m<select[39m
                  [33mclass[39m=[32m"px-3 py-2 text-sm bg-slate-900 border border-slate-800 focus:ring-indigo-500 rounded-lg text-slate-100 placeholder-slate-500 focus:outline-none focus:ring-2 focus:ring-offset-2 focus:ring-offset-slate-950 transition-all "[39m
                  [33mid[39m=[32m"category"[39m
                [36m>[39m
                  [36m<option[39m
                    [33mvalue[39m=[32m""[39m
                  [36m>[39m
                    [0mAll Categories[0m
                  [36m</option>[39m
                  [36m<option[39m
                    [33mvalue[39m=[32m"Electric"[39m
                  [36m>[39m
                    [0mElectric[0m
                  [36m</option>[39m
                  [36m<option[39m
                    [33mvalue[39m=[32m"SUV"[39m
                  [36m>[39m
                    [0mSUV[0m
                  [36m</option>[39m
                  [36m<option[39m
                    [33mvalue[39m=[32m"Truck"[39m
                  [36m>[39m
                    [0mTruck[0m
                  [36m</option>[39m
                  [36m<option[39m
                    [33mvalue[39m=[32m"Sedan"[39m
                  [36m>[39m
                    [0mSedan[0m
                  [36m</option>[39m
                  [36m<option[39m
                    [33mvalue[39m=[32m"Coupe"[39m
                  [36m>[39m
                    [0mCoupe[0m
                  [36m</option>[39m
                [36m</select>[39m
              [36m</div>[39m
              [36m<div[39m
                [33mclass[39m=[32m"flex flex-col gap-1.5 w-full"[39m
              [36m>[39m
                [36m<label[39m
                  [33mclass[39m=[32m"text-xs font-semibold text-slate-400"[39m
                  [33mfor[39m=[32m"min-price-($)"[39m
                [36m>[39m
                  [0mMin Price ($)[0m
                [36m</label>[39m
                [36m<input[39m
                  [33mclass[39m=[32m"px-3 py-2 text-sm bg-slate-900 border border-slate-800 focus:ring-indigo-500 round...

[90mstdout[2m | src/pages/__tests__/publicPages.test.tsx[2m > [22m[2mPublic Pages[2m > [22m[2mVehicles Listing Page[2m > [22m[2mfetches vehicles and displays search bar, filter controls and pagination
[22m[39m[36m<body>[39m
  [36m<div>[39m
    [36m<div[39m
      [33mclass[39m=[32m"flex flex-col min-h-screen bg-slate-50 dark:bg-slate-950 text-slate-900 dark:text-slate-100 font-sans transition-colors duration-300"[39m
    [36m>[39m
      [36m<header[39m
        [33mclass[39m=[32m"border-b border-slate-200/80 dark:border-slate-800/80 bg-white/80 dark:bg-slate-900/80 backdrop-blur-lg sticky top-0 z-50 transition-colors duration-300"[39m
        [33mrole[39m=[32m"banner"[39m
      [36m>[39m
        [36m<div[39m
          [33mclass[39m=[32m"max-w-7xl mx-auto px-4 sm:px-6 lg:px-8 h-16 flex items-center justify-between"[39m
        [36m>[39m
          [36m<a[39m
            [33mclass[39m=[32m"flex items-center gap-3 text-xl font-bold tracking-tight hover:opacity-90 transition-opacity"[39m
            [33mhref[39m=[32m"/"[39m
          [36m>[39m
            [36m<div[39m
              [33mclass[39m=[32m"flex items-center justify-center w-10 h-10 rounded-xl bg-slate-900 dark:bg-white text-white dark:text-slate-900 font-black tracking-tighter text-sm transition-transform duration-300 hover:scale-110 shadow-lg "[39m
            [36m>[39m
              [0mKATA[0m
            [36m</div>[39m
            [36m<span[39m
              [33mclass[39m=[32m"hidden sm:inline-block"[39m
            [36m>[39m
              [0mKATA[0m
            [36m</span>[39m
          [36m</a>[39m
          [36m<div[39m
            [33mclass[39m=[32m"flex items-center gap-4"[39m
          [36m>[39m
            [36m<nav[39m
              [33mclass[39m=[32m"hidden md:flex items-center gap-2"[39m
              [33mrole[39m=[32m"navigation"[39m
            [36m>[39m
              [36m<a[39m
                [33mclass[39m=[32m"text-sm font-medium transition-colors px-3 py-2 rounded-lg bg-indigo-100 dark:bg-indigo-600/20 text-indigo-700 dark:text-indigo-400 font-semibold border border-indigo-200 dark:border-indigo-500/30"[39m
                [33mhref[39m=[32m"/"[39m
              [36m>[39m
                [0mHome[0m
              [36m</a>[39m
              [36m<a[39m
                [33mclass[39m=[32m"text-sm font-medium transition-colors px-3 py-2 rounded-lg text-slate-600 dark:text-slate-300 hover:text-slate-900 dark:hover:text-white hover:bg-slate-100 dark:hover:bg-slate-800/60"[39m
                [33mhref[39m=[32m"/vehicles"[39m
              [36m>[39m
                [0mVehicles[0m
              [36m</a>[39m
              [36m<a[39m
                [33mclass[39m=[32m"text-sm font-medium transition-colors px-3 py-2 rounded-lg text-slate-600 dark:text-slate-300 hover:text-slate-900 dark:hover:text-white hover:bg-slate-100 dark:hover:bg-slate-800/60"[39m
                [33mhref[39m=[32m"/dashboard"[39m
              [36m>[39m
                [0mDashboard[0m
              [36m</a>[39m
              [36m<a[39m
                [33mclass[39m=[32m"text-sm font-medium transition-colors px-3 py-2 rounded-lg text-slate-600 dark:text-slate-300 hover:text-slate-900 dark:hover:text-white hover:bg-slate-100 dark:hover:bg-slate-800/60"[39m
                [33mhref[39m=[32m"/profile"[39m
              [36m>[39m
                [0mProfile[0m
              [36m</a>[39m
              [36m<button[39m
                [33mclass[39m=[32m"text-sm font-medium text-slate-500 dark:text-slate-400 hover:text-rose-600 dark:hover:text-rose-400 hover:bg-rose-50 dark:hover:bg-rose-500/10 px-3 py-2 rounded-lg transition-colors ml-2"[39m
              [36m>[39m
                [0mLogout[0m
              [36m</button>[39m
            [36m</nav>[39m
            [36m<button[39m
              [33maria-label[39m=[32m"Toggle Theme"[39m
              [33mclass[39m=[32m"p-2 rounded-lg text-slate-500 dark:text-slate-400 hover:bg-slate-100 dark:hover:bg-slate-800 transition-colors"[39m
            [36m>[39m
              [0m≡ƒîÖ[0m
            [36m</button>[39m
            [36m<button[39m
              [33maria-label[39m=[32m"Toggle Navigation Menu"[39m
              [33mclass[39m=[32m"md:hidden p-2 rounded-lg text-slate-500 dark:text-slate-400 hover:text-slate-900 dark:hover:text-white hover:bg-slate-100 dark:hover:bg-slate-800 transition-colors"[39m
            [36m>[39m
              [36m<svg[39m
                [33mclass[39m=[32m"w-6 h-6"[39m
                [33mfill[39m=[32m"none"[39m
                [33mstroke[39m=[32m"currentColor"[39m
                [33mviewBox[39m=[32m"0 0 24 24"[39m
              [36m>[39m
                [36m<path[39m
                  [33md[39m=[32m"M4 6h16M4 12h16M4 18h16"[39m
                  [33mstroke-linecap[39m=[32m"round"[39m
                  [33mstroke-linejoin[39m=[32m"round"[39m
                  [33mstroke-width[39m=[32m"2"[39m
                [36m/>[39m
              [36m</svg>[39m
            [36m</button>[39m
          [36m</div>[39m
        [36m</div>[39m
      [36m</header>[39m
      [36m<main[39m
        [33mclass[39m=[32m"flex-1 max-w-7xl mx-auto px-4 sm:px-6 lg:px-8 py-8 w-full transition-colors duration-300"[39m
      [36m>[39m
        [36m<div[39m
          [33mclass[39m=[32m"space-y-8"[39m
        [36m>[39m
          [36m<div[39m
            [33mclass[39m=[32m"flex flex-col sm:flex-row sm:items-center justify-between gap-4"[39m
          [36m>[39m
            [36m<div>[39m
              [36m<h1[39m
                [33mclass[39m=[32m"text-3xl font-black text-slate-900 dark:text-white tracking-tight transition-colors"[39m
              [36m>[39m
                [0mVehicle Inventory[0m
              [36m</h1>[39m
              [36m<p[39m
                [33mclass[39m=[32m"text-slate-600 dark:text-slate-400 text-sm mt-1 transition-colors"[39m
              [36m>[39m
                [0mBrowse and filter available vehicles in our dealership[0m
              [36m</p>[39m
            [36m</div>[39m
          [36m</div>[39m
          [36m<form[39m
            [33mclass[39m=[32m"bg-white dark:bg-slate-900/80 border border-slate-200 dark:border-slate-800 rounded-2xl p-4 sm:p-6 space-y-4 shadow-sm transition-colors"[39m
          [36m>[39m
            [36m<div[39m
              [33mclass[39m=[32m"grid grid-cols-1 sm:grid-cols-2 lg:grid-cols-4 gap-4"[39m
            [36m>[39m
              [36m<div[39m
                [33mclass[39m=[32m"flex flex-col gap-1.5 w-full"[39m
              [36m>[39m
                [36m<label[39m
                  [33mclass[39m=[32m"text-xs font-semibold text-slate-400"[39m
                  [33mfor[39m=[32m"search-make-/-keyword"[39m
                [36m>[39m
                  [0mSearch Make / Keyword[0m
                [36m</label>[39m
                [36m<input[39m
                  [33mclass[39m=[32m"px-3 py-2 text-sm bg-slate-900 border border-slate-800 focus:ring-indigo-500 rounded-lg text-slate-100 placeholder-slate-500 focus:outline-none focus:ring-2 focus:ring-offset-2 focus:ring-offset-slate-950 transition-all "[39m
                  [33mid[39m=[32m"search-make-/-keyword"[39m
                  [33mplaceholder[39m=[32m"Search by make, model, or category..."[39m
                  [33mvalue[39m=[32m""[39m
                [36m/>[39m
              [36m</div>[39m
              [36m<div[39m
                [33mclass[39m=[32m"flex flex-col gap-1.5 w-full"[39m
              [36m>[39m
                [36m<label[39m
                  [33mclass[39m=[32m"text-xs font-semibold text-slate-400"[39m
                  [33mfor[39m=[32m"category"[39m
                [36m>[39m
                  [0mCategory[0m
                [36m</label>[39m
                [36m<select[39m
                  [33mclass[39m=[32m"px-3 py-2 text-sm bg-slate-900 border border-slate-800 focus:ring-indigo-500 rounded-lg text-slate-100 placeholder-slate-500 focus:outline-none focus:ring-2 focus:ring-offset-2 focus:ring-offset-slate-950 transition-all "[39m
                  [33mid[39m=[32m"category"[39m
                [36m>[39m
                  [36m<option[39m
                    [33mvalue[39m=[32m""[39m
                  [36m>[39m
                    [0mAll Categories[0m
                  [36m</option>[39m
                  [36m<option[39m
                    [33mvalue[39m=[32m"Electric"[39m
                  [36m>[39m
                    [0mElectric[0m
                  [36m</option>[39m
                  [36m<option[39m
                    [33mvalue[39m=[32m"SUV"[39m
                  [36m>[39m
                    [0mSUV[0m
                  [36m</option>[39m
                  [36m<option[39m
                    [33mvalue[39m=[32m"Truck"[39m
                  [36m>[39m
                    [0mTruck[0m
                  [36m</option>[39m
                  [36m<option[39m
                    [33mvalue[39m=[32m"Sedan"[39m
                  [36m>[39m
                    [0mSedan[0m
                  [36m</option>[39m
                  [36m<option[39m
                    [33mvalue[39m=[32m"Coupe"[39m
                  [36m>[39m
                    [0mCoupe[0m
                  [36m</option>[39m
                [36m</select>[39m
              [36m</div>[39m
              [36m<div[39m
                [33mclass[39m=[32m"flex flex-col gap-1.5 w-full"[39m
              [36m>[39m
                [36m<label[39m
                  [33mclass[39m=[32m"text-xs font-semibold text-slate-400"[39m
                  [33mfor[39m=[32m"min-price-($)"[39m
                [36m>[39m
                  [0mMin Price ($)[0m
                [36m</label>[39m
                [36m<input[39m
                  [33mclass[39m=[32m"px-3 py-2 text-sm bg-slate-900 border border-slate-800 focus:ring-indigo-500 round...

[90mstdout[2m | src/pages/__tests__/publicPages.test.tsx[2m > [22m[2mPublic Pages[2m > [22m[2mVehicles Listing Page[2m > [22m[2mfetches vehicles and displays search bar, filter controls and pagination
[22m[39m[36m<body>[39m
  [36m<div>[39m
    [36m<div[39m
      [33mclass[39m=[32m"flex flex-col min-h-screen bg-slate-50 dark:bg-slate-950 text-slate-900 dark:text-slate-100 font-sans transition-colors duration-300"[39m
    [36m>[39m
      [36m<header[39m
        [33mclass[39m=[32m"border-b border-slate-200/80 dark:border-slate-800/80 bg-white/80 dark:bg-slate-900/80 backdrop-blur-lg sticky top-0 z-50 transition-colors duration-300"[39m
        [33mrole[39m=[32m"banner"[39m
      [36m>[39m
        [36m<div[39m
          [33mclass[39m=[32m"max-w-7xl mx-auto px-4 sm:px-6 lg:px-8 h-16 flex items-center justify-between"[39m
        [36m>[39m
          [36m<a[39m
            [33mclass[39m=[32m"flex items-center gap-3 text-xl font-bold tracking-tight hover:opacity-90 transition-opacity"[39m
            [33mhref[39m=[32m"/"[39m
          [36m>[39m
            [36m<div[39m
              [33mclass[39m=[32m"flex items-center justify-center w-10 h-10 rounded-xl bg-slate-900 dark:bg-white text-white dark:text-slate-900 font-black tracking-tighter text-sm transition-transform duration-300 hover:scale-110 shadow-lg "[39m
            [36m>[39m
              [0mKATA[0m
            [36m</div>[39m
            [36m<span[39m
              [33mclass[39m=[32m"hidden sm:inline-block"[39m
            [36m>[39m
              [0mKATA[0m
            [36m</span>[39m
          [36m</a>[39m
          [36m<div[39m
            [33mclass[39m=[32m"flex items-center gap-4"[39m
          [36m>[39m
            [36m<nav[39m
              [33mclass[39m=[32m"hidden md:flex items-center gap-2"[39m
              [33mrole[39m=[32m"navigation"[39m
            [36m>[39m
              [36m<a[39m
                [33mclass[39m=[32m"text-sm font-medium transition-colors px-3 py-2 rounded-lg bg-indigo-100 dark:bg-indigo-600/20 text-indigo-700 dark:text-indigo-400 font-semibold border border-indigo-200 dark:border-indigo-500/30"[39m
                [33mhref[39m=[32m"/"[39m
              [36m>[39m
                [0mHome[0m
              [36m</a>[39m
              [36m<a[39m
                [33mclass[39m=[32m"text-sm font-medium transition-colors px-3 py-2 rounded-lg text-slate-600 dark:text-slate-300 hover:text-slate-900 dark:hover:text-white hover:bg-slate-100 dark:hover:bg-slate-800/60"[39m
                [33mhref[39m=[32m"/vehicles"[39m
              [36m>[39m
                [0mVehicles[0m
              [36m</a>[39m
              [36m<a[39m
                [33mclass[39m=[32m"text-sm font-medium transition-colors px-3 py-2 rounded-lg text-slate-600 dark:text-slate-300 hover:text-slate-900 dark:hover:text-white hover:bg-slate-100 dark:hover:bg-slate-800/60"[39m
                [33mhref[39m=[32m"/dashboard"[39m
              [36m>[39m
                [0mDashboard[0m
              [36m</a>[39m
              [36m<a[39m
                [33mclass[39m=[32m"text-sm font-medium transition-colors px-3 py-2 rounded-lg text-slate-600 dark:text-slate-300 hover:text-slate-900 dark:hover:text-white hover:bg-slate-100 dark:hover:bg-slate-800/60"[39m
                [33mhref[39m=[32m"/profile"[39m
              [36m>[39m
                [0mProfile[0m
              [36m</a>[39m
              [36m<button[39m
                [33mclass[39m=[32m"text-sm font-medium text-slate-500 dark:text-slate-400 hover:text-rose-600 dark:hover:text-rose-400 hover:bg-rose-50 dark:hover:bg-rose-500/10 px-3 py-2 rounded-lg transition-colors ml-2"[39m
              [36m>[39m
                [0mLogout[0m
              [36m</button>[39m
            [36m</nav>[39m
            [36m<button[39m
              [33maria-label[39m=[32m"Toggle Theme"[39m
              [33mclass[39m=[32m"p-2 rounded-lg text-slate-500 dark:text-slate-400 hover:bg-slate-100 dark:hover:bg-slate-800 transition-colors"[39m
            [36m>[39m
              [0m≡ƒîÖ[0m
            [36m</button>[39m
            [36m<button[39m
              [33maria-label[39m=[32m"Toggle Navigation Menu"[39m
              [33mclass[39m=[32m"md:hidden p-2 rounded-lg text-slate-500 dark:text-slate-400 hover:text-slate-900 dark:hover:text-white hover:bg-slate-100 dark:hover:bg-slate-800 transition-colors"[39m
            [36m>[39m
              [36m<svg[39m
                [33mclass[39m=[32m"w-6 h-6"[39m
                [33mfill[39m=[32m"none"[39m
                [33mstroke[39m=[32m"currentColor"[39m
                [33mviewBox[39m=[32m"0 0 24 24"[39m
              [36m>[39m
                [36m<path[39m
                  [33md[39m=[32m"M4 6h16M4 12h16M4 18h16"[39m
                  [33mstroke-linecap[39m=[32m"round"[39m
                  [33mstroke-linejoin[39m=[32m"round"[39m
                  [33mstroke-width[39m=[32m"2"[39m
                [36m/>[39m
              [36m</svg>[39m
            [36m</button>[39m
          [36m</div>[39m
        [36m</div>[39m
      [36m</header>[39m
      [36m<main[39m
        [33mclass[39m=[32m"flex-1 max-w-7xl mx-auto px-4 sm:px-6 lg:px-8 py-8 w-full transition-colors duration-300"[39m
      [36m>[39m
        [36m<div[39m
          [33mclass[39m=[32m"space-y-8"[39m
        [36m>[39m
          [36m<div[39m
            [33mclass[39m=[32m"flex flex-col sm:flex-row sm:items-center justify-between gap-4"[39m
          [36m>[39m
            [36m<div>[39m
              [36m<h1[39m
                [33mclass[39m=[32m"text-3xl font-black text-slate-900 dark:text-white tracking-tight transition-colors"[39m
              [36m>[39m
                [0mVehicle Inventory[0m
              [36m</h1>[39m
              [36m<p[39m
                [33mclass[39m=[32m"text-slate-600 dark:text-slate-400 text-sm mt-1 transition-colors"[39m
              [36m>[39m
                [0mBrowse and filter available vehicles in our dealership[0m
              [36m</p>[39m
            [36m</div>[39m
          [36m</div>[39m
          [36m<form[39m
            [33mclass[39m=[32m"bg-white dark:bg-slate-900/80 border border-slate-200 dark:border-slate-800 rounded-2xl p-4 sm:p-6 space-y-4 shadow-sm transition-colors"[39m
          [36m>[39m
            [36m<div[39m
              [33mclass[39m=[32m"grid grid-cols-1 sm:grid-cols-2 lg:grid-cols-4 gap-4"[39m
            [36m>[39m
              [36m<div[39m
                [33mclass[39m=[32m"flex flex-col gap-1.5 w-full"[39m
              [36m>[39m
                [36m<label[39m
                  [33mclass[39m=[32m"text-xs font-semibold text-slate-400"[39m
                  [33mfor[39m=[32m"search-make-/-keyword"[39m
                [36m>[39m
                  [0mSearch Make / Keyword[0m
                [36m</label>[39m
                [36m<input[39m
                  [33mclass[39m=[32m"px-3 py-2 text-sm bg-slate-900 border border-slate-800 focus:ring-indigo-500 rounded-lg text-slate-100 placeholder-slate-500 focus:outline-none focus:ring-2 focus:ring-offset-2 focus:ring-offset-slate-950 transition-all "[39m
                  [33mid[39m=[32m"search-make-/-keyword"[39m
                  [33mplaceholder[39m=[32m"Search by make, model, or category..."[39m
                  [33mvalue[39m=[32m""[39m
                [36m/>[39m
              [36m</div>[39m
              [36m<div[39m
                [33mclass[39m=[32m"flex flex-col gap-1.5 w-full"[39m
              [36m>[39m
                [36m<label[39m
                  [33mclass[39m=[32m"text-xs font-semibold text-slate-400"[39m
                  [33mfor[39m=[32m"category"[39m
                [36m>[39m
                  [0mCategory[0m
                [36m</label>[39m
                [36m<select[39m
                  [33mclass[39m=[32m"px-3 py-2 text-sm bg-slate-900 border border-slate-800 focus:ring-indigo-500 rounded-lg text-slate-100 placeholder-slate-500 focus:outline-none focus:ring-2 focus:ring-offset-2 focus:ring-offset-slate-950 transition-all "[39m
                  [33mid[39m=[32m"category"[39m
                [36m>[39m
                  [36m<option[39m
                    [33mvalue[39m=[32m""[39m
                  [36m>[39m
                    [0mAll Categories[0m
                  [36m</option>[39m
                  [36m<option[39m
                    [33mvalue[39m=[32m"Electric"[39m
                  [36m>[39m
                    [0mElectric[0m
                  [36m</option>[39m
                  [36m<option[39m
                    [33mvalue[39m=[32m"SUV"[39m
                  [36m>[39m
                    [0mSUV[0m
                  [36m</option>[39m
                  [36m<option[39m
                    [33mvalue[39m=[32m"Truck"[39m
                  [36m>[39m
                    [0mTruck[0m
                  [36m</option>[39m
                  [36m<option[39m
                    [33mvalue[39m=[32m"Sedan"[39m
                  [36m>[39m
                    [0mSedan[0m
                  [36m</option>[39m
                  [36m<option[39m
                    [33mvalue[39m=[32m"Coupe"[39m
                  [36m>[39m
                    [0mCoupe[0m
                  [36m</option>[39m
                [36m</select>[39m
              [36m</div>[39m
              [36m<div[39m
                [33mclass[39m=[32m"flex flex-col gap-1.5 w-full"[39m
              [36m>[39m
                [36m<label[39m
                  [33mclass[39m=[32m"text-xs font-semibold text-slate-400"[39m
                  [33mfor[39m=[32m"min-price-($)"[39m
                [36m>[39m
                  [0mMin Price ($)[0m
                [36m</label>[39m
                [36m<input[39m
                  [33mclass[39m=[32m"px-3 py-2 text-sm bg-slate-900 border border-slate-800 focus:ring-indigo-500 round...

[90mstdout[2m | src/pages/__tests__/publicPages.test.tsx[2m > [22m[2mPublic Pages[2m > [22m[2mVehicles Listing Page[2m > [22m[2mfetches vehicles and displays search bar, filter controls and pagination
[22m[39m[36m<body>[39m
  [36m<div>[39m
    [36m<div[39m
      [33mclass[39m=[32m"flex flex-col min-h-screen bg-slate-50 dark:bg-slate-950 text-slate-900 dark:text-slate-100 font-sans transition-colors duration-300"[39m
    [36m>[39m
      [36m<header[39m
        [33mclass[39m=[32m"border-b border-slate-200/80 dark:border-slate-800/80 bg-white/80 dark:bg-slate-900/80 backdrop-blur-lg sticky top-0 z-50 transition-colors duration-300"[39m
        [33mrole[39m=[32m"banner"[39m
      [36m>[39m
        [36m<div[39m
          [33mclass[39m=[32m"max-w-7xl mx-auto px-4 sm:px-6 lg:px-8 h-16 flex items-center justify-between"[39m
        [36m>[39m
          [36m<a[39m
            [33mclass[39m=[32m"flex items-center gap-3 text-xl font-bold tracking-tight hover:opacity-90 transition-opacity"[39m
            [33mhref[39m=[32m"/"[39m
          [36m>[39m
            [36m<div[39m
              [33mclass[39m=[32m"flex items-center justify-center w-10 h-10 rounded-xl bg-slate-900 dark:bg-white text-white dark:text-slate-900 font-black tracking-tighter text-sm transition-transform duration-300 hover:scale-110 shadow-lg "[39m
            [36m>[39m
              [0mKATA[0m
            [36m</div>[39m
            [36m<span[39m
              [33mclass[39m=[32m"hidden sm:inline-block"[39m
            [36m>[39m
              [0mKATA[0m
            [36m</span>[39m
          [36m</a>[39m
          [36m<div[39m
            [33mclass[39m=[32m"flex items-center gap-4"[39m
          [36m>[39m
            [36m<nav[39m
              [33mclass[39m=[32m"hidden md:flex items-center gap-2"[39m
              [33mrole[39m=[32m"navigation"[39m
            [36m>[39m
              [36m<a[39m
                [33mclass[39m=[32m"text-sm font-medium transition-colors px-3 py-2 rounded-lg bg-indigo-100 dark:bg-indigo-600/20 text-indigo-700 dark:text-indigo-400 font-semibold border border-indigo-200 dark:border-indigo-500/30"[39m
                [33mhref[39m=[32m"/"[39m
              [36m>[39m
                [0mHome[0m
              [36m</a>[39m
              [36m<a[39m
                [33mclass[39m=[32m"text-sm font-medium transition-colors px-3 py-2 rounded-lg text-slate-600 dark:text-slate-300 hover:text-slate-900 dark:hover:text-white hover:bg-slate-100 dark:hover:bg-slate-800/60"[39m
                [33mhref[39m=[32m"/vehicles"[39m
              [36m>[39m
                [0mVehicles[0m
              [36m</a>[39m
              [36m<a[39m
                [33mclass[39m=[32m"text-sm font-medium transition-colors px-3 py-2 rounded-lg text-slate-600 dark:text-slate-300 hover:text-slate-900 dark:hover:text-white hover:bg-slate-100 dark:hover:bg-slate-800/60"[39m
                [33mhref[39m=[32m"/dashboard"[39m
              [36m>[39m
                [0mDashboard[0m
              [36m</a>[39m
              [36m<a[39m
                [33mclass[39m=[32m"text-sm font-medium transition-colors px-3 py-2 rounded-lg text-slate-600 dark:text-slate-300 hover:text-slate-900 dark:hover:text-white hover:bg-slate-100 dark:hover:bg-slate-800/60"[39m
                [33mhref[39m=[32m"/profile"[39m
              [36m>[39m
                [0mProfile[0m
              [36m</a>[39m
              [36m<button[39m
                [33mclass[39m=[32m"text-sm font-medium text-slate-500 dark:text-slate-400 hover:text-rose-600 dark:hover:text-rose-400 hover:bg-rose-50 dark:hover:bg-rose-500/10 px-3 py-2 rounded-lg transition-colors ml-2"[39m
              [36m>[39m
                [0mLogout[0m
              [36m</button>[39m
            [36m</nav>[39m
            [36m<button[39m
              [33maria-label[39m=[32m"Toggle Theme"[39m
              [33mclass[39m=[32m"p-2 rounded-lg text-slate-500 dark:text-slate-400 hover:bg-slate-100 dark:hover:bg-slate-800 transition-colors"[39m
            [36m>[39m
              [0m≡ƒîÖ[0m
            [36m</button>[39m
            [36m<button[39m
              [33maria-label[39m=[32m"Toggle Navigation Menu"[39m
              [33mclass[39m=[32m"md:hidden p-2 rounded-lg text-slate-500 dark:text-slate-400 hover:text-slate-900 dark:hover:text-white hover:bg-slate-100 dark:hover:bg-slate-800 transition-colors"[39m
            [36m>[39m
              [36m<svg[39m
                [33mclass[39m=[32m"w-6 h-6"[39m
                [33mfill[39m=[32m"none"[39m
                [33mstroke[39m=[32m"currentColor"[39m
                [33mviewBox[39m=[32m"0 0 24 24"[39m
              [36m>[39m
                [36m<path[39m
                  [33md[39m=[32m"M4 6h16M4 12h16M4 18h16"[39m
                  [33mstroke-linecap[39m=[32m"round"[39m
                  [33mstroke-linejoin[39m=[32m"round"[39m
                  [33mstroke-width[39m=[32m"2"[39m
                [36m/>[39m
              [36m</svg>[39m
            [36m</button>[39m
          [36m</div>[39m
        [36m</div>[39m
      [36m</header>[39m
      [36m<main[39m
        [33mclass[39m=[32m"flex-1 max-w-7xl mx-auto px-4 sm:px-6 lg:px-8 py-8 w-full transition-colors duration-300"[39m
      [36m>[39m
        [36m<div[39m
          [33mclass[39m=[32m"space-y-8"[39m
        [36m>[39m
          [36m<div[39m
            [33mclass[39m=[32m"flex flex-col sm:flex-row sm:items-center justify-between gap-4"[39m
          [36m>[39m
            [36m<div>[39m
              [36m<h1[39m
                [33mclass[39m=[32m"text-3xl font-black text-slate-900 dark:text-white tracking-tight transition-colors"[39m
              [36m>[39m
                [0mVehicle Inventory[0m
              [36m</h1>[39m
              [36m<p[39m
                [33mclass[39m=[32m"text-slate-600 dark:text-slate-400 text-sm mt-1 transition-colors"[39m
              [36m>[39m
                [0mBrowse and filter available vehicles in our dealership[0m
              [36m</p>[39m
            [36m</div>[39m
          [36m</div>[39m
          [36m<form[39m
            [33mclass[39m=[32m"bg-white dark:bg-slate-900/80 border border-slate-200 dark:border-slate-800 rounded-2xl p-4 sm:p-6 space-y-4 shadow-sm transition-colors"[39m
          [36m>[39m
            [36m<div[39m
              [33mclass[39m=[32m"grid grid-cols-1 sm:grid-cols-2 lg:grid-cols-4 gap-4"[39m
            [36m>[39m
              [36m<div[39m
                [33mclass[39m=[32m"flex flex-col gap-1.5 w-full"[39m
              [36m>[39m
                [36m<label[39m
                  [33mclass[39m=[32m"text-xs font-semibold text-slate-400"[39m
                  [33mfor[39m=[32m"search-make-/-keyword"[39m
                [36m>[39m
                  [0mSearch Make / Keyword[0m
                [36m</label>[39m
                [36m<input[39m
                  [33mclass[39m=[32m"px-3 py-2 text-sm bg-slate-900 border border-slate-800 focus:ring-indigo-500 rounded-lg text-slate-100 placeholder-slate-500 focus:outline-none focus:ring-2 focus:ring-offset-2 focus:ring-offset-slate-950 transition-all "[39m
                  [33mid[39m=[32m"search-make-/-keyword"[39m
                  [33mplaceholder[39m=[32m"Search by make, model, or category..."[39m
                  [33mvalue[39m=[32m""[39m
                [36m/>[39m
              [36m</div>[39m
              [36m<div[39m
                [33mclass[39m=[32m"flex flex-col gap-1.5 w-full"[39m
              [36m>[39m
                [36m<label[39m
                  [33mclass[39m=[32m"text-xs font-semibold text-slate-400"[39m
                  [33mfor[39m=[32m"category"[39m
                [36m>[39m
                  [0mCategory[0m
                [36m</label>[39m
                [36m<select[39m
                  [33mclass[39m=[32m"px-3 py-2 text-sm bg-slate-900 border border-slate-800 focus:ring-indigo-500 rounded-lg text-slate-100 placeholder-slate-500 focus:outline-none focus:ring-2 focus:ring-offset-2 focus:ring-offset-slate-950 transition-all "[39m
                  [33mid[39m=[32m"category"[39m
                [36m>[39m
                  [36m<option[39m
                    [33mvalue[39m=[32m""[39m
                  [36m>[39m
                    [0mAll Categories[0m
                  [36m</option>[39m
                  [36m<option[39m
                    [33mvalue[39m=[32m"Electric"[39m
                  [36m>[39m
                    [0mElectric[0m
                  [36m</option>[39m
                  [36m<option[39m
                    [33mvalue[39m=[32m"SUV"[39m
                  [36m>[39m
                    [0mSUV[0m
                  [36m</option>[39m
                  [36m<option[39m
                    [33mvalue[39m=[32m"Truck"[39m
                  [36m>[39m
                    [0mTruck[0m
                  [36m</option>[39m
                  [36m<option[39m
                    [33mvalue[39m=[32m"Sedan"[39m
                  [36m>[39m
                    [0mSedan[0m
                  [36m</option>[39m
                  [36m<option[39m
                    [33mvalue[39m=[32m"Coupe"[39m
                  [36m>[39m
                    [0mCoupe[0m
                  [36m</option>[39m
                [36m</select>[39m
              [36m</div>[39m
              [36m<div[39m
                [33mclass[39m=[32m"flex flex-col gap-1.5 w-full"[39m
              [36m>[39m
                [36m<label[39m
                  [33mclass[39m=[32m"text-xs font-semibold text-slate-400"[39m
                  [33mfor[39m=[32m"min-price-($)"[39m
                [36m>[39m
                  [0mMin Price ($)[0m
                [36m</label>[39m
                [36m<input[39m
                  [33mclass[39m=[32m"px-3 py-2 text-sm bg-slate-900 border border-slate-800 focus:ring-indigo-500 round...

[90mstdout[2m | src/pages/__tests__/publicPages.test.tsx[2m > [22m[2mPublic Pages[2m > [22m[2mVehicles Listing Page[2m > [22m[2mfetches vehicles and displays search bar, filter controls and pagination
[22m[39m[36m<body>[39m
  [36m<div>[39m
    [36m<div[39m
      [33mclass[39m=[32m"flex flex-col min-h-screen bg-slate-50 dark:bg-slate-950 text-slate-900 dark:text-slate-100 font-sans transition-colors duration-300"[39m
    [36m>[39m
      [36m<header[39m
        [33mclass[39m=[32m"border-b border-slate-200/80 dark:border-slate-800/80 bg-white/80 dark:bg-slate-900/80 backdrop-blur-lg sticky top-0 z-50 transition-colors duration-300"[39m
        [33mrole[39m=[32m"banner"[39m
      [36m>[39m
        [36m<div[39m
          [33mclass[39m=[32m"max-w-7xl mx-auto px-4 sm:px-6 lg:px-8 h-16 flex items-center justify-between"[39m
        [36m>[39m
          [36m<a[39m
            [33mclass[39m=[32m"flex items-center gap-3 text-xl font-bold tracking-tight hover:opacity-90 transition-opacity"[39m
            [33mhref[39m=[32m"/"[39m
          [36m>[39m
            [36m<div[39m
              [33mclass[39m=[32m"flex items-center justify-center w-10 h-10 rounded-xl bg-slate-900 dark:bg-white text-white dark:text-slate-900 font-black tracking-tighter text-sm transition-transform duration-300 hover:scale-110 shadow-lg "[39m
            [36m>[39m
              [0mKATA[0m
            [36m</div>[39m
            [36m<span[39m
              [33mclass[39m=[32m"hidden sm:inline-block"[39m
            [36m>[39m
              [0mKATA[0m
            [36m</span>[39m
          [36m</a>[39m
          [36m<div[39m
            [33mclass[39m=[32m"flex items-center gap-4"[39m
          [36m>[39m
            [36m<nav[39m
              [33mclass[39m=[32m"hidden md:flex items-center gap-2"[39m
              [33mrole[39m=[32m"navigation"[39m
            [36m>[39m
              [36m<a[39m
                [33mclass[39m=[32m"text-sm font-medium transition-colors px-3 py-2 rounded-lg bg-indigo-100 dark:bg-indigo-600/20 text-indigo-700 dark:text-indigo-400 font-semibold border border-indigo-200 dark:border-indigo-500/30"[39m
                [33mhref[39m=[32m"/"[39m
              [36m>[39m
                [0mHome[0m
              [36m</a>[39m
              [36m<a[39m
                [33mclass[39m=[32m"text-sm font-medium transition-colors px-3 py-2 rounded-lg text-slate-600 dark:text-slate-300 hover:text-slate-900 dark:hover:text-white hover:bg-slate-100 dark:hover:bg-slate-800/60"[39m
                [33mhref[39m=[32m"/vehicles"[39m
              [36m>[39m
                [0mVehicles[0m
              [36m</a>[39m
              [36m<a[39m
                [33mclass[39m=[32m"text-sm font-medium transition-colors px-3 py-2 rounded-lg text-slate-600 dark:text-slate-300 hover:text-slate-900 dark:hover:text-white hover:bg-slate-100 dark:hover:bg-slate-800/60"[39m
                [33mhref[39m=[32m"/dashboard"[39m
              [36m>[39m
                [0mDashboard[0m
              [36m</a>[39m
              [36m<a[39m
                [33mclass[39m=[32m"text-sm font-medium transition-colors px-3 py-2 rounded-lg text-slate-600 dark:text-slate-300 hover:text-slate-900 dark:hover:text-white hover:bg-slate-100 dark:hover:bg-slate-800/60"[39m
                [33mhref[39m=[32m"/profile"[39m
              [36m>[39m
                [0mProfile[0m
              [36m</a>[39m
              [36m<button[39m
                [33mclass[39m=[32m"text-sm font-medium text-slate-500 dark:text-slate-400 hover:text-rose-600 dark:hover:text-rose-400 hover:bg-rose-50 dark:hover:bg-rose-500/10 px-3 py-2 rounded-lg transition-colors ml-2"[39m
              [36m>[39m
                [0mLogout[0m
              [36m</button>[39m
            [36m</nav>[39m
            [36m<button[39m
              [33maria-label[39m=[32m"Toggle Theme"[39m
              [33mclass[39m=[32m"p-2 rounded-lg text-slate-500 dark:text-slate-400 hover:bg-slate-100 dark:hover:bg-slate-800 transition-colors"[39m
            [36m>[39m
              [0m≡ƒîÖ[0m
            [36m</button>[39m
            [36m<button[39m
              [33maria-label[39m=[32m"Toggle Navigation Menu"[39m
              [33mclass[39m=[32m"md:hidden p-2 rounded-lg text-slate-500 dark:text-slate-400 hover:text-slate-900 dark:hover:text-white hover:bg-slate-100 dark:hover:bg-slate-800 transition-colors"[39m
            [36m>[39m
              [36m<svg[39m
                [33mclass[39m=[32m"w-6 h-6"[39m
                [33mfill[39m=[32m"none"[39m
                [33mstroke[39m=[32m"currentColor"[39m
                [33mviewBox[39m=[32m"0 0 24 24"[39m
              [36m>[39m
                [36m<path[39m
                  [33md[39m=[32m"M4 6h16M4 12h16M4 18h16"[39m
                  [33mstroke-linecap[39m=[32m"round"[39m
                  [33mstroke-linejoin[39m=[32m"round"[39m
                  [33mstroke-width[39m=[32m"2"[39m
                [36m/>[39m
              [36m</svg>[39m
            [36m</button>[39m
          [36m</div>[39m
        [36m</div>[39m
      [36m</header>[39m
      [36m<main[39m
        [33mclass[39m=[32m"flex-1 max-w-7xl mx-auto px-4 sm:px-6 lg:px-8 py-8 w-full transition-colors duration-300"[39m
      [36m>[39m
        [36m<div[39m
          [33mclass[39m=[32m"space-y-8"[39m
        [36m>[39m
          [36m<div[39m
            [33mclass[39m=[32m"flex flex-col sm:flex-row sm:items-center justify-between gap-4"[39m
          [36m>[39m
            [36m<div>[39m
              [36m<h1[39m
                [33mclass[39m=[32m"text-3xl font-black text-slate-900 dark:text-white tracking-tight transition-colors"[39m
              [36m>[39m
                [0mVehicle Inventory[0m
              [36m</h1>[39m
              [36m<p[39m
                [33mclass[39m=[32m"text-slate-600 dark:text-slate-400 text-sm mt-1 transition-colors"[39m
              [36m>[39m
                [0mBrowse and filter available vehicles in our dealership[0m
              [36m</p>[39m
            [36m</div>[39m
          [36m</div>[39m
          [36m<form[39m
            [33mclass[39m=[32m"bg-white dark:bg-slate-900/80 border border-slate-200 dark:border-slate-800 rounded-2xl p-4 sm:p-6 space-y-4 shadow-sm transition-colors"[39m
          [36m>[39m
            [36m<div[39m
              [33mclass[39m=[32m"grid grid-cols-1 sm:grid-cols-2 lg:grid-cols-4 gap-4"[39m
            [36m>[39m
              [36m<div[39m
                [33mclass[39m=[32m"flex flex-col gap-1.5 w-full"[39m
              [36m>[39m
                [36m<label[39m
                  [33mclass[39m=[32m"text-xs font-semibold text-slate-400"[39m
                  [33mfor[39m=[32m"search-make-/-keyword"[39m
                [36m>[39m
                  [0mSearch Make / Keyword[0m
                [36m</label>[39m
                [36m<input[39m
                  [33mclass[39m=[32m"px-3 py-2 text-sm bg-slate-900 border border-slate-800 focus:ring-indigo-500 rounded-lg text-slate-100 placeholder-slate-500 focus:outline-none focus:ring-2 focus:ring-offset-2 focus:ring-offset-slate-950 transition-all "[39m
                  [33mid[39m=[32m"search-make-/-keyword"[39m
                  [33mplaceholder[39m=[32m"Search by make, model, or category..."[39m
                  [33mvalue[39m=[32m""[39m
                [36m/>[39m
              [36m</div>[39m
              [36m<div[39m
                [33mclass[39m=[32m"flex flex-col gap-1.5 w-full"[39m
              [36m>[39m
                [36m<label[39m
                  [33mclass[39m=[32m"text-xs font-semibold text-slate-400"[39m
                  [33mfor[39m=[32m"category"[39m
                [36m>[39m
                  [0mCategory[0m
                [36m</label>[39m
                [36m<select[39m
                  [33mclass[39m=[32m"px-3 py-2 text-sm bg-slate-900 border border-slate-800 focus:ring-indigo-500 rounded-lg text-slate-100 placeholder-slate-500 focus:outline-none focus:ring-2 focus:ring-offset-2 focus:ring-offset-slate-950 transition-all "[39m
                  [33mid[39m=[32m"category"[39m
                [36m>[39m
                  [36m<option[39m
                    [33mvalue[39m=[32m""[39m
                  [36m>[39m
                    [0mAll Categories[0m
                  [36m</option>[39m
                  [36m<option[39m
                    [33mvalue[39m=[32m"Electric"[39m
                  [36m>[39m
                    [0mElectric[0m
                  [36m</option>[39m
                  [36m<option[39m
                    [33mvalue[39m=[32m"SUV"[39m
                  [36m>[39m
                    [0mSUV[0m
                  [36m</option>[39m
                  [36m<option[39m
                    [33mvalue[39m=[32m"Truck"[39m
                  [36m>[39m
                    [0mTruck[0m
                  [36m</option>[39m
                  [36m<option[39m
                    [33mvalue[39m=[32m"Sedan"[39m
                  [36m>[39m
                    [0mSedan[0m
                  [36m</option>[39m
                  [36m<option[39m
                    [33mvalue[39m=[32m"Coupe"[39m
                  [36m>[39m
                    [0mCoupe[0m
                  [36m</option>[39m
                [36m</select>[39m
              [36m</div>[39m
              [36m<div[39m
                [33mclass[39m=[32m"flex flex-col gap-1.5 w-full"[39m
              [36m>[39m
                [36m<label[39m
                  [33mclass[39m=[32m"text-xs font-semibold text-slate-400"[39m
                  [33mfor[39m=[32m"min-price-($)"[39m
                [36m>[39m
                  [0mMin Price ($)[0m
                [36m</label>[39m
                [36m<input[39m
                  [33mclass[39m=[32m"px-3 py-2 text-sm bg-slate-900 border border-slate-800 focus:ring-indigo-500 round...

[90mstdout[2m | src/pages/__tests__/publicPages.test.tsx[2m > [22m[2mPublic Pages[2m > [22m[2mVehicles Listing Page[2m > [22m[2mfetches vehicles and displays search bar, filter controls and pagination
[22m[39m[36m<body>[39m
  [36m<div>[39m
    [36m<div[39m
      [33mclass[39m=[32m"flex flex-col min-h-screen bg-slate-50 dark:bg-slate-950 text-slate-900 dark:text-slate-100 font-sans transition-colors duration-300"[39m
    [36m>[39m
      [36m<header[39m
        [33mclass[39m=[32m"border-b border-slate-200/80 dark:border-slate-800/80 bg-white/80 dark:bg-slate-900/80 backdrop-blur-lg sticky top-0 z-50 transition-colors duration-300"[39m
        [33mrole[39m=[32m"banner"[39m
      [36m>[39m
        [36m<div[39m
          [33mclass[39m=[32m"max-w-7xl mx-auto px-4 sm:px-6 lg:px-8 h-16 flex items-center justify-between"[39m
        [36m>[39m
          [36m<a[39m
            [33mclass[39m=[32m"flex items-center gap-3 text-xl font-bold tracking-tight hover:opacity-90 transition-opacity"[39m
            [33mhref[39m=[32m"/"[39m
          [36m>[39m
            [36m<div[39m
              [33mclass[39m=[32m"flex items-center justify-center w-10 h-10 rounded-xl bg-slate-900 dark:bg-white text-white dark:text-slate-900 font-black tracking-tighter text-sm transition-transform duration-300 hover:scale-110 shadow-lg "[39m
            [36m>[39m
              [0mKATA[0m
            [36m</div>[39m
            [36m<span[39m
              [33mclass[39m=[32m"hidden sm:inline-block"[39m
            [36m>[39m
              [0mKATA[0m
            [36m</span>[39m
          [36m</a>[39m
          [36m<div[39m
            [33mclass[39m=[32m"flex items-center gap-4"[39m
          [36m>[39m
            [36m<nav[39m
              [33mclass[39m=[32m"hidden md:flex items-center gap-2"[39m
              [33mrole[39m=[32m"navigation"[39m
            [36m>[39m
              [36m<a[39m
                [33mclass[39m=[32m"text-sm font-medium transition-colors px-3 py-2 rounded-lg bg-indigo-100 dark:bg-indigo-600/20 text-indigo-700 dark:text-indigo-400 font-semibold border border-indigo-200 dark:border-indigo-500/30"[39m
                [33mhref[39m=[32m"/"[39m
              [36m>[39m
                [0mHome[0m
              [36m</a>[39m
              [36m<a[39m
                [33mclass[39m=[32m"text-sm font-medium transition-colors px-3 py-2 rounded-lg text-slate-600 dark:text-slate-300 hover:text-slate-900 dark:hover:text-white hover:bg-slate-100 dark:hover:bg-slate-800/60"[39m
                [33mhref[39m=[32m"/vehicles"[39m
              [36m>[39m
                [0mVehicles[0m
              [36m</a>[39m
              [36m<a[39m
                [33mclass[39m=[32m"text-sm font-medium transition-colors px-3 py-2 rounded-lg text-slate-600 dark:text-slate-300 hover:text-slate-900 dark:hover:text-white hover:bg-slate-100 dark:hover:bg-slate-800/60"[39m
                [33mhref[39m=[32m"/dashboard"[39m
              [36m>[39m
                [0mDashboard[0m
              [36m</a>[39m
              [36m<a[39m
                [33mclass[39m=[32m"text-sm font-medium transition-colors px-3 py-2 rounded-lg text-slate-600 dark:text-slate-300 hover:text-slate-900 dark:hover:text-white hover:bg-slate-100 dark:hover:bg-slate-800/60"[39m
                [33mhref[39m=[32m"/profile"[39m
              [36m>[39m
                [0mProfile[0m
              [36m</a>[39m
              [36m<button[39m
                [33mclass[39m=[32m"text-sm font-medium text-slate-500 dark:text-slate-400 hover:text-rose-600 dark:hover:text-rose-400 hover:bg-rose-50 dark:hover:bg-rose-500/10 px-3 py-2 rounded-lg transition-colors ml-2"[39m
              [36m>[39m
                [0mLogout[0m
              [36m</button>[39m
            [36m</nav>[39m
            [36m<button[39m
              [33maria-label[39m=[32m"Toggle Theme"[39m
              [33mclass[39m=[32m"p-2 rounded-lg text-slate-500 dark:text-slate-400 hover:bg-slate-100 dark:hover:bg-slate-800 transition-colors"[39m
            [36m>[39m
              [0m≡ƒîÖ[0m
            [36m</button>[39m
            [36m<button[39m
              [33maria-label[39m=[32m"Toggle Navigation Menu"[39m
              [33mclass[39m=[32m"md:hidden p-2 rounded-lg text-slate-500 dark:text-slate-400 hover:text-slate-900 dark:hover:text-white hover:bg-slate-100 dark:hover:bg-slate-800 transition-colors"[39m
            [36m>[39m
              [36m<svg[39m
                [33mclass[39m=[32m"w-6 h-6"[39m
                [33mfill[39m=[32m"none"[39m
                [33mstroke[39m=[32m"currentColor"[39m
                [33mviewBox[39m=[32m"0 0 24 24"[39m
              [36m>[39m
                [36m<path[39m
                  [33md[39m=[32m"M4 6h16M4 12h16M4 18h16"[39m
                  [33mstroke-linecap[39m=[32m"round"[39m
                  [33mstroke-linejoin[39m=[32m"round"[39m
                  [33mstroke-width[39m=[32m"2"[39m
                [36m/>[39m
              [36m</svg>[39m
            [36m</button>[39m
          [36m</div>[39m
        [36m</div>[39m
      [36m</header>[39m
      [36m<main[39m
        [33mclass[39m=[32m"flex-1 max-w-7xl mx-auto px-4 sm:px-6 lg:px-8 py-8 w-full transition-colors duration-300"[39m
      [36m>[39m
        [36m<div[39m
          [33mclass[39m=[32m"space-y-8"[39m
        [36m>[39m
          [36m<div[39m
            [33mclass[39m=[32m"flex flex-col sm:flex-row sm:items-center justify-between gap-4"[39m
          [36m>[39m
            [36m<div>[39m
              [36m<h1[39m
                [33mclass[39m=[32m"text-3xl font-black text-slate-900 dark:text-white tracking-tight transition-colors"[39m
              [36m>[39m
                [0mVehicle Inventory[0m
              [36m</h1>[39m
              [36m<p[39m
                [33mclass[39m=[32m"text-slate-600 dark:text-slate-400 text-sm mt-1 transition-colors"[39m
              [36m>[39m
                [0mBrowse and filter available vehicles in our dealership[0m
              [36m</p>[39m
            [36m</div>[39m
          [36m</div>[39m
          [36m<form[39m
            [33mclass[39m=[32m"bg-white dark:bg-slate-900/80 border border-slate-200 dark:border-slate-800 rounded-2xl p-4 sm:p-6 space-y-4 shadow-sm transition-colors"[39m
          [36m>[39m
            [36m<div[39m
              [33mclass[39m=[32m"grid grid-cols-1 sm:grid-cols-2 lg:grid-cols-4 gap-4"[39m
            [36m>[39m
              [36m<div[39m
                [33mclass[39m=[32m"flex flex-col gap-1.5 w-full"[39m
              [36m>[39m
                [36m<label[39m
                  [33mclass[39m=[32m"text-xs font-semibold text-slate-400"[39m
                  [33mfor[39m=[32m"search-make-/-keyword"[39m
                [36m>[39m
                  [0mSearch Make / Keyword[0m
                [36m</label>[39m
                [36m<input[39m
                  [33mclass[39m=[32m"px-3 py-2 text-sm bg-slate-900 border border-slate-800 focus:ring-indigo-500 rounded-lg text-slate-100 placeholder-slate-500 focus:outline-none focus:ring-2 focus:ring-offset-2 focus:ring-offset-slate-950 transition-all "[39m
                  [33mid[39m=[32m"search-make-/-keyword"[39m
                  [33mplaceholder[39m=[32m"Search by make, model, or category..."[39m
                  [33mvalue[39m=[32m""[39m
                [36m/>[39m
              [36m</div>[39m
              [36m<div[39m
                [33mclass[39m=[32m"flex flex-col gap-1.5 w-full"[39m
              [36m>[39m
                [36m<label[39m
                  [33mclass[39m=[32m"text-xs font-semibold text-slate-400"[39m
                  [33mfor[39m=[32m"category"[39m
                [36m>[39m
                  [0mCategory[0m
                [36m</label>[39m
                [36m<select[39m
                  [33mclass[39m=[32m"px-3 py-2 text-sm bg-slate-900 border border-slate-800 focus:ring-indigo-500 rounded-lg text-slate-100 placeholder-slate-500 focus:outline-none focus:ring-2 focus:ring-offset-2 focus:ring-offset-slate-950 transition-all "[39m
                  [33mid[39m=[32m"category"[39m
                [36m>[39m
                  [36m<option[39m
                    [33mvalue[39m=[32m""[39m
                  [36m>[39m
                    [0mAll Categories[0m
                  [36m</option>[39m
                  [36m<option[39m
                    [33mvalue[39m=[32m"Electric"[39m
                  [36m>[39m
                    [0mElectric[0m
                  [36m</option>[39m
                  [36m<option[39m
                    [33mvalue[39m=[32m"SUV"[39m
                  [36m>[39m
                    [0mSUV[0m
                  [36m</option>[39m
                  [36m<option[39m
                    [33mvalue[39m=[32m"Truck"[39m
                  [36m>[39m
                    [0mTruck[0m
                  [36m</option>[39m
                  [36m<option[39m
                    [33mvalue[39m=[32m"Sedan"[39m
                  [36m>[39m
                    [0mSedan[0m
                  [36m</option>[39m
                  [36m<option[39m
                    [33mvalue[39m=[32m"Coupe"[39m
                  [36m>[39m
                    [0mCoupe[0m
                  [36m</option>[39m
                [36m</select>[39m
              [36m</div>[39m
              [36m<div[39m
                [33mclass[39m=[32m"flex flex-col gap-1.5 w-full"[39m
              [36m>[39m
                [36m<label[39m
                  [33mclass[39m=[32m"text-xs font-semibold text-slate-400"[39m
                  [33mfor[39m=[32m"min-price-($)"[39m
                [36m>[39m
                  [0mMin Price ($)[0m
                [36m</label>[39m
                [36m<input[39m
                  [33mclass[39m=[32m"px-3 py-2 text-sm bg-slate-900 border border-slate-800 focus:ring-indigo-500 round...

[90mstdout[2m | src/pages/__tests__/publicPages.test.tsx[2m > [22m[2mPublic Pages[2m > [22m[2mVehicles Listing Page[2m > [22m[2mfetches vehicles and displays search bar, filter controls and pagination
[22m[39m[36m<body>[39m
  [36m<div>[39m
    [36m<div[39m
      [33mclass[39m=[32m"flex flex-col min-h-screen bg-slate-50 dark:bg-slate-950 text-slate-900 dark:text-slate-100 font-sans transition-colors duration-300"[39m
    [36m>[39m
      [36m<header[39m
        [33mclass[39m=[32m"border-b border-slate-200/80 dark:border-slate-800/80 bg-white/80 dark:bg-slate-900/80 backdrop-blur-lg sticky top-0 z-50 transition-colors duration-300"[39m
        [33mrole[39m=[32m"banner"[39m
      [36m>[39m
        [36m<div[39m
          [33mclass[39m=[32m"max-w-7xl mx-auto px-4 sm:px-6 lg:px-8 h-16 flex items-center justify-between"[39m
        [36m>[39m
          [36m<a[39m
            [33mclass[39m=[32m"flex items-center gap-3 text-xl font-bold tracking-tight hover:opacity-90 transition-opacity"[39m
            [33mhref[39m=[32m"/"[39m
          [36m>[39m
            [36m<div[39m
              [33mclass[39m=[32m"flex items-center justify-center w-10 h-10 rounded-xl bg-slate-900 dark:bg-white text-white dark:text-slate-900 font-black tracking-tighter text-sm transition-transform duration-300 hover:scale-110 shadow-lg "[39m
            [36m>[39m
              [0mKATA[0m
            [36m</div>[39m
            [36m<span[39m
              [33mclass[39m=[32m"hidden sm:inline-block"[39m
            [36m>[39m
              [0mKATA[0m
            [36m</span>[39m
          [36m</a>[39m
          [36m<div[39m
            [33mclass[39m=[32m"flex items-center gap-4"[39m
          [36m>[39m
            [36m<nav[39m
              [33mclass[39m=[32m"hidden md:flex items-center gap-2"[39m
              [33mrole[39m=[32m"navigation"[39m
            [36m>[39m
              [36m<a[39m
                [33mclass[39m=[32m"text-sm font-medium transition-colors px-3 py-2 rounded-lg bg-indigo-100 dark:bg-indigo-600/20 text-indigo-700 dark:text-indigo-400 font-semibold border border-indigo-200 dark:border-indigo-500/30"[39m
                [33mhref[39m=[32m"/"[39m
              [36m>[39m
                [0mHome[0m
              [36m</a>[39m
              [36m<a[39m
                [33mclass[39m=[32m"text-sm font-medium transition-colors px-3 py-2 rounded-lg text-slate-600 dark:text-slate-300 hover:text-slate-900 dark:hover:text-white hover:bg-slate-100 dark:hover:bg-slate-800/60"[39m
                [33mhref[39m=[32m"/vehicles"[39m
              [36m>[39m
                [0mVehicles[0m
              [36m</a>[39m
              [36m<a[39m
                [33mclass[39m=[32m"text-sm font-medium transition-colors px-3 py-2 rounded-lg text-slate-600 dark:text-slate-300 hover:text-slate-900 dark:hover:text-white hover:bg-slate-100 dark:hover:bg-slate-800/60"[39m
                [33mhref[39m=[32m"/dashboard"[39m
              [36m>[39m
                [0mDashboard[0m
              [36m</a>[39m
              [36m<a[39m
                [33mclass[39m=[32m"text-sm font-medium transition-colors px-3 py-2 rounded-lg text-slate-600 dark:text-slate-300 hover:text-slate-900 dark:hover:text-white hover:bg-slate-100 dark:hover:bg-slate-800/60"[39m
                [33mhref[39m=[32m"/profile"[39m
              [36m>[39m
                [0mProfile[0m
              [36m</a>[39m
              [36m<button[39m
                [33mclass[39m=[32m"text-sm font-medium text-slate-500 dark:text-slate-400 hover:text-rose-600 dark:hover:text-rose-400 hover:bg-rose-50 dark:hover:bg-rose-500/10 px-3 py-2 rounded-lg transition-colors ml-2"[39m
              [36m>[39m
                [0mLogout[0m
              [36m</button>[39m
            [36m</nav>[39m
            [36m<button[39m
              [33maria-label[39m=[32m"Toggle Theme"[39m
              [33mclass[39m=[32m"p-2 rounded-lg text-slate-500 dark:text-slate-400 hover:bg-slate-100 dark:hover:bg-slate-800 transition-colors"[39m
            [36m>[39m
              [0m≡ƒîÖ[0m
            [36m</button>[39m
            [36m<button[39m
              [33maria-label[39m=[32m"Toggle Navigation Menu"[39m
              [33mclass[39m=[32m"md:hidden p-2 rounded-lg text-slate-500 dark:text-slate-400 hover:text-slate-900 dark:hover:text-white hover:bg-slate-100 dark:hover:bg-slate-800 transition-colors"[39m
            [36m>[39m
              [36m<svg[39m
                [33mclass[39m=[32m"w-6 h-6"[39m
                [33mfill[39m=[32m"none"[39m
                [33mstroke[39m=[32m"currentColor"[39m
                [33mviewBox[39m=[32m"0 0 24 24"[39m
              [36m>[39m
                [36m<path[39m
                  [33md[39m=[32m"M4 6h16M4 12h16M4 18h16"[39m
                  [33mstroke-linecap[39m=[32m"round"[39m
                  [33mstroke-linejoin[39m=[32m"round"[39m
                  [33mstroke-width[39m=[32m"2"[39m
                [36m/>[39m
              [36m</svg>[39m
            [36m</button>[39m
          [36m</div>[39m
        [36m</div>[39m
      [36m</header>[39m
      [36m<main[39m
        [33mclass[39m=[32m"flex-1 max-w-7xl mx-auto px-4 sm:px-6 lg:px-8 py-8 w-full transition-colors duration-300"[39m
      [36m>[39m
        [36m<div[39m
          [33mclass[39m=[32m"space-y-8"[39m
        [36m>[39m
          [36m<div[39m
            [33mclass[39m=[32m"flex flex-col sm:flex-row sm:items-center justify-between gap-4"[39m
          [36m>[39m
            [36m<div>[39m
              [36m<h1[39m
                [33mclass[39m=[32m"text-3xl font-black text-slate-900 dark:text-white tracking-tight transition-colors"[39m
              [36m>[39m
                [0mVehicle Inventory[0m
              [36m</h1>[39m
              [36m<p[39m
                [33mclass[39m=[32m"text-slate-600 dark:text-slate-400 text-sm mt-1 transition-colors"[39m
              [36m>[39m
                [0mBrowse and filter available vehicles in our dealership[0m
              [36m</p>[39m
            [36m</div>[39m
          [36m</div>[39m
          [36m<form[39m
            [33mclass[39m=[32m"bg-white dark:bg-slate-900/80 border border-slate-200 dark:border-slate-800 rounded-2xl p-4 sm:p-6 space-y-4 shadow-sm transition-colors"[39m
          [36m>[39m
            [36m<div[39m
              [33mclass[39m=[32m"grid grid-cols-1 sm:grid-cols-2 lg:grid-cols-4 gap-4"[39m
            [36m>[39m
              [36m<div[39m
                [33mclass[39m=[32m"flex flex-col gap-1.5 w-full"[39m
              [36m>[39m
                [36m<label[39m
                  [33mclass[39m=[32m"text-xs font-semibold text-slate-400"[39m
                  [33mfor[39m=[32m"search-make-/-keyword"[39m
                [36m>[39m
                  [0mSearch Make / Keyword[0m
                [36m</label>[39m
                [36m<input[39m
                  [33mclass[39m=[32m"px-3 py-2 text-sm bg-slate-900 border border-slate-800 focus:ring-indigo-500 rounded-lg text-slate-100 placeholder-slate-500 focus:outline-none focus:ring-2 focus:ring-offset-2 focus:ring-offset-slate-950 transition-all "[39m
                  [33mid[39m=[32m"search-make-/-keyword"[39m
                  [33mplaceholder[39m=[32m"Search by make, model, or category..."[39m
                  [33mvalue[39m=[32m""[39m
                [36m/>[39m
              [36m</div>[39m
              [36m<div[39m
                [33mclass[39m=[32m"flex flex-col gap-1.5 w-full"[39m
              [36m>[39m
                [36m<label[39m
                  [33mclass[39m=[32m"text-xs font-semibold text-slate-400"[39m
                  [33mfor[39m=[32m"category"[39m
                [36m>[39m
                  [0mCategory[0m
                [36m</label>[39m
                [36m<select[39m
                  [33mclass[39m=[32m"px-3 py-2 text-sm bg-slate-900 border border-slate-800 focus:ring-indigo-500 rounded-lg text-slate-100 placeholder-slate-500 focus:outline-none focus:ring-2 focus:ring-offset-2 focus:ring-offset-slate-950 transition-all "[39m
                  [33mid[39m=[32m"category"[39m
                [36m>[39m
                  [36m<option[39m
                    [33mvalue[39m=[32m""[39m
                  [36m>[39m
                    [0mAll Categories[0m
                  [36m</option>[39m
                  [36m<option[39m
                    [33mvalue[39m=[32m"Electric"[39m
                  [36m>[39m
                    [0mElectric[0m
                  [36m</option>[39m
                  [36m<option[39m
                    [33mvalue[39m=[32m"SUV"[39m
                  [36m>[39m
                    [0mSUV[0m
                  [36m</option>[39m
                  [36m<option[39m
                    [33mvalue[39m=[32m"Truck"[39m
                  [36m>[39m
                    [0mTruck[0m
                  [36m</option>[39m
                  [36m<option[39m
                    [33mvalue[39m=[32m"Sedan"[39m
                  [36m>[39m
                    [0mSedan[0m
                  [36m</option>[39m
                  [36m<option[39m
                    [33mvalue[39m=[32m"Coupe"[39m
                  [36m>[39m
                    [0mCoupe[0m
                  [36m</option>[39m
                [36m</select>[39m
              [36m</div>[39m
              [36m<div[39m
                [33mclass[39m=[32m"flex flex-col gap-1.5 w-full"[39m
              [36m>[39m
                [36m<label[39m
                  [33mclass[39m=[32m"text-xs font-semibold text-slate-400"[39m
                  [33mfor[39m=[32m"min-price-($)"[39m
                [36m>[39m
                  [0mMin Price ($)[0m
                [36m</label>[39m
                [36m<input[39m
                  [33mclass[39m=[32m"px-3 py-2 text-sm bg-slate-900 border border-slate-800 focus:ring-indigo-500 round...

[90mstdout[2m | src/pages/__tests__/publicPages.test.tsx[2m > [22m[2mPublic Pages[2m > [22m[2mVehicles Listing Page[2m > [22m[2mfetches vehicles and displays search bar, filter controls and pagination
[22m[39m[36m<body>[39m
  [36m<div>[39m
    [36m<div[39m
      [33mclass[39m=[32m"flex flex-col min-h-screen bg-slate-50 dark:bg-slate-950 text-slate-900 dark:text-slate-100 font-sans transition-colors duration-300"[39m
    [36m>[39m
      [36m<header[39m
        [33mclass[39m=[32m"border-b border-slate-200/80 dark:border-slate-800/80 bg-white/80 dark:bg-slate-900/80 backdrop-blur-lg sticky top-0 z-50 transition-colors duration-300"[39m
        [33mrole[39m=[32m"banner"[39m
      [36m>[39m
        [36m<div[39m
          [33mclass[39m=[32m"max-w-7xl mx-auto px-4 sm:px-6 lg:px-8 h-16 flex items-center justify-between"[39m
        [36m>[39m
          [36m<a[39m
            [33mclass[39m=[32m"flex items-center gap-3 text-xl font-bold tracking-tight hover:opacity-90 transition-opacity"[39m
            [33mhref[39m=[32m"/"[39m
          [36m>[39m
            [36m<div[39m
              [33mclass[39m=[32m"flex items-center justify-center w-10 h-10 rounded-xl bg-slate-900 dark:bg-white text-white dark:text-slate-900 font-black tracking-tighter text-sm transition-transform duration-300 hover:scale-110 shadow-lg "[39m
            [36m>[39m
              [0mKATA[0m
            [36m</div>[39m
            [36m<span[39m
              [33mclass[39m=[32m"hidden sm:inline-block"[39m
            [36m>[39m
              [0mKATA[0m
            [36m</span>[39m
          [36m</a>[39m
          [36m<div[39m
            [33mclass[39m=[32m"flex items-center gap-4"[39m
          [36m>[39m
            [36m<nav[39m
              [33mclass[39m=[32m"hidden md:flex items-center gap-2"[39m
              [33mrole[39m=[32m"navigation"[39m
            [36m>[39m
              [36m<a[39m
                [33mclass[39m=[32m"text-sm font-medium transition-colors px-3 py-2 rounded-lg bg-indigo-100 dark:bg-indigo-600/20 text-indigo-700 dark:text-indigo-400 font-semibold border border-indigo-200 dark:border-indigo-500/30"[39m
                [33mhref[39m=[32m"/"[39m
              [36m>[39m
                [0mHome[0m
              [36m</a>[39m
              [36m<a[39m
                [33mclass[39m=[32m"text-sm font-medium transition-colors px-3 py-2 rounded-lg text-slate-600 dark:text-slate-300 hover:text-slate-900 dark:hover:text-white hover:bg-slate-100 dark:hover:bg-slate-800/60"[39m
                [33mhref[39m=[32m"/vehicles"[39m
              [36m>[39m
                [0mVehicles[0m
              [36m</a>[39m
              [36m<a[39m
                [33mclass[39m=[32m"text-sm font-medium transition-colors px-3 py-2 rounded-lg text-slate-600 dark:text-slate-300 hover:text-slate-900 dark:hover:text-white hover:bg-slate-100 dark:hover:bg-slate-800/60"[39m
                [33mhref[39m=[32m"/dashboard"[39m
              [36m>[39m
                [0mDashboard[0m
              [36m</a>[39m
              [36m<a[39m
                [33mclass[39m=[32m"text-sm font-medium transition-colors px-3 py-2 rounded-lg text-slate-600 dark:text-slate-300 hover:text-slate-900 dark:hover:text-white hover:bg-slate-100 dark:hover:bg-slate-800/60"[39m
                [33mhref[39m=[32m"/profile"[39m
              [36m>[39m
                [0mProfile[0m
              [36m</a>[39m
              [36m<button[39m
                [33mclass[39m=[32m"text-sm font-medium text-slate-500 dark:text-slate-400 hover:text-rose-600 dark:hover:text-rose-400 hover:bg-rose-50 dark:hover:bg-rose-500/10 px-3 py-2 rounded-lg transition-colors ml-2"[39m
              [36m>[39m
                [0mLogout[0m
              [36m</button>[39m
            [36m</nav>[39m
            [36m<button[39m
              [33maria-label[39m=[32m"Toggle Theme"[39m
              [33mclass[39m=[32m"p-2 rounded-lg text-slate-500 dark:text-slate-400 hover:bg-slate-100 dark:hover:bg-slate-800 transition-colors"[39m
            [36m>[39m
              [0m≡ƒîÖ[0m
            [36m</button>[39m
            [36m<button[39m
              [33maria-label[39m=[32m"Toggle Navigation Menu"[39m
              [33mclass[39m=[32m"md:hidden p-2 rounded-lg text-slate-500 dark:text-slate-400 hover:text-slate-900 dark:hover:text-white hover:bg-slate-100 dark:hover:bg-slate-800 transition-colors"[39m
            [36m>[39m
              [36m<svg[39m
                [33mclass[39m=[32m"w-6 h-6"[39m
                [33mfill[39m=[32m"none"[39m
                [33mstroke[39m=[32m"currentColor"[39m
                [33mviewBox[39m=[32m"0 0 24 24"[39m
              [36m>[39m
                [36m<path[39m
                  [33md[39m=[32m"M4 6h16M4 12h16M4 18h16"[39m
                  [33mstroke-linecap[39m=[32m"round"[39m
                  [33mstroke-linejoin[39m=[32m"round"[39m
                  [33mstroke-width[39m=[32m"2"[39m
                [36m/>[39m
              [36m</svg>[39m
            [36m</button>[39m
          [36m</div>[39m
        [36m</div>[39m
      [36m</header>[39m
      [36m<main[39m
        [33mclass[39m=[32m"flex-1 max-w-7xl mx-auto px-4 sm:px-6 lg:px-8 py-8 w-full transition-colors duration-300"[39m
      [36m>[39m
        [36m<div[39m
          [33mclass[39m=[32m"space-y-8"[39m
        [36m>[39m
          [36m<div[39m
            [33mclass[39m=[32m"flex flex-col sm:flex-row sm:items-center justify-between gap-4"[39m
          [36m>[39m
            [36m<div>[39m
              [36m<h1[39m
                [33mclass[39m=[32m"text-3xl font-black text-slate-900 dark:text-white tracking-tight transition-colors"[39m
              [36m>[39m
                [0mVehicle Inventory[0m
              [36m</h1>[39m
              [36m<p[39m
                [33mclass[39m=[32m"text-slate-600 dark:text-slate-400 text-sm mt-1 transition-colors"[39m
              [36m>[39m
                [0mBrowse and filter available vehicles in our dealership[0m
              [36m</p>[39m
            [36m</div>[39m
          [36m</div>[39m
          [36m<form[39m
            [33mclass[39m=[32m"bg-white dark:bg-slate-900/80 border border-slate-200 dark:border-slate-800 rounded-2xl p-4 sm:p-6 space-y-4 shadow-sm transition-colors"[39m
          [36m>[39m
            [36m<div[39m
              [33mclass[39m=[32m"grid grid-cols-1 sm:grid-cols-2 lg:grid-cols-4 gap-4"[39m
            [36m>[39m
              [36m<div[39m
                [33mclass[39m=[32m"flex flex-col gap-1.5 w-full"[39m
              [36m>[39m
                [36m<label[39m
                  [33mclass[39m=[32m"text-xs font-semibold text-slate-400"[39m
                  [33mfor[39m=[32m"search-make-/-keyword"[39m
                [36m>[39m
                  [0mSearch Make / Keyword[0m
                [36m</label>[39m
                [36m<input[39m
                  [33mclass[39m=[32m"px-3 py-2 text-sm bg-slate-900 border border-slate-800 focus:ring-indigo-500 rounded-lg text-slate-100 placeholder-slate-500 focus:outline-none focus:ring-2 focus:ring-offset-2 focus:ring-offset-slate-950 transition-all "[39m
                  [33mid[39m=[32m"search-make-/-keyword"[39m
                  [33mplaceholder[39m=[32m"Search by make, model, or category..."[39m
                  [33mvalue[39m=[32m""[39m
                [36m/>[39m
              [36m</div>[39m
              [36m<div[39m
                [33mclass[39m=[32m"flex flex-col gap-1.5 w-full"[39m
              [36m>[39m
                [36m<label[39m
                  [33mclass[39m=[32m"text-xs font-semibold text-slate-400"[39m
                  [33mfor[39m=[32m"category"[39m
                [36m>[39m
                  [0mCategory[0m
                [36m</label>[39m
                [36m<select[39m
                  [33mclass[39m=[32m"px-3 py-2 text-sm bg-slate-900 border border-slate-800 focus:ring-indigo-500 rounded-lg text-slate-100 placeholder-slate-500 focus:outline-none focus:ring-2 focus:ring-offset-2 focus:ring-offset-slate-950 transition-all "[39m
                  [33mid[39m=[32m"category"[39m
                [36m>[39m
                  [36m<option[39m
                    [33mvalue[39m=[32m""[39m
                  [36m>[39m
                    [0mAll Categories[0m
                  [36m</option>[39m
                  [36m<option[39m
                    [33mvalue[39m=[32m"Electric"[39m
                  [36m>[39m
                    [0mElectric[0m
                  [36m</option>[39m
                  [36m<option[39m
                    [33mvalue[39m=[32m"SUV"[39m
                  [36m>[39m
                    [0mSUV[0m
                  [36m</option>[39m
                  [36m<option[39m
                    [33mvalue[39m=[32m"Truck"[39m
                  [36m>[39m
                    [0mTruck[0m
                  [36m</option>[39m
                  [36m<option[39m
                    [33mvalue[39m=[32m"Sedan"[39m
                  [36m>[39m
                    [0mSedan[0m
                  [36m</option>[39m
                  [36m<option[39m
                    [33mvalue[39m=[32m"Coupe"[39m
                  [36m>[39m
                    [0mCoupe[0m
                  [36m</option>[39m
                [36m</select>[39m
              [36m</div>[39m
              [36m<div[39m
                [33mclass[39m=[32m"flex flex-col gap-1.5 w-full"[39m
              [36m>[39m
                [36m<label[39m
                  [33mclass[39m=[32m"text-xs font-semibold text-slate-400"[39m
                  [33mfor[39m=[32m"min-price-($)"[39m
                [36m>[39m
                  [0mMin Price ($)[0m
                [36m</label>[39m
                [36m<input[39m
                  [33mclass[39m=[32m"px-3 py-2 text-sm bg-slate-900 border border-slate-800 focus:ring-indigo-500 round...

[90mstdout[2m | src/pages/__tests__/publicPages.test.tsx[2m > [22m[2mPublic Pages[2m > [22m[2mVehicles Listing Page[2m > [22m[2mfetches vehicles and displays search bar, filter controls and pagination
[22m[39m[36m<body>[39m
  [36m<div>[39m
    [36m<div[39m
      [33mclass[39m=[32m"flex flex-col min-h-screen bg-slate-50 dark:bg-slate-950 text-slate-900 dark:text-slate-100 font-sans transition-colors duration-300"[39m
    [36m>[39m
      [36m<header[39m
        [33mclass[39m=[32m"border-b border-slate-200/80 dark:border-slate-800/80 bg-white/80 dark:bg-slate-900/80 backdrop-blur-lg sticky top-0 z-50 transition-colors duration-300"[39m
        [33mrole[39m=[32m"banner"[39m
      [36m>[39m
        [36m<div[39m
          [33mclass[39m=[32m"max-w-7xl mx-auto px-4 sm:px-6 lg:px-8 h-16 flex items-center justify-between"[39m
        [36m>[39m
          [36m<a[39m
            [33mclass[39m=[32m"flex items-center gap-3 text-xl font-bold tracking-tight hover:opacity-90 transition-opacity"[39m
            [33mhref[39m=[32m"/"[39m
          [36m>[39m
            [36m<div[39m
              [33mclass[39m=[32m"flex items-center justify-center w-10 h-10 rounded-xl bg-slate-900 dark:bg-white text-white dark:text-slate-900 font-black tracking-tighter text-sm transition-transform duration-300 hover:scale-110 shadow-lg "[39m
            [36m>[39m
              [0mKATA[0m
            [36m</div>[39m
            [36m<span[39m
              [33mclass[39m=[32m"hidden sm:inline-block"[39m
            [36m>[39m
              [0mKATA[0m
            [36m</span>[39m
          [36m</a>[39m
          [36m<div[39m
            [33mclass[39m=[32m"flex items-center gap-4"[39m
          [36m>[39m
            [36m<nav[39m
              [33mclass[39m=[32m"hidden md:flex items-center gap-2"[39m
              [33mrole[39m=[32m"navigation"[39m
            [36m>[39m
              [36m<a[39m
                [33mclass[39m=[32m"text-sm font-medium transition-colors px-3 py-2 rounded-lg bg-indigo-100 dark:bg-indigo-600/20 text-indigo-700 dark:text-indigo-400 font-semibold border border-indigo-200 dark:border-indigo-500/30"[39m
                [33mhref[39m=[32m"/"[39m
              [36m>[39m
                [0mHome[0m
              [36m</a>[39m
              [36m<a[39m
                [33mclass[39m=[32m"text-sm font-medium transition-colors px-3 py-2 rounded-lg text-slate-600 dark:text-slate-300 hover:text-slate-900 dark:hover:text-white hover:bg-slate-100 dark:hover:bg-slate-800/60"[39m
                [33mhref[39m=[32m"/vehicles"[39m
              [36m>[39m
                [0mVehicles[0m
              [36m</a>[39m
              [36m<a[39m
                [33mclass[39m=[32m"text-sm font-medium transition-colors px-3 py-2 rounded-lg text-slate-600 dark:text-slate-300 hover:text-slate-900 dark:hover:text-white hover:bg-slate-100 dark:hover:bg-slate-800/60"[39m
                [33mhref[39m=[32m"/dashboard"[39m
              [36m>[39m
                [0mDashboard[0m
              [36m</a>[39m
              [36m<a[39m
                [33mclass[39m=[32m"text-sm font-medium transition-colors px-3 py-2 rounded-lg text-slate-600 dark:text-slate-300 hover:text-slate-900 dark:hover:text-white hover:bg-slate-100 dark:hover:bg-slate-800/60"[39m
                [33mhref[39m=[32m"/profile"[39m
              [36m>[39m
                [0mProfile[0m
              [36m</a>[39m
              [36m<button[39m
                [33mclass[39m=[32m"text-sm font-medium text-slate-500 dark:text-slate-400 hover:text-rose-600 dark:hover:text-rose-400 hover:bg-rose-50 dark:hover:bg-rose-500/10 px-3 py-2 rounded-lg transition-colors ml-2"[39m
              [36m>[39m
                [0mLogout[0m
              [36m</button>[39m
            [36m</nav>[39m
            [36m<button[39m
              [33maria-label[39m=[32m"Toggle Theme"[39m
              [33mclass[39m=[32m"p-2 rounded-lg text-slate-500 dark:text-slate-400 hover:bg-slate-100 dark:hover:bg-slate-800 transition-colors"[39m
            [36m>[39m
              [0m≡ƒîÖ[0m
            [36m</button>[39m
            [36m<button[39m
              [33maria-label[39m=[32m"Toggle Navigation Menu"[39m
              [33mclass[39m=[32m"md:hidden p-2 rounded-lg text-slate-500 dark:text-slate-400 hover:text-slate-900 dark:hover:text-white hover:bg-slate-100 dark:hover:bg-slate-800 transition-colors"[39m
            [36m>[39m
              [36m<svg[39m
                [33mclass[39m=[32m"w-6 h-6"[39m
                [33mfill[39m=[32m"none"[39m
                [33mstroke[39m=[32m"currentColor"[39m
                [33mviewBox[39m=[32m"0 0 24 24"[39m
              [36m>[39m
                [36m<path[39m
                  [33md[39m=[32m"M4 6h16M4 12h16M4 18h16"[39m
                  [33mstroke-linecap[39m=[32m"round"[39m
                  [33mstroke-linejoin[39m=[32m"round"[39m
                  [33mstroke-width[39m=[32m"2"[39m
                [36m/>[39m
              [36m</svg>[39m
            [36m</button>[39m
          [36m</div>[39m
        [36m</div>[39m
      [36m</header>[39m
      [36m<main[39m
        [33mclass[39m=[32m"flex-1 max-w-7xl mx-auto px-4 sm:px-6 lg:px-8 py-8 w-full transition-colors duration-300"[39m
      [36m>[39m
        [36m<div[39m
          [33mclass[39m=[32m"space-y-8"[39m
        [36m>[39m
          [36m<div[39m
            [33mclass[39m=[32m"flex flex-col sm:flex-row sm:items-center justify-between gap-4"[39m
          [36m>[39m
            [36m<div>[39m
              [36m<h1[39m
                [33mclass[39m=[32m"text-3xl font-black text-slate-900 dark:text-white tracking-tight transition-colors"[39m
              [36m>[39m
                [0mVehicle Inventory[0m
              [36m</h1>[39m
              [36m<p[39m
                [33mclass[39m=[32m"text-slate-600 dark:text-slate-400 text-sm mt-1 transition-colors"[39m
              [36m>[39m
                [0mBrowse and filter available vehicles in our dealership[0m
              [36m</p>[39m
            [36m</div>[39m
          [36m</div>[39m
          [36m<form[39m
            [33mclass[39m=[32m"bg-white dark:bg-slate-900/80 border border-slate-200 dark:border-slate-800 rounded-2xl p-4 sm:p-6 space-y-4 shadow-sm transition-colors"[39m
          [36m>[39m
            [36m<div[39m
              [33mclass[39m=[32m"grid grid-cols-1 sm:grid-cols-2 lg:grid-cols-4 gap-4"[39m
            [36m>[39m
              [36m<div[39m
                [33mclass[39m=[32m"flex flex-col gap-1.5 w-full"[39m
              [36m>[39m
                [36m<label[39m
                  [33mclass[39m=[32m"text-xs font-semibold text-slate-400"[39m
                  [33mfor[39m=[32m"search-make-/-keyword"[39m
                [36m>[39m
                  [0mSearch Make / Keyword[0m
                [36m</label>[39m
                [36m<input[39m
                  [33mclass[39m=[32m"px-3 py-2 text-sm bg-slate-900 border border-slate-800 focus:ring-indigo-500 rounded-lg text-slate-100 placeholder-slate-500 focus:outline-none focus:ring-2 focus:ring-offset-2 focus:ring-offset-slate-950 transition-all "[39m
                  [33mid[39m=[32m"search-make-/-keyword"[39m
                  [33mplaceholder[39m=[32m"Search by make, model, or category..."[39m
                  [33mvalue[39m=[32m""[39m
                [36m/>[39m
              [36m</div>[39m
              [36m<div[39m
                [33mclass[39m=[32m"flex flex-col gap-1.5 w-full"[39m
              [36m>[39m
                [36m<label[39m
                  [33mclass[39m=[32m"text-xs font-semibold text-slate-400"[39m
                  [33mfor[39m=[32m"category"[39m
                [36m>[39m
                  [0mCategory[0m
                [36m</label>[39m
                [36m<select[39m
                  [33mclass[39m=[32m"px-3 py-2 text-sm bg-slate-900 border border-slate-800 focus:ring-indigo-500 rounded-lg text-slate-100 placeholder-slate-500 focus:outline-none focus:ring-2 focus:ring-offset-2 focus:ring-offset-slate-950 transition-all "[39m
                  [33mid[39m=[32m"category"[39m
                [36m>[39m
                  [36m<option[39m
                    [33mvalue[39m=[32m""[39m
                  [36m>[39m
                    [0mAll Categories[0m
                  [36m</option>[39m
                  [36m<option[39m
                    [33mvalue[39m=[32m"Electric"[39m
                  [36m>[39m
                    [0mElectric[0m
                  [36m</option>[39m
                  [36m<option[39m
                    [33mvalue[39m=[32m"SUV"[39m
                  [36m>[39m
                    [0mSUV[0m
                  [36m</option>[39m
                  [36m<option[39m
                    [33mvalue[39m=[32m"Truck"[39m
                  [36m>[39m
                    [0mTruck[0m
                  [36m</option>[39m
                  [36m<option[39m
                    [33mvalue[39m=[32m"Sedan"[39m
                  [36m>[39m
                    [0mSedan[0m
                  [36m</option>[39m
                  [36m<option[39m
                    [33mvalue[39m=[32m"Coupe"[39m
                  [36m>[39m
                    [0mCoupe[0m
                  [36m</option>[39m
                [36m</select>[39m
              [36m</div>[39m
              [36m<div[39m
                [33mclass[39m=[32m"flex flex-col gap-1.5 w-full"[39m
              [36m>[39m
                [36m<label[39m
                  [33mclass[39m=[32m"text-xs font-semibold text-slate-400"[39m
                  [33mfor[39m=[32m"min-price-($)"[39m
                [36m>[39m
                  [0mMin Price ($)[0m
                [36m</label>[39m
                [36m<input[39m
                  [33mclass[39m=[32m"px-3 py-2 text-sm bg-slate-900 border border-slate-800 focus:ring-indigo-500 round...

[90mstdout[2m | src/pages/__tests__/publicPages.test.tsx[2m > [22m[2mPublic Pages[2m > [22m[2mVehicles Listing Page[2m > [22m[2mfetches vehicles and displays search bar, filter controls and pagination
[22m[39m[36m<body>[39m
  [36m<div>[39m
    [36m<div[39m
      [33mclass[39m=[32m"flex flex-col min-h-screen bg-slate-50 dark:bg-slate-950 text-slate-900 dark:text-slate-100 font-sans transition-colors duration-300"[39m
    [36m>[39m
      [36m<header[39m
        [33mclass[39m=[32m"border-b border-slate-200/80 dark:border-slate-800/80 bg-white/80 dark:bg-slate-900/80 backdrop-blur-lg sticky top-0 z-50 transition-colors duration-300"[39m
        [33mrole[39m=[32m"banner"[39m
      [36m>[39m
        [36m<div[39m
          [33mclass[39m=[32m"max-w-7xl mx-auto px-4 sm:px-6 lg:px-8 h-16 flex items-center justify-between"[39m
        [36m>[39m
          [36m<a[39m
            [33mclass[39m=[32m"flex items-center gap-3 text-xl font-bold tracking-tight hover:opacity-90 transition-opacity"[39m
            [33mhref[39m=[32m"/"[39m
          [36m>[39m
            [36m<div[39m
              [33mclass[39m=[32m"flex items-center justify-center w-10 h-10 rounded-xl bg-slate-900 dark:bg-white text-white dark:text-slate-900 font-black tracking-tighter text-sm transition-transform duration-300 hover:scale-110 shadow-lg "[39m
            [36m>[39m
              [0mKATA[0m
            [36m</div>[39m
            [36m<span[39m
              [33mclass[39m=[32m"hidden sm:inline-block"[39m
            [36m>[39m
              [0mKATA[0m
            [36m</span>[39m
          [36m</a>[39m
          [36m<div[39m
            [33mclass[39m=[32m"flex items-center gap-4"[39m
          [36m>[39m
            [36m<nav[39m
              [33mclass[39m=[32m"hidden md:flex items-center gap-2"[39m
              [33mrole[39m=[32m"navigation"[39m
            [36m>[39m
              [36m<a[39m
                [33mclass[39m=[32m"text-sm font-medium transition-colors px-3 py-2 rounded-lg bg-indigo-100 dark:bg-indigo-600/20 text-indigo-700 dark:text-indigo-400 font-semibold border border-indigo-200 dark:border-indigo-500/30"[39m
                [33mhref[39m=[32m"/"[39m
              [36m>[39m
                [0mHome[0m
              [36m</a>[39m
              [36m<a[39m
                [33mclass[39m=[32m"text-sm font-medium transition-colors px-3 py-2 rounded-lg text-slate-600 dark:text-slate-300 hover:text-slate-900 dark:hover:text-white hover:bg-slate-100 dark:hover:bg-slate-800/60"[39m
                [33mhref[39m=[32m"/vehicles"[39m
              [36m>[39m
                [0mVehicles[0m
              [36m</a>[39m
              [36m<a[39m
                [33mclass[39m=[32m"text-sm font-medium transition-colors px-3 py-2 rounded-lg text-slate-600 dark:text-slate-300 hover:text-slate-900 dark:hover:text-white hover:bg-slate-100 dark:hover:bg-slate-800/60"[39m
                [33mhref[39m=[32m"/dashboard"[39m
              [36m>[39m
                [0mDashboard[0m
              [36m</a>[39m
              [36m<a[39m
                [33mclass[39m=[32m"text-sm font-medium transition-colors px-3 py-2 rounded-lg text-slate-600 dark:text-slate-300 hover:text-slate-900 dark:hover:text-white hover:bg-slate-100 dark:hover:bg-slate-800/60"[39m
                [33mhref[39m=[32m"/profile"[39m
              [36m>[39m
                [0mProfile[0m
              [36m</a>[39m
              [36m<button[39m
                [33mclass[39m=[32m"text-sm font-medium text-slate-500 dark:text-slate-400 hover:text-rose-600 dark:hover:text-rose-400 hover:bg-rose-50 dark:hover:bg-rose-500/10 px-3 py-2 rounded-lg transition-colors ml-2"[39m
              [36m>[39m
                [0mLogout[0m
              [36m</button>[39m
            [36m</nav>[39m
            [36m<button[39m
              [33maria-label[39m=[32m"Toggle Theme"[39m
              [33mclass[39m=[32m"p-2 rounded-lg text-slate-500 dark:text-slate-400 hover:bg-slate-100 dark:hover:bg-slate-800 transition-colors"[39m
            [36m>[39m
              [0m≡ƒîÖ[0m
            [36m</button>[39m
            [36m<button[39m
              [33maria-label[39m=[32m"Toggle Navigation Menu"[39m
              [33mclass[39m=[32m"md:hidden p-2 rounded-lg text-slate-500 dark:text-slate-400 hover:text-slate-900 dark:hover:text-white hover:bg-slate-100 dark:hover:bg-slate-800 transition-colors"[39m
            [36m>[39m
              [36m<svg[39m
                [33mclass[39m=[32m"w-6 h-6"[39m
                [33mfill[39m=[32m"none"[39m
                [33mstroke[39m=[32m"currentColor"[39m
                [33mviewBox[39m=[32m"0 0 24 24"[39m
              [36m>[39m
                [36m<path[39m
                  [33md[39m=[32m"M4 6h16M4 12h16M4 18h16"[39m
                  [33mstroke-linecap[39m=[32m"round"[39m
                  [33mstroke-linejoin[39m=[32m"round"[39m
                  [33mstroke-width[39m=[32m"2"[39m
                [36m/>[39m
              [36m</svg>[39m
            [36m</button>[39m
          [36m</div>[39m
        [36m</div>[39m
      [36m</header>[39m
      [36m<main[39m
        [33mclass[39m=[32m"flex-1 max-w-7xl mx-auto px-4 sm:px-6 lg:px-8 py-8 w-full transition-colors duration-300"[39m
      [36m>[39m
        [36m<div[39m
          [33mclass[39m=[32m"space-y-8"[39m
        [36m>[39m
          [36m<div[39m
            [33mclass[39m=[32m"flex flex-col sm:flex-row sm:items-center justify-between gap-4"[39m
          [36m>[39m
            [36m<div>[39m
              [36m<h1[39m
                [33mclass[39m=[32m"text-3xl font-black text-slate-900 dark:text-white tracking-tight transition-colors"[39m
              [36m>[39m
                [0mVehicle Inventory[0m
              [36m</h1>[39m
              [36m<p[39m
                [33mclass[39m=[32m"text-slate-600 dark:text-slate-400 text-sm mt-1 transition-colors"[39m
              [36m>[39m
                [0mBrowse and filter available vehicles in our dealership[0m
              [36m</p>[39m
            [36m</div>[39m
          [36m</div>[39m
          [36m<form[39m
            [33mclass[39m=[32m"bg-white dark:bg-slate-900/80 border border-slate-200 dark:border-slate-800 rounded-2xl p-4 sm:p-6 space-y-4 shadow-sm transition-colors"[39m
          [36m>[39m
            [36m<div[39m
              [33mclass[39m=[32m"grid grid-cols-1 sm:grid-cols-2 lg:grid-cols-4 gap-4"[39m
            [36m>[39m
              [36m<div[39m
                [33mclass[39m=[32m"flex flex-col gap-1.5 w-full"[39m
              [36m>[39m
                [36m<label[39m
                  [33mclass[39m=[32m"text-xs font-semibold text-slate-400"[39m
                  [33mfor[39m=[32m"search-make-/-keyword"[39m
                [36m>[39m
                  [0mSearch Make / Keyword[0m
                [36m</label>[39m
                [36m<input[39m
                  [33mclass[39m=[32m"px-3 py-2 text-sm bg-slate-900 border border-slate-800 focus:ring-indigo-500 rounded-lg text-slate-100 placeholder-slate-500 focus:outline-none focus:ring-2 focus:ring-offset-2 focus:ring-offset-slate-950 transition-all "[39m
                  [33mid[39m=[32m"search-make-/-keyword"[39m
                  [33mplaceholder[39m=[32m"Search by make, model, or category..."[39m
                  [33mvalue[39m=[32m""[39m
                [36m/>[39m
              [36m</div>[39m
              [36m<div[39m
                [33mclass[39m=[32m"flex flex-col gap-1.5 w-full"[39m
              [36m>[39m
                [36m<label[39m
                  [33mclass[39m=[32m"text-xs font-semibold text-slate-400"[39m
                  [33mfor[39m=[32m"category"[39m
                [36m>[39m
                  [0mCategory[0m
                [36m</label>[39m
                [36m<select[39m
                  [33mclass[39m=[32m"px-3 py-2 text-sm bg-slate-900 border border-slate-800 focus:ring-indigo-500 rounded-lg text-slate-100 placeholder-slate-500 focus:outline-none focus:ring-2 focus:ring-offset-2 focus:ring-offset-slate-950 transition-all "[39m
                  [33mid[39m=[32m"category"[39m
                [36m>[39m
                  [36m<option[39m
                    [33mvalue[39m=[32m""[39m
                  [36m>[39m
                    [0mAll Categories[0m
                  [36m</option>[39m
                  [36m<option[39m
                    [33mvalue[39m=[32m"Electric"[39m
                  [36m>[39m
                    [0mElectric[0m
                  [36m</option>[39m
                  [36m<option[39m
                    [33mvalue[39m=[32m"SUV"[39m
                  [36m>[39m
                    [0mSUV[0m
                  [36m</option>[39m
                  [36m<option[39m
                    [33mvalue[39m=[32m"Truck"[39m
                  [36m>[39m
                    [0mTruck[0m
                  [36m</option>[39m
                  [36m<option[39m
                    [33mvalue[39m=[32m"Sedan"[39m
                  [36m>[39m
                    [0mSedan[0m
                  [36m</option>[39m
                  [36m<option[39m
                    [33mvalue[39m=[32m"Coupe"[39m
                  [36m>[39m
                    [0mCoupe[0m
                  [36m</option>[39m
                [36m</select>[39m
              [36m</div>[39m
              [36m<div[39m
                [33mclass[39m=[32m"flex flex-col gap-1.5 w-full"[39m
              [36m>[39m
                [36m<label[39m
                  [33mclass[39m=[32m"text-xs font-semibold text-slate-400"[39m
                  [33mfor[39m=[32m"min-price-($)"[39m
                [36m>[39m
                  [0mMin Price ($)[0m
                [36m</label>[39m
                [36m<input[39m
                  [33mclass[39m=[32m"px-3 py-2 text-sm bg-slate-900 border border-slate-800 focus:ring-indigo-500 round...

[90mstdout[2m | src/pages/__tests__/publicPages.test.tsx[2m > [22m[2mPublic Pages[2m > [22m[2mVehicles Listing Page[2m > [22m[2mfetches vehicles and displays search bar, filter controls and pagination
[22m[39m[36m<body>[39m
  [36m<div>[39m
    [36m<div[39m
      [33mclass[39m=[32m"flex flex-col min-h-screen bg-slate-50 dark:bg-slate-950 text-slate-900 dark:text-slate-100 font-sans transition-colors duration-300"[39m
    [36m>[39m
      [36m<header[39m
        [33mclass[39m=[32m"border-b border-slate-200/80 dark:border-slate-800/80 bg-white/80 dark:bg-slate-900/80 backdrop-blur-lg sticky top-0 z-50 transition-colors duration-300"[39m
        [33mrole[39m=[32m"banner"[39m
      [36m>[39m
        [36m<div[39m
          [33mclass[39m=[32m"max-w-7xl mx-auto px-4 sm:px-6 lg:px-8 h-16 flex items-center justify-between"[39m
        [36m>[39m
          [36m<a[39m
            [33mclass[39m=[32m"flex items-center gap-3 text-xl font-bold tracking-tight hover:opacity-90 transition-opacity"[39m
            [33mhref[39m=[32m"/"[39m
          [36m>[39m
            [36m<div[39m
              [33mclass[39m=[32m"flex items-center justify-center w-10 h-10 rounded-xl bg-slate-900 dark:bg-white text-white dark:text-slate-900 font-black tracking-tighter text-sm transition-transform duration-300 hover:scale-110 shadow-lg "[39m
            [36m>[39m
              [0mKATA[0m
            [36m</div>[39m
            [36m<span[39m
              [33mclass[39m=[32m"hidden sm:inline-block"[39m
            [36m>[39m
              [0mKATA[0m
            [36m</span>[39m
          [36m</a>[39m
          [36m<div[39m
            [33mclass[39m=[32m"flex items-center gap-4"[39m
          [36m>[39m
            [36m<nav[39m
              [33mclass[39m=[32m"hidden md:flex items-center gap-2"[39m
              [33mrole[39m=[32m"navigation"[39m
            [36m>[39m
              [36m<a[39m
                [33mclass[39m=[32m"text-sm font-medium transition-colors px-3 py-2 rounded-lg bg-indigo-100 dark:bg-indigo-600/20 text-indigo-700 dark:text-indigo-400 font-semibold border border-indigo-200 dark:border-indigo-500/30"[39m
                [33mhref[39m=[32m"/"[39m
              [36m>[39m
                [0mHome[0m
              [36m</a>[39m
              [36m<a[39m
                [33mclass[39m=[32m"text-sm font-medium transition-colors px-3 py-2 rounded-lg text-slate-600 dark:text-slate-300 hover:text-slate-900 dark:hover:text-white hover:bg-slate-100 dark:hover:bg-slate-800/60"[39m
                [33mhref[39m=[32m"/vehicles"[39m
              [36m>[39m
                [0mVehicles[0m
              [36m</a>[39m
              [36m<a[39m
                [33mclass[39m=[32m"text-sm font-medium transition-colors px-3 py-2 rounded-lg text-slate-600 dark:text-slate-300 hover:text-slate-900 dark:hover:text-white hover:bg-slate-100 dark:hover:bg-slate-800/60"[39m
                [33mhref[39m=[32m"/dashboard"[39m
              [36m>[39m
                [0mDashboard[0m
              [36m</a>[39m
              [36m<a[39m
                [33mclass[39m=[32m"text-sm font-medium transition-colors px-3 py-2 rounded-lg text-slate-600 dark:text-slate-300 hover:text-slate-900 dark:hover:text-white hover:bg-slate-100 dark:hover:bg-slate-800/60"[39m
                [33mhref[39m=[32m"/profile"[39m
              [36m>[39m
                [0mProfile[0m
              [36m</a>[39m
              [36m<button[39m
                [33mclass[39m=[32m"text-sm font-medium text-slate-500 dark:text-slate-400 hover:text-rose-600 dark:hover:text-rose-400 hover:bg-rose-50 dark:hover:bg-rose-500/10 px-3 py-2 rounded-lg transition-colors ml-2"[39m
              [36m>[39m
                [0mLogout[0m
              [36m</button>[39m
            [36m</nav>[39m
            [36m<button[39m
              [33maria-label[39m=[32m"Toggle Theme"[39m
              [33mclass[39m=[32m"p-2 rounded-lg text-slate-500 dark:text-slate-400 hover:bg-slate-100 dark:hover:bg-slate-800 transition-colors"[39m
            [36m>[39m
              [0m≡ƒîÖ[0m
            [36m</button>[39m
            [36m<button[39m
              [33maria-label[39m=[32m"Toggle Navigation Menu"[39m
              [33mclass[39m=[32m"md:hidden p-2 rounded-lg text-slate-500 dark:text-slate-400 hover:text-slate-900 dark:hover:text-white hover:bg-slate-100 dark:hover:bg-slate-800 transition-colors"[39m
            [36m>[39m
              [36m<svg[39m
                [33mclass[39m=[32m"w-6 h-6"[39m
                [33mfill[39m=[32m"none"[39m
                [33mstroke[39m=[32m"currentColor"[39m
                [33mviewBox[39m=[32m"0 0 24 24"[39m
              [36m>[39m
                [36m<path[39m
                  [33md[39m=[32m"M4 6h16M4 12h16M4 18h16"[39m
                  [33mstroke-linecap[39m=[32m"round"[39m
                  [33mstroke-linejoin[39m=[32m"round"[39m
                  [33mstroke-width[39m=[32m"2"[39m
                [36m/>[39m
              [36m</svg>[39m
            [36m</button>[39m
          [36m</div>[39m
        [36m</div>[39m
      [36m</header>[39m
      [36m<main[39m
        [33mclass[39m=[32m"flex-1 max-w-7xl mx-auto px-4 sm:px-6 lg:px-8 py-8 w-full transition-colors duration-300"[39m
      [36m>[39m
        [36m<div[39m
          [33mclass[39m=[32m"space-y-8"[39m
        [36m>[39m
          [36m<div[39m
            [33mclass[39m=[32m"flex flex-col sm:flex-row sm:items-center justify-between gap-4"[39m
          [36m>[39m
            [36m<div>[39m
              [36m<h1[39m
                [33mclass[39m=[32m"text-3xl font-black text-slate-900 dark:text-white tracking-tight transition-colors"[39m
              [36m>[39m
                [0mVehicle Inventory[0m
              [36m</h1>[39m
              [36m<p[39m
                [33mclass[39m=[32m"text-slate-600 dark:text-slate-400 text-sm mt-1 transition-colors"[39m
              [36m>[39m
                [0mBrowse and filter available vehicles in our dealership[0m
              [36m</p>[39m
            [36m</div>[39m
          [36m</div>[39m
          [36m<form[39m
            [33mclass[39m=[32m"bg-white dark:bg-slate-900/80 border border-slate-200 dark:border-slate-800 rounded-2xl p-4 sm:p-6 space-y-4 shadow-sm transition-colors"[39m
          [36m>[39m
            [36m<div[39m
              [33mclass[39m=[32m"grid grid-cols-1 sm:grid-cols-2 lg:grid-cols-4 gap-4"[39m
            [36m>[39m
              [36m<div[39m
                [33mclass[39m=[32m"flex flex-col gap-1.5 w-full"[39m
              [36m>[39m
                [36m<label[39m
                  [33mclass[39m=[32m"text-xs font-semibold text-slate-400"[39m
                  [33mfor[39m=[32m"search-make-/-keyword"[39m
                [36m>[39m
                  [0mSearch Make / Keyword[0m
                [36m</label>[39m
                [36m<input[39m
                  [33mclass[39m=[32m"px-3 py-2 text-sm bg-slate-900 border border-slate-800 focus:ring-indigo-500 rounded-lg text-slate-100 placeholder-slate-500 focus:outline-none focus:ring-2 focus:ring-offset-2 focus:ring-offset-slate-950 transition-all "[39m
                  [33mid[39m=[32m"search-make-/-keyword"[39m
                  [33mplaceholder[39m=[32m"Search by make, model, or category..."[39m
                  [33mvalue[39m=[32m""[39m
                [36m/>[39m
              [36m</div>[39m
              [36m<div[39m
                [33mclass[39m=[32m"flex flex-col gap-1.5 w-full"[39m
              [36m>[39m
                [36m<label[39m
                  [33mclass[39m=[32m"text-xs font-semibold text-slate-400"[39m
                  [33mfor[39m=[32m"category"[39m
                [36m>[39m
                  [0mCategory[0m
                [36m</label>[39m
                [36m<select[39m
                  [33mclass[39m=[32m"px-3 py-2 text-sm bg-slate-900 border border-slate-800 focus:ring-indigo-500 rounded-lg text-slate-100 placeholder-slate-500 focus:outline-none focus:ring-2 focus:ring-offset-2 focus:ring-offset-slate-950 transition-all "[39m
                  [33mid[39m=[32m"category"[39m
                [36m>[39m
                  [36m<option[39m
                    [33mvalue[39m=[32m""[39m
                  [36m>[39m
                    [0mAll Categories[0m
                  [36m</option>[39m
                  [36m<option[39m
                    [33mvalue[39m=[32m"Electric"[39m
                  [36m>[39m
                    [0mElectric[0m
                  [36m</option>[39m
                  [36m<option[39m
                    [33mvalue[39m=[32m"SUV"[39m
                  [36m>[39m
                    [0mSUV[0m
                  [36m</option>[39m
                  [36m<option[39m
                    [33mvalue[39m=[32m"Truck"[39m
                  [36m>[39m
                    [0mTruck[0m
                  [36m</option>[39m
                  [36m<option[39m
                    [33mvalue[39m=[32m"Sedan"[39m
                  [36m>[39m
                    [0mSedan[0m
                  [36m</option>[39m
                  [36m<option[39m
                    [33mvalue[39m=[32m"Coupe"[39m
                  [36m>[39m
                    [0mCoupe[0m
                  [36m</option>[39m
                [36m</select>[39m
              [36m</div>[39m
              [36m<div[39m
                [33mclass[39m=[32m"flex flex-col gap-1.5 w-full"[39m
              [36m>[39m
                [36m<label[39m
                  [33mclass[39m=[32m"text-xs font-semibold text-slate-400"[39m
                  [33mfor[39m=[32m"min-price-($)"[39m
                [36m>[39m
                  [0mMin Price ($)[0m
                [36m</label>[39m
                [36m<input[39m
                  [33mclass[39m=[32m"px-3 py-2 text-sm bg-slate-900 border border-slate-800 focus:ring-indigo-500 round...

[90mstdout[2m | src/pages/__tests__/publicPages.test.tsx[2m > [22m[2mPublic Pages[2m > [22m[2mVehicles Listing Page[2m > [22m[2mfetches vehicles and displays search bar, filter controls and pagination
[22m[39m[36m<body>[39m
  [36m<div>[39m
    [36m<div[39m
      [33mclass[39m=[32m"flex flex-col min-h-screen bg-slate-50 dark:bg-slate-950 text-slate-900 dark:text-slate-100 font-sans transition-colors duration-300"[39m
    [36m>[39m
      [36m<header[39m
        [33mclass[39m=[32m"border-b border-slate-200/80 dark:border-slate-800/80 bg-white/80 dark:bg-slate-900/80 backdrop-blur-lg sticky top-0 z-50 transition-colors duration-300"[39m
        [33mrole[39m=[32m"banner"[39m
      [36m>[39m
        [36m<div[39m
          [33mclass[39m=[32m"max-w-7xl mx-auto px-4 sm:px-6 lg:px-8 h-16 flex items-center justify-between"[39m
        [36m>[39m
          [36m<a[39m
            [33mclass[39m=[32m"flex items-center gap-3 text-xl font-bold tracking-tight hover:opacity-90 transition-opacity"[39m
            [33mhref[39m=[32m"/"[39m
          [36m>[39m
            [36m<div[39m
              [33mclass[39m=[32m"flex items-center justify-center w-10 h-10 rounded-xl bg-slate-900 dark:bg-white text-white dark:text-slate-900 font-black tracking-tighter text-sm transition-transform duration-300 hover:scale-110 shadow-lg "[39m
            [36m>[39m
              [0mKATA[0m
            [36m</div>[39m
            [36m<span[39m
              [33mclass[39m=[32m"hidden sm:inline-block"[39m
            [36m>[39m
              [0mKATA[0m
            [36m</span>[39m
          [36m</a>[39m
          [36m<div[39m
            [33mclass[39m=[32m"flex items-center gap-4"[39m
          [36m>[39m
            [36m<nav[39m
              [33mclass[39m=[32m"hidden md:flex items-center gap-2"[39m
              [33mrole[39m=[32m"navigation"[39m
            [36m>[39m
              [36m<a[39m
                [33mclass[39m=[32m"text-sm font-medium transition-colors px-3 py-2 rounded-lg bg-indigo-100 dark:bg-indigo-600/20 text-indigo-700 dark:text-indigo-400 font-semibold border border-indigo-200 dark:border-indigo-500/30"[39m
                [33mhref[39m=[32m"/"[39m
              [36m>[39m
                [0mHome[0m
              [36m</a>[39m
              [36m<a[39m
                [33mclass[39m=[32m"text-sm font-medium transition-colors px-3 py-2 rounded-lg text-slate-600 dark:text-slate-300 hover:text-slate-900 dark:hover:text-white hover:bg-slate-100 dark:hover:bg-slate-800/60"[39m
                [33mhref[39m=[32m"/vehicles"[39m
              [36m>[39m
                [0mVehicles[0m
              [36m</a>[39m
              [36m<a[39m
                [33mclass[39m=[32m"text-sm font-medium transition-colors px-3 py-2 rounded-lg text-slate-600 dark:text-slate-300 hover:text-slate-900 dark:hover:text-white hover:bg-slate-100 dark:hover:bg-slate-800/60"[39m
                [33mhref[39m=[32m"/dashboard"[39m
              [36m>[39m
                [0mDashboard[0m
              [36m</a>[39m
              [36m<a[39m
                [33mclass[39m=[32m"text-sm font-medium transition-colors px-3 py-2 rounded-lg text-slate-600 dark:text-slate-300 hover:text-slate-900 dark:hover:text-white hover:bg-slate-100 dark:hover:bg-slate-800/60"[39m
                [33mhref[39m=[32m"/profile"[39m
              [36m>[39m
                [0mProfile[0m
              [36m</a>[39m
              [36m<button[39m
                [33mclass[39m=[32m"text-sm font-medium text-slate-500 dark:text-slate-400 hover:text-rose-600 dark:hover:text-rose-400 hover:bg-rose-50 dark:hover:bg-rose-500/10 px-3 py-2 rounded-lg transition-colors ml-2"[39m
              [36m>[39m
                [0mLogout[0m
              [36m</button>[39m
            [36m</nav>[39m
            [36m<button[39m
              [33maria-label[39m=[32m"Toggle Theme"[39m
              [33mclass[39m=[32m"p-2 rounded-lg text-slate-500 dark:text-slate-400 hover:bg-slate-100 dark:hover:bg-slate-800 transition-colors"[39m
            [36m>[39m
              [0m≡ƒîÖ[0m
            [36m</button>[39m
            [36m<button[39m
              [33maria-label[39m=[32m"Toggle Navigation Menu"[39m
              [33mclass[39m=[32m"md:hidden p-2 rounded-lg text-slate-500 dark:text-slate-400 hover:text-slate-900 dark:hover:text-white hover:bg-slate-100 dark:hover:bg-slate-800 transition-colors"[39m
            [36m>[39m
              [36m<svg[39m
                [33mclass[39m=[32m"w-6 h-6"[39m
                [33mfill[39m=[32m"none"[39m
                [33mstroke[39m=[32m"currentColor"[39m
                [33mviewBox[39m=[32m"0 0 24 24"[39m
              [36m>[39m
                [36m<path[39m
                  [33md[39m=[32m"M4 6h16M4 12h16M4 18h16"[39m
                  [33mstroke-linecap[39m=[32m"round"[39m
                  [33mstroke-linejoin[39m=[32m"round"[39m
                  [33mstroke-width[39m=[32m"2"[39m
                [36m/>[39m
              [36m</svg>[39m
            [36m</button>[39m
          [36m</div>[39m
        [36m</div>[39m
      [36m</header>[39m
      [36m<main[39m
        [33mclass[39m=[32m"flex-1 max-w-7xl mx-auto px-4 sm:px-6 lg:px-8 py-8 w-full transition-colors duration-300"[39m
      [36m>[39m
        [36m<div[39m
          [33mclass[39m=[32m"space-y-8"[39m
        [36m>[39m
          [36m<div[39m
            [33mclass[39m=[32m"flex flex-col sm:flex-row sm:items-center justify-between gap-4"[39m
          [36m>[39m
            [36m<div>[39m
              [36m<h1[39m
                [33mclass[39m=[32m"text-3xl font-black text-slate-900 dark:text-white tracking-tight transition-colors"[39m
              [36m>[39m
                [0mVehicle Inventory[0m
              [36m</h1>[39m
              [36m<p[39m
                [33mclass[39m=[32m"text-slate-600 dark:text-slate-400 text-sm mt-1 transition-colors"[39m
              [36m>[39m
                [0mBrowse and filter available vehicles in our dealership[0m
              [36m</p>[39m
            [36m</div>[39m
          [36m</div>[39m
          [36m<form[39m
            [33mclass[39m=[32m"bg-white dark:bg-slate-900/80 border border-slate-200 dark:border-slate-800 rounded-2xl p-4 sm:p-6 space-y-4 shadow-sm transition-colors"[39m
          [36m>[39m
            [36m<div[39m
              [33mclass[39m=[32m"grid grid-cols-1 sm:grid-cols-2 lg:grid-cols-4 gap-4"[39m
            [36m>[39m
              [36m<div[39m
                [33mclass[39m=[32m"flex flex-col gap-1.5 w-full"[39m
              [36m>[39m
                [36m<label[39m
                  [33mclass[39m=[32m"text-xs font-semibold text-slate-400"[39m
                  [33mfor[39m=[32m"search-make-/-keyword"[39m
                [36m>[39m
                  [0mSearch Make / Keyword[0m
                [36m</label>[39m
                [36m<input[39m
                  [33mclass[39m=[32m"px-3 py-2 text-sm bg-slate-900 border border-slate-800 focus:ring-indigo-500 rounded-lg text-slate-100 placeholder-slate-500 focus:outline-none focus:ring-2 focus:ring-offset-2 focus:ring-offset-slate-950 transition-all "[39m
                  [33mid[39m=[32m"search-make-/-keyword"[39m
                  [33mplaceholder[39m=[32m"Search by make, model, or category..."[39m
                  [33mvalue[39m=[32m""[39m
                [36m/>[39m
              [36m</div>[39m
              [36m<div[39m
                [33mclass[39m=[32m"flex flex-col gap-1.5 w-full"[39m
              [36m>[39m
                [36m<label[39m
                  [33mclass[39m=[32m"text-xs font-semibold text-slate-400"[39m
                  [33mfor[39m=[32m"category"[39m
                [36m>[39m
                  [0mCategory[0m
                [36m</label>[39m
                [36m<select[39m
                  [33mclass[39m=[32m"px-3 py-2 text-sm bg-slate-900 border border-slate-800 focus:ring-indigo-500 rounded-lg text-slate-100 placeholder-slate-500 focus:outline-none focus:ring-2 focus:ring-offset-2 focus:ring-offset-slate-950 transition-all "[39m
                  [33mid[39m=[32m"category"[39m
                [36m>[39m
                  [36m<option[39m
                    [33mvalue[39m=[32m""[39m
                  [36m>[39m
                    [0mAll Categories[0m
                  [36m</option>[39m
                  [36m<option[39m
                    [33mvalue[39m=[32m"Electric"[39m
                  [36m>[39m
                    [0mElectric[0m
                  [36m</option>[39m
                  [36m<option[39m
                    [33mvalue[39m=[32m"SUV"[39m
                  [36m>[39m
                    [0mSUV[0m
                  [36m</option>[39m
                  [36m<option[39m
                    [33mvalue[39m=[32m"Truck"[39m
                  [36m>[39m
                    [0mTruck[0m
                  [36m</option>[39m
                  [36m<option[39m
                    [33mvalue[39m=[32m"Sedan"[39m
                  [36m>[39m
                    [0mSedan[0m
                  [36m</option>[39m
                  [36m<option[39m
                    [33mvalue[39m=[32m"Coupe"[39m
                  [36m>[39m
                    [0mCoupe[0m
                  [36m</option>[39m
                [36m</select>[39m
              [36m</div>[39m
              [36m<div[39m
                [33mclass[39m=[32m"flex flex-col gap-1.5 w-full"[39m
              [36m>[39m
                [36m<label[39m
                  [33mclass[39m=[32m"text-xs font-semibold text-slate-400"[39m
                  [33mfor[39m=[32m"min-price-($)"[39m
                [36m>[39m
                  [0mMin Price ($)[0m
                [36m</label>[39m
                [36m<input[39m
                  [33mclass[39m=[32m"px-3 py-2 text-sm bg-slate-900 border border-slate-800 focus:ring-indigo-500 round...

[90mstdout[2m | src/pages/__tests__/publicPages.test.tsx[2m > [22m[2mPublic Pages[2m > [22m[2mVehicles Listing Page[2m > [22m[2mfetches vehicles and displays search bar, filter controls and pagination
[22m[39m[36m<body>[39m
  [36m<div>[39m
    [36m<div[39m
      [33mclass[39m=[32m"flex flex-col min-h-screen bg-slate-50 dark:bg-slate-950 text-slate-900 dark:text-slate-100 font-sans transition-colors duration-300"[39m
    [36m>[39m
      [36m<header[39m
        [33mclass[39m=[32m"border-b border-slate-200/80 dark:border-slate-800/80 bg-white/80 dark:bg-slate-900/80 backdrop-blur-lg sticky top-0 z-50 transition-colors duration-300"[39m
        [33mrole[39m=[32m"banner"[39m
      [36m>[39m
        [36m<div[39m
          [33mclass[39m=[32m"max-w-7xl mx-auto px-4 sm:px-6 lg:px-8 h-16 flex items-center justify-between"[39m
        [36m>[39m
          [36m<a[39m
            [33mclass[39m=[32m"flex items-center gap-3 text-xl font-bold tracking-tight hover:opacity-90 transition-opacity"[39m
            [33mhref[39m=[32m"/"[39m
          [36m>[39m
            [36m<div[39m
              [33mclass[39m=[32m"flex items-center justify-center w-10 h-10 rounded-xl bg-slate-900 dark:bg-white text-white dark:text-slate-900 font-black tracking-tighter text-sm transition-transform duration-300 hover:scale-110 shadow-lg "[39m
            [36m>[39m
              [0mKATA[0m
            [36m</div>[39m
            [36m<span[39m
              [33mclass[39m=[32m"hidden sm:inline-block"[39m
            [36m>[39m
              [0mKATA[0m
            [36m</span>[39m
          [36m</a>[39m
          [36m<div[39m
            [33mclass[39m=[32m"flex items-center gap-4"[39m
          [36m>[39m
            [36m<nav[39m
              [33mclass[39m=[32m"hidden md:flex items-center gap-2"[39m
              [33mrole[39m=[32m"navigation"[39m
            [36m>[39m
              [36m<a[39m
                [33mclass[39m=[32m"text-sm font-medium transition-colors px-3 py-2 rounded-lg bg-indigo-100 dark:bg-indigo-600/20 text-indigo-700 dark:text-indigo-400 font-semibold border border-indigo-200 dark:border-indigo-500/30"[39m
                [33mhref[39m=[32m"/"[39m
              [36m>[39m
                [0mHome[0m
              [36m</a>[39m
              [36m<a[39m
                [33mclass[39m=[32m"text-sm font-medium transition-colors px-3 py-2 rounded-lg text-slate-600 dark:text-slate-300 hover:text-slate-900 dark:hover:text-white hover:bg-slate-100 dark:hover:bg-slate-800/60"[39m
                [33mhref[39m=[32m"/vehicles"[39m
              [36m>[39m
                [0mVehicles[0m
              [36m</a>[39m
              [36m<a[39m
                [33mclass[39m=[32m"text-sm font-medium transition-colors px-3 py-2 rounded-lg text-slate-600 dark:text-slate-300 hover:text-slate-900 dark:hover:text-white hover:bg-slate-100 dark:hover:bg-slate-800/60"[39m
                [33mhref[39m=[32m"/dashboard"[39m
              [36m>[39m
                [0mDashboard[0m
              [36m</a>[39m
              [36m<a[39m
                [33mclass[39m=[32m"text-sm font-medium transition-colors px-3 py-2 rounded-lg text-slate-600 dark:text-slate-300 hover:text-slate-900 dark:hover:text-white hover:bg-slate-100 dark:hover:bg-slate-800/60"[39m
                [33mhref[39m=[32m"/profile"[39m
              [36m>[39m
                [0mProfile[0m
              [36m</a>[39m
              [36m<button[39m
                [33mclass[39m=[32m"text-sm font-medium text-slate-500 dark:text-slate-400 hover:text-rose-600 dark:hover:text-rose-400 hover:bg-rose-50 dark:hover:bg-rose-500/10 px-3 py-2 rounded-lg transition-colors ml-2"[39m
              [36m>[39m
                [0mLogout[0m
              [36m</button>[39m
            [36m</nav>[39m
            [36m<button[39m
              [33maria-label[39m=[32m"Toggle Theme"[39m
              [33mclass[39m=[32m"p-2 rounded-lg text-slate-500 dark:text-slate-400 hover:bg-slate-100 dark:hover:bg-slate-800 transition-colors"[39m
            [36m>[39m
              [0m≡ƒîÖ[0m
            [36m</button>[39m
            [36m<button[39m
              [33maria-label[39m=[32m"Toggle Navigation Menu"[39m
              [33mclass[39m=[32m"md:hidden p-2 rounded-lg text-slate-500 dark:text-slate-400 hover:text-slate-900 dark:hover:text-white hover:bg-slate-100 dark:hover:bg-slate-800 transition-colors"[39m
            [36m>[39m
              [36m<svg[39m
                [33mclass[39m=[32m"w-6 h-6"[39m
                [33mfill[39m=[32m"none"[39m
                [33mstroke[39m=[32m"currentColor"[39m
                [33mviewBox[39m=[32m"0 0 24 24"[39m
              [36m>[39m
                [36m<path[39m
                  [33md[39m=[32m"M4 6h16M4 12h16M4 18h16"[39m
                  [33mstroke-linecap[39m=[32m"round"[39m
                  [33mstroke-linejoin[39m=[32m"round"[39m
                  [33mstroke-width[39m=[32m"2"[39m
                [36m/>[39m
              [36m</svg>[39m
            [36m</button>[39m
          [36m</div>[39m
        [36m</div>[39m
      [36m</header>[39m
      [36m<main[39m
        [33mclass[39m=[32m"flex-1 max-w-7xl mx-auto px-4 sm:px-6 lg:px-8 py-8 w-full transition-colors duration-300"[39m
      [36m>[39m
        [36m<div[39m
          [33mclass[39m=[32m"space-y-8"[39m
        [36m>[39m
          [36m<div[39m
            [33mclass[39m=[32m"flex flex-col sm:flex-row sm:items-center justify-between gap-4"[39m
          [36m>[39m
            [36m<div>[39m
              [36m<h1[39m
                [33mclass[39m=[32m"text-3xl font-black text-slate-900 dark:text-white tracking-tight transition-colors"[39m
              [36m>[39m
                [0mVehicle Inventory[0m
              [36m</h1>[39m
              [36m<p[39m
                [33mclass[39m=[32m"text-slate-600 dark:text-slate-400 text-sm mt-1 transition-colors"[39m
              [36m>[39m
                [0mBrowse and filter available vehicles in our dealership[0m
              [36m</p>[39m
            [36m</div>[39m
          [36m</div>[39m
          [36m<form[39m
            [33mclass[39m=[32m"bg-white dark:bg-slate-900/80 border border-slate-200 dark:border-slate-800 rounded-2xl p-4 sm:p-6 space-y-4 shadow-sm transition-colors"[39m
          [36m>[39m
            [36m<div[39m
              [33mclass[39m=[32m"grid grid-cols-1 sm:grid-cols-2 lg:grid-cols-4 gap-4"[39m
            [36m>[39m
              [36m<div[39m
                [33mclass[39m=[32m"flex flex-col gap-1.5 w-full"[39m
              [36m>[39m
                [36m<label[39m
                  [33mclass[39m=[32m"text-xs font-semibold text-slate-400"[39m
                  [33mfor[39m=[32m"search-make-/-keyword"[39m
                [36m>[39m
                  [0mSearch Make / Keyword[0m
                [36m</label>[39m
                [36m<input[39m
                  [33mclass[39m=[32m"px-3 py-2 text-sm bg-slate-900 border border-slate-800 focus:ring-indigo-500 rounded-lg text-slate-100 placeholder-slate-500 focus:outline-none focus:ring-2 focus:ring-offset-2 focus:ring-offset-slate-950 transition-all "[39m
                  [33mid[39m=[32m"search-make-/-keyword"[39m
                  [33mplaceholder[39m=[32m"Search by make, model, or category..."[39m
                  [33mvalue[39m=[32m""[39m
                [36m/>[39m
              [36m</div>[39m
              [36m<div[39m
                [33mclass[39m=[32m"flex flex-col gap-1.5 w-full"[39m
              [36m>[39m
                [36m<label[39m
                  [33mclass[39m=[32m"text-xs font-semibold text-slate-400"[39m
                  [33mfor[39m=[32m"category"[39m
                [36m>[39m
                  [0mCategory[0m
                [36m</label>[39m
                [36m<select[39m
                  [33mclass[39m=[32m"px-3 py-2 text-sm bg-slate-900 border border-slate-800 focus:ring-indigo-500 rounded-lg text-slate-100 placeholder-slate-500 focus:outline-none focus:ring-2 focus:ring-offset-2 focus:ring-offset-slate-950 transition-all "[39m
                  [33mid[39m=[32m"category"[39m
                [36m>[39m
                  [36m<option[39m
                    [33mvalue[39m=[32m""[39m
                  [36m>[39m
                    [0mAll Categories[0m
                  [36m</option>[39m
                  [36m<option[39m
                    [33mvalue[39m=[32m"Electric"[39m
                  [36m>[39m
                    [0mElectric[0m
                  [36m</option>[39m
                  [36m<option[39m
                    [33mvalue[39m=[32m"SUV"[39m
                  [36m>[39m
                    [0mSUV[0m
                  [36m</option>[39m
                  [36m<option[39m
                    [33mvalue[39m=[32m"Truck"[39m
                  [36m>[39m
                    [0mTruck[0m
                  [36m</option>[39m
                  [36m<option[39m
                    [33mvalue[39m=[32m"Sedan"[39m
                  [36m>[39m
                    [0mSedan[0m
                  [36m</option>[39m
                  [36m<option[39m
                    [33mvalue[39m=[32m"Coupe"[39m
                  [36m>[39m
                    [0mCoupe[0m
                  [36m</option>[39m
                [36m</select>[39m
              [36m</div>[39m
              [36m<div[39m
                [33mclass[39m=[32m"flex flex-col gap-1.5 w-full"[39m
              [36m>[39m
                [36m<label[39m
                  [33mclass[39m=[32m"text-xs font-semibold text-slate-400"[39m
                  [33mfor[39m=[32m"min-price-($)"[39m
                [36m>[39m
                  [0mMin Price ($)[0m
                [36m</label>[39m
                [36m<input[39m
                  [33mclass[39m=[32m"px-3 py-2 text-sm bg-slate-900 border border-slate-800 focus:ring-indigo-500 round...

[90mstdout[2m | src/pages/__tests__/publicPages.test.tsx[2m > [22m[2mPublic Pages[2m > [22m[2mVehicles Listing Page[2m > [22m[2mfetches vehicles and displays search bar, filter controls and pagination
[22m[39m[36m<body>[39m
  [36m<div>[39m
    [36m<div[39m
      [33mclass[39m=[32m"flex flex-col min-h-screen bg-slate-50 dark:bg-slate-950 text-slate-900 dark:text-slate-100 font-sans transition-colors duration-300"[39m
    [36m>[39m
      [36m<header[39m
        [33mclass[39m=[32m"border-b border-slate-200/80 dark:border-slate-800/80 bg-white/80 dark:bg-slate-900/80 backdrop-blur-lg sticky top-0 z-50 transition-colors duration-300"[39m
        [33mrole[39m=[32m"banner"[39m
      [36m>[39m
        [36m<div[39m
          [33mclass[39m=[32m"max-w-7xl mx-auto px-4 sm:px-6 lg:px-8 h-16 flex items-center justify-between"[39m
        [36m>[39m
          [36m<a[39m
            [33mclass[39m=[32m"flex items-center gap-3 text-xl font-bold tracking-tight hover:opacity-90 transition-opacity"[39m
            [33mhref[39m=[32m"/"[39m
          [36m>[39m
            [36m<div[39m
              [33mclass[39m=[32m"flex items-center justify-center w-10 h-10 rounded-xl bg-slate-900 dark:bg-white text-white dark:text-slate-900 font-black tracking-tighter text-sm transition-transform duration-300 hover:scale-110 shadow-lg "[39m
            [36m>[39m
              [0mKATA[0m
            [36m</div>[39m
            [36m<span[39m
              [33mclass[39m=[32m"hidden sm:inline-block"[39m
            [36m>[39m
              [0mKATA[0m
            [36m</span>[39m
          [36m</a>[39m
          [36m<div[39m
            [33mclass[39m=[32m"flex items-center gap-4"[39m
          [36m>[39m
            [36m<nav[39m
              [33mclass[39m=[32m"hidden md:flex items-center gap-2"[39m
              [33mrole[39m=[32m"navigation"[39m
            [36m>[39m
              [36m<a[39m
                [33mclass[39m=[32m"text-sm font-medium transition-colors px-3 py-2 rounded-lg bg-indigo-100 dark:bg-indigo-600/20 text-indigo-700 dark:text-indigo-400 font-semibold border border-indigo-200 dark:border-indigo-500/30"[39m
                [33mhref[39m=[32m"/"[39m
              [36m>[39m
                [0mHome[0m
              [36m</a>[39m
              [36m<a[39m
                [33mclass[39m=[32m"text-sm font-medium transition-colors px-3 py-2 rounded-lg text-slate-600 dark:text-slate-300 hover:text-slate-900 dark:hover:text-white hover:bg-slate-100 dark:hover:bg-slate-800/60"[39m
                [33mhref[39m=[32m"/vehicles"[39m
              [36m>[39m
                [0mVehicles[0m
              [36m</a>[39m
              [36m<a[39m
                [33mclass[39m=[32m"text-sm font-medium transition-colors px-3 py-2 rounded-lg text-slate-600 dark:text-slate-300 hover:text-slate-900 dark:hover:text-white hover:bg-slate-100 dark:hover:bg-slate-800/60"[39m
                [33mhref[39m=[32m"/dashboard"[39m
              [36m>[39m
                [0mDashboard[0m
              [36m</a>[39m
              [36m<a[39m
                [33mclass[39m=[32m"text-sm font-medium transition-colors px-3 py-2 rounded-lg text-slate-600 dark:text-slate-300 hover:text-slate-900 dark:hover:text-white hover:bg-slate-100 dark:hover:bg-slate-800/60"[39m
                [33mhref[39m=[32m"/profile"[39m
              [36m>[39m
                [0mProfile[0m
              [36m</a>[39m
              [36m<button[39m
                [33mclass[39m=[32m"text-sm font-medium text-slate-500 dark:text-slate-400 hover:text-rose-600 dark:hover:text-rose-400 hover:bg-rose-50 dark:hover:bg-rose-500/10 px-3 py-2 rounded-lg transition-colors ml-2"[39m
              [36m>[39m
                [0mLogout[0m
              [36m</button>[39m
            [36m</nav>[39m
            [36m<button[39m
              [33maria-label[39m=[32m"Toggle Theme"[39m
              [33mclass[39m=[32m"p-2 rounded-lg text-slate-500 dark:text-slate-400 hover:bg-slate-100 dark:hover:bg-slate-800 transition-colors"[39m
            [36m>[39m
              [0m≡ƒîÖ[0m
            [36m</button>[39m
            [36m<button[39m
              [33maria-label[39m=[32m"Toggle Navigation Menu"[39m
              [33mclass[39m=[32m"md:hidden p-2 rounded-lg text-slate-500 dark:text-slate-400 hover:text-slate-900 dark:hover:text-white hover:bg-slate-100 dark:hover:bg-slate-800 transition-colors"[39m
            [36m>[39m
              [36m<svg[39m
                [33mclass[39m=[32m"w-6 h-6"[39m
                [33mfill[39m=[32m"none"[39m
                [33mstroke[39m=[32m"currentColor"[39m
                [33mviewBox[39m=[32m"0 0 24 24"[39m
              [36m>[39m
                [36m<path[39m
                  [33md[39m=[32m"M4 6h16M4 12h16M4 18h16"[39m
                  [33mstroke-linecap[39m=[32m"round"[39m
                  [33mstroke-linejoin[39m=[32m"round"[39m
                  [33mstroke-width[39m=[32m"2"[39m
                [36m/>[39m
              [36m</svg>[39m
            [36m</button>[39m
          [36m</div>[39m
        [36m</div>[39m
      [36m</header>[39m
      [36m<main[39m
        [33mclass[39m=[32m"flex-1 max-w-7xl mx-auto px-4 sm:px-6 lg:px-8 py-8 w-full transition-colors duration-300"[39m
      [36m>[39m
        [36m<div[39m
          [33mclass[39m=[32m"space-y-8"[39m
        [36m>[39m
          [36m<div[39m
            [33mclass[39m=[32m"flex flex-col sm:flex-row sm:items-center justify-between gap-4"[39m
          [36m>[39m
            [36m<div>[39m
              [36m<h1[39m
                [33mclass[39m=[32m"text-3xl font-black text-slate-900 dark:text-white tracking-tight transition-colors"[39m
              [36m>[39m
                [0mVehicle Inventory[0m
              [36m</h1>[39m
              [36m<p[39m
                [33mclass[39m=[32m"text-slate-600 dark:text-slate-400 text-sm mt-1 transition-colors"[39m
              [36m>[39m
                [0mBrowse and filter available vehicles in our dealership[0m
              [36m</p>[39m
            [36m</div>[39m
          [36m</div>[39m
          [36m<form[39m
            [33mclass[39m=[32m"bg-white dark:bg-slate-900/80 border border-slate-200 dark:border-slate-800 rounded-2xl p-4 sm:p-6 space-y-4 shadow-sm transition-colors"[39m
          [36m>[39m
            [36m<div[39m
              [33mclass[39m=[32m"grid grid-cols-1 sm:grid-cols-2 lg:grid-cols-4 gap-4"[39m
            [36m>[39m
              [36m<div[39m
                [33mclass[39m=[32m"flex flex-col gap-1.5 w-full"[39m
              [36m>[39m
                [36m<label[39m
                  [33mclass[39m=[32m"text-xs font-semibold text-slate-400"[39m
                  [33mfor[39m=[32m"search-make-/-keyword"[39m
                [36m>[39m
                  [0mSearch Make / Keyword[0m
                [36m</label>[39m
                [36m<input[39m
                  [33mclass[39m=[32m"px-3 py-2 text-sm bg-slate-900 border border-slate-800 focus:ring-indigo-500 rounded-lg text-slate-100 placeholder-slate-500 focus:outline-none focus:ring-2 focus:ring-offset-2 focus:ring-offset-slate-950 transition-all "[39m
                  [33mid[39m=[32m"search-make-/-keyword"[39m
                  [33mplaceholder[39m=[32m"Search by make, model, or category..."[39m
                  [33mvalue[39m=[32m""[39m
                [36m/>[39m
              [36m</div>[39m
              [36m<div[39m
                [33mclass[39m=[32m"flex flex-col gap-1.5 w-full"[39m
              [36m>[39m
                [36m<label[39m
                  [33mclass[39m=[32m"text-xs font-semibold text-slate-400"[39m
                  [33mfor[39m=[32m"category"[39m
                [36m>[39m
                  [0mCategory[0m
                [36m</label>[39m
                [36m<select[39m
                  [33mclass[39m=[32m"px-3 py-2 text-sm bg-slate-900 border border-slate-800 focus:ring-indigo-500 rounded-lg text-slate-100 placeholder-slate-500 focus:outline-none focus:ring-2 focus:ring-offset-2 focus:ring-offset-slate-950 transition-all "[39m
                  [33mid[39m=[32m"category"[39m
                [36m>[39m
                  [36m<option[39m
                    [33mvalue[39m=[32m""[39m
                  [36m>[39m
                    [0mAll Categories[0m
                  [36m</option>[39m
                  [36m<option[39m
                    [33mvalue[39m=[32m"Electric"[39m
                  [36m>[39m
                    [0mElectric[0m
                  [36m</option>[39m
                  [36m<option[39m
                    [33mvalue[39m=[32m"SUV"[39m
                  [36m>[39m
                    [0mSUV[0m
                  [36m</option>[39m
                  [36m<option[39m
                    [33mvalue[39m=[32m"Truck"[39m
                  [36m>[39m
                    [0mTruck[0m
                  [36m</option>[39m
                  [36m<option[39m
                    [33mvalue[39m=[32m"Sedan"[39m
                  [36m>[39m
                    [0mSedan[0m
                  [36m</option>[39m
                  [36m<option[39m
                    [33mvalue[39m=[32m"Coupe"[39m
                  [36m>[39m
                    [0mCoupe[0m
                  [36m</option>[39m
                [36m</select>[39m
              [36m</div>[39m
              [36m<div[39m
                [33mclass[39m=[32m"flex flex-col gap-1.5 w-full"[39m
              [36m>[39m
                [36m<label[39m
                  [33mclass[39m=[32m"text-xs font-semibold text-slate-400"[39m
                  [33mfor[39m=[32m"min-price-($)"[39m
                [36m>[39m
                  [0mMin Price ($)[0m
                [36m</label>[39m
                [36m<input[39m
                  [33mclass[39m=[32m"px-3 py-2 text-sm bg-slate-900 border border-slate-800 focus:ring-indigo-500 round...

[90mstdout[2m | src/pages/__tests__/publicPages.test.tsx[2m > [22m[2mPublic Pages[2m > [22m[2mVehicles Listing Page[2m > [22m[2mfetches vehicles and displays search bar, filter controls and pagination
[22m[39m[36m<body>[39m
  [36m<div>[39m
    [36m<div[39m
      [33mclass[39m=[32m"flex flex-col min-h-screen bg-slate-50 dark:bg-slate-950 text-slate-900 dark:text-slate-100 font-sans transition-colors duration-300"[39m
    [36m>[39m
      [36m<header[39m
        [33mclass[39m=[32m"border-b border-slate-200/80 dark:border-slate-800/80 bg-white/80 dark:bg-slate-900/80 backdrop-blur-lg sticky top-0 z-50 transition-colors duration-300"[39m
        [33mrole[39m=[32m"banner"[39m
      [36m>[39m
        [36m<div[39m
          [33mclass[39m=[32m"max-w-7xl mx-auto px-4 sm:px-6 lg:px-8 h-16 flex items-center justify-between"[39m
        [36m>[39m
          [36m<a[39m
            [33mclass[39m=[32m"flex items-center gap-3 text-xl font-bold tracking-tight hover:opacity-90 transition-opacity"[39m
            [33mhref[39m=[32m"/"[39m
          [36m>[39m
            [36m<div[39m
              [33mclass[39m=[32m"flex items-center justify-center w-10 h-10 rounded-xl bg-slate-900 dark:bg-white text-white dark:text-slate-900 font-black tracking-tighter text-sm transition-transform duration-300 hover:scale-110 shadow-lg "[39m
            [36m>[39m
              [0mKATA[0m
            [36m</div>[39m
            [36m<span[39m
              [33mclass[39m=[32m"hidden sm:inline-block"[39m
            [36m>[39m
              [0mKATA[0m
            [36m</span>[39m
          [36m</a>[39m
          [36m<div[39m
            [33mclass[39m=[32m"flex items-center gap-4"[39m
          [36m>[39m
            [36m<nav[39m
              [33mclass[39m=[32m"hidden md:flex items-center gap-2"[39m
              [33mrole[39m=[32m"navigation"[39m
            [36m>[39m
              [36m<a[39m
                [33mclass[39m=[32m"text-sm font-medium transition-colors px-3 py-2 rounded-lg bg-indigo-100 dark:bg-indigo-600/20 text-indigo-700 dark:text-indigo-400 font-semibold border border-indigo-200 dark:border-indigo-500/30"[39m
                [33mhref[39m=[32m"/"[39m
              [36m>[39m
                [0mHome[0m
              [36m</a>[39m
              [36m<a[39m
                [33mclass[39m=[32m"text-sm font-medium transition-colors px-3 py-2 rounded-lg text-slate-600 dark:text-slate-300 hover:text-slate-900 dark:hover:text-white hover:bg-slate-100 dark:hover:bg-slate-800/60"[39m
                [33mhref[39m=[32m"/vehicles"[39m
              [36m>[39m
                [0mVehicles[0m
              [36m</a>[39m
              [36m<a[39m
                [33mclass[39m=[32m"text-sm font-medium transition-colors px-3 py-2 rounded-lg text-slate-600 dark:text-slate-300 hover:text-slate-900 dark:hover:text-white hover:bg-slate-100 dark:hover:bg-slate-800/60"[39m
                [33mhref[39m=[32m"/dashboard"[39m
              [36m>[39m
                [0mDashboard[0m
              [36m</a>[39m
              [36m<a[39m
                [33mclass[39m=[32m"text-sm font-medium transition-colors px-3 py-2 rounded-lg text-slate-600 dark:text-slate-300 hover:text-slate-900 dark:hover:text-white hover:bg-slate-100 dark:hover:bg-slate-800/60"[39m
                [33mhref[39m=[32m"/profile"[39m
              [36m>[39m
                [0mProfile[0m
              [36m</a>[39m
              [36m<button[39m
                [33mclass[39m=[32m"text-sm font-medium text-slate-500 dark:text-slate-400 hover:text-rose-600 dark:hover:text-rose-400 hover:bg-rose-50 dark:hover:bg-rose-500/10 px-3 py-2 rounded-lg transition-colors ml-2"[39m
              [36m>[39m
                [0mLogout[0m
              [36m</button>[39m
            [36m</nav>[39m
            [36m<button[39m
              [33maria-label[39m=[32m"Toggle Theme"[39m
              [33mclass[39m=[32m"p-2 rounded-lg text-slate-500 dark:text-slate-400 hover:bg-slate-100 dark:hover:bg-slate-800 transition-colors"[39m
            [36m>[39m
              [0m≡ƒîÖ[0m
            [36m</button>[39m
            [36m<button[39m
              [33maria-label[39m=[32m"Toggle Navigation Menu"[39m
              [33mclass[39m=[32m"md:hidden p-2 rounded-lg text-slate-500 dark:text-slate-400 hover:text-slate-900 dark:hover:text-white hover:bg-slate-100 dark:hover:bg-slate-800 transition-colors"[39m
            [36m>[39m
              [36m<svg[39m
                [33mclass[39m=[32m"w-6 h-6"[39m
                [33mfill[39m=[32m"none"[39m
                [33mstroke[39m=[32m"currentColor"[39m
                [33mviewBox[39m=[32m"0 0 24 24"[39m
              [36m>[39m
                [36m<path[39m
                  [33md[39m=[32m"M4 6h16M4 12h16M4 18h16"[39m
                  [33mstroke-linecap[39m=[32m"round"[39m
                  [33mstroke-linejoin[39m=[32m"round"[39m
                  [33mstroke-width[39m=[32m"2"[39m
                [36m/>[39m
              [36m</svg>[39m
            [36m</button>[39m
          [36m</div>[39m
        [36m</div>[39m
      [36m</header>[39m
      [36m<main[39m
        [33mclass[39m=[32m"flex-1 max-w-7xl mx-auto px-4 sm:px-6 lg:px-8 py-8 w-full transition-colors duration-300"[39m
      [36m>[39m
        [36m<div[39m
          [33mclass[39m=[32m"space-y-8"[39m
        [36m>[39m
          [36m<div[39m
            [33mclass[39m=[32m"flex flex-col sm:flex-row sm:items-center justify-between gap-4"[39m
          [36m>[39m
            [36m<div>[39m
              [36m<h1[39m
                [33mclass[39m=[32m"text-3xl font-black text-slate-900 dark:text-white tracking-tight transition-colors"[39m
              [36m>[39m
                [0mVehicle Inventory[0m
              [36m</h1>[39m
              [36m<p[39m
                [33mclass[39m=[32m"text-slate-600 dark:text-slate-400 text-sm mt-1 transition-colors"[39m
              [36m>[39m
                [0mBrowse and filter available vehicles in our dealership[0m
              [36m</p>[39m
            [36m</div>[39m
          [36m</div>[39m
          [36m<form[39m
            [33mclass[39m=[32m"bg-white dark:bg-slate-900/80 border border-slate-200 dark:border-slate-800 rounded-2xl p-4 sm:p-6 space-y-4 shadow-sm transition-colors"[39m
          [36m>[39m
            [36m<div[39m
              [33mclass[39m=[32m"grid grid-cols-1 sm:grid-cols-2 lg:grid-cols-4 gap-4"[39m
            [36m>[39m
              [36m<div[39m
                [33mclass[39m=[32m"flex flex-col gap-1.5 w-full"[39m
              [36m>[39m
                [36m<label[39m
                  [33mclass[39m=[32m"text-xs font-semibold text-slate-400"[39m
                  [33mfor[39m=[32m"search-make-/-keyword"[39m
                [36m>[39m
                  [0mSearch Make / Keyword[0m
                [36m</label>[39m
                [36m<input[39m
                  [33mclass[39m=[32m"px-3 py-2 text-sm bg-slate-900 border border-slate-800 focus:ring-indigo-500 rounded-lg text-slate-100 placeholder-slate-500 focus:outline-none focus:ring-2 focus:ring-offset-2 focus:ring-offset-slate-950 transition-all "[39m
                  [33mid[39m=[32m"search-make-/-keyword"[39m
                  [33mplaceholder[39m=[32m"Search by make, model, or category..."[39m
                  [33mvalue[39m=[32m""[39m
                [36m/>[39m
              [36m</div>[39m
              [36m<div[39m
                [33mclass[39m=[32m"flex flex-col gap-1.5 w-full"[39m
              [36m>[39m
                [36m<label[39m
                  [33mclass[39m=[32m"text-xs font-semibold text-slate-400"[39m
                  [33mfor[39m=[32m"category"[39m
                [36m>[39m
                  [0mCategory[0m
                [36m</label>[39m
                [36m<select[39m
                  [33mclass[39m=[32m"px-3 py-2 text-sm bg-slate-900 border border-slate-800 focus:ring-indigo-500 rounded-lg text-slate-100 placeholder-slate-500 focus:outline-none focus:ring-2 focus:ring-offset-2 focus:ring-offset-slate-950 transition-all "[39m
                  [33mid[39m=[32m"category"[39m
                [36m>[39m
                  [36m<option[39m
                    [33mvalue[39m=[32m""[39m
                  [36m>[39m
                    [0mAll Categories[0m
                  [36m</option>[39m
                  [36m<option[39m
                    [33mvalue[39m=[32m"Electric"[39m
                  [36m>[39m
                    [0mElectric[0m
                  [36m</option>[39m
                  [36m<option[39m
                    [33mvalue[39m=[32m"SUV"[39m
                  [36m>[39m
                    [0mSUV[0m
                  [36m</option>[39m
                  [36m<option[39m
                    [33mvalue[39m=[32m"Truck"[39m
                  [36m>[39m
                    [0mTruck[0m
                  [36m</option>[39m
                  [36m<option[39m
                    [33mvalue[39m=[32m"Sedan"[39m
                  [36m>[39m
                    [0mSedan[0m
                  [36m</option>[39m
                  [36m<option[39m
                    [33mvalue[39m=[32m"Coupe"[39m
                  [36m>[39m
                    [0mCoupe[0m
                  [36m</option>[39m
                [36m</select>[39m
              [36m</div>[39m
              [36m<div[39m
                [33mclass[39m=[32m"flex flex-col gap-1.5 w-full"[39m
              [36m>[39m
                [36m<label[39m
                  [33mclass[39m=[32m"text-xs font-semibold text-slate-400"[39m
                  [33mfor[39m=[32m"min-price-($)"[39m
                [36m>[39m
                  [0mMin Price ($)[0m
                [36m</label>[39m
                [36m<input[39m
                  [33mclass[39m=[32m"px-3 py-2 text-sm bg-slate-900 border border-slate-800 focus:ring-indigo-500 round...

[90mstdout[2m | src/pages/__tests__/publicPages.test.tsx[2m > [22m[2mPublic Pages[2m > [22m[2mVehicles Listing Page[2m > [22m[2mfetches vehicles and displays search bar, filter controls and pagination
[22m[39m[36m<body>[39m
  [36m<div>[39m
    [36m<div[39m
      [33mclass[39m=[32m"flex flex-col min-h-screen bg-slate-50 dark:bg-slate-950 text-slate-900 dark:text-slate-100 font-sans transition-colors duration-300"[39m
    [36m>[39m
      [36m<header[39m
        [33mclass[39m=[32m"border-b border-slate-200/80 dark:border-slate-800/80 bg-white/80 dark:bg-slate-900/80 backdrop-blur-lg sticky top-0 z-50 transition-colors duration-300"[39m
        [33mrole[39m=[32m"banner"[39m
      [36m>[39m
        [36m<div[39m
          [33mclass[39m=[32m"max-w-7xl mx-auto px-4 sm:px-6 lg:px-8 h-16 flex items-center justify-between"[39m
        [36m>[39m
          [36m<a[39m
            [33mclass[39m=[32m"flex items-center gap-3 text-xl font-bold tracking-tight hover:opacity-90 transition-opacity"[39m
            [33mhref[39m=[32m"/"[39m
          [36m>[39m
            [36m<div[39m
              [33mclass[39m=[32m"flex items-center justify-center w-10 h-10 rounded-xl bg-slate-900 dark:bg-white text-white dark:text-slate-900 font-black tracking-tighter text-sm transition-transform duration-300 hover:scale-110 shadow-lg "[39m
            [36m>[39m
              [0mKATA[0m
            [36m</div>[39m
            [36m<span[39m
              [33mclass[39m=[32m"hidden sm:inline-block"[39m
            [36m>[39m
              [0mKATA[0m
            [36m</span>[39m
          [36m</a>[39m
          [36m<div[39m
            [33mclass[39m=[32m"flex items-center gap-4"[39m
          [36m>[39m
            [36m<nav[39m
              [33mclass[39m=[32m"hidden md:flex items-center gap-2"[39m
              [33mrole[39m=[32m"navigation"[39m
            [36m>[39m
              [36m<a[39m
                [33mclass[39m=[32m"text-sm font-medium transition-colors px-3 py-2 rounded-lg bg-indigo-100 dark:bg-indigo-600/20 text-indigo-700 dark:text-indigo-400 font-semibold border border-indigo-200 dark:border-indigo-500/30"[39m
                [33mhref[39m=[32m"/"[39m
              [36m>[39m
                [0mHome[0m
              [36m</a>[39m
              [36m<a[39m
                [33mclass[39m=[32m"text-sm font-medium transition-colors px-3 py-2 rounded-lg text-slate-600 dark:text-slate-300 hover:text-slate-900 dark:hover:text-white hover:bg-slate-100 dark:hover:bg-slate-800/60"[39m
                [33mhref[39m=[32m"/vehicles"[39m
              [36m>[39m
                [0mVehicles[0m
              [36m</a>[39m
              [36m<a[39m
                [33mclass[39m=[32m"text-sm font-medium transition-colors px-3 py-2 rounded-lg text-slate-600 dark:text-slate-300 hover:text-slate-900 dark:hover:text-white hover:bg-slate-100 dark:hover:bg-slate-800/60"[39m
                [33mhref[39m=[32m"/dashboard"[39m
              [36m>[39m
                [0mDashboard[0m
              [36m</a>[39m
              [36m<a[39m
                [33mclass[39m=[32m"text-sm font-medium transition-colors px-3 py-2 rounded-lg text-slate-600 dark:text-slate-300 hover:text-slate-900 dark:hover:text-white hover:bg-slate-100 dark:hover:bg-slate-800/60"[39m
                [33mhref[39m=[32m"/profile"[39m
              [36m>[39m
                [0mProfile[0m
              [36m</a>[39m
              [36m<button[39m
                [33mclass[39m=[32m"text-sm font-medium text-slate-500 dark:text-slate-400 hover:text-rose-600 dark:hover:text-rose-400 hover:bg-rose-50 dark:hover:bg-rose-500/10 px-3 py-2 rounded-lg transition-colors ml-2"[39m
              [36m>[39m
                [0mLogout[0m
              [36m</button>[39m
            [36m</nav>[39m
            [36m<button[39m
              [33maria-label[39m=[32m"Toggle Theme"[39m
              [33mclass[39m=[32m"p-2 rounded-lg text-slate-500 dark:text-slate-400 hover:bg-slate-100 dark:hover:bg-slate-800 transition-colors"[39m
            [36m>[39m
              [0m≡ƒîÖ[0m
            [36m</button>[39m
            [36m<button[39m
              [33maria-label[39m=[32m"Toggle Navigation Menu"[39m
              [33mclass[39m=[32m"md:hidden p-2 rounded-lg text-slate-500 dark:text-slate-400 hover:text-slate-900 dark:hover:text-white hover:bg-slate-100 dark:hover:bg-slate-800 transition-colors"[39m
            [36m>[39m
              [36m<svg[39m
                [33mclass[39m=[32m"w-6 h-6"[39m
                [33mfill[39m=[32m"none"[39m
                [33mstroke[39m=[32m"currentColor"[39m
                [33mviewBox[39m=[32m"0 0 24 24"[39m
              [36m>[39m
                [36m<path[39m
                  [33md[39m=[32m"M4 6h16M4 12h16M4 18h16"[39m
                  [33mstroke-linecap[39m=[32m"round"[39m
                  [33mstroke-linejoin[39m=[32m"round"[39m
                  [33mstroke-width[39m=[32m"2"[39m
                [36m/>[39m
              [36m</svg>[39m
            [36m</button>[39m
          [36m</div>[39m
        [36m</div>[39m
      [36m</header>[39m
      [36m<main[39m
        [33mclass[39m=[32m"flex-1 max-w-7xl mx-auto px-4 sm:px-6 lg:px-8 py-8 w-full transition-colors duration-300"[39m
      [36m>[39m
        [36m<div[39m
          [33mclass[39m=[32m"space-y-8"[39m
        [36m>[39m
          [36m<div[39m
            [33mclass[39m=[32m"flex flex-col sm:flex-row sm:items-center justify-between gap-4"[39m
          [36m>[39m
            [36m<div>[39m
              [36m<h1[39m
                [33mclass[39m=[32m"text-3xl font-black text-slate-900 dark:text-white tracking-tight transition-colors"[39m
              [36m>[39m
                [0mVehicle Inventory[0m
              [36m</h1>[39m
              [36m<p[39m
                [33mclass[39m=[32m"text-slate-600 dark:text-slate-400 text-sm mt-1 transition-colors"[39m
              [36m>[39m
                [0mBrowse and filter available vehicles in our dealership[0m
              [36m</p>[39m
            [36m</div>[39m
          [36m</div>[39m
          [36m<form[39m
            [33mclass[39m=[32m"bg-white dark:bg-slate-900/80 border border-slate-200 dark:border-slate-800 rounded-2xl p-4 sm:p-6 space-y-4 shadow-sm transition-colors"[39m
          [36m>[39m
            [36m<div[39m
              [33mclass[39m=[32m"grid grid-cols-1 sm:grid-cols-2 lg:grid-cols-4 gap-4"[39m
            [36m>[39m
              [36m<div[39m
                [33mclass[39m=[32m"flex flex-col gap-1.5 w-full"[39m
              [36m>[39m
                [36m<label[39m
                  [33mclass[39m=[32m"text-xs font-semibold text-slate-400"[39m
                  [33mfor[39m=[32m"search-make-/-keyword"[39m
                [36m>[39m
                  [0mSearch Make / Keyword[0m
                [36m</label>[39m
                [36m<input[39m
                  [33mclass[39m=[32m"px-3 py-2 text-sm bg-slate-900 border border-slate-800 focus:ring-indigo-500 rounded-lg text-slate-100 placeholder-slate-500 focus:outline-none focus:ring-2 focus:ring-offset-2 focus:ring-offset-slate-950 transition-all "[39m
                  [33mid[39m=[32m"search-make-/-keyword"[39m
                  [33mplaceholder[39m=[32m"Search by make, model, or category..."[39m
                  [33mvalue[39m=[32m""[39m
                [36m/>[39m
              [36m</div>[39m
              [36m<div[39m
                [33mclass[39m=[32m"flex flex-col gap-1.5 w-full"[39m
              [36m>[39m
                [36m<label[39m
                  [33mclass[39m=[32m"text-xs font-semibold text-slate-400"[39m
                  [33mfor[39m=[32m"category"[39m
                [36m>[39m
                  [0mCategory[0m
                [36m</label>[39m
                [36m<select[39m
                  [33mclass[39m=[32m"px-3 py-2 text-sm bg-slate-900 border border-slate-800 focus:ring-indigo-500 rounded-lg text-slate-100 placeholder-slate-500 focus:outline-none focus:ring-2 focus:ring-offset-2 focus:ring-offset-slate-950 transition-all "[39m
                  [33mid[39m=[32m"category"[39m
                [36m>[39m
                  [36m<option[39m
                    [33mvalue[39m=[32m""[39m
                  [36m>[39m
                    [0mAll Categories[0m
                  [36m</option>[39m
                  [36m<option[39m
                    [33mvalue[39m=[32m"Electric"[39m
                  [36m>[39m
                    [0mElectric[0m
                  [36m</option>[39m
                  [36m<option[39m
                    [33mvalue[39m=[32m"SUV"[39m
                  [36m>[39m
                    [0mSUV[0m
                  [36m</option>[39m
                  [36m<option[39m
                    [33mvalue[39m=[32m"Truck"[39m
                  [36m>[39m
                    [0mTruck[0m
                  [36m</option>[39m
                  [36m<option[39m
                    [33mvalue[39m=[32m"Sedan"[39m
                  [36m>[39m
                    [0mSedan[0m
                  [36m</option>[39m
                  [36m<option[39m
                    [33mvalue[39m=[32m"Coupe"[39m
                  [36m>[39m
                    [0mCoupe[0m
                  [36m</option>[39m
                [36m</select>[39m
              [36m</div>[39m
              [36m<div[39m
                [33mclass[39m=[32m"flex flex-col gap-1.5 w-full"[39m
              [36m>[39m
                [36m<label[39m
                  [33mclass[39m=[32m"text-xs font-semibold text-slate-400"[39m
                  [33mfor[39m=[32m"min-price-($)"[39m
                [36m>[39m
                  [0mMin Price ($)[0m
                [36m</label>[39m
                [36m<input[39m
                  [33mclass[39m=[32m"px-3 py-2 text-sm bg-slate-900 border border-slate-800 focus:ring-indigo-500 round...

[90mstdout[2m | src/pages/__tests__/publicPages.test.tsx[2m > [22m[2mPublic Pages[2m > [22m[2mVehicles Listing Page[2m > [22m[2mfetches vehicles and displays search bar, filter controls and pagination
[22m[39m[36m<body>[39m
  [36m<div>[39m
    [36m<div[39m
      [33mclass[39m=[32m"flex flex-col min-h-screen bg-slate-50 dark:bg-slate-950 text-slate-900 dark:text-slate-100 font-sans transition-colors duration-300"[39m
    [36m>[39m
      [36m<header[39m
        [33mclass[39m=[32m"border-b border-slate-200/80 dark:border-slate-800/80 bg-white/80 dark:bg-slate-900/80 backdrop-blur-lg sticky top-0 z-50 transition-colors duration-300"[39m
        [33mrole[39m=[32m"banner"[39m
      [36m>[39m
        [36m<div[39m
          [33mclass[39m=[32m"max-w-7xl mx-auto px-4 sm:px-6 lg:px-8 h-16 flex items-center justify-between"[39m
        [36m>[39m
          [36m<a[39m
            [33mclass[39m=[32m"flex items-center gap-3 text-xl font-bold tracking-tight hover:opacity-90 transition-opacity"[39m
            [33mhref[39m=[32m"/"[39m
          [36m>[39m
            [36m<div[39m
              [33mclass[39m=[32m"flex items-center justify-center w-10 h-10 rounded-xl bg-slate-900 dark:bg-white text-white dark:text-slate-900 font-black tracking-tighter text-sm transition-transform duration-300 hover:scale-110 shadow-lg "[39m
            [36m>[39m
              [0mKATA[0m
            [36m</div>[39m
            [36m<span[39m
              [33mclass[39m=[32m"hidden sm:inline-block"[39m
            [36m>[39m
              [0mKATA[0m
            [36m</span>[39m
          [36m</a>[39m
          [36m<div[39m
            [33mclass[39m=[32m"flex items-center gap-4"[39m
          [36m>[39m
            [36m<nav[39m
              [33mclass[39m=[32m"hidden md:flex items-center gap-2"[39m
              [33mrole[39m=[32m"navigation"[39m
            [36m>[39m
              [36m<a[39m
                [33mclass[39m=[32m"text-sm font-medium transition-colors px-3 py-2 rounded-lg bg-indigo-100 dark:bg-indigo-600/20 text-indigo-700 dark:text-indigo-400 font-semibold border border-indigo-200 dark:border-indigo-500/30"[39m
                [33mhref[39m=[32m"/"[39m
              [36m>[39m
                [0mHome[0m
              [36m</a>[39m
              [36m<a[39m
                [33mclass[39m=[32m"text-sm font-medium transition-colors px-3 py-2 rounded-lg text-slate-600 dark:text-slate-300 hover:text-slate-900 dark:hover:text-white hover:bg-slate-100 dark:hover:bg-slate-800/60"[39m
                [33mhref[39m=[32m"/vehicles"[39m
              [36m>[39m
                [0mVehicles[0m
              [36m</a>[39m
              [36m<a[39m
                [33mclass[39m=[32m"text-sm font-medium transition-colors px-3 py-2 rounded-lg text-slate-600 dark:text-slate-300 hover:text-slate-900 dark:hover:text-white hover:bg-slate-100 dark:hover:bg-slate-800/60"[39m
                [33mhref[39m=[32m"/dashboard"[39m
              [36m>[39m
                [0mDashboard[0m
              [36m</a>[39m
              [36m<a[39m
                [33mclass[39m=[32m"text-sm font-medium transition-colors px-3 py-2 rounded-lg text-slate-600 dark:text-slate-300 hover:text-slate-900 dark:hover:text-white hover:bg-slate-100 dark:hover:bg-slate-800/60"[39m
                [33mhref[39m=[32m"/profile"[39m
              [36m>[39m
                [0mProfile[0m
              [36m</a>[39m
              [36m<button[39m
                [33mclass[39m=[32m"text-sm font-medium text-slate-500 dark:text-slate-400 hover:text-rose-600 dark:hover:text-rose-400 hover:bg-rose-50 dark:hover:bg-rose-500/10 px-3 py-2 rounded-lg transition-colors ml-2"[39m
              [36m>[39m
                [0mLogout[0m
              [36m</button>[39m
            [36m</nav>[39m
            [36m<button[39m
              [33maria-label[39m=[32m"Toggle Theme"[39m
              [33mclass[39m=[32m"p-2 rounded-lg text-slate-500 dark:text-slate-400 hover:bg-slate-100 dark:hover:bg-slate-800 transition-colors"[39m
            [36m>[39m
              [0m≡ƒîÖ[0m
            [36m</button>[39m
            [36m<button[39m
              [33maria-label[39m=[32m"Toggle Navigation Menu"[39m
              [33mclass[39m=[32m"md:hidden p-2 rounded-lg text-slate-500 dark:text-slate-400 hover:text-slate-900 dark:hover:text-white hover:bg-slate-100 dark:hover:bg-slate-800 transition-colors"[39m
            [36m>[39m
              [36m<svg[39m
                [33mclass[39m=[32m"w-6 h-6"[39m
                [33mfill[39m=[32m"none"[39m
                [33mstroke[39m=[32m"currentColor"[39m
                [33mviewBox[39m=[32m"0 0 24 24"[39m
              [36m>[39m
                [36m<path[39m
                  [33md[39m=[32m"M4 6h16M4 12h16M4 18h16"[39m
                  [33mstroke-linecap[39m=[32m"round"[39m
                  [33mstroke-linejoin[39m=[32m"round"[39m
                  [33mstroke-width[39m=[32m"2"[39m
                [36m/>[39m
              [36m</svg>[39m
            [36m</button>[39m
          [36m</div>[39m
        [36m</div>[39m
      [36m</header>[39m
      [36m<main[39m
        [33mclass[39m=[32m"flex-1 max-w-7xl mx-auto px-4 sm:px-6 lg:px-8 py-8 w-full transition-colors duration-300"[39m
      [36m>[39m
        [36m<div[39m
          [33mclass[39m=[32m"space-y-8"[39m
        [36m>[39m
          [36m<div[39m
            [33mclass[39m=[32m"flex flex-col sm:flex-row sm:items-center justify-between gap-4"[39m
          [36m>[39m
            [36m<div>[39m
              [36m<h1[39m
                [33mclass[39m=[32m"text-3xl font-black text-slate-900 dark:text-white tracking-tight transition-colors"[39m
              [36m>[39m
                [0mVehicle Inventory[0m
              [36m</h1>[39m
              [36m<p[39m
                [33mclass[39m=[32m"text-slate-600 dark:text-slate-400 text-sm mt-1 transition-colors"[39m
              [36m>[39m
                [0mBrowse and filter available vehicles in our dealership[0m
              [36m</p>[39m
            [36m</div>[39m
          [36m</div>[39m
          [36m<form[39m
            [33mclass[39m=[32m"bg-white dark:bg-slate-900/80 border border-slate-200 dark:border-slate-800 rounded-2xl p-4 sm:p-6 space-y-4 shadow-sm transition-colors"[39m
          [36m>[39m
            [36m<div[39m
              [33mclass[39m=[32m"grid grid-cols-1 sm:grid-cols-2 lg:grid-cols-4 gap-4"[39m
            [36m>[39m
              [36m<div[39m
                [33mclass[39m=[32m"flex flex-col gap-1.5 w-full"[39m
              [36m>[39m
                [36m<label[39m
                  [33mclass[39m=[32m"text-xs font-semibold text-slate-400"[39m
                  [33mfor[39m=[32m"search-make-/-keyword"[39m
                [36m>[39m
                  [0mSearch Make / Keyword[0m
                [36m</label>[39m
                [36m<input[39m
                  [33mclass[39m=[32m"px-3 py-2 text-sm bg-slate-900 border border-slate-800 focus:ring-indigo-500 rounded-lg text-slate-100 placeholder-slate-500 focus:outline-none focus:ring-2 focus:ring-offset-2 focus:ring-offset-slate-950 transition-all "[39m
                  [33mid[39m=[32m"search-make-/-keyword"[39m
                  [33mplaceholder[39m=[32m"Search by make, model, or category..."[39m
                  [33mvalue[39m=[32m""[39m
                [36m/>[39m
              [36m</div>[39m
              [36m<div[39m
                [33mclass[39m=[32m"flex flex-col gap-1.5 w-full"[39m
              [36m>[39m
                [36m<label[39m
                  [33mclass[39m=[32m"text-xs font-semibold text-slate-400"[39m
                  [33mfor[39m=[32m"category"[39m
                [36m>[39m
                  [0mCategory[0m
                [36m</label>[39m
                [36m<select[39m
                  [33mclass[39m=[32m"px-3 py-2 text-sm bg-slate-900 border border-slate-800 focus:ring-indigo-500 rounded-lg text-slate-100 placeholder-slate-500 focus:outline-none focus:ring-2 focus:ring-offset-2 focus:ring-offset-slate-950 transition-all "[39m
                  [33mid[39m=[32m"category"[39m
                [36m>[39m
                  [36m<option[39m
                    [33mvalue[39m=[32m""[39m
                  [36m>[39m
                    [0mAll Categories[0m
                  [36m</option>[39m
                  [36m<option[39m
                    [33mvalue[39m=[32m"Electric"[39m
                  [36m>[39m
                    [0mElectric[0m
                  [36m</option>[39m
                  [36m<option[39m
                    [33mvalue[39m=[32m"SUV"[39m
                  [36m>[39m
                    [0mSUV[0m
                  [36m</option>[39m
                  [36m<option[39m
                    [33mvalue[39m=[32m"Truck"[39m
                  [36m>[39m
                    [0mTruck[0m
                  [36m</option>[39m
                  [36m<option[39m
                    [33mvalue[39m=[32m"Sedan"[39m
                  [36m>[39m
                    [0mSedan[0m
                  [36m</option>[39m
                  [36m<option[39m
                    [33mvalue[39m=[32m"Coupe"[39m
                  [36m>[39m
                    [0mCoupe[0m
                  [36m</option>[39m
                [36m</select>[39m
              [36m</div>[39m
              [36m<div[39m
                [33mclass[39m=[32m"flex flex-col gap-1.5 w-full"[39m
              [36m>[39m
                [36m<label[39m
                  [33mclass[39m=[32m"text-xs font-semibold text-slate-400"[39m
                  [33mfor[39m=[32m"min-price-($)"[39m
                [36m>[39m
                  [0mMin Price ($)[0m
                [36m</label>[39m
                [36m<input[39m
                  [33mclass[39m=[32m"px-3 py-2 text-sm bg-slate-900 border border-slate-800 focus:ring-indigo-500 round...

[90mstdout[2m | src/pages/__tests__/publicPages.test.tsx[2m > [22m[2mPublic Pages[2m > [22m[2mVehicles Listing Page[2m > [22m[2mfetches vehicles and displays search bar, filter controls and pagination
[22m[39m[36m<body>[39m
  [36m<div>[39m
    [36m<div[39m
      [33mclass[39m=[32m"flex flex-col min-h-screen bg-slate-50 dark:bg-slate-950 text-slate-900 dark:text-slate-100 font-sans transition-colors duration-300"[39m
    [36m>[39m
      [36m<header[39m
        [33mclass[39m=[32m"border-b border-slate-200/80 dark:border-slate-800/80 bg-white/80 dark:bg-slate-900/80 backdrop-blur-lg sticky top-0 z-50 transition-colors duration-300"[39m
        [33mrole[39m=[32m"banner"[39m
      [36m>[39m
        [36m<div[39m
          [33mclass[39m=[32m"max-w-7xl mx-auto px-4 sm:px-6 lg:px-8 h-16 flex items-center justify-between"[39m
        [36m>[39m
          [36m<a[39m
            [33mclass[39m=[32m"flex items-center gap-3 text-xl font-bold tracking-tight hover:opacity-90 transition-opacity"[39m
            [33mhref[39m=[32m"/"[39m
          [36m>[39m
            [36m<div[39m
              [33mclass[39m=[32m"flex items-center justify-center w-10 h-10 rounded-xl bg-slate-900 dark:bg-white text-white dark:text-slate-900 font-black tracking-tighter text-sm transition-transform duration-300 hover:scale-110 shadow-lg "[39m
            [36m>[39m
              [0mKATA[0m
            [36m</div>[39m
            [36m<span[39m
              [33mclass[39m=[32m"hidden sm:inline-block"[39m
            [36m>[39m
              [0mKATA[0m
            [36m</span>[39m
          [36m</a>[39m
          [36m<div[39m
            [33mclass[39m=[32m"flex items-center gap-4"[39m
          [36m>[39m
            [36m<nav[39m
              [33mclass[39m=[32m"hidden md:flex items-center gap-2"[39m
              [33mrole[39m=[32m"navigation"[39m
            [36m>[39m
              [36m<a[39m
                [33mclass[39m=[32m"text-sm font-medium transition-colors px-3 py-2 rounded-lg bg-indigo-100 dark:bg-indigo-600/20 text-indigo-700 dark:text-indigo-400 font-semibold border border-indigo-200 dark:border-indigo-500/30"[39m
                [33mhref[39m=[32m"/"[39m
              [36m>[39m
                [0mHome[0m
              [36m</a>[39m
              [36m<a[39m
                [33mclass[39m=[32m"text-sm font-medium transition-colors px-3 py-2 rounded-lg text-slate-600 dark:text-slate-300 hover:text-slate-900 dark:hover:text-white hover:bg-slate-100 dark:hover:bg-slate-800/60"[39m
                [33mhref[39m=[32m"/vehicles"[39m
              [36m>[39m
                [0mVehicles[0m
              [36m</a>[39m
              [36m<a[39m
                [33mclass[39m=[32m"text-sm font-medium transition-colors px-3 py-2 rounded-lg text-slate-600 dark:text-slate-300 hover:text-slate-900 dark:hover:text-white hover:bg-slate-100 dark:hover:bg-slate-800/60"[39m
                [33mhref[39m=[32m"/dashboard"[39m
              [36m>[39m
                [0mDashboard[0m
              [36m</a>[39m
              [36m<a[39m
                [33mclass[39m=[32m"text-sm font-medium transition-colors px-3 py-2 rounded-lg text-slate-600 dark:text-slate-300 hover:text-slate-900 dark:hover:text-white hover:bg-slate-100 dark:hover:bg-slate-800/60"[39m
                [33mhref[39m=[32m"/profile"[39m
              [36m>[39m
                [0mProfile[0m
              [36m</a>[39m
              [36m<button[39m
                [33mclass[39m=[32m"text-sm font-medium text-slate-500 dark:text-slate-400 hover:text-rose-600 dark:hover:text-rose-400 hover:bg-rose-50 dark:hover:bg-rose-500/10 px-3 py-2 rounded-lg transition-colors ml-2"[39m
              [36m>[39m
                [0mLogout[0m
              [36m</button>[39m
            [36m</nav>[39m
            [36m<button[39m
              [33maria-label[39m=[32m"Toggle Theme"[39m
              [33mclass[39m=[32m"p-2 rounded-lg text-slate-500 dark:text-slate-400 hover:bg-slate-100 dark:hover:bg-slate-800 transition-colors"[39m
            [36m>[39m
              [0m≡ƒîÖ[0m
            [36m</button>[39m
            [36m<button[39m
              [33maria-label[39m=[32m"Toggle Navigation Menu"[39m
              [33mclass[39m=[32m"md:hidden p-2 rounded-lg text-slate-500 dark:text-slate-400 hover:text-slate-900 dark:hover:text-white hover:bg-slate-100 dark:hover:bg-slate-800 transition-colors"[39m
            [36m>[39m
              [36m<svg[39m
                [33mclass[39m=[32m"w-6 h-6"[39m
                [33mfill[39m=[32m"none"[39m
                [33mstroke[39m=[32m"currentColor"[39m
                [33mviewBox[39m=[32m"0 0 24 24"[39m
              [36m>[39m
                [36m<path[39m
                  [33md[39m=[32m"M4 6h16M4 12h16M4 18h16"[39m
                  [33mstroke-linecap[39m=[32m"round"[39m
                  [33mstroke-linejoin[39m=[32m"round"[39m
                  [33mstroke-width[39m=[32m"2"[39m
                [36m/>[39m
              [36m</svg>[39m
            [36m</button>[39m
          [36m</div>[39m
        [36m</div>[39m
      [36m</header>[39m
      [36m<main[39m
        [33mclass[39m=[32m"flex-1 max-w-7xl mx-auto px-4 sm:px-6 lg:px-8 py-8 w-full transition-colors duration-300"[39m
      [36m>[39m
        [36m<div[39m
          [33mclass[39m=[32m"space-y-8"[39m
        [36m>[39m
          [36m<div[39m
            [33mclass[39m=[32m"flex flex-col sm:flex-row sm:items-center justify-between gap-4"[39m
          [36m>[39m
            [36m<div>[39m
              [36m<h1[39m
                [33mclass[39m=[32m"text-3xl font-black text-slate-900 dark:text-white tracking-tight transition-colors"[39m
              [36m>[39m
                [0mVehicle Inventory[0m
              [36m</h1>[39m
              [36m<p[39m
                [33mclass[39m=[32m"text-slate-600 dark:text-slate-400 text-sm mt-1 transition-colors"[39m
              [36m>[39m
                [0mBrowse and filter available vehicles in our dealership[0m
              [36m</p>[39m
            [36m</div>[39m
          [36m</div>[39m
          [36m<form[39m
            [33mclass[39m=[32m"bg-white dark:bg-slate-900/80 border border-slate-200 dark:border-slate-800 rounded-2xl p-4 sm:p-6 space-y-4 shadow-sm transition-colors"[39m
          [36m>[39m
            [36m<div[39m
              [33mclass[39m=[32m"grid grid-cols-1 sm:grid-cols-2 lg:grid-cols-4 gap-4"[39m
            [36m>[39m
              [36m<div[39m
                [33mclass[39m=[32m"flex flex-col gap-1.5 w-full"[39m
              [36m>[39m
                [36m<label[39m
                  [33mclass[39m=[32m"text-xs font-semibold text-slate-400"[39m
                  [33mfor[39m=[32m"search-make-/-keyword"[39m
                [36m>[39m
                  [0mSearch Make / Keyword[0m
                [36m</label>[39m
                [36m<input[39m
                  [33mclass[39m=[32m"px-3 py-2 text-sm bg-slate-900 border border-slate-800 focus:ring-indigo-500 rounded-lg text-slate-100 placeholder-slate-500 focus:outline-none focus:ring-2 focus:ring-offset-2 focus:ring-offset-slate-950 transition-all "[39m
                  [33mid[39m=[32m"search-make-/-keyword"[39m
                  [33mplaceholder[39m=[32m"Search by make, model, or category..."[39m
                  [33mvalue[39m=[32m""[39m
                [36m/>[39m
              [36m</div>[39m
              [36m<div[39m
                [33mclass[39m=[32m"flex flex-col gap-1.5 w-full"[39m
              [36m>[39m
                [36m<label[39m
                  [33mclass[39m=[32m"text-xs font-semibold text-slate-400"[39m
                  [33mfor[39m=[32m"category"[39m
                [36m>[39m
                  [0mCategory[0m
                [36m</label>[39m
                [36m<select[39m
                  [33mclass[39m=[32m"px-3 py-2 text-sm bg-slate-900 border border-slate-800 focus:ring-indigo-500 rounded-lg text-slate-100 placeholder-slate-500 focus:outline-none focus:ring-2 focus:ring-offset-2 focus:ring-offset-slate-950 transition-all "[39m
                  [33mid[39m=[32m"category"[39m
                [36m>[39m
                  [36m<option[39m
                    [33mvalue[39m=[32m""[39m
                  [36m>[39m
                    [0mAll Categories[0m
                  [36m</option>[39m
                  [36m<option[39m
                    [33mvalue[39m=[32m"Electric"[39m
                  [36m>[39m
                    [0mElectric[0m
                  [36m</option>[39m
                  [36m<option[39m
                    [33mvalue[39m=[32m"SUV"[39m
                  [36m>[39m
                    [0mSUV[0m
                  [36m</option>[39m
                  [36m<option[39m
                    [33mvalue[39m=[32m"Truck"[39m
                  [36m>[39m
                    [0mTruck[0m
                  [36m</option>[39m
                  [36m<option[39m
                    [33mvalue[39m=[32m"Sedan"[39m
                  [36m>[39m
                    [0mSedan[0m
                  [36m</option>[39m
                  [36m<option[39m
                    [33mvalue[39m=[32m"Coupe"[39m
                  [36m>[39m
                    [0mCoupe[0m
                  [36m</option>[39m
                [36m</select>[39m
              [36m</div>[39m
              [36m<div[39m
                [33mclass[39m=[32m"flex flex-col gap-1.5 w-full"[39m
              [36m>[39m
                [36m<label[39m
                  [33mclass[39m=[32m"text-xs font-semibold text-slate-400"[39m
                  [33mfor[39m=[32m"min-price-($)"[39m
                [36m>[39m
                  [0mMin Price ($)[0m
                [36m</label>[39m
                [36m<input[39m
                  [33mclass[39m=[32m"px-3 py-2 text-sm bg-slate-900 border border-slate-800 focus:ring-indigo-500 round...

[90mstdout[2m | src/pages/__tests__/publicPages.test.tsx[2m > [22m[2mPublic Pages[2m > [22m[2mVehicles Listing Page[2m > [22m[2mfetches vehicles and displays search bar, filter controls and pagination
[22m[39m[36m<body>[39m
  [36m<div>[39m
    [36m<div[39m
      [33mclass[39m=[32m"flex flex-col min-h-screen bg-slate-50 dark:bg-slate-950 text-slate-900 dark:text-slate-100 font-sans transition-colors duration-300"[39m
    [36m>[39m
      [36m<header[39m
        [33mclass[39m=[32m"border-b border-slate-200/80 dark:border-slate-800/80 bg-white/80 dark:bg-slate-900/80 backdrop-blur-lg sticky top-0 z-50 transition-colors duration-300"[39m
        [33mrole[39m=[32m"banner"[39m
      [36m>[39m
        [36m<div[39m
          [33mclass[39m=[32m"max-w-7xl mx-auto px-4 sm:px-6 lg:px-8 h-16 flex items-center justify-between"[39m
        [36m>[39m
          [36m<a[39m
            [33mclass[39m=[32m"flex items-center gap-3 text-xl font-bold tracking-tight hover:opacity-90 transition-opacity"[39m
            [33mhref[39m=[32m"/"[39m
          [36m>[39m
            [36m<div[39m
              [33mclass[39m=[32m"flex items-center justify-center w-10 h-10 rounded-xl bg-slate-900 dark:bg-white text-white dark:text-slate-900 font-black tracking-tighter text-sm transition-transform duration-300 hover:scale-110 shadow-lg "[39m
            [36m>[39m
              [0mKATA[0m
            [36m</div>[39m
            [36m<span[39m
              [33mclass[39m=[32m"hidden sm:inline-block"[39m
            [36m>[39m
              [0mKATA[0m
            [36m</span>[39m
          [36m</a>[39m
          [36m<div[39m
            [33mclass[39m=[32m"flex items-center gap-4"[39m
          [36m>[39m
            [36m<nav[39m
              [33mclass[39m=[32m"hidden md:flex items-center gap-2"[39m
              [33mrole[39m=[32m"navigation"[39m
            [36m>[39m
              [36m<a[39m
                [33mclass[39m=[32m"text-sm font-medium transition-colors px-3 py-2 rounded-lg bg-indigo-100 dark:bg-indigo-600/20 text-indigo-700 dark:text-indigo-400 font-semibold border border-indigo-200 dark:border-indigo-500/30"[39m
                [33mhref[39m=[32m"/"[39m
              [36m>[39m
                [0mHome[0m
              [36m</a>[39m
              [36m<a[39m
                [33mclass[39m=[32m"text-sm font-medium transition-colors px-3 py-2 rounded-lg text-slate-600 dark:text-slate-300 hover:text-slate-900 dark:hover:text-white hover:bg-slate-100 dark:hover:bg-slate-800/60"[39m
                [33mhref[39m=[32m"/vehicles"[39m
              [36m>[39m
                [0mVehicles[0m
              [36m</a>[39m
              [36m<a[39m
                [33mclass[39m=[32m"text-sm font-medium transition-colors px-3 py-2 rounded-lg text-slate-600 dark:text-slate-300 hover:text-slate-900 dark:hover:text-white hover:bg-slate-100 dark:hover:bg-slate-800/60"[39m
                [33mhref[39m=[32m"/dashboard"[39m
              [36m>[39m
                [0mDashboard[0m
              [36m</a>[39m
              [36m<a[39m
                [33mclass[39m=[32m"text-sm font-medium transition-colors px-3 py-2 rounded-lg text-slate-600 dark:text-slate-300 hover:text-slate-900 dark:hover:text-white hover:bg-slate-100 dark:hover:bg-slate-800/60"[39m
                [33mhref[39m=[32m"/profile"[39m
              [36m>[39m
                [0mProfile[0m
              [36m</a>[39m
              [36m<button[39m
                [33mclass[39m=[32m"text-sm font-medium text-slate-500 dark:text-slate-400 hover:text-rose-600 dark:hover:text-rose-400 hover:bg-rose-50 dark:hover:bg-rose-500/10 px-3 py-2 rounded-lg transition-colors ml-2"[39m
              [36m>[39m
                [0mLogout[0m
              [36m</button>[39m
            [36m</nav>[39m
            [36m<button[39m
              [33maria-label[39m=[32m"Toggle Theme"[39m
              [33mclass[39m=[32m"p-2 rounded-lg text-slate-500 dark:text-slate-400 hover:bg-slate-100 dark:hover:bg-slate-800 transition-colors"[39m
            [36m>[39m
              [0m≡ƒîÖ[0m
            [36m</button>[39m
            [36m<button[39m
              [33maria-label[39m=[32m"Toggle Navigation Menu"[39m
              [33mclass[39m=[32m"md:hidden p-2 rounded-lg text-slate-500 dark:text-slate-400 hover:text-slate-900 dark:hover:text-white hover:bg-slate-100 dark:hover:bg-slate-800 transition-colors"[39m
            [36m>[39m
              [36m<svg[39m
                [33mclass[39m=[32m"w-6 h-6"[39m
                [33mfill[39m=[32m"none"[39m
                [33mstroke[39m=[32m"currentColor"[39m
                [33mviewBox[39m=[32m"0 0 24 24"[39m
              [36m>[39m
                [36m<path[39m
                  [33md[39m=[32m"M4 6h16M4 12h16M4 18h16"[39m
                  [33mstroke-linecap[39m=[32m"round"[39m
                  [33mstroke-linejoin[39m=[32m"round"[39m
                  [33mstroke-width[39m=[32m"2"[39m
                [36m/>[39m
              [36m</svg>[39m
            [36m</button>[39m
          [36m</div>[39m
        [36m</div>[39m
      [36m</header>[39m
      [36m<main[39m
        [33mclass[39m=[32m"flex-1 max-w-7xl mx-auto px-4 sm:px-6 lg:px-8 py-8 w-full transition-colors duration-300"[39m
      [36m>[39m
        [36m<div[39m
          [33mclass[39m=[32m"space-y-8"[39m
        [36m>[39m
          [36m<div[39m
            [33mclass[39m=[32m"flex flex-col sm:flex-row sm:items-center justify-between gap-4"[39m
          [36m>[39m
            [36m<div>[39m
              [36m<h1[39m
                [33mclass[39m=[32m"text-3xl font-black text-slate-900 dark:text-white tracking-tight transition-colors"[39m
              [36m>[39m
                [0mVehicle Inventory[0m
              [36m</h1>[39m
              [36m<p[39m
                [33mclass[39m=[32m"text-slate-600 dark:text-slate-400 text-sm mt-1 transition-colors"[39m
              [36m>[39m
                [0mBrowse and filter available vehicles in our dealership[0m
              [36m</p>[39m
            [36m</div>[39m
          [36m</div>[39m
          [36m<form[39m
            [33mclass[39m=[32m"bg-white dark:bg-slate-900/80 border border-slate-200 dark:border-slate-800 rounded-2xl p-4 sm:p-6 space-y-4 shadow-sm transition-colors"[39m
          [36m>[39m
            [36m<div[39m
              [33mclass[39m=[32m"grid grid-cols-1 sm:grid-cols-2 lg:grid-cols-4 gap-4"[39m
            [36m>[39m
              [36m<div[39m
                [33mclass[39m=[32m"flex flex-col gap-1.5 w-full"[39m
              [36m>[39m
                [36m<label[39m
                  [33mclass[39m=[32m"text-xs font-semibold text-slate-400"[39m
                  [33mfor[39m=[32m"search-make-/-keyword"[39m
                [36m>[39m
                  [0mSearch Make / Keyword[0m
                [36m</label>[39m
                [36m<input[39m
                  [33mclass[39m=[32m"px-3 py-2 text-sm bg-slate-900 border border-slate-800 focus:ring-indigo-500 rounded-lg text-slate-100 placeholder-slate-500 focus:outline-none focus:ring-2 focus:ring-offset-2 focus:ring-offset-slate-950 transition-all "[39m
                  [33mid[39m=[32m"search-make-/-keyword"[39m
                  [33mplaceholder[39m=[32m"Search by make, model, or category..."[39m
                  [33mvalue[39m=[32m""[39m
                [36m/>[39m
              [36m</div>[39m
              [36m<div[39m
                [33mclass[39m=[32m"flex flex-col gap-1.5 w-full"[39m
              [36m>[39m
                [36m<label[39m
                  [33mclass[39m=[32m"text-xs font-semibold text-slate-400"[39m
                  [33mfor[39m=[32m"category"[39m
                [36m>[39m
                  [0mCategory[0m
                [36m</label>[39m
                [36m<select[39m
                  [33mclass[39m=[32m"px-3 py-2 text-sm bg-slate-900 border border-slate-800 focus:ring-indigo-500 rounded-lg text-slate-100 placeholder-slate-500 focus:outline-none focus:ring-2 focus:ring-offset-2 focus:ring-offset-slate-950 transition-all "[39m
                  [33mid[39m=[32m"category"[39m
                [36m>[39m
                  [36m<option[39m
                    [33mvalue[39m=[32m""[39m
                  [36m>[39m
                    [0mAll Categories[0m
                  [36m</option>[39m
                  [36m<option[39m
                    [33mvalue[39m=[32m"Electric"[39m
                  [36m>[39m
                    [0mElectric[0m
                  [36m</option>[39m
                  [36m<option[39m
                    [33mvalue[39m=[32m"SUV"[39m
                  [36m>[39m
                    [0mSUV[0m
                  [36m</option>[39m
                  [36m<option[39m
                    [33mvalue[39m=[32m"Truck"[39m
                  [36m>[39m
                    [0mTruck[0m
                  [36m</option>[39m
                  [36m<option[39m
                    [33mvalue[39m=[32m"Sedan"[39m
                  [36m>[39m
                    [0mSedan[0m
                  [36m</option>[39m
                  [36m<option[39m
                    [33mvalue[39m=[32m"Coupe"[39m
                  [36m>[39m
                    [0mCoupe[0m
                  [36m</option>[39m
                [36m</select>[39m
              [36m</div>[39m
              [36m<div[39m
                [33mclass[39m=[32m"flex flex-col gap-1.5 w-full"[39m
              [36m>[39m
                [36m<label[39m
                  [33mclass[39m=[32m"text-xs font-semibold text-slate-400"[39m
                  [33mfor[39m=[32m"min-price-($)"[39m
                [36m>[39m
                  [0mMin Price ($)[0m
                [36m</label>[39m
                [36m<input[39m
                  [33mclass[39m=[32m"px-3 py-2 text-sm bg-slate-900 border border-slate-800 focus:ring-indigo-500 round...

[90mstdout[2m | src/pages/__tests__/publicPages.test.tsx[2m > [22m[2mPublic Pages[2m > [22m[2mVehicles Listing Page[2m > [22m[2mfetches vehicles and displays search bar, filter controls and pagination
[22m[39m[36m<body>[39m
  [36m<div>[39m
    [36m<div[39m
      [33mclass[39m=[32m"flex flex-col min-h-screen bg-slate-50 dark:bg-slate-950 text-slate-900 dark:text-slate-100 font-sans transition-colors duration-300"[39m
    [36m>[39m
      [36m<header[39m
        [33mclass[39m=[32m"border-b border-slate-200/80 dark:border-slate-800/80 bg-white/80 dark:bg-slate-900/80 backdrop-blur-lg sticky top-0 z-50 transition-colors duration-300"[39m
        [33mrole[39m=[32m"banner"[39m
      [36m>[39m
        [36m<div[39m
          [33mclass[39m=[32m"max-w-7xl mx-auto px-4 sm:px-6 lg:px-8 h-16 flex items-center justify-between"[39m
        [36m>[39m
          [36m<a[39m
            [33mclass[39m=[32m"flex items-center gap-3 text-xl font-bold tracking-tight hover:opacity-90 transition-opacity"[39m
            [33mhref[39m=[32m"/"[39m
          [36m>[39m
            [36m<div[39m
              [33mclass[39m=[32m"flex items-center justify-center w-10 h-10 rounded-xl bg-slate-900 dark:bg-white text-white dark:text-slate-900 font-black tracking-tighter text-sm transition-transform duration-300 hover:scale-110 shadow-lg "[39m
            [36m>[39m
              [0mKATA[0m
            [36m</div>[39m
            [36m<span[39m
              [33mclass[39m=[32m"hidden sm:inline-block"[39m
            [36m>[39m
              [0mKATA[0m
            [36m</span>[39m
          [36m</a>[39m
          [36m<div[39m
            [33mclass[39m=[32m"flex items-center gap-4"[39m
          [36m>[39m
            [36m<nav[39m
              [33mclass[39m=[32m"hidden md:flex items-center gap-2"[39m
              [33mrole[39m=[32m"navigation"[39m
            [36m>[39m
              [36m<a[39m
                [33mclass[39m=[32m"text-sm font-medium transition-colors px-3 py-2 rounded-lg bg-indigo-100 dark:bg-indigo-600/20 text-indigo-700 dark:text-indigo-400 font-semibold border border-indigo-200 dark:border-indigo-500/30"[39m
                [33mhref[39m=[32m"/"[39m
              [36m>[39m
                [0mHome[0m
              [36m</a>[39m
              [36m<a[39m
                [33mclass[39m=[32m"text-sm font-medium transition-colors px-3 py-2 rounded-lg text-slate-600 dark:text-slate-300 hover:text-slate-900 dark:hover:text-white hover:bg-slate-100 dark:hover:bg-slate-800/60"[39m
                [33mhref[39m=[32m"/vehicles"[39m
              [36m>[39m
                [0mVehicles[0m
              [36m</a>[39m
              [36m<a[39m
                [33mclass[39m=[32m"text-sm font-medium transition-colors px-3 py-2 rounded-lg text-slate-600 dark:text-slate-300 hover:text-slate-900 dark:hover:text-white hover:bg-slate-100 dark:hover:bg-slate-800/60"[39m
                [33mhref[39m=[32m"/dashboard"[39m
              [36m>[39m
                [0mDashboard[0m
              [36m</a>[39m
              [36m<a[39m
                [33mclass[39m=[32m"text-sm font-medium transition-colors px-3 py-2 rounded-lg text-slate-600 dark:text-slate-300 hover:text-slate-900 dark:hover:text-white hover:bg-slate-100 dark:hover:bg-slate-800/60"[39m
                [33mhref[39m=[32m"/profile"[39m
              [36m>[39m
                [0mProfile[0m
              [36m</a>[39m
              [36m<button[39m
                [33mclass[39m=[32m"text-sm font-medium text-slate-500 dark:text-slate-400 hover:text-rose-600 dark:hover:text-rose-400 hover:bg-rose-50 dark:hover:bg-rose-500/10 px-3 py-2 rounded-lg transition-colors ml-2"[39m
              [36m>[39m
                [0mLogout[0m
              [36m</button>[39m
            [36m</nav>[39m
            [36m<button[39m
              [33maria-label[39m=[32m"Toggle Theme"[39m
              [33mclass[39m=[32m"p-2 rounded-lg text-slate-500 dark:text-slate-400 hover:bg-slate-100 dark:hover:bg-slate-800 transition-colors"[39m
            [36m>[39m
              [0m≡ƒîÖ[0m
            [36m</button>[39m
            [36m<button[39m
              [33maria-label[39m=[32m"Toggle Navigation Menu"[39m
              [33mclass[39m=[32m"md:hidden p-2 rounded-lg text-slate-500 dark:text-slate-400 hover:text-slate-900 dark:hover:text-white hover:bg-slate-100 dark:hover:bg-slate-800 transition-colors"[39m
            [36m>[39m
              [36m<svg[39m
                [33mclass[39m=[32m"w-6 h-6"[39m
                [33mfill[39m=[32m"none"[39m
                [33mstroke[39m=[32m"currentColor"[39m
                [33mviewBox[39m=[32m"0 0 24 24"[39m
              [36m>[39m
                [36m<path[39m
                  [33md[39m=[32m"M4 6h16M4 12h16M4 18h16"[39m
                  [33mstroke-linecap[39m=[32m"round"[39m
                  [33mstroke-linejoin[39m=[32m"round"[39m
                  [33mstroke-width[39m=[32m"2"[39m
                [36m/>[39m
              [36m</svg>[39m
            [36m</button>[39m
          [36m</div>[39m
        [36m</div>[39m
      [36m</header>[39m
      [36m<main[39m
        [33mclass[39m=[32m"flex-1 max-w-7xl mx-auto px-4 sm:px-6 lg:px-8 py-8 w-full transition-colors duration-300"[39m
      [36m>[39m
        [36m<div[39m
          [33mclass[39m=[32m"space-y-8"[39m
        [36m>[39m
          [36m<div[39m
            [33mclass[39m=[32m"flex flex-col sm:flex-row sm:items-center justify-between gap-4"[39m
          [36m>[39m
            [36m<div>[39m
              [36m<h1[39m
                [33mclass[39m=[32m"text-3xl font-black text-slate-900 dark:text-white tracking-tight transition-colors"[39m
              [36m>[39m
                [0mVehicle Inventory[0m
              [36m</h1>[39m
              [36m<p[39m
                [33mclass[39m=[32m"text-slate-600 dark:text-slate-400 text-sm mt-1 transition-colors"[39m
              [36m>[39m
                [0mBrowse and filter available vehicles in our dealership[0m
              [36m</p>[39m
            [36m</div>[39m
          [36m</div>[39m
          [36m<form[39m
            [33mclass[39m=[32m"bg-white dark:bg-slate-900/80 border border-slate-200 dark:border-slate-800 rounded-2xl p-4 sm:p-6 space-y-4 shadow-sm transition-colors"[39m
          [36m>[39m
            [36m<div[39m
              [33mclass[39m=[32m"grid grid-cols-1 sm:grid-cols-2 lg:grid-cols-4 gap-4"[39m
            [36m>[39m
              [36m<div[39m
                [33mclass[39m=[32m"flex flex-col gap-1.5 w-full"[39m
              [36m>[39m
                [36m<label[39m
                  [33mclass[39m=[32m"text-xs font-semibold text-slate-400"[39m
                  [33mfor[39m=[32m"search-make-/-keyword"[39m
                [36m>[39m
                  [0mSearch Make / Keyword[0m
                [36m</label>[39m
                [36m<input[39m
                  [33mclass[39m=[32m"px-3 py-2 text-sm bg-slate-900 border border-slate-800 focus:ring-indigo-500 rounded-lg text-slate-100 placeholder-slate-500 focus:outline-none focus:ring-2 focus:ring-offset-2 focus:ring-offset-slate-950 transition-all "[39m
                  [33mid[39m=[32m"search-make-/-keyword"[39m
                  [33mplaceholder[39m=[32m"Search by make, model, or category..."[39m
                  [33mvalue[39m=[32m""[39m
                [36m/>[39m
              [36m</div>[39m
              [36m<div[39m
                [33mclass[39m=[32m"flex flex-col gap-1.5 w-full"[39m
              [36m>[39m
                [36m<label[39m
                  [33mclass[39m=[32m"text-xs font-semibold text-slate-400"[39m
                  [33mfor[39m=[32m"category"[39m
                [36m>[39m
                  [0mCategory[0m
                [36m</label>[39m
                [36m<select[39m
                  [33mclass[39m=[32m"px-3 py-2 text-sm bg-slate-900 border border-slate-800 focus:ring-indigo-500 rounded-lg text-slate-100 placeholder-slate-500 focus:outline-none focus:ring-2 focus:ring-offset-2 focus:ring-offset-slate-950 transition-all "[39m
                  [33mid[39m=[32m"category"[39m
                [36m>[39m
                  [36m<option[39m
                    [33mvalue[39m=[32m""[39m
                  [36m>[39m
                    [0mAll Categories[0m
                  [36m</option>[39m
                  [36m<option[39m
                    [33mvalue[39m=[32m"Electric"[39m
                  [36m>[39m
                    [0mElectric[0m
                  [36m</option>[39m
                  [36m<option[39m
                    [33mvalue[39m=[32m"SUV"[39m
                  [36m>[39m
                    [0mSUV[0m
                  [36m</option>[39m
                  [36m<option[39m
                    [33mvalue[39m=[32m"Truck"[39m
                  [36m>[39m
                    [0mTruck[0m
                  [36m</option>[39m
                  [36m<option[39m
                    [33mvalue[39m=[32m"Sedan"[39m
                  [36m>[39m
                    [0mSedan[0m
                  [36m</option>[39m
                  [36m<option[39m
                    [33mvalue[39m=[32m"Coupe"[39m
                  [36m>[39m
                    [0mCoupe[0m
                  [36m</option>[39m
                [36m</select>[39m
              [36m</div>[39m
              [36m<div[39m
                [33mclass[39m=[32m"flex flex-col gap-1.5 w-full"[39m
              [36m>[39m
                [36m<label[39m
                  [33mclass[39m=[32m"text-xs font-semibold text-slate-400"[39m
                  [33mfor[39m=[32m"min-price-($)"[39m
                [36m>[39m
                  [0mMin Price ($)[0m
                [36m</label>[39m
                [36m<input[39m
                  [33mclass[39m=[32m"px-3 py-2 text-sm bg-slate-900 border border-slate-800 focus:ring-indigo-500 round...

[90mstdout[2m | src/pages/__tests__/publicPages.test.tsx[2m > [22m[2mPublic Pages[2m > [22m[2mVehicles Listing Page[2m > [22m[2mfetches vehicles and displays search bar, filter controls and pagination
[22m[39m[36m<body>[39m
  [36m<div>[39m
    [36m<div[39m
      [33mclass[39m=[32m"flex flex-col min-h-screen bg-slate-50 dark:bg-slate-950 text-slate-900 dark:text-slate-100 font-sans transition-colors duration-300"[39m
    [36m>[39m
      [36m<header[39m
        [33mclass[39m=[32m"border-b border-slate-200/80 dark:border-slate-800/80 bg-white/80 dark:bg-slate-900/80 backdrop-blur-lg sticky top-0 z-50 transition-colors duration-300"[39m
        [33mrole[39m=[32m"banner"[39m
      [36m>[39m
        [36m<div[39m
          [33mclass[39m=[32m"max-w-7xl mx-auto px-4 sm:px-6 lg:px-8 h-16 flex items-center justify-between"[39m
        [36m>[39m
          [36m<a[39m
            [33mclass[39m=[32m"flex items-center gap-3 text-xl font-bold tracking-tight hover:opacity-90 transition-opacity"[39m
            [33mhref[39m=[32m"/"[39m
          [36m>[39m
            [36m<div[39m
              [33mclass[39m=[32m"flex items-center justify-center w-10 h-10 rounded-xl bg-slate-900 dark:bg-white text-white dark:text-slate-900 font-black tracking-tighter text-sm transition-transform duration-300 hover:scale-110 shadow-lg "[39m
            [36m>[39m
              [0mKATA[0m
            [36m</div>[39m
            [36m<span[39m
              [33mclass[39m=[32m"hidden sm:inline-block"[39m
            [36m>[39m
              [0mKATA[0m
            [36m</span>[39m
          [36m</a>[39m
          [36m<div[39m
            [33mclass[39m=[32m"flex items-center gap-4"[39m
          [36m>[39m
            [36m<nav[39m
              [33mclass[39m=[32m"hidden md:flex items-center gap-2"[39m
              [33mrole[39m=[32m"navigation"[39m
            [36m>[39m
              [36m<a[39m
                [33mclass[39m=[32m"text-sm font-medium transition-colors px-3 py-2 rounded-lg bg-indigo-100 dark:bg-indigo-600/20 text-indigo-700 dark:text-indigo-400 font-semibold border border-indigo-200 dark:border-indigo-500/30"[39m
                [33mhref[39m=[32m"/"[39m
              [36m>[39m
                [0mHome[0m
              [36m</a>[39m
              [36m<a[39m
                [33mclass[39m=[32m"text-sm font-medium transition-colors px-3 py-2 rounded-lg text-slate-600 dark:text-slate-300 hover:text-slate-900 dark:hover:text-white hover:bg-slate-100 dark:hover:bg-slate-800/60"[39m
                [33mhref[39m=[32m"/vehicles"[39m
              [36m>[39m
                [0mVehicles[0m
              [36m</a>[39m
              [36m<a[39m
                [33mclass[39m=[32m"text-sm font-medium transition-colors px-3 py-2 rounded-lg text-slate-600 dark:text-slate-300 hover:text-slate-900 dark:hover:text-white hover:bg-slate-100 dark:hover:bg-slate-800/60"[39m
                [33mhref[39m=[32m"/dashboard"[39m
              [36m>[39m
                [0mDashboard[0m
              [36m</a>[39m
              [36m<a[39m
                [33mclass[39m=[32m"text-sm font-medium transition-colors px-3 py-2 rounded-lg text-slate-600 dark:text-slate-300 hover:text-slate-900 dark:hover:text-white hover:bg-slate-100 dark:hover:bg-slate-800/60"[39m
                [33mhref[39m=[32m"/profile"[39m
              [36m>[39m
                [0mProfile[0m
              [36m</a>[39m
              [36m<button[39m
                [33mclass[39m=[32m"text-sm font-medium text-slate-500 dark:text-slate-400 hover:text-rose-600 dark:hover:text-rose-400 hover:bg-rose-50 dark:hover:bg-rose-500/10 px-3 py-2 rounded-lg transition-colors ml-2"[39m
              [36m>[39m
                [0mLogout[0m
              [36m</button>[39m
            [36m</nav>[39m
            [36m<button[39m
              [33maria-label[39m=[32m"Toggle Theme"[39m
              [33mclass[39m=[32m"p-2 rounded-lg text-slate-500 dark:text-slate-400 hover:bg-slate-100 dark:hover:bg-slate-800 transition-colors"[39m
            [36m>[39m
              [0m≡ƒîÖ[0m
            [36m</button>[39m
            [36m<button[39m
              [33maria-label[39m=[32m"Toggle Navigation Menu"[39m
              [33mclass[39m=[32m"md:hidden p-2 rounded-lg text-slate-500 dark:text-slate-400 hover:text-slate-900 dark:hover:text-white hover:bg-slate-100 dark:hover:bg-slate-800 transition-colors"[39m
            [36m>[39m
              [36m<svg[39m
                [33mclass[39m=[32m"w-6 h-6"[39m
                [33mfill[39m=[32m"none"[39m
                [33mstroke[39m=[32m"currentColor"[39m
                [33mviewBox[39m=[32m"0 0 24 24"[39m
              [36m>[39m
                [36m<path[39m
                  [33md[39m=[32m"M4 6h16M4 12h16M4 18h16"[39m
                  [33mstroke-linecap[39m=[32m"round"[39m
                  [33mstroke-linejoin[39m=[32m"round"[39m
                  [33mstroke-width[39m=[32m"2"[39m
                [36m/>[39m
              [36m</svg>[39m
            [36m</button>[39m
          [36m</div>[39m
        [36m</div>[39m
      [36m</header>[39m
      [36m<main[39m
        [33mclass[39m=[32m"flex-1 max-w-7xl mx-auto px-4 sm:px-6 lg:px-8 py-8 w-full transition-colors duration-300"[39m
      [36m>[39m
        [36m<div[39m
          [33mclass[39m=[32m"space-y-8"[39m
        [36m>[39m
          [36m<div[39m
            [33mclass[39m=[32m"flex flex-col sm:flex-row sm:items-center justify-between gap-4"[39m
          [36m>[39m
            [36m<div>[39m
              [36m<h1[39m
                [33mclass[39m=[32m"text-3xl font-black text-slate-900 dark:text-white tracking-tight transition-colors"[39m
              [36m>[39m
                [0mVehicle Inventory[0m
              [36m</h1>[39m
              [36m<p[39m
                [33mclass[39m=[32m"text-slate-600 dark:text-slate-400 text-sm mt-1 transition-colors"[39m
              [36m>[39m
                [0mBrowse and filter available vehicles in our dealership[0m
              [36m</p>[39m
            [36m</div>[39m
          [36m</div>[39m
          [36m<form[39m
            [33mclass[39m=[32m"bg-white dark:bg-slate-900/80 border border-slate-200 dark:border-slate-800 rounded-2xl p-4 sm:p-6 space-y-4 shadow-sm transition-colors"[39m
          [36m>[39m
            [36m<div[39m
              [33mclass[39m=[32m"grid grid-cols-1 sm:grid-cols-2 lg:grid-cols-4 gap-4"[39m
            [36m>[39m
              [36m<div[39m
                [33mclass[39m=[32m"flex flex-col gap-1.5 w-full"[39m
              [36m>[39m
                [36m<label[39m
                  [33mclass[39m=[32m"text-xs font-semibold text-slate-400"[39m
                  [33mfor[39m=[32m"search-make-/-keyword"[39m
                [36m>[39m
                  [0mSearch Make / Keyword[0m
                [36m</label>[39m
                [36m<input[39m
                  [33mclass[39m=[32m"px-3 py-2 text-sm bg-slate-900 border border-slate-800 focus:ring-indigo-500 rounded-lg text-slate-100 placeholder-slate-500 focus:outline-none focus:ring-2 focus:ring-offset-2 focus:ring-offset-slate-950 transition-all "[39m
                  [33mid[39m=[32m"search-make-/-keyword"[39m
                  [33mplaceholder[39m=[32m"Search by make, model, or category..."[39m
                  [33mvalue[39m=[32m""[39m
                [36m/>[39m
              [36m</div>[39m
              [36m<div[39m
                [33mclass[39m=[32m"flex flex-col gap-1.5 w-full"[39m
              [36m>[39m
                [36m<label[39m
                  [33mclass[39m=[32m"text-xs font-semibold text-slate-400"[39m
                  [33mfor[39m=[32m"category"[39m
                [36m>[39m
                  [0mCategory[0m
                [36m</label>[39m
                [36m<select[39m
                  [33mclass[39m=[32m"px-3 py-2 text-sm bg-slate-900 border border-slate-800 focus:ring-indigo-500 rounded-lg text-slate-100 placeholder-slate-500 focus:outline-none focus:ring-2 focus:ring-offset-2 focus:ring-offset-slate-950 transition-all "[39m
                  [33mid[39m=[32m"category"[39m
                [36m>[39m
                  [36m<option[39m
                    [33mvalue[39m=[32m""[39m
                  [36m>[39m
                    [0mAll Categories[0m
                  [36m</option>[39m
                  [36m<option[39m
                    [33mvalue[39m=[32m"Electric"[39m
                  [36m>[39m
                    [0mElectric[0m
                  [36m</option>[39m
                  [36m<option[39m
                    [33mvalue[39m=[32m"SUV"[39m
                  [36m>[39m
                    [0mSUV[0m
                  [36m</option>[39m
                  [36m<option[39m
                    [33mvalue[39m=[32m"Truck"[39m
                  [36m>[39m
                    [0mTruck[0m
                  [36m</option>[39m
                  [36m<option[39m
                    [33mvalue[39m=[32m"Sedan"[39m
                  [36m>[39m
                    [0mSedan[0m
                  [36m</option>[39m
                  [36m<option[39m
                    [33mvalue[39m=[32m"Coupe"[39m
                  [36m>[39m
                    [0mCoupe[0m
                  [36m</option>[39m
                [36m</select>[39m
              [36m</div>[39m
              [36m<div[39m
                [33mclass[39m=[32m"flex flex-col gap-1.5 w-full"[39m
              [36m>[39m
                [36m<label[39m
                  [33mclass[39m=[32m"text-xs font-semibold text-slate-400"[39m
                  [33mfor[39m=[32m"min-price-($)"[39m
                [36m>[39m
                  [0mMin Price ($)[0m
                [36m</label>[39m
                [36m<input[39m
                  [33mclass[39m=[32m"px-3 py-2 text-sm bg-slate-900 border border-slate-800 focus:ring-indigo-500 round...

[90mstdout[2m | src/pages/__tests__/publicPages.test.tsx[2m > [22m[2mPublic Pages[2m > [22m[2mVehicles Listing Page[2m > [22m[2mfetches vehicles and displays search bar, filter controls and pagination
[22m[39m[36m<body>[39m
  [36m<div>[39m
    [36m<div[39m
      [33mclass[39m=[32m"flex flex-col min-h-screen bg-slate-50 dark:bg-slate-950 text-slate-900 dark:text-slate-100 font-sans transition-colors duration-300"[39m
    [36m>[39m
      [36m<header[39m
        [33mclass[39m=[32m"border-b border-slate-200/80 dark:border-slate-800/80 bg-white/80 dark:bg-slate-900/80 backdrop-blur-lg sticky top-0 z-50 transition-colors duration-300"[39m
        [33mrole[39m=[32m"banner"[39m
      [36m>[39m
        [36m<div[39m
          [33mclass[39m=[32m"max-w-7xl mx-auto px-4 sm:px-6 lg:px-8 h-16 flex items-center justify-between"[39m
        [36m>[39m
          [36m<a[39m
            [33mclass[39m=[32m"flex items-center gap-3 text-xl font-bold tracking-tight hover:opacity-90 transition-opacity"[39m
            [33mhref[39m=[32m"/"[39m
          [36m>[39m
            [36m<div[39m
              [33mclass[39m=[32m"flex items-center justify-center w-10 h-10 rounded-xl bg-slate-900 dark:bg-white text-white dark:text-slate-900 font-black tracking-tighter text-sm transition-transform duration-300 hover:scale-110 shadow-lg "[39m
            [36m>[39m
              [0mKATA[0m
            [36m</div>[39m
            [36m<span[39m
              [33mclass[39m=[32m"hidden sm:inline-block"[39m
            [36m>[39m
              [0mKATA[0m
            [36m</span>[39m
          [36m</a>[39m
          [36m<div[39m
            [33mclass[39m=[32m"flex items-center gap-4"[39m
          [36m>[39m
            [36m<nav[39m
              [33mclass[39m=[32m"hidden md:flex items-center gap-2"[39m
              [33mrole[39m=[32m"navigation"[39m
            [36m>[39m
              [36m<a[39m
                [33mclass[39m=[32m"text-sm font-medium transition-colors px-3 py-2 rounded-lg bg-indigo-100 dark:bg-indigo-600/20 text-indigo-700 dark:text-indigo-400 font-semibold border border-indigo-200 dark:border-indigo-500/30"[39m
                [33mhref[39m=[32m"/"[39m
              [36m>[39m
                [0mHome[0m
              [36m</a>[39m
              [36m<a[39m
                [33mclass[39m=[32m"text-sm font-medium transition-colors px-3 py-2 rounded-lg text-slate-600 dark:text-slate-300 hover:text-slate-900 dark:hover:text-white hover:bg-slate-100 dark:hover:bg-slate-800/60"[39m
                [33mhref[39m=[32m"/vehicles"[39m
              [36m>[39m
                [0mVehicles[0m
              [36m</a>[39m
              [36m<a[39m
                [33mclass[39m=[32m"text-sm font-medium transition-colors px-3 py-2 rounded-lg text-slate-600 dark:text-slate-300 hover:text-slate-900 dark:hover:text-white hover:bg-slate-100 dark:hover:bg-slate-800/60"[39m
                [33mhref[39m=[32m"/dashboard"[39m
              [36m>[39m
                [0mDashboard[0m
              [36m</a>[39m
              [36m<a[39m
                [33mclass[39m=[32m"text-sm font-medium transition-colors px-3 py-2 rounded-lg text-slate-600 dark:text-slate-300 hover:text-slate-900 dark:hover:text-white hover:bg-slate-100 dark:hover:bg-slate-800/60"[39m
                [33mhref[39m=[32m"/profile"[39m
              [36m>[39m
                [0mProfile[0m
              [36m</a>[39m
              [36m<button[39m
                [33mclass[39m=[32m"text-sm font-medium text-slate-500 dark:text-slate-400 hover:text-rose-600 dark:hover:text-rose-400 hover:bg-rose-50 dark:hover:bg-rose-500/10 px-3 py-2 rounded-lg transition-colors ml-2"[39m
              [36m>[39m
                [0mLogout[0m
              [36m</button>[39m
            [36m</nav>[39m
            [36m<button[39m
              [33maria-label[39m=[32m"Toggle Theme"[39m
              [33mclass[39m=[32m"p-2 rounded-lg text-slate-500 dark:text-slate-400 hover:bg-slate-100 dark:hover:bg-slate-800 transition-colors"[39m
            [36m>[39m
              [0m≡ƒîÖ[0m
            [36m</button>[39m
            [36m<button[39m
              [33maria-label[39m=[32m"Toggle Navigation Menu"[39m
              [33mclass[39m=[32m"md:hidden p-2 rounded-lg text-slate-500 dark:text-slate-400 hover:text-slate-900 dark:hover:text-white hover:bg-slate-100 dark:hover:bg-slate-800 transition-colors"[39m
            [36m>[39m
              [36m<svg[39m
                [33mclass[39m=[32m"w-6 h-6"[39m
                [33mfill[39m=[32m"none"[39m
                [33mstroke[39m=[32m"currentColor"[39m
                [33mviewBox[39m=[32m"0 0 24 24"[39m
              [36m>[39m
                [36m<path[39m
                  [33md[39m=[32m"M4 6h16M4 12h16M4 18h16"[39m
                  [33mstroke-linecap[39m=[32m"round"[39m
                  [33mstroke-linejoin[39m=[32m"round"[39m
                  [33mstroke-width[39m=[32m"2"[39m
                [36m/>[39m
              [36m</svg>[39m
            [36m</button>[39m
          [36m</div>[39m
        [36m</div>[39m
      [36m</header>[39m
      [36m<main[39m
        [33mclass[39m=[32m"flex-1 max-w-7xl mx-auto px-4 sm:px-6 lg:px-8 py-8 w-full transition-colors duration-300"[39m
      [36m>[39m
        [36m<div[39m
          [33mclass[39m=[32m"space-y-8"[39m
        [36m>[39m
          [36m<div[39m
            [33mclass[39m=[32m"flex flex-col sm:flex-row sm:items-center justify-between gap-4"[39m
          [36m>[39m
            [36m<div>[39m
              [36m<h1[39m
                [33mclass[39m=[32m"text-3xl font-black text-slate-900 dark:text-white tracking-tight transition-colors"[39m
              [36m>[39m
                [0mVehicle Inventory[0m
              [36m</h1>[39m
              [36m<p[39m
                [33mclass[39m=[32m"text-slate-600 dark:text-slate-400 text-sm mt-1 transition-colors"[39m
              [36m>[39m
                [0mBrowse and filter available vehicles in our dealership[0m
              [36m</p>[39m
            [36m</div>[39m
          [36m</div>[39m
          [36m<form[39m
            [33mclass[39m=[32m"bg-white dark:bg-slate-900/80 border border-slate-200 dark:border-slate-800 rounded-2xl p-4 sm:p-6 space-y-4 shadow-sm transition-colors"[39m
          [36m>[39m
            [36m<div[39m
              [33mclass[39m=[32m"grid grid-cols-1 sm:grid-cols-2 lg:grid-cols-4 gap-4"[39m
            [36m>[39m
              [36m<div[39m
                [33mclass[39m=[32m"flex flex-col gap-1.5 w-full"[39m
              [36m>[39m
                [36m<label[39m
                  [33mclass[39m=[32m"text-xs font-semibold text-slate-400"[39m
                  [33mfor[39m=[32m"search-make-/-keyword"[39m
                [36m>[39m
                  [0mSearch Make / Keyword[0m
                [36m</label>[39m
                [36m<input[39m
                  [33mclass[39m=[32m"px-3 py-2 text-sm bg-slate-900 border border-slate-800 focus:ring-indigo-500 rounded-lg text-slate-100 placeholder-slate-500 focus:outline-none focus:ring-2 focus:ring-offset-2 focus:ring-offset-slate-950 transition-all "[39m
                  [33mid[39m=[32m"search-make-/-keyword"[39m
                  [33mplaceholder[39m=[32m"Search by make, model, or category..."[39m
                  [33mvalue[39m=[32m""[39m
                [36m/>[39m
              [36m</div>[39m
              [36m<div[39m
                [33mclass[39m=[32m"flex flex-col gap-1.5 w-full"[39m
              [36m>[39m
                [36m<label[39m
                  [33mclass[39m=[32m"text-xs font-semibold text-slate-400"[39m
                  [33mfor[39m=[32m"category"[39m
                [36m>[39m
                  [0mCategory[0m
                [36m</label>[39m
                [36m<select[39m
                  [33mclass[39m=[32m"px-3 py-2 text-sm bg-slate-900 border border-slate-800 focus:ring-indigo-500 rounded-lg text-slate-100 placeholder-slate-500 focus:outline-none focus:ring-2 focus:ring-offset-2 focus:ring-offset-slate-950 transition-all "[39m
                  [33mid[39m=[32m"category"[39m
                [36m>[39m
                  [36m<option[39m
                    [33mvalue[39m=[32m""[39m
                  [36m>[39m
                    [0mAll Categories[0m
                  [36m</option>[39m
                  [36m<option[39m
                    [33mvalue[39m=[32m"Electric"[39m
                  [36m>[39m
                    [0mElectric[0m
                  [36m</option>[39m
                  [36m<option[39m
                    [33mvalue[39m=[32m"SUV"[39m
                  [36m>[39m
                    [0mSUV[0m
                  [36m</option>[39m
                  [36m<option[39m
                    [33mvalue[39m=[32m"Truck"[39m
                  [36m>[39m
                    [0mTruck[0m
                  [36m</option>[39m
                  [36m<option[39m
                    [33mvalue[39m=[32m"Sedan"[39m
                  [36m>[39m
                    [0mSedan[0m
                  [36m</option>[39m
                  [36m<option[39m
                    [33mvalue[39m=[32m"Coupe"[39m
                  [36m>[39m
                    [0mCoupe[0m
                  [36m</option>[39m
                [36m</select>[39m
              [36m</div>[39m
              [36m<div[39m
                [33mclass[39m=[32m"flex flex-col gap-1.5 w-full"[39m
              [36m>[39m
                [36m<label[39m
                  [33mclass[39m=[32m"text-xs font-semibold text-slate-400"[39m
                  [33mfor[39m=[32m"min-price-($)"[39m
                [36m>[39m
                  [0mMin Price ($)[0m
                [36m</label>[39m
                [36m<input[39m
                  [33mclass[39m=[32m"px-3 py-2 text-sm bg-slate-900 border border-slate-800 focus:ring-indigo-500 round...

[90mstdout[2m | src/pages/__tests__/publicPages.test.tsx[2m > [22m[2mPublic Pages[2m > [22m[2mVehicles Listing Page[2m > [22m[2mfetches vehicles and displays search bar, filter controls and pagination
[22m[39m[36m<body>[39m
  [36m<div>[39m
    [36m<div[39m
      [33mclass[39m=[32m"flex flex-col min-h-screen bg-slate-50 dark:bg-slate-950 text-slate-900 dark:text-slate-100 font-sans transition-colors duration-300"[39m
    [36m>[39m
      [36m<header[39m
        [33mclass[39m=[32m"border-b border-slate-200/80 dark:border-slate-800/80 bg-white/80 dark:bg-slate-900/80 backdrop-blur-lg sticky top-0 z-50 transition-colors duration-300"[39m
        [33mrole[39m=[32m"banner"[39m
      [36m>[39m
        [36m<div[39m
          [33mclass[39m=[32m"max-w-7xl mx-auto px-4 sm:px-6 lg:px-8 h-16 flex items-center justify-between"[39m
        [36m>[39m
          [36m<a[39m
            [33mclass[39m=[32m"flex items-center gap-3 text-xl font-bold tracking-tight hover:opacity-90 transition-opacity"[39m
            [33mhref[39m=[32m"/"[39m
          [36m>[39m
            [36m<div[39m
              [33mclass[39m=[32m"flex items-center justify-center w-10 h-10 rounded-xl bg-slate-900 dark:bg-white text-white dark:text-slate-900 font-black tracking-tighter text-sm transition-transform duration-300 hover:scale-110 shadow-lg "[39m
            [36m>[39m
              [0mKATA[0m
            [36m</div>[39m
            [36m<span[39m
              [33mclass[39m=[32m"hidden sm:inline-block"[39m
            [36m>[39m
              [0mKATA[0m
            [36m</span>[39m
          [36m</a>[39m
          [36m<div[39m
            [33mclass[39m=[32m"flex items-center gap-4"[39m
          [36m>[39m
            [36m<nav[39m
              [33mclass[39m=[32m"hidden md:flex items-center gap-2"[39m
              [33mrole[39m=[32m"navigation"[39m
            [36m>[39m
              [36m<a[39m
                [33mclass[39m=[32m"text-sm font-medium transition-colors px-3 py-2 rounded-lg bg-indigo-100 dark:bg-indigo-600/20 text-indigo-700 dark:text-indigo-400 font-semibold border border-indigo-200 dark:border-indigo-500/30"[39m
                [33mhref[39m=[32m"/"[39m
              [36m>[39m
                [0mHome[0m
              [36m</a>[39m
              [36m<a[39m
                [33mclass[39m=[32m"text-sm font-medium transition-colors px-3 py-2 rounded-lg text-slate-600 dark:text-slate-300 hover:text-slate-900 dark:hover:text-white hover:bg-slate-100 dark:hover:bg-slate-800/60"[39m
                [33mhref[39m=[32m"/vehicles"[39m
              [36m>[39m
                [0mVehicles[0m
              [36m</a>[39m
              [36m<a[39m
                [33mclass[39m=[32m"text-sm font-medium transition-colors px-3 py-2 rounded-lg text-slate-600 dark:text-slate-300 hover:text-slate-900 dark:hover:text-white hover:bg-slate-100 dark:hover:bg-slate-800/60"[39m
                [33mhref[39m=[32m"/dashboard"[39m
              [36m>[39m
                [0mDashboard[0m
              [36m</a>[39m
              [36m<a[39m
                [33mclass[39m=[32m"text-sm font-medium transition-colors px-3 py-2 rounded-lg text-slate-600 dark:text-slate-300 hover:text-slate-900 dark:hover:text-white hover:bg-slate-100 dark:hover:bg-slate-800/60"[39m
                [33mhref[39m=[32m"/profile"[39m
              [36m>[39m
                [0mProfile[0m
              [36m</a>[39m
              [36m<button[39m
                [33mclass[39m=[32m"text-sm font-medium text-slate-500 dark:text-slate-400 hover:text-rose-600 dark:hover:text-rose-400 hover:bg-rose-50 dark:hover:bg-rose-500/10 px-3 py-2 rounded-lg transition-colors ml-2"[39m
              [36m>[39m
                [0mLogout[0m
              [36m</button>[39m
            [36m</nav>[39m
            [36m<button[39m
              [33maria-label[39m=[32m"Toggle Theme"[39m
              [33mclass[39m=[32m"p-2 rounded-lg text-slate-500 dark:text-slate-400 hover:bg-slate-100 dark:hover:bg-slate-800 transition-colors"[39m
            [36m>[39m
              [0m≡ƒîÖ[0m
            [36m</button>[39m
            [36m<button[39m
              [33maria-label[39m=[32m"Toggle Navigation Menu"[39m
              [33mclass[39m=[32m"md:hidden p-2 rounded-lg text-slate-500 dark:text-slate-400 hover:text-slate-900 dark:hover:text-white hover:bg-slate-100 dark:hover:bg-slate-800 transition-colors"[39m
            [36m>[39m
              [36m<svg[39m
                [33mclass[39m=[32m"w-6 h-6"[39m
                [33mfill[39m=[32m"none"[39m
                [33mstroke[39m=[32m"currentColor"[39m
                [33mviewBox[39m=[32m"0 0 24 24"[39m
              [36m>[39m
                [36m<path[39m
                  [33md[39m=[32m"M4 6h16M4 12h16M4 18h16"[39m
                  [33mstroke-linecap[39m=[32m"round"[39m
                  [33mstroke-linejoin[39m=[32m"round"[39m
                  [33mstroke-width[39m=[32m"2"[39m
                [36m/>[39m
              [36m</svg>[39m
            [36m</button>[39m
          [36m</div>[39m
        [36m</div>[39m
      [36m</header>[39m
      [36m<main[39m
        [33mclass[39m=[32m"flex-1 max-w-7xl mx-auto px-4 sm:px-6 lg:px-8 py-8 w-full transition-colors duration-300"[39m
      [36m>[39m
        [36m<div[39m
          [33mclass[39m=[32m"space-y-8"[39m
        [36m>[39m
          [36m<div[39m
            [33mclass[39m=[32m"flex flex-col sm:flex-row sm:items-center justify-between gap-4"[39m
          [36m>[39m
            [36m<div>[39m
              [36m<h1[39m
                [33mclass[39m=[32m"text-3xl font-black text-slate-900 dark:text-white tracking-tight transition-colors"[39m
              [36m>[39m
                [0mVehicle Inventory[0m
              [36m</h1>[39m
              [36m<p[39m
                [33mclass[39m=[32m"text-slate-600 dark:text-slate-400 text-sm mt-1 transition-colors"[39m
              [36m>[39m
                [0mBrowse and filter available vehicles in our dealership[0m
              [36m</p>[39m
            [36m</div>[39m
          [36m</div>[39m
          [36m<form[39m
            [33mclass[39m=[32m"bg-white dark:bg-slate-900/80 border border-slate-200 dark:border-slate-800 rounded-2xl p-4 sm:p-6 space-y-4 shadow-sm transition-colors"[39m
          [36m>[39m
            [36m<div[39m
              [33mclass[39m=[32m"grid grid-cols-1 sm:grid-cols-2 lg:grid-cols-4 gap-4"[39m
            [36m>[39m
              [36m<div[39m
                [33mclass[39m=[32m"flex flex-col gap-1.5 w-full"[39m
              [36m>[39m
                [36m<label[39m
                  [33mclass[39m=[32m"text-xs font-semibold text-slate-400"[39m
                  [33mfor[39m=[32m"search-make-/-keyword"[39m
                [36m>[39m
                  [0mSearch Make / Keyword[0m
                [36m</label>[39m
                [36m<input[39m
                  [33mclass[39m=[32m"px-3 py-2 text-sm bg-slate-900 border border-slate-800 focus:ring-indigo-500 rounded-lg text-slate-100 placeholder-slate-500 focus:outline-none focus:ring-2 focus:ring-offset-2 focus:ring-offset-slate-950 transition-all "[39m
                  [33mid[39m=[32m"search-make-/-keyword"[39m
                  [33mplaceholder[39m=[32m"Search by make, model, or category..."[39m
                  [33mvalue[39m=[32m""[39m
                [36m/>[39m
              [36m</div>[39m
              [36m<div[39m
                [33mclass[39m=[32m"flex flex-col gap-1.5 w-full"[39m
              [36m>[39m
                [36m<label[39m
                  [33mclass[39m=[32m"text-xs font-semibold text-slate-400"[39m
                  [33mfor[39m=[32m"category"[39m
                [36m>[39m
                  [0mCategory[0m
                [36m</label>[39m
                [36m<select[39m
                  [33mclass[39m=[32m"px-3 py-2 text-sm bg-slate-900 border border-slate-800 focus:ring-indigo-500 rounded-lg text-slate-100 placeholder-slate-500 focus:outline-none focus:ring-2 focus:ring-offset-2 focus:ring-offset-slate-950 transition-all "[39m
                  [33mid[39m=[32m"category"[39m
                [36m>[39m
                  [36m<option[39m
                    [33mvalue[39m=[32m""[39m
                  [36m>[39m
                    [0mAll Categories[0m
                  [36m</option>[39m
                  [36m<option[39m
                    [33mvalue[39m=[32m"Electric"[39m
                  [36m>[39m
                    [0mElectric[0m
                  [36m</option>[39m
                  [36m<option[39m
                    [33mvalue[39m=[32m"SUV"[39m
                  [36m>[39m
                    [0mSUV[0m
                  [36m</option>[39m
                  [36m<option[39m
                    [33mvalue[39m=[32m"Truck"[39m
                  [36m>[39m
                    [0mTruck[0m
                  [36m</option>[39m
                  [36m<option[39m
                    [33mvalue[39m=[32m"Sedan"[39m
                  [36m>[39m
                    [0mSedan[0m
                  [36m</option>[39m
                  [36m<option[39m
                    [33mvalue[39m=[32m"Coupe"[39m
                  [36m>[39m
                    [0mCoupe[0m
                  [36m</option>[39m
                [36m</select>[39m
              [36m</div>[39m
              [36m<div[39m
                [33mclass[39m=[32m"flex flex-col gap-1.5 w-full"[39m
              [36m>[39m
                [36m<label[39m
                  [33mclass[39m=[32m"text-xs font-semibold text-slate-400"[39m
                  [33mfor[39m=[32m"min-price-($)"[39m
                [36m>[39m
                  [0mMin Price ($)[0m
                [36m</label>[39m
                [36m<input[39m
                  [33mclass[39m=[32m"px-3 py-2 text-sm bg-slate-900 border border-slate-800 focus:ring-indigo-500 round...

[90mstdout[2m | src/pages/__tests__/publicPages.test.tsx[2m > [22m[2mPublic Pages[2m > [22m[2mVehicles Listing Page[2m > [22m[2mfetches vehicles and displays search bar, filter controls and pagination
[22m[39m[36m<body>[39m
  [36m<div>[39m
    [36m<div[39m
      [33mclass[39m=[32m"flex flex-col min-h-screen bg-slate-50 dark:bg-slate-950 text-slate-900 dark:text-slate-100 font-sans transition-colors duration-300"[39m
    [36m>[39m
      [36m<header[39m
        [33mclass[39m=[32m"border-b border-slate-200/80 dark:border-slate-800/80 bg-white/80 dark:bg-slate-900/80 backdrop-blur-lg sticky top-0 z-50 transition-colors duration-300"[39m
        [33mrole[39m=[32m"banner"[39m
      [36m>[39m
        [36m<div[39m
          [33mclass[39m=[32m"max-w-7xl mx-auto px-4 sm:px-6 lg:px-8 h-16 flex items-center justify-between"[39m
        [36m>[39m
          [36m<a[39m
            [33mclass[39m=[32m"flex items-center gap-3 text-xl font-bold tracking-tight hover:opacity-90 transition-opacity"[39m
            [33mhref[39m=[32m"/"[39m
          [36m>[39m
            [36m<div[39m
              [33mclass[39m=[32m"flex items-center justify-center w-10 h-10 rounded-xl bg-slate-900 dark:bg-white text-white dark:text-slate-900 font-black tracking-tighter text-sm transition-transform duration-300 hover:scale-110 shadow-lg "[39m
            [36m>[39m
              [0mKATA[0m
            [36m</div>[39m
            [36m<span[39m
              [33mclass[39m=[32m"hidden sm:inline-block"[39m
            [36m>[39m
              [0mKATA[0m
            [36m</span>[39m
          [36m</a>[39m
          [36m<div[39m
            [33mclass[39m=[32m"flex items-center gap-4"[39m
          [36m>[39m
            [36m<nav[39m
              [33mclass[39m=[32m"hidden md:flex items-center gap-2"[39m
              [33mrole[39m=[32m"navigation"[39m
            [36m>[39m
              [36m<a[39m
                [33mclass[39m=[32m"text-sm font-medium transition-colors px-3 py-2 rounded-lg bg-indigo-100 dark:bg-indigo-600/20 text-indigo-700 dark:text-indigo-400 font-semibold border border-indigo-200 dark:border-indigo-500/30"[39m
                [33mhref[39m=[32m"/"[39m
              [36m>[39m
                [0mHome[0m
              [36m</a>[39m
              [36m<a[39m
                [33mclass[39m=[32m"text-sm font-medium transition-colors px-3 py-2 rounded-lg text-slate-600 dark:text-slate-300 hover:text-slate-900 dark:hover:text-white hover:bg-slate-100 dark:hover:bg-slate-800/60"[39m
                [33mhref[39m=[32m"/vehicles"[39m
              [36m>[39m
                [0mVehicles[0m
              [36m</a>[39m
              [36m<a[39m
                [33mclass[39m=[32m"text-sm font-medium transition-colors px-3 py-2 rounded-lg text-slate-600 dark:text-slate-300 hover:text-slate-900 dark:hover:text-white hover:bg-slate-100 dark:hover:bg-slate-800/60"[39m
                [33mhref[39m=[32m"/dashboard"[39m
              [36m>[39m
                [0mDashboard[0m
              [36m</a>[39m
              [36m<a[39m
                [33mclass[39m=[32m"text-sm font-medium transition-colors px-3 py-2 rounded-lg text-slate-600 dark:text-slate-300 hover:text-slate-900 dark:hover:text-white hover:bg-slate-100 dark:hover:bg-slate-800/60"[39m
                [33mhref[39m=[32m"/profile"[39m
              [36m>[39m
                [0mProfile[0m
              [36m</a>[39m
              [36m<button[39m
                [33mclass[39m=[32m"text-sm font-medium text-slate-500 dark:text-slate-400 hover:text-rose-600 dark:hover:text-rose-400 hover:bg-rose-50 dark:hover:bg-rose-500/10 px-3 py-2 rounded-lg transition-colors ml-2"[39m
              [36m>[39m
                [0mLogout[0m
              [36m</button>[39m
            [36m</nav>[39m
            [36m<button[39m
              [33maria-label[39m=[32m"Toggle Theme"[39m
              [33mclass[39m=[32m"p-2 rounded-lg text-slate-500 dark:text-slate-400 hover:bg-slate-100 dark:hover:bg-slate-800 transition-colors"[39m
            [36m>[39m
              [0m≡ƒîÖ[0m
            [36m</button>[39m
            [36m<button[39m
              [33maria-label[39m=[32m"Toggle Navigation Menu"[39m
              [33mclass[39m=[32m"md:hidden p-2 rounded-lg text-slate-500 dark:text-slate-400 hover:text-slate-900 dark:hover:text-white hover:bg-slate-100 dark:hover:bg-slate-800 transition-colors"[39m
            [36m>[39m
              [36m<svg[39m
                [33mclass[39m=[32m"w-6 h-6"[39m
                [33mfill[39m=[32m"none"[39m
                [33mstroke[39m=[32m"currentColor"[39m
                [33mviewBox[39m=[32m"0 0 24 24"[39m
              [36m>[39m
                [36m<path[39m
                  [33md[39m=[32m"M4 6h16M4 12h16M4 18h16"[39m
                  [33mstroke-linecap[39m=[32m"round"[39m
                  [33mstroke-linejoin[39m=[32m"round"[39m
                  [33mstroke-width[39m=[32m"2"[39m
                [36m/>[39m
              [36m</svg>[39m
            [36m</button>[39m
          [36m</div>[39m
        [36m</div>[39m
      [36m</header>[39m
      [36m<main[39m
        [33mclass[39m=[32m"flex-1 max-w-7xl mx-auto px-4 sm:px-6 lg:px-8 py-8 w-full transition-colors duration-300"[39m
      [36m>[39m
        [36m<div[39m
          [33mclass[39m=[32m"space-y-8"[39m
        [36m>[39m
          [36m<div[39m
            [33mclass[39m=[32m"flex flex-col sm:flex-row sm:items-center justify-between gap-4"[39m
          [36m>[39m
            [36m<div>[39m
              [36m<h1[39m
                [33mclass[39m=[32m"text-3xl font-black text-slate-900 dark:text-white tracking-tight transition-colors"[39m
              [36m>[39m
                [0mVehicle Inventory[0m
              [36m</h1>[39m
              [36m<p[39m
                [33mclass[39m=[32m"text-slate-600 dark:text-slate-400 text-sm mt-1 transition-colors"[39m
              [36m>[39m
                [0mBrowse and filter available vehicles in our dealership[0m
              [36m</p>[39m
            [36m</div>[39m
          [36m</div>[39m
          [36m<form[39m
            [33mclass[39m=[32m"bg-white dark:bg-slate-900/80 border border-slate-200 dark:border-slate-800 rounded-2xl p-4 sm:p-6 space-y-4 shadow-sm transition-colors"[39m
          [36m>[39m
            [36m<div[39m
              [33mclass[39m=[32m"grid grid-cols-1 sm:grid-cols-2 lg:grid-cols-4 gap-4"[39m
            [36m>[39m
              [36m<div[39m
                [33mclass[39m=[32m"flex flex-col gap-1.5 w-full"[39m
              [36m>[39m
                [36m<label[39m
                  [33mclass[39m=[32m"text-xs font-semibold text-slate-400"[39m
                  [33mfor[39m=[32m"search-make-/-keyword"[39m
                [36m>[39m
                  [0mSearch Make / Keyword[0m
                [36m</label>[39m
                [36m<input[39m
                  [33mclass[39m=[32m"px-3 py-2 text-sm bg-slate-900 border border-slate-800 focus:ring-indigo-500 rounded-lg text-slate-100 placeholder-slate-500 focus:outline-none focus:ring-2 focus:ring-offset-2 focus:ring-offset-slate-950 transition-all "[39m
                  [33mid[39m=[32m"search-make-/-keyword"[39m
                  [33mplaceholder[39m=[32m"Search by make, model, or category..."[39m
                  [33mvalue[39m=[32m""[39m
                [36m/>[39m
              [36m</div>[39m
              [36m<div[39m
                [33mclass[39m=[32m"flex flex-col gap-1.5 w-full"[39m
              [36m>[39m
                [36m<label[39m
                  [33mclass[39m=[32m"text-xs font-semibold text-slate-400"[39m
                  [33mfor[39m=[32m"category"[39m
                [36m>[39m
                  [0mCategory[0m
                [36m</label>[39m
                [36m<select[39m
                  [33mclass[39m=[32m"px-3 py-2 text-sm bg-slate-900 border border-slate-800 focus:ring-indigo-500 rounded-lg text-slate-100 placeholder-slate-500 focus:outline-none focus:ring-2 focus:ring-offset-2 focus:ring-offset-slate-950 transition-all "[39m
                  [33mid[39m=[32m"category"[39m
                [36m>[39m
                  [36m<option[39m
                    [33mvalue[39m=[32m""[39m
                  [36m>[39m
                    [0mAll Categories[0m
                  [36m</option>[39m
                  [36m<option[39m
                    [33mvalue[39m=[32m"Electric"[39m
                  [36m>[39m
                    [0mElectric[0m
                  [36m</option>[39m
                  [36m<option[39m
                    [33mvalue[39m=[32m"SUV"[39m
                  [36m>[39m
                    [0mSUV[0m
                  [36m</option>[39m
                  [36m<option[39m
                    [33mvalue[39m=[32m"Truck"[39m
                  [36m>[39m
                    [0mTruck[0m
                  [36m</option>[39m
                  [36m<option[39m
                    [33mvalue[39m=[32m"Sedan"[39m
                  [36m>[39m
                    [0mSedan[0m
                  [36m</option>[39m
                  [36m<option[39m
                    [33mvalue[39m=[32m"Coupe"[39m
                  [36m>[39m
                    [0mCoupe[0m
                  [36m</option>[39m
                [36m</select>[39m
              [36m</div>[39m
              [36m<div[39m
                [33mclass[39m=[32m"flex flex-col gap-1.5 w-full"[39m
              [36m>[39m
                [36m<label[39m
                  [33mclass[39m=[32m"text-xs font-semibold text-slate-400"[39m
                  [33mfor[39m=[32m"min-price-($)"[39m
                [36m>[39m
                  [0mMin Price ($)[0m
                [36m</label>[39m
                [36m<input[39m
                  [33mclass[39m=[32m"px-3 py-2 text-sm bg-slate-900 border border-slate-800 focus:ring-indigo-500 round...

[90mstdout[2m | src/pages/__tests__/publicPages.test.tsx[2m > [22m[2mPublic Pages[2m > [22m[2mVehicles Listing Page[2m > [22m[2mfetches vehicles and displays search bar, filter controls and pagination
[22m[39m[36m<body>[39m
  [36m<div>[39m
    [36m<div[39m
      [33mclass[39m=[32m"flex flex-col min-h-screen bg-slate-50 dark:bg-slate-950 text-slate-900 dark:text-slate-100 font-sans transition-colors duration-300"[39m
    [36m>[39m
      [36m<header[39m
        [33mclass[39m=[32m"border-b border-slate-200/80 dark:border-slate-800/80 bg-white/80 dark:bg-slate-900/80 backdrop-blur-lg sticky top-0 z-50 transition-colors duration-300"[39m
        [33mrole[39m=[32m"banner"[39m
      [36m>[39m
        [36m<div[39m
          [33mclass[39m=[32m"max-w-7xl mx-auto px-4 sm:px-6 lg:px-8 h-16 flex items-center justify-between"[39m
        [36m>[39m
          [36m<a[39m
            [33mclass[39m=[32m"flex items-center gap-3 text-xl font-bold tracking-tight hover:opacity-90 transition-opacity"[39m
            [33mhref[39m=[32m"/"[39m
          [36m>[39m
            [36m<div[39m
              [33mclass[39m=[32m"flex items-center justify-center w-10 h-10 rounded-xl bg-slate-900 dark:bg-white text-white dark:text-slate-900 font-black tracking-tighter text-sm transition-transform duration-300 hover:scale-110 shadow-lg "[39m
            [36m>[39m
              [0mKATA[0m
            [36m</div>[39m
            [36m<span[39m
              [33mclass[39m=[32m"hidden sm:inline-block"[39m
            [36m>[39m
              [0mKATA[0m
            [36m</span>[39m
          [36m</a>[39m
          [36m<div[39m
            [33mclass[39m=[32m"flex items-center gap-4"[39m
          [36m>[39m
            [36m<nav[39m
              [33mclass[39m=[32m"hidden md:flex items-center gap-2"[39m
              [33mrole[39m=[32m"navigation"[39m
            [36m>[39m
              [36m<a[39m
                [33mclass[39m=[32m"text-sm font-medium transition-colors px-3 py-2 rounded-lg bg-indigo-100 dark:bg-indigo-600/20 text-indigo-700 dark:text-indigo-400 font-semibold border border-indigo-200 dark:border-indigo-500/30"[39m
                [33mhref[39m=[32m"/"[39m
              [36m>[39m
                [0mHome[0m
              [36m</a>[39m
              [36m<a[39m
                [33mclass[39m=[32m"text-sm font-medium transition-colors px-3 py-2 rounded-lg text-slate-600 dark:text-slate-300 hover:text-slate-900 dark:hover:text-white hover:bg-slate-100 dark:hover:bg-slate-800/60"[39m
                [33mhref[39m=[32m"/vehicles"[39m
              [36m>[39m
                [0mVehicles[0m
              [36m</a>[39m
              [36m<a[39m
                [33mclass[39m=[32m"text-sm font-medium transition-colors px-3 py-2 rounded-lg text-slate-600 dark:text-slate-300 hover:text-slate-900 dark:hover:text-white hover:bg-slate-100 dark:hover:bg-slate-800/60"[39m
                [33mhref[39m=[32m"/dashboard"[39m
              [36m>[39m
                [0mDashboard[0m
              [36m</a>[39m
              [36m<a[39m
                [33mclass[39m=[32m"text-sm font-medium transition-colors px-3 py-2 rounded-lg text-slate-600 dark:text-slate-300 hover:text-slate-900 dark:hover:text-white hover:bg-slate-100 dark:hover:bg-slate-800/60"[39m
                [33mhref[39m=[32m"/profile"[39m
              [36m>[39m
                [0mProfile[0m
              [36m</a>[39m
              [36m<button[39m
                [33mclass[39m=[32m"text-sm font-medium text-slate-500 dark:text-slate-400 hover:text-rose-600 dark:hover:text-rose-400 hover:bg-rose-50 dark:hover:bg-rose-500/10 px-3 py-2 rounded-lg transition-colors ml-2"[39m
              [36m>[39m
                [0mLogout[0m
              [36m</button>[39m
            [36m</nav>[39m
            [36m<button[39m
              [33maria-label[39m=[32m"Toggle Theme"[39m
              [33mclass[39m=[32m"p-2 rounded-lg text-slate-500 dark:text-slate-400 hover:bg-slate-100 dark:hover:bg-slate-800 transition-colors"[39m
            [36m>[39m
              [0m≡ƒîÖ[0m
            [36m</button>[39m
            [36m<button[39m
              [33maria-label[39m=[32m"Toggle Navigation Menu"[39m
              [33mclass[39m=[32m"md:hidden p-2 rounded-lg text-slate-500 dark:text-slate-400 hover:text-slate-900 dark:hover:text-white hover:bg-slate-100 dark:hover:bg-slate-800 transition-colors"[39m
            [36m>[39m
              [36m<svg[39m
                [33mclass[39m=[32m"w-6 h-6"[39m
                [33mfill[39m=[32m"none"[39m
                [33mstroke[39m=[32m"currentColor"[39m
                [33mviewBox[39m=[32m"0 0 24 24"[39m
              [36m>[39m
                [36m<path[39m
                  [33md[39m=[32m"M4 6h16M4 12h16M4 18h16"[39m
                  [33mstroke-linecap[39m=[32m"round"[39m
                  [33mstroke-linejoin[39m=[32m"round"[39m
                  [33mstroke-width[39m=[32m"2"[39m
                [36m/>[39m
              [36m</svg>[39m
            [36m</button>[39m
          [36m</div>[39m
        [36m</div>[39m
      [36m</header>[39m
      [36m<main[39m
        [33mclass[39m=[32m"flex-1 max-w-7xl mx-auto px-4 sm:px-6 lg:px-8 py-8 w-full transition-colors duration-300"[39m
      [36m>[39m
        [36m<div[39m
          [33mclass[39m=[32m"space-y-8"[39m
        [36m>[39m
          [36m<div[39m
            [33mclass[39m=[32m"flex flex-col sm:flex-row sm:items-center justify-between gap-4"[39m
          [36m>[39m
            [36m<div>[39m
              [36m<h1[39m
                [33mclass[39m=[32m"text-3xl font-black text-slate-900 dark:text-white tracking-tight transition-colors"[39m
              [36m>[39m
                [0mVehicle Inventory[0m
              [36m</h1>[39m
              [36m<p[39m
                [33mclass[39m=[32m"text-slate-600 dark:text-slate-400 text-sm mt-1 transition-colors"[39m
              [36m>[39m
                [0mBrowse and filter available vehicles in our dealership[0m
              [36m</p>[39m
            [36m</div>[39m
          [36m</div>[39m
          [36m<form[39m
            [33mclass[39m=[32m"bg-white dark:bg-slate-900/80 border border-slate-200 dark:border-slate-800 rounded-2xl p-4 sm:p-6 space-y-4 shadow-sm transition-colors"[39m
          [36m>[39m
            [36m<div[39m
              [33mclass[39m=[32m"grid grid-cols-1 sm:grid-cols-2 lg:grid-cols-4 gap-4"[39m
            [36m>[39m
              [36m<div[39m
                [33mclass[39m=[32m"flex flex-col gap-1.5 w-full"[39m
              [36m>[39m
                [36m<label[39m
                  [33mclass[39m=[32m"text-xs font-semibold text-slate-400"[39m
                  [33mfor[39m=[32m"search-make-/-keyword"[39m
                [36m>[39m
                  [0mSearch Make / Keyword[0m
                [36m</label>[39m
                [36m<input[39m
                  [33mclass[39m=[32m"px-3 py-2 text-sm bg-slate-900 border border-slate-800 focus:ring-indigo-500 rounded-lg text-slate-100 placeholder-slate-500 focus:outline-none focus:ring-2 focus:ring-offset-2 focus:ring-offset-slate-950 transition-all "[39m
                  [33mid[39m=[32m"search-make-/-keyword"[39m
                  [33mplaceholder[39m=[32m"Search by make, model, or category..."[39m
                  [33mvalue[39m=[32m""[39m
                [36m/>[39m
              [36m</div>[39m
              [36m<div[39m
                [33mclass[39m=[32m"flex flex-col gap-1.5 w-full"[39m
              [36m>[39m
                [36m<label[39m
                  [33mclass[39m=[32m"text-xs font-semibold text-slate-400"[39m
                  [33mfor[39m=[32m"category"[39m
                [36m>[39m
                  [0mCategory[0m
                [36m</label>[39m
                [36m<select[39m
                  [33mclass[39m=[32m"px-3 py-2 text-sm bg-slate-900 border border-slate-800 focus:ring-indigo-500 rounded-lg text-slate-100 placeholder-slate-500 focus:outline-none focus:ring-2 focus:ring-offset-2 focus:ring-offset-slate-950 transition-all "[39m
                  [33mid[39m=[32m"category"[39m
                [36m>[39m
                  [36m<option[39m
                    [33mvalue[39m=[32m""[39m
                  [36m>[39m
                    [0mAll Categories[0m
                  [36m</option>[39m
                  [36m<option[39m
                    [33mvalue[39m=[32m"Electric"[39m
                  [36m>[39m
                    [0mElectric[0m
                  [36m</option>[39m
                  [36m<option[39m
                    [33mvalue[39m=[32m"SUV"[39m
                  [36m>[39m
                    [0mSUV[0m
                  [36m</option>[39m
                  [36m<option[39m
                    [33mvalue[39m=[32m"Truck"[39m
                  [36m>[39m
                    [0mTruck[0m
                  [36m</option>[39m
                  [36m<option[39m
                    [33mvalue[39m=[32m"Sedan"[39m
                  [36m>[39m
                    [0mSedan[0m
                  [36m</option>[39m
                  [36m<option[39m
                    [33mvalue[39m=[32m"Coupe"[39m
                  [36m>[39m
                    [0mCoupe[0m
                  [36m</option>[39m
                [36m</select>[39m
              [36m</div>[39m
              [36m<div[39m
                [33mclass[39m=[32m"flex flex-col gap-1.5 w-full"[39m
              [36m>[39m
                [36m<label[39m
                  [33mclass[39m=[32m"text-xs font-semibold text-slate-400"[39m
                  [33mfor[39m=[32m"min-price-($)"[39m
                [36m>[39m
                  [0mMin Price ($)[0m
                [36m</label>[39m
                [36m<input[39m
                  [33mclass[39m=[32m"px-3 py-2 text-sm bg-slate-900 border border-slate-800 focus:ring-indigo-500 round...

[90mstdout[2m | src/pages/__tests__/publicPages.test.tsx[2m > [22m[2mPublic Pages[2m > [22m[2mVehicles Listing Page[2m > [22m[2mfetches vehicles and displays search bar, filter controls and pagination
[22m[39m[36m<body>[39m
  [36m<div>[39m
    [36m<div[39m
      [33mclass[39m=[32m"flex flex-col min-h-screen bg-slate-50 dark:bg-slate-950 text-slate-900 dark:text-slate-100 font-sans transition-colors duration-300"[39m
    [36m>[39m
      [36m<header[39m
        [33mclass[39m=[32m"border-b border-slate-200/80 dark:border-slate-800/80 bg-white/80 dark:bg-slate-900/80 backdrop-blur-lg sticky top-0 z-50 transition-colors duration-300"[39m
        [33mrole[39m=[32m"banner"[39m
      [36m>[39m
        [36m<div[39m
          [33mclass[39m=[32m"max-w-7xl mx-auto px-4 sm:px-6 lg:px-8 h-16 flex items-center justify-between"[39m
        [36m>[39m
          [36m<a[39m
            [33mclass[39m=[32m"flex items-center gap-3 text-xl font-bold tracking-tight hover:opacity-90 transition-opacity"[39m
            [33mhref[39m=[32m"/"[39m
          [36m>[39m
            [36m<div[39m
              [33mclass[39m=[32m"flex items-center justify-center w-10 h-10 rounded-xl bg-slate-900 dark:bg-white text-white dark:text-slate-900 font-black tracking-tighter text-sm transition-transform duration-300 hover:scale-110 shadow-lg "[39m
            [36m>[39m
              [0mKATA[0m
            [36m</div>[39m
            [36m<span[39m
              [33mclass[39m=[32m"hidden sm:inline-block"[39m
            [36m>[39m
              [0mKATA[0m
            [36m</span>[39m
          [36m</a>[39m
          [36m<div[39m
            [33mclass[39m=[32m"flex items-center gap-4"[39m
          [36m>[39m
            [36m<nav[39m
              [33mclass[39m=[32m"hidden md:flex items-center gap-2"[39m
              [33mrole[39m=[32m"navigation"[39m
            [36m>[39m
              [36m<a[39m
                [33mclass[39m=[32m"text-sm font-medium transition-colors px-3 py-2 rounded-lg bg-indigo-100 dark:bg-indigo-600/20 text-indigo-700 dark:text-indigo-400 font-semibold border border-indigo-200 dark:border-indigo-500/30"[39m
                [33mhref[39m=[32m"/"[39m
              [36m>[39m
                [0mHome[0m
              [36m</a>[39m
              [36m<a[39m
                [33mclass[39m=[32m"text-sm font-medium transition-colors px-3 py-2 rounded-lg text-slate-600 dark:text-slate-300 hover:text-slate-900 dark:hover:text-white hover:bg-slate-100 dark:hover:bg-slate-800/60"[39m
                [33mhref[39m=[32m"/vehicles"[39m
              [36m>[39m
                [0mVehicles[0m
              [36m</a>[39m
              [36m<a[39m
                [33mclass[39m=[32m"text-sm font-medium transition-colors px-3 py-2 rounded-lg text-slate-600 dark:text-slate-300 hover:text-slate-900 dark:hover:text-white hover:bg-slate-100 dark:hover:bg-slate-800/60"[39m
                [33mhref[39m=[32m"/dashboard"[39m
              [36m>[39m
                [0mDashboard[0m
              [36m</a>[39m
              [36m<a[39m
                [33mclass[39m=[32m"text-sm font-medium transition-colors px-3 py-2 rounded-lg text-slate-600 dark:text-slate-300 hover:text-slate-900 dark:hover:text-white hover:bg-slate-100 dark:hover:bg-slate-800/60"[39m
                [33mhref[39m=[32m"/profile"[39m
              [36m>[39m
                [0mProfile[0m
              [36m</a>[39m
              [36m<button[39m
                [33mclass[39m=[32m"text-sm font-medium text-slate-500 dark:text-slate-400 hover:text-rose-600 dark:hover:text-rose-400 hover:bg-rose-50 dark:hover:bg-rose-500/10 px-3 py-2 rounded-lg transition-colors ml-2"[39m
              [36m>[39m
                [0mLogout[0m
              [36m</button>[39m
            [36m</nav>[39m
            [36m<button[39m
              [33maria-label[39m=[32m"Toggle Theme"[39m
              [33mclass[39m=[32m"p-2 rounded-lg text-slate-500 dark:text-slate-400 hover:bg-slate-100 dark:hover:bg-slate-800 transition-colors"[39m
            [36m>[39m
              [0m≡ƒîÖ[0m
            [36m</button>[39m
            [36m<button[39m
              [33maria-label[39m=[32m"Toggle Navigation Menu"[39m
              [33mclass[39m=[32m"md:hidden p-2 rounded-lg text-slate-500 dark:text-slate-400 hover:text-slate-900 dark:hover:text-white hover:bg-slate-100 dark:hover:bg-slate-800 transition-colors"[39m
            [36m>[39m
              [36m<svg[39m
                [33mclass[39m=[32m"w-6 h-6"[39m
                [33mfill[39m=[32m"none"[39m
                [33mstroke[39m=[32m"currentColor"[39m
                [33mviewBox[39m=[32m"0 0 24 24"[39m
              [36m>[39m
                [36m<path[39m
                  [33md[39m=[32m"M4 6h16M4 12h16M4 18h16"[39m
                  [33mstroke-linecap[39m=[32m"round"[39m
                  [33mstroke-linejoin[39m=[32m"round"[39m
                  [33mstroke-width[39m=[32m"2"[39m
                [36m/>[39m
              [36m</svg>[39m
            [36m</button>[39m
          [36m</div>[39m
        [36m</div>[39m
      [36m</header>[39m
      [36m<main[39m
        [33mclass[39m=[32m"flex-1 max-w-7xl mx-auto px-4 sm:px-6 lg:px-8 py-8 w-full transition-colors duration-300"[39m
      [36m>[39m
        [36m<div[39m
          [33mclass[39m=[32m"space-y-8"[39m
        [36m>[39m
          [36m<div[39m
            [33mclass[39m=[32m"flex flex-col sm:flex-row sm:items-center justify-between gap-4"[39m
          [36m>[39m
            [36m<div>[39m
              [36m<h1[39m
                [33mclass[39m=[32m"text-3xl font-black text-slate-900 dark:text-white tracking-tight transition-colors"[39m
              [36m>[39m
                [0mVehicle Inventory[0m
              [36m</h1>[39m
              [36m<p[39m
                [33mclass[39m=[32m"text-slate-600 dark:text-slate-400 text-sm mt-1 transition-colors"[39m
              [36m>[39m
                [0mBrowse and filter available vehicles in our dealership[0m
              [36m</p>[39m
            [36m</div>[39m
          [36m</div>[39m
          [36m<form[39m
            [33mclass[39m=[32m"bg-white dark:bg-slate-900/80 border border-slate-200 dark:border-slate-800 rounded-2xl p-4 sm:p-6 space-y-4 shadow-sm transition-colors"[39m
          [36m>[39m
            [36m<div[39m
              [33mclass[39m=[32m"grid grid-cols-1 sm:grid-cols-2 lg:grid-cols-4 gap-4"[39m
            [36m>[39m
              [36m<div[39m
                [33mclass[39m=[32m"flex flex-col gap-1.5 w-full"[39m
              [36m>[39m
                [36m<label[39m
                  [33mclass[39m=[32m"text-xs font-semibold text-slate-400"[39m
                  [33mfor[39m=[32m"search-make-/-keyword"[39m
                [36m>[39m
                  [0mSearch Make / Keyword[0m
                [36m</label>[39m
                [36m<input[39m
                  [33mclass[39m=[32m"px-3 py-2 text-sm bg-slate-900 border border-slate-800 focus:ring-indigo-500 rounded-lg text-slate-100 placeholder-slate-500 focus:outline-none focus:ring-2 focus:ring-offset-2 focus:ring-offset-slate-950 transition-all "[39m
                  [33mid[39m=[32m"search-make-/-keyword"[39m
                  [33mplaceholder[39m=[32m"Search by make, model, or category..."[39m
                  [33mvalue[39m=[32m""[39m
                [36m/>[39m
              [36m</div>[39m
              [36m<div[39m
                [33mclass[39m=[32m"flex flex-col gap-1.5 w-full"[39m
              [36m>[39m
                [36m<label[39m
                  [33mclass[39m=[32m"text-xs font-semibold text-slate-400"[39m
                  [33mfor[39m=[32m"category"[39m
                [36m>[39m
                  [0mCategory[0m
                [36m</label>[39m
                [36m<select[39m
                  [33mclass[39m=[32m"px-3 py-2 text-sm bg-slate-900 border border-slate-800 focus:ring-indigo-500 rounded-lg text-slate-100 placeholder-slate-500 focus:outline-none focus:ring-2 focus:ring-offset-2 focus:ring-offset-slate-950 transition-all "[39m
                  [33mid[39m=[32m"category"[39m
                [36m>[39m
                  [36m<option[39m
                    [33mvalue[39m=[32m""[39m
                  [36m>[39m
                    [0mAll Categories[0m
                  [36m</option>[39m
                  [36m<option[39m
                    [33mvalue[39m=[32m"Electric"[39m
                  [36m>[39m
                    [0mElectric[0m
                  [36m</option>[39m
                  [36m<option[39m
                    [33mvalue[39m=[32m"SUV"[39m
                  [36m>[39m
                    [0mSUV[0m
                  [36m</option>[39m
                  [36m<option[39m
                    [33mvalue[39m=[32m"Truck"[39m
                  [36m>[39m
                    [0mTruck[0m
                  [36m</option>[39m
                  [36m<option[39m
                    [33mvalue[39m=[32m"Sedan"[39m
                  [36m>[39m
                    [0mSedan[0m
                  [36m</option>[39m
                  [36m<option[39m
                    [33mvalue[39m=[32m"Coupe"[39m
                  [36m>[39m
                    [0mCoupe[0m
                  [36m</option>[39m
                [36m</select>[39m
              [36m</div>[39m
              [36m<div[39m
                [33mclass[39m=[32m"flex flex-col gap-1.5 w-full"[39m
              [36m>[39m
                [36m<label[39m
                  [33mclass[39m=[32m"text-xs font-semibold text-slate-400"[39m
                  [33mfor[39m=[32m"min-price-($)"[39m
                [36m>[39m
                  [0mMin Price ($)[0m
                [36m</label>[39m
                [36m<input[39m
                  [33mclass[39m=[32m"px-3 py-2 text-sm bg-slate-900 border border-slate-800 focus:ring-indigo-500 round...

[90mstdout[2m | src/pages/__tests__/publicPages.test.tsx[2m > [22m[2mPublic Pages[2m > [22m[2mVehicles Listing Page[2m > [22m[2mfetches vehicles and displays search bar, filter controls and pagination
[22m[39m[36m<body>[39m
  [36m<div>[39m
    [36m<div[39m
      [33mclass[39m=[32m"flex flex-col min-h-screen bg-slate-50 dark:bg-slate-950 text-slate-900 dark:text-slate-100 font-sans transition-colors duration-300"[39m
    [36m>[39m
      [36m<header[39m
        [33mclass[39m=[32m"border-b border-slate-200/80 dark:border-slate-800/80 bg-white/80 dark:bg-slate-900/80 backdrop-blur-lg sticky top-0 z-50 transition-colors duration-300"[39m
        [33mrole[39m=[32m"banner"[39m
      [36m>[39m
        [36m<div[39m
          [33mclass[39m=[32m"max-w-7xl mx-auto px-4 sm:px-6 lg:px-8 h-16 flex items-center justify-between"[39m
        [36m>[39m
          [36m<a[39m
            [33mclass[39m=[32m"flex items-center gap-3 text-xl font-bold tracking-tight hover:opacity-90 transition-opacity"[39m
            [33mhref[39m=[32m"/"[39m
          [36m>[39m
            [36m<div[39m
              [33mclass[39m=[32m"flex items-center justify-center w-10 h-10 rounded-xl bg-slate-900 dark:bg-white text-white dark:text-slate-900 font-black tracking-tighter text-sm transition-transform duration-300 hover:scale-110 shadow-lg "[39m
            [36m>[39m
              [0mKATA[0m
            [36m</div>[39m
            [36m<span[39m
              [33mclass[39m=[32m"hidden sm:inline-block"[39m
            [36m>[39m
              [0mKATA[0m
            [36m</span>[39m
          [36m</a>[39m
          [36m<div[39m
            [33mclass[39m=[32m"flex items-center gap-4"[39m
          [36m>[39m
            [36m<nav[39m
              [33mclass[39m=[32m"hidden md:flex items-center gap-2"[39m
              [33mrole[39m=[32m"navigation"[39m
            [36m>[39m
              [36m<a[39m
                [33mclass[39m=[32m"text-sm font-medium transition-colors px-3 py-2 rounded-lg bg-indigo-100 dark:bg-indigo-600/20 text-indigo-700 dark:text-indigo-400 font-semibold border border-indigo-200 dark:border-indigo-500/30"[39m
                [33mhref[39m=[32m"/"[39m
              [36m>[39m
                [0mHome[0m
              [36m</a>[39m
              [36m<a[39m
                [33mclass[39m=[32m"text-sm font-medium transition-colors px-3 py-2 rounded-lg text-slate-600 dark:text-slate-300 hover:text-slate-900 dark:hover:text-white hover:bg-slate-100 dark:hover:bg-slate-800/60"[39m
                [33mhref[39m=[32m"/vehicles"[39m
              [36m>[39m
                [0mVehicles[0m
              [36m</a>[39m
              [36m<a[39m
                [33mclass[39m=[32m"text-sm font-medium transition-colors px-3 py-2 rounded-lg text-slate-600 dark:text-slate-300 hover:text-slate-900 dark:hover:text-white hover:bg-slate-100 dark:hover:bg-slate-800/60"[39m
                [33mhref[39m=[32m"/dashboard"[39m
              [36m>[39m
                [0mDashboard[0m
              [36m</a>[39m
              [36m<a[39m
                [33mclass[39m=[32m"text-sm font-medium transition-colors px-3 py-2 rounded-lg text-slate-600 dark:text-slate-300 hover:text-slate-900 dark:hover:text-white hover:bg-slate-100 dark:hover:bg-slate-800/60"[39m
                [33mhref[39m=[32m"/profile"[39m
              [36m>[39m
                [0mProfile[0m
              [36m</a>[39m
              [36m<button[39m
                [33mclass[39m=[32m"text-sm font-medium text-slate-500 dark:text-slate-400 hover:text-rose-600 dark:hover:text-rose-400 hover:bg-rose-50 dark:hover:bg-rose-500/10 px-3 py-2 rounded-lg transition-colors ml-2"[39m
              [36m>[39m
                [0mLogout[0m
              [36m</button>[39m
            [36m</nav>[39m
            [36m<button[39m
              [33maria-label[39m=[32m"Toggle Theme"[39m
              [33mclass[39m=[32m"p-2 rounded-lg text-slate-500 dark:text-slate-400 hover:bg-slate-100 dark:hover:bg-slate-800 transition-colors"[39m
            [36m>[39m
              [0m≡ƒîÖ[0m
            [36m</button>[39m
            [36m<button[39m
              [33maria-label[39m=[32m"Toggle Navigation Menu"[39m
              [33mclass[39m=[32m"md:hidden p-2 rounded-lg text-slate-500 dark:text-slate-400 hover:text-slate-900 dark:hover:text-white hover:bg-slate-100 dark:hover:bg-slate-800 transition-colors"[39m
            [36m>[39m
              [36m<svg[39m
                [33mclass[39m=[32m"w-6 h-6"[39m
                [33mfill[39m=[32m"none"[39m
                [33mstroke[39m=[32m"currentColor"[39m
                [33mviewBox[39m=[32m"0 0 24 24"[39m
              [36m>[39m
                [36m<path[39m
                  [33md[39m=[32m"M4 6h16M4 12h16M4 18h16"[39m
                  [33mstroke-linecap[39m=[32m"round"[39m
                  [33mstroke-linejoin[39m=[32m"round"[39m
                  [33mstroke-width[39m=[32m"2"[39m
                [36m/>[39m
              [36m</svg>[39m
            [36m</button>[39m
          [36m</div>[39m
        [36m</div>[39m
      [36m</header>[39m
      [36m<main[39m
        [33mclass[39m=[32m"flex-1 max-w-7xl mx-auto px-4 sm:px-6 lg:px-8 py-8 w-full transition-colors duration-300"[39m
      [36m>[39m
        [36m<div[39m
          [33mclass[39m=[32m"space-y-8"[39m
        [36m>[39m
          [36m<div[39m
            [33mclass[39m=[32m"flex flex-col sm:flex-row sm:items-center justify-between gap-4"[39m
          [36m>[39m
            [36m<div>[39m
              [36m<h1[39m
                [33mclass[39m=[32m"text-3xl font-black text-slate-900 dark:text-white tracking-tight transition-colors"[39m
              [36m>[39m
                [0mVehicle Inventory[0m
              [36m</h1>[39m
              [36m<p[39m
                [33mclass[39m=[32m"text-slate-600 dark:text-slate-400 text-sm mt-1 transition-colors"[39m
              [36m>[39m
                [0mBrowse and filter available vehicles in our dealership[0m
              [36m</p>[39m
            [36m</div>[39m
          [36m</div>[39m
          [36m<form[39m
            [33mclass[39m=[32m"bg-white dark:bg-slate-900/80 border border-slate-200 dark:border-slate-800 rounded-2xl p-4 sm:p-6 space-y-4 shadow-sm transition-colors"[39m
          [36m>[39m
            [36m<div[39m
              [33mclass[39m=[32m"grid grid-cols-1 sm:grid-cols-2 lg:grid-cols-4 gap-4"[39m
            [36m>[39m
              [36m<div[39m
                [33mclass[39m=[32m"flex flex-col gap-1.5 w-full"[39m
              [36m>[39m
                [36m<label[39m
                  [33mclass[39m=[32m"text-xs font-semibold text-slate-400"[39m
                  [33mfor[39m=[32m"search-make-/-keyword"[39m
                [36m>[39m
                  [0mSearch Make / Keyword[0m
                [36m</label>[39m
                [36m<input[39m
                  [33mclass[39m=[32m"px-3 py-2 text-sm bg-slate-900 border border-slate-800 focus:ring-indigo-500 rounded-lg text-slate-100 placeholder-slate-500 focus:outline-none focus:ring-2 focus:ring-offset-2 focus:ring-offset-slate-950 transition-all "[39m
                  [33mid[39m=[32m"search-make-/-keyword"[39m
                  [33mplaceholder[39m=[32m"Search by make, model, or category..."[39m
                  [33mvalue[39m=[32m""[39m
                [36m/>[39m
              [36m</div>[39m
              [36m<div[39m
                [33mclass[39m=[32m"flex flex-col gap-1.5 w-full"[39m
              [36m>[39m
                [36m<label[39m
                  [33mclass[39m=[32m"text-xs font-semibold text-slate-400"[39m
                  [33mfor[39m=[32m"category"[39m
                [36m>[39m
                  [0mCategory[0m
                [36m</label>[39m
                [36m<select[39m
                  [33mclass[39m=[32m"px-3 py-2 text-sm bg-slate-900 border border-slate-800 focus:ring-indigo-500 rounded-lg text-slate-100 placeholder-slate-500 focus:outline-none focus:ring-2 focus:ring-offset-2 focus:ring-offset-slate-950 transition-all "[39m
                  [33mid[39m=[32m"category"[39m
                [36m>[39m
                  [36m<option[39m
                    [33mvalue[39m=[32m""[39m
                  [36m>[39m
                    [0mAll Categories[0m
                  [36m</option>[39m
                  [36m<option[39m
                    [33mvalue[39m=[32m"Electric"[39m
                  [36m>[39m
                    [0mElectric[0m
                  [36m</option>[39m
                  [36m<option[39m
                    [33mvalue[39m=[32m"SUV"[39m
                  [36m>[39m
                    [0mSUV[0m
                  [36m</option>[39m
                  [36m<option[39m
                    [33mvalue[39m=[32m"Truck"[39m
                  [36m>[39m
                    [0mTruck[0m
                  [36m</option>[39m
                  [36m<option[39m
                    [33mvalue[39m=[32m"Sedan"[39m
                  [36m>[39m
                    [0mSedan[0m
                  [36m</option>[39m
                  [36m<option[39m
                    [33mvalue[39m=[32m"Coupe"[39m
                  [36m>[39m
                    [0mCoupe[0m
                  [36m</option>[39m
                [36m</select>[39m
              [36m</div>[39m
              [36m<div[39m
                [33mclass[39m=[32m"flex flex-col gap-1.5 w-full"[39m
              [36m>[39m
                [36m<label[39m
                  [33mclass[39m=[32m"text-xs font-semibold text-slate-400"[39m
                  [33mfor[39m=[32m"min-price-($)"[39m
                [36m>[39m
                  [0mMin Price ($)[0m
                [36m</label>[39m
                [36m<input[39m
                  [33mclass[39m=[32m"px-3 py-2 text-sm bg-slate-900 border border-slate-800 focus:ring-indigo-500 round...

[90mstdout[2m | src/pages/__tests__/publicPages.test.tsx[2m > [22m[2mPublic Pages[2m > [22m[2mVehicles Listing Page[2m > [22m[2mfetches vehicles and displays search bar, filter controls and pagination
[22m[39m[36m<body>[39m
  [36m<div>[39m
    [36m<div[39m
      [33mclass[39m=[32m"flex flex-col min-h-screen bg-slate-50 dark:bg-slate-950 text-slate-900 dark:text-slate-100 font-sans transition-colors duration-300"[39m
    [36m>[39m
      [36m<header[39m
        [33mclass[39m=[32m"border-b border-slate-200/80 dark:border-slate-800/80 bg-white/80 dark:bg-slate-900/80 backdrop-blur-lg sticky top-0 z-50 transition-colors duration-300"[39m
        [33mrole[39m=[32m"banner"[39m
      [36m>[39m
        [36m<div[39m
          [33mclass[39m=[32m"max-w-7xl mx-auto px-4 sm:px-6 lg:px-8 h-16 flex items-center justify-between"[39m
        [36m>[39m
          [36m<a[39m
            [33mclass[39m=[32m"flex items-center gap-3 text-xl font-bold tracking-tight hover:opacity-90 transition-opacity"[39m
            [33mhref[39m=[32m"/"[39m
          [36m>[39m
            [36m<div[39m
              [33mclass[39m=[32m"flex items-center justify-center w-10 h-10 rounded-xl bg-slate-900 dark:bg-white text-white dark:text-slate-900 font-black tracking-tighter text-sm transition-transform duration-300 hover:scale-110 shadow-lg "[39m
            [36m>[39m
              [0mKATA[0m
            [36m</div>[39m
            [36m<span[39m
              [33mclass[39m=[32m"hidden sm:inline-block"[39m
            [36m>[39m
              [0mKATA[0m
            [36m</span>[39m
          [36m</a>[39m
          [36m<div[39m
            [33mclass[39m=[32m"flex items-center gap-4"[39m
          [36m>[39m
            [36m<nav[39m
              [33mclass[39m=[32m"hidden md:flex items-center gap-2"[39m
              [33mrole[39m=[32m"navigation"[39m
            [36m>[39m
              [36m<a[39m
                [33mclass[39m=[32m"text-sm font-medium transition-colors px-3 py-2 rounded-lg bg-indigo-100 dark:bg-indigo-600/20 text-indigo-700 dark:text-indigo-400 font-semibold border border-indigo-200 dark:border-indigo-500/30"[39m
                [33mhref[39m=[32m"/"[39m
              [36m>[39m
                [0mHome[0m
              [36m</a>[39m
              [36m<a[39m
                [33mclass[39m=[32m"text-sm font-medium transition-colors px-3 py-2 rounded-lg text-slate-600 dark:text-slate-300 hover:text-slate-900 dark:hover:text-white hover:bg-slate-100 dark:hover:bg-slate-800/60"[39m
                [33mhref[39m=[32m"/vehicles"[39m
              [36m>[39m
                [0mVehicles[0m
              [36m</a>[39m
              [36m<a[39m
                [33mclass[39m=[32m"text-sm font-medium transition-colors px-3 py-2 rounded-lg text-slate-600 dark:text-slate-300 hover:text-slate-900 dark:hover:text-white hover:bg-slate-100 dark:hover:bg-slate-800/60"[39m
                [33mhref[39m=[32m"/dashboard"[39m
              [36m>[39m
                [0mDashboard[0m
              [36m</a>[39m
              [36m<a[39m
                [33mclass[39m=[32m"text-sm font-medium transition-colors px-3 py-2 rounded-lg text-slate-600 dark:text-slate-300 hover:text-slate-900 dark:hover:text-white hover:bg-slate-100 dark:hover:bg-slate-800/60"[39m
                [33mhref[39m=[32m"/profile"[39m
              [36m>[39m
                [0mProfile[0m
              [36m</a>[39m
              [36m<button[39m
                [33mclass[39m=[32m"text-sm font-medium text-slate-500 dark:text-slate-400 hover:text-rose-600 dark:hover:text-rose-400 hover:bg-rose-50 dark:hover:bg-rose-500/10 px-3 py-2 rounded-lg transition-colors ml-2"[39m
              [36m>[39m
                [0mLogout[0m
              [36m</button>[39m
            [36m</nav>[39m
            [36m<button[39m
              [33maria-label[39m=[32m"Toggle Theme"[39m
              [33mclass[39m=[32m"p-2 rounded-lg text-slate-500 dark:text-slate-400 hover:bg-slate-100 dark:hover:bg-slate-800 transition-colors"[39m
            [36m>[39m
              [0m≡ƒîÖ[0m
            [36m</button>[39m
            [36m<button[39m
              [33maria-label[39m=[32m"Toggle Navigation Menu"[39m
              [33mclass[39m=[32m"md:hidden p-2 rounded-lg text-slate-500 dark:text-slate-400 hover:text-slate-900 dark:hover:text-white hover:bg-slate-100 dark:hover:bg-slate-800 transition-colors"[39m
            [36m>[39m
              [36m<svg[39m
                [33mclass[39m=[32m"w-6 h-6"[39m
                [33mfill[39m=[32m"none"[39m
                [33mstroke[39m=[32m"currentColor"[39m
                [33mviewBox[39m=[32m"0 0 24 24"[39m
              [36m>[39m
                [36m<path[39m
                  [33md[39m=[32m"M4 6h16M4 12h16M4 18h16"[39m
                  [33mstroke-linecap[39m=[32m"round"[39m
                  [33mstroke-linejoin[39m=[32m"round"[39m
                  [33mstroke-width[39m=[32m"2"[39m
                [36m/>[39m
              [36m</svg>[39m
            [36m</button>[39m
          [36m</div>[39m
        [36m</div>[39m
      [36m</header>[39m
      [36m<main[39m
        [33mclass[39m=[32m"flex-1 max-w-7xl mx-auto px-4 sm:px-6 lg:px-8 py-8 w-full transition-colors duration-300"[39m
      [36m>[39m
        [36m<div[39m
          [33mclass[39m=[32m"space-y-8"[39m
        [36m>[39m
          [36m<div[39m
            [33mclass[39m=[32m"flex flex-col sm:flex-row sm:items-center justify-between gap-4"[39m
          [36m>[39m
            [36m<div>[39m
              [36m<h1[39m
                [33mclass[39m=[32m"text-3xl font-black text-slate-900 dark:text-white tracking-tight transition-colors"[39m
              [36m>[39m
                [0mVehicle Inventory[0m
              [36m</h1>[39m
              [36m<p[39m
                [33mclass[39m=[32m"text-slate-600 dark:text-slate-400 text-sm mt-1 transition-colors"[39m
              [36m>[39m
                [0mBrowse and filter available vehicles in our dealership[0m
              [36m</p>[39m
            [36m</div>[39m
          [36m</div>[39m
          [36m<form[39m
            [33mclass[39m=[32m"bg-white dark:bg-slate-900/80 border border-slate-200 dark:border-slate-800 rounded-2xl p-4 sm:p-6 space-y-4 shadow-sm transition-colors"[39m
          [36m>[39m
            [36m<div[39m
              [33mclass[39m=[32m"grid grid-cols-1 sm:grid-cols-2 lg:grid-cols-4 gap-4"[39m
            [36m>[39m
              [36m<div[39m
                [33mclass[39m=[32m"flex flex-col gap-1.5 w-full"[39m
              [36m>[39m
                [36m<label[39m
                  [33mclass[39m=[32m"text-xs font-semibold text-slate-400"[39m
                  [33mfor[39m=[32m"search-make-/-keyword"[39m
                [36m>[39m
                  [0mSearch Make / Keyword[0m
                [36m</label>[39m
                [36m<input[39m
                  [33mclass[39m=[32m"px-3 py-2 text-sm bg-slate-900 border border-slate-800 focus:ring-indigo-500 rounded-lg text-slate-100 placeholder-slate-500 focus:outline-none focus:ring-2 focus:ring-offset-2 focus:ring-offset-slate-950 transition-all "[39m
                  [33mid[39m=[32m"search-make-/-keyword"[39m
                  [33mplaceholder[39m=[32m"Search by make, model, or category..."[39m
                  [33mvalue[39m=[32m""[39m
                [36m/>[39m
              [36m</div>[39m
              [36m<div[39m
                [33mclass[39m=[32m"flex flex-col gap-1.5 w-full"[39m
              [36m>[39m
                [36m<label[39m
                  [33mclass[39m=[32m"text-xs font-semibold text-slate-400"[39m
                  [33mfor[39m=[32m"category"[39m
                [36m>[39m
                  [0mCategory[0m
                [36m</label>[39m
                [36m<select[39m
                  [33mclass[39m=[32m"px-3 py-2 text-sm bg-slate-900 border border-slate-800 focus:ring-indigo-500 rounded-lg text-slate-100 placeholder-slate-500 focus:outline-none focus:ring-2 focus:ring-offset-2 focus:ring-offset-slate-950 transition-all "[39m
                  [33mid[39m=[32m"category"[39m
                [36m>[39m
                  [36m<option[39m
                    [33mvalue[39m=[32m""[39m
                  [36m>[39m
                    [0mAll Categories[0m
                  [36m</option>[39m
                  [36m<option[39m
                    [33mvalue[39m=[32m"Electric"[39m
                  [36m>[39m
                    [0mElectric[0m
                  [36m</option>[39m
                  [36m<option[39m
                    [33mvalue[39m=[32m"SUV"[39m
                  [36m>[39m
                    [0mSUV[0m
                  [36m</option>[39m
                  [36m<option[39m
                    [33mvalue[39m=[32m"Truck"[39m
                  [36m>[39m
                    [0mTruck[0m
                  [36m</option>[39m
                  [36m<option[39m
                    [33mvalue[39m=[32m"Sedan"[39m
                  [36m>[39m
                    [0mSedan[0m
                  [36m</option>[39m
                  [36m<option[39m
                    [33mvalue[39m=[32m"Coupe"[39m
                  [36m>[39m
                    [0mCoupe[0m
                  [36m</option>[39m
                [36m</select>[39m
              [36m</div>[39m
              [36m<div[39m
                [33mclass[39m=[32m"flex flex-col gap-1.5 w-full"[39m
              [36m>[39m
                [36m<label[39m
                  [33mclass[39m=[32m"text-xs font-semibold text-slate-400"[39m
                  [33mfor[39m=[32m"min-price-($)"[39m
                [36m>[39m
                  [0mMin Price ($)[0m
                [36m</label>[39m
                [36m<input[39m
                  [33mclass[39m=[32m"px-3 py-2 text-sm bg-slate-900 border border-slate-800 focus:ring-indigo-500 round...

[90mstdout[2m | src/pages/__tests__/publicPages.test.tsx[2m > [22m[2mPublic Pages[2m > [22m[2mVehicles Listing Page[2m > [22m[2mfetches vehicles and displays search bar, filter controls and pagination
[22m[39m[36m<body>[39m
  [36m<div>[39m
    [36m<div[39m
      [33mclass[39m=[32m"flex flex-col min-h-screen bg-slate-50 dark:bg-slate-950 text-slate-900 dark:text-slate-100 font-sans transition-colors duration-300"[39m
    [36m>[39m
      [36m<header[39m
        [33mclass[39m=[32m"border-b border-slate-200/80 dark:border-slate-800/80 bg-white/80 dark:bg-slate-900/80 backdrop-blur-lg sticky top-0 z-50 transition-colors duration-300"[39m
        [33mrole[39m=[32m"banner"[39m
      [36m>[39m
        [36m<div[39m
          [33mclass[39m=[32m"max-w-7xl mx-auto px-4 sm:px-6 lg:px-8 h-16 flex items-center justify-between"[39m
        [36m>[39m
          [36m<a[39m
            [33mclass[39m=[32m"flex items-center gap-3 text-xl font-bold tracking-tight hover:opacity-90 transition-opacity"[39m
            [33mhref[39m=[32m"/"[39m
          [36m>[39m
            [36m<div[39m
              [33mclass[39m=[32m"flex items-center justify-center w-10 h-10 rounded-xl bg-slate-900 dark:bg-white text-white dark:text-slate-900 font-black tracking-tighter text-sm transition-transform duration-300 hover:scale-110 shadow-lg "[39m
            [36m>[39m
              [0mKATA[0m
            [36m</div>[39m
            [36m<span[39m
              [33mclass[39m=[32m"hidden sm:inline-block"[39m
            [36m>[39m
              [0mKATA[0m
            [36m</span>[39m
          [36m</a>[39m
          [36m<div[39m
            [33mclass[39m=[32m"flex items-center gap-4"[39m
          [36m>[39m
            [36m<nav[39m
              [33mclass[39m=[32m"hidden md:flex items-center gap-2"[39m
              [33mrole[39m=[32m"navigation"[39m
            [36m>[39m
              [36m<a[39m
                [33mclass[39m=[32m"text-sm font-medium transition-colors px-3 py-2 rounded-lg bg-indigo-100 dark:bg-indigo-600/20 text-indigo-700 dark:text-indigo-400 font-semibold border border-indigo-200 dark:border-indigo-500/30"[39m
                [33mhref[39m=[32m"/"[39m
              [36m>[39m
                [0mHome[0m
              [36m</a>[39m
              [36m<a[39m
                [33mclass[39m=[32m"text-sm font-medium transition-colors px-3 py-2 rounded-lg text-slate-600 dark:text-slate-300 hover:text-slate-900 dark:hover:text-white hover:bg-slate-100 dark:hover:bg-slate-800/60"[39m
                [33mhref[39m=[32m"/vehicles"[39m
              [36m>[39m
                [0mVehicles[0m
              [36m</a>[39m
              [36m<a[39m
                [33mclass[39m=[32m"text-sm font-medium transition-colors px-3 py-2 rounded-lg text-slate-600 dark:text-slate-300 hover:text-slate-900 dark:hover:text-white hover:bg-slate-100 dark:hover:bg-slate-800/60"[39m
                [33mhref[39m=[32m"/dashboard"[39m
              [36m>[39m
                [0mDashboard[0m
              [36m</a>[39m
              [36m<a[39m
                [33mclass[39m=[32m"text-sm font-medium transition-colors px-3 py-2 rounded-lg text-slate-600 dark:text-slate-300 hover:text-slate-900 dark:hover:text-white hover:bg-slate-100 dark:hover:bg-slate-800/60"[39m
                [33mhref[39m=[32m"/profile"[39m
              [36m>[39m
                [0mProfile[0m
              [36m</a>[39m
              [36m<button[39m
                [33mclass[39m=[32m"text-sm font-medium text-slate-500 dark:text-slate-400 hover:text-rose-600 dark:hover:text-rose-400 hover:bg-rose-50 dark:hover:bg-rose-500/10 px-3 py-2 rounded-lg transition-colors ml-2"[39m
              [36m>[39m
                [0mLogout[0m
              [36m</button>[39m
            [36m</nav>[39m
            [36m<button[39m
              [33maria-label[39m=[32m"Toggle Theme"[39m
              [33mclass[39m=[32m"p-2 rounded-lg text-slate-500 dark:text-slate-400 hover:bg-slate-100 dark:hover:bg-slate-800 transition-colors"[39m
            [36m>[39m
              [0m≡ƒîÖ[0m
            [36m</button>[39m
            [36m<button[39m
              [33maria-label[39m=[32m"Toggle Navigation Menu"[39m
              [33mclass[39m=[32m"md:hidden p-2 rounded-lg text-slate-500 dark:text-slate-400 hover:text-slate-900 dark:hover:text-white hover:bg-slate-100 dark:hover:bg-slate-800 transition-colors"[39m
            [36m>[39m
              [36m<svg[39m
                [33mclass[39m=[32m"w-6 h-6"[39m
                [33mfill[39m=[32m"none"[39m
                [33mstroke[39m=[32m"currentColor"[39m
                [33mviewBox[39m=[32m"0 0 24 24"[39m
              [36m>[39m
                [36m<path[39m
                  [33md[39m=[32m"M4 6h16M4 12h16M4 18h16"[39m
                  [33mstroke-linecap[39m=[32m"round"[39m
                  [33mstroke-linejoin[39m=[32m"round"[39m
                  [33mstroke-width[39m=[32m"2"[39m
                [36m/>[39m
              [36m</svg>[39m
            [36m</button>[39m
          [36m</div>[39m
        [36m</div>[39m
      [36m</header>[39m
      [36m<main[39m
        [33mclass[39m=[32m"flex-1 max-w-7xl mx-auto px-4 sm:px-6 lg:px-8 py-8 w-full transition-colors duration-300"[39m
      [36m>[39m
        [36m<div[39m
          [33mclass[39m=[32m"space-y-8"[39m
        [36m>[39m
          [36m<div[39m
            [33mclass[39m=[32m"flex flex-col sm:flex-row sm:items-center justify-between gap-4"[39m
          [36m>[39m
            [36m<div>[39m
              [36m<h1[39m
                [33mclass[39m=[32m"text-3xl font-black text-slate-900 dark:text-white tracking-tight transition-colors"[39m
              [36m>[39m
                [0mVehicle Inventory[0m
              [36m</h1>[39m
              [36m<p[39m
                [33mclass[39m=[32m"text-slate-600 dark:text-slate-400 text-sm mt-1 transition-colors"[39m
              [36m>[39m
                [0mBrowse and filter available vehicles in our dealership[0m
              [36m</p>[39m
            [36m</div>[39m
          [36m</div>[39m
          [36m<form[39m
            [33mclass[39m=[32m"bg-white dark:bg-slate-900/80 border border-slate-200 dark:border-slate-800 rounded-2xl p-4 sm:p-6 space-y-4 shadow-sm transition-colors"[39m
          [36m>[39m
            [36m<div[39m
              [33mclass[39m=[32m"grid grid-cols-1 sm:grid-cols-2 lg:grid-cols-4 gap-4"[39m
            [36m>[39m
              [36m<div[39m
                [33mclass[39m=[32m"flex flex-col gap-1.5 w-full"[39m
              [36m>[39m
                [36m<label[39m
                  [33mclass[39m=[32m"text-xs font-semibold text-slate-400"[39m
                  [33mfor[39m=[32m"search-make-/-keyword"[39m
                [36m>[39m
                  [0mSearch Make / Keyword[0m
                [36m</label>[39m
                [36m<input[39m
                  [33mclass[39m=[32m"px-3 py-2 text-sm bg-slate-900 border border-slate-800 focus:ring-indigo-500 rounded-lg text-slate-100 placeholder-slate-500 focus:outline-none focus:ring-2 focus:ring-offset-2 focus:ring-offset-slate-950 transition-all "[39m
                  [33mid[39m=[32m"search-make-/-keyword"[39m
                  [33mplaceholder[39m=[32m"Search by make, model, or category..."[39m
                  [33mvalue[39m=[32m""[39m
                [36m/>[39m
              [36m</div>[39m
              [36m<div[39m
                [33mclass[39m=[32m"flex flex-col gap-1.5 w-full"[39m
              [36m>[39m
                [36m<label[39m
                  [33mclass[39m=[32m"text-xs font-semibold text-slate-400"[39m
                  [33mfor[39m=[32m"category"[39m
                [36m>[39m
                  [0mCategory[0m
                [36m</label>[39m
                [36m<select[39m
                  [33mclass[39m=[32m"px-3 py-2 text-sm bg-slate-900 border border-slate-800 focus:ring-indigo-500 rounded-lg text-slate-100 placeholder-slate-500 focus:outline-none focus:ring-2 focus:ring-offset-2 focus:ring-offset-slate-950 transition-all "[39m
                  [33mid[39m=[32m"category"[39m
                [36m>[39m
                  [36m<option[39m
                    [33mvalue[39m=[32m""[39m
                  [36m>[39m
                    [0mAll Categories[0m
                  [36m</option>[39m
                  [36m<option[39m
                    [33mvalue[39m=[32m"Electric"[39m
                  [36m>[39m
                    [0mElectric[0m
                  [36m</option>[39m
                  [36m<option[39m
                    [33mvalue[39m=[32m"SUV"[39m
                  [36m>[39m
                    [0mSUV[0m
                  [36m</option>[39m
                  [36m<option[39m
                    [33mvalue[39m=[32m"Truck"[39m
                  [36m>[39m
                    [0mTruck[0m
                  [36m</option>[39m
                  [36m<option[39m
                    [33mvalue[39m=[32m"Sedan"[39m
                  [36m>[39m
                    [0mSedan[0m
                  [36m</option>[39m
                  [36m<option[39m
                    [33mvalue[39m=[32m"Coupe"[39m
                  [36m>[39m
                    [0mCoupe[0m
                  [36m</option>[39m
                [36m</select>[39m
              [36m</div>[39m
              [36m<div[39m
                [33mclass[39m=[32m"flex flex-col gap-1.5 w-full"[39m
              [36m>[39m
                [36m<label[39m
                  [33mclass[39m=[32m"text-xs font-semibold text-slate-400"[39m
                  [33mfor[39m=[32m"min-price-($)"[39m
                [36m>[39m
                  [0mMin Price ($)[0m
                [36m</label>[39m
                [36m<input[39m
                  [33mclass[39m=[32m"px-3 py-2 text-sm bg-slate-900 border border-slate-800 focus:ring-indigo-500 round...

[90mstdout[2m | src/pages/__tests__/publicPages.test.tsx[2m > [22m[2mPublic Pages[2m > [22m[2mVehicles Listing Page[2m > [22m[2mfetches vehicles and displays search bar, filter controls and pagination
[22m[39m[36m<body>[39m
  [36m<div>[39m
    [36m<div[39m
      [33mclass[39m=[32m"flex flex-col min-h-screen bg-slate-50 dark:bg-slate-950 text-slate-900 dark:text-slate-100 font-sans transition-colors duration-300"[39m
    [36m>[39m
      [36m<header[39m
        [33mclass[39m=[32m"border-b border-slate-200/80 dark:border-slate-800/80 bg-white/80 dark:bg-slate-900/80 backdrop-blur-lg sticky top-0 z-50 transition-colors duration-300"[39m
        [33mrole[39m=[32m"banner"[39m
      [36m>[39m
        [36m<div[39m
          [33mclass[39m=[32m"max-w-7xl mx-auto px-4 sm:px-6 lg:px-8 h-16 flex items-center justify-between"[39m
        [36m>[39m
          [36m<a[39m
            [33mclass[39m=[32m"flex items-center gap-3 text-xl font-bold tracking-tight hover:opacity-90 transition-opacity"[39m
            [33mhref[39m=[32m"/"[39m
          [36m>[39m
            [36m<div[39m
              [33mclass[39m=[32m"flex items-center justify-center w-10 h-10 rounded-xl bg-slate-900 dark:bg-white text-white dark:text-slate-900 font-black tracking-tighter text-sm transition-transform duration-300 hover:scale-110 shadow-lg "[39m
            [36m>[39m
              [0mKATA[0m
            [36m</div>[39m
            [36m<span[39m
              [33mclass[39m=[32m"hidden sm:inline-block"[39m
            [36m>[39m
              [0mKATA[0m
            [36m</span>[39m
          [36m</a>[39m
          [36m<div[39m
            [33mclass[39m=[32m"flex items-center gap-4"[39m
          [36m>[39m
            [36m<nav[39m
              [33mclass[39m=[32m"hidden md:flex items-center gap-2"[39m
              [33mrole[39m=[32m"navigation"[39m
            [36m>[39m
              [36m<a[39m
                [33mclass[39m=[32m"text-sm font-medium transition-colors px-3 py-2 rounded-lg bg-indigo-100 dark:bg-indigo-600/20 text-indigo-700 dark:text-indigo-400 font-semibold border border-indigo-200 dark:border-indigo-500/30"[39m
                [33mhref[39m=[32m"/"[39m
              [36m>[39m
                [0mHome[0m
              [36m</a>[39m
              [36m<a[39m
                [33mclass[39m=[32m"text-sm font-medium transition-colors px-3 py-2 rounded-lg text-slate-600 dark:text-slate-300 hover:text-slate-900 dark:hover:text-white hover:bg-slate-100 dark:hover:bg-slate-800/60"[39m
                [33mhref[39m=[32m"/vehicles"[39m
              [36m>[39m
                [0mVehicles[0m
              [36m</a>[39m
              [36m<a[39m
                [33mclass[39m=[32m"text-sm font-medium transition-colors px-3 py-2 rounded-lg text-slate-600 dark:text-slate-300 hover:text-slate-900 dark:hover:text-white hover:bg-slate-100 dark:hover:bg-slate-800/60"[39m
                [33mhref[39m=[32m"/dashboard"[39m
              [36m>[39m
                [0mDashboard[0m
              [36m</a>[39m
              [36m<a[39m
                [33mclass[39m=[32m"text-sm font-medium transition-colors px-3 py-2 rounded-lg text-slate-600 dark:text-slate-300 hover:text-slate-900 dark:hover:text-white hover:bg-slate-100 dark:hover:bg-slate-800/60"[39m
                [33mhref[39m=[32m"/profile"[39m
              [36m>[39m
                [0mProfile[0m
              [36m</a>[39m
              [36m<button[39m
                [33mclass[39m=[32m"text-sm font-medium text-slate-500 dark:text-slate-400 hover:text-rose-600 dark:hover:text-rose-400 hover:bg-rose-50 dark:hover:bg-rose-500/10 px-3 py-2 rounded-lg transition-colors ml-2"[39m
              [36m>[39m
                [0mLogout[0m
              [36m</button>[39m
            [36m</nav>[39m
            [36m<button[39m
              [33maria-label[39m=[32m"Toggle Theme"[39m
              [33mclass[39m=[32m"p-2 rounded-lg text-slate-500 dark:text-slate-400 hover:bg-slate-100 dark:hover:bg-slate-800 transition-colors"[39m
            [36m>[39m
              [0m≡ƒîÖ[0m
            [36m</button>[39m
            [36m<button[39m
              [33maria-label[39m=[32m"Toggle Navigation Menu"[39m
              [33mclass[39m=[32m"md:hidden p-2 rounded-lg text-slate-500 dark:text-slate-400 hover:text-slate-900 dark:hover:text-white hover:bg-slate-100 dark:hover:bg-slate-800 transition-colors"[39m
            [36m>[39m
              [36m<svg[39m
                [33mclass[39m=[32m"w-6 h-6"[39m
                [33mfill[39m=[32m"none"[39m
                [33mstroke[39m=[32m"currentColor"[39m
                [33mviewBox[39m=[32m"0 0 24 24"[39m
              [36m>[39m
                [36m<path[39m
                  [33md[39m=[32m"M4 6h16M4 12h16M4 18h16"[39m
                  [33mstroke-linecap[39m=[32m"round"[39m
                  [33mstroke-linejoin[39m=[32m"round"[39m
                  [33mstroke-width[39m=[32m"2"[39m
                [36m/>[39m
              [36m</svg>[39m
            [36m</button>[39m
          [36m</div>[39m
        [36m</div>[39m
      [36m</header>[39m
      [36m<main[39m
        [33mclass[39m=[32m"flex-1 max-w-7xl mx-auto px-4 sm:px-6 lg:px-8 py-8 w-full transition-colors duration-300"[39m
      [36m>[39m
        [36m<div[39m
          [33mclass[39m=[32m"space-y-8"[39m
        [36m>[39m
          [36m<div[39m
            [33mclass[39m=[32m"flex flex-col sm:flex-row sm:items-center justify-between gap-4"[39m
          [36m>[39m
            [36m<div>[39m
              [36m<h1[39m
                [33mclass[39m=[32m"text-3xl font-black text-slate-900 dark:text-white tracking-tight transition-colors"[39m
              [36m>[39m
                [0mVehicle Inventory[0m
              [36m</h1>[39m
              [36m<p[39m
                [33mclass[39m=[32m"text-slate-600 dark:text-slate-400 text-sm mt-1 transition-colors"[39m
              [36m>[39m
                [0mBrowse and filter available vehicles in our dealership[0m
              [36m</p>[39m
            [36m</div>[39m
          [36m</div>[39m
          [36m<form[39m
            [33mclass[39m=[32m"bg-white dark:bg-slate-900/80 border border-slate-200 dark:border-slate-800 rounded-2xl p-4 sm:p-6 space-y-4 shadow-sm transition-colors"[39m
          [36m>[39m
            [36m<div[39m
              [33mclass[39m=[32m"grid grid-cols-1 sm:grid-cols-2 lg:grid-cols-4 gap-4"[39m
            [36m>[39m
              [36m<div[39m
                [33mclass[39m=[32m"flex flex-col gap-1.5 w-full"[39m
              [36m>[39m
                [36m<label[39m
                  [33mclass[39m=[32m"text-xs font-semibold text-slate-400"[39m
                  [33mfor[39m=[32m"search-make-/-keyword"[39m
                [36m>[39m
                  [0mSearch Make / Keyword[0m
                [36m</label>[39m
                [36m<input[39m
                  [33mclass[39m=[32m"px-3 py-2 text-sm bg-slate-900 border border-slate-800 focus:ring-indigo-500 rounded-lg text-slate-100 placeholder-slate-500 focus:outline-none focus:ring-2 focus:ring-offset-2 focus:ring-offset-slate-950 transition-all "[39m
                  [33mid[39m=[32m"search-make-/-keyword"[39m
                  [33mplaceholder[39m=[32m"Search by make, model, or category..."[39m
                  [33mvalue[39m=[32m""[39m
                [36m/>[39m
              [36m</div>[39m
              [36m<div[39m
                [33mclass[39m=[32m"flex flex-col gap-1.5 w-full"[39m
              [36m>[39m
                [36m<label[39m
                  [33mclass[39m=[32m"text-xs font-semibold text-slate-400"[39m
                  [33mfor[39m=[32m"category"[39m
                [36m>[39m
                  [0mCategory[0m
                [36m</label>[39m
                [36m<select[39m
                  [33mclass[39m=[32m"px-3 py-2 text-sm bg-slate-900 border border-slate-800 focus:ring-indigo-500 rounded-lg text-slate-100 placeholder-slate-500 focus:outline-none focus:ring-2 focus:ring-offset-2 focus:ring-offset-slate-950 transition-all "[39m
                  [33mid[39m=[32m"category"[39m
                [36m>[39m
                  [36m<option[39m
                    [33mvalue[39m=[32m""[39m
                  [36m>[39m
                    [0mAll Categories[0m
                  [36m</option>[39m
                  [36m<option[39m
                    [33mvalue[39m=[32m"Electric"[39m
                  [36m>[39m
                    [0mElectric[0m
                  [36m</option>[39m
                  [36m<option[39m
                    [33mvalue[39m=[32m"SUV"[39m
                  [36m>[39m
                    [0mSUV[0m
                  [36m</option>[39m
                  [36m<option[39m
                    [33mvalue[39m=[32m"Truck"[39m
                  [36m>[39m
                    [0mTruck[0m
                  [36m</option>[39m
                  [36m<option[39m
                    [33mvalue[39m=[32m"Sedan"[39m
                  [36m>[39m
                    [0mSedan[0m
                  [36m</option>[39m
                  [36m<option[39m
                    [33mvalue[39m=[32m"Coupe"[39m
                  [36m>[39m
                    [0mCoupe[0m
                  [36m</option>[39m
                [36m</select>[39m
              [36m</div>[39m
              [36m<div[39m
                [33mclass[39m=[32m"flex flex-col gap-1.5 w-full"[39m
              [36m>[39m
                [36m<label[39m
                  [33mclass[39m=[32m"text-xs font-semibold text-slate-400"[39m
                  [33mfor[39m=[32m"min-price-($)"[39m
                [36m>[39m
                  [0mMin Price ($)[0m
                [36m</label>[39m
                [36m<input[39m
                  [33mclass[39m=[32m"px-3 py-2 text-sm bg-slate-900 border border-slate-800 focus:ring-indigo-500 round...

[90mstdout[2m | src/pages/__tests__/publicPages.test.tsx[2m > [22m[2mPublic Pages[2m > [22m[2mVehicles Listing Page[2m > [22m[2mfetches vehicles and displays search bar, filter controls and pagination
[22m[39m[36m<body>[39m
  [36m<div>[39m
    [36m<div[39m
      [33mclass[39m=[32m"flex flex-col min-h-screen bg-slate-50 dark:bg-slate-950 text-slate-900 dark:text-slate-100 font-sans transition-colors duration-300"[39m
    [36m>[39m
      [36m<header[39m
        [33mclass[39m=[32m"border-b border-slate-200/80 dark:border-slate-800/80 bg-white/80 dark:bg-slate-900/80 backdrop-blur-lg sticky top-0 z-50 transition-colors duration-300"[39m
        [33mrole[39m=[32m"banner"[39m
      [36m>[39m
        [36m<div[39m
          [33mclass[39m=[32m"max-w-7xl mx-auto px-4 sm:px-6 lg:px-8 h-16 flex items-center justify-between"[39m
        [36m>[39m
          [36m<a[39m
            [33mclass[39m=[32m"flex items-center gap-3 text-xl font-bold tracking-tight hover:opacity-90 transition-opacity"[39m
            [33mhref[39m=[32m"/"[39m
          [36m>[39m
            [36m<div[39m
              [33mclass[39m=[32m"flex items-center justify-center w-10 h-10 rounded-xl bg-slate-900 dark:bg-white text-white dark:text-slate-900 font-black tracking-tighter text-sm transition-transform duration-300 hover:scale-110 shadow-lg "[39m
            [36m>[39m
              [0mKATA[0m
            [36m</div>[39m
            [36m<span[39m
              [33mclass[39m=[32m"hidden sm:inline-block"[39m
            [36m>[39m
              [0mKATA[0m
            [36m</span>[39m
          [36m</a>[39m
          [36m<div[39m
            [33mclass[39m=[32m"flex items-center gap-4"[39m
          [36m>[39m
            [36m<nav[39m
              [33mclass[39m=[32m"hidden md:flex items-center gap-2"[39m
              [33mrole[39m=[32m"navigation"[39m
            [36m>[39m
              [36m<a[39m
                [33mclass[39m=[32m"text-sm font-medium transition-colors px-3 py-2 rounded-lg bg-indigo-100 dark:bg-indigo-600/20 text-indigo-700 dark:text-indigo-400 font-semibold border border-indigo-200 dark:border-indigo-500/30"[39m
                [33mhref[39m=[32m"/"[39m
              [36m>[39m
                [0mHome[0m
              [36m</a>[39m
              [36m<a[39m
                [33mclass[39m=[32m"text-sm font-medium transition-colors px-3 py-2 rounded-lg text-slate-600 dark:text-slate-300 hover:text-slate-900 dark:hover:text-white hover:bg-slate-100 dark:hover:bg-slate-800/60"[39m
                [33mhref[39m=[32m"/vehicles"[39m
              [36m>[39m
                [0mVehicles[0m
              [36m</a>[39m
              [36m<a[39m
                [33mclass[39m=[32m"text-sm font-medium transition-colors px-3 py-2 rounded-lg text-slate-600 dark:text-slate-300 hover:text-slate-900 dark:hover:text-white hover:bg-slate-100 dark:hover:bg-slate-800/60"[39m
                [33mhref[39m=[32m"/dashboard"[39m
              [36m>[39m
                [0mDashboard[0m
              [36m</a>[39m
              [36m<a[39m
                [33mclass[39m=[32m"text-sm font-medium transition-colors px-3 py-2 rounded-lg text-slate-600 dark:text-slate-300 hover:text-slate-900 dark:hover:text-white hover:bg-slate-100 dark:hover:bg-slate-800/60"[39m
                [33mhref[39m=[32m"/profile"[39m
              [36m>[39m
                [0mProfile[0m
              [36m</a>[39m
              [36m<button[39m
                [33mclass[39m=[32m"text-sm font-medium text-slate-500 dark:text-slate-400 hover:text-rose-600 dark:hover:text-rose-400 hover:bg-rose-50 dark:hover:bg-rose-500/10 px-3 py-2 rounded-lg transition-colors ml-2"[39m
              [36m>[39m
                [0mLogout[0m
              [36m</button>[39m
            [36m</nav>[39m
            [36m<button[39m
              [33maria-label[39m=[32m"Toggle Theme"[39m
              [33mclass[39m=[32m"p-2 rounded-lg text-slate-500 dark:text-slate-400 hover:bg-slate-100 dark:hover:bg-slate-800 transition-colors"[39m
            [36m>[39m
              [0m≡ƒîÖ[0m
            [36m</button>[39m
            [36m<button[39m
              [33maria-label[39m=[32m"Toggle Navigation Menu"[39m
              [33mclass[39m=[32m"md:hidden p-2 rounded-lg text-slate-500 dark:text-slate-400 hover:text-slate-900 dark:hover:text-white hover:bg-slate-100 dark:hover:bg-slate-800 transition-colors"[39m
            [36m>[39m
              [36m<svg[39m
                [33mclass[39m=[32m"w-6 h-6"[39m
                [33mfill[39m=[32m"none"[39m
                [33mstroke[39m=[32m"currentColor"[39m
                [33mviewBox[39m=[32m"0 0 24 24"[39m
              [36m>[39m
                [36m<path[39m
                  [33md[39m=[32m"M4 6h16M4 12h16M4 18h16"[39m
                  [33mstroke-linecap[39m=[32m"round"[39m
                  [33mstroke-linejoin[39m=[32m"round"[39m
                  [33mstroke-width[39m=[32m"2"[39m
                [36m/>[39m
              [36m</svg>[39m
            [36m</button>[39m
          [36m</div>[39m
        [36m</div>[39m
      [36m</header>[39m
      [36m<main[39m
        [33mclass[39m=[32m"flex-1 max-w-7xl mx-auto px-4 sm:px-6 lg:px-8 py-8 w-full transition-colors duration-300"[39m
      [36m>[39m
        [36m<div[39m
          [33mclass[39m=[32m"space-y-8"[39m
        [36m>[39m
          [36m<div[39m
            [33mclass[39m=[32m"flex flex-col sm:flex-row sm:items-center justify-between gap-4"[39m
          [36m>[39m
            [36m<div>[39m
              [36m<h1[39m
                [33mclass[39m=[32m"text-3xl font-black text-slate-900 dark:text-white tracking-tight transition-colors"[39m
              [36m>[39m
                [0mVehicle Inventory[0m
              [36m</h1>[39m
              [36m<p[39m
                [33mclass[39m=[32m"text-slate-600 dark:text-slate-400 text-sm mt-1 transition-colors"[39m
              [36m>[39m
                [0mBrowse and filter available vehicles in our dealership[0m
              [36m</p>[39m
            [36m</div>[39m
          [36m</div>[39m
          [36m<form[39m
            [33mclass[39m=[32m"bg-white dark:bg-slate-900/80 border border-slate-200 dark:border-slate-800 rounded-2xl p-4 sm:p-6 space-y-4 shadow-sm transition-colors"[39m
          [36m>[39m
            [36m<div[39m
              [33mclass[39m=[32m"grid grid-cols-1 sm:grid-cols-2 lg:grid-cols-4 gap-4"[39m
            [36m>[39m
              [36m<div[39m
                [33mclass[39m=[32m"flex flex-col gap-1.5 w-full"[39m
              [36m>[39m
                [36m<label[39m
                  [33mclass[39m=[32m"text-xs font-semibold text-slate-400"[39m
                  [33mfor[39m=[32m"search-make-/-keyword"[39m
                [36m>[39m
                  [0mSearch Make / Keyword[0m
                [36m</label>[39m
                [36m<input[39m
                  [33mclass[39m=[32m"px-3 py-2 text-sm bg-slate-900 border border-slate-800 focus:ring-indigo-500 rounded-lg text-slate-100 placeholder-slate-500 focus:outline-none focus:ring-2 focus:ring-offset-2 focus:ring-offset-slate-950 transition-all "[39m
                  [33mid[39m=[32m"search-make-/-keyword"[39m
                  [33mplaceholder[39m=[32m"Search by make, model, or category..."[39m
                  [33mvalue[39m=[32m""[39m
                [36m/>[39m
              [36m</div>[39m
              [36m<div[39m
                [33mclass[39m=[32m"flex flex-col gap-1.5 w-full"[39m
              [36m>[39m
                [36m<label[39m
                  [33mclass[39m=[32m"text-xs font-semibold text-slate-400"[39m
                  [33mfor[39m=[32m"category"[39m
                [36m>[39m
                  [0mCategory[0m
                [36m</label>[39m
                [36m<select[39m
                  [33mclass[39m=[32m"px-3 py-2 text-sm bg-slate-900 border border-slate-800 focus:ring-indigo-500 rounded-lg text-slate-100 placeholder-slate-500 focus:outline-none focus:ring-2 focus:ring-offset-2 focus:ring-offset-slate-950 transition-all "[39m
                  [33mid[39m=[32m"category"[39m
                [36m>[39m
                  [36m<option[39m
                    [33mvalue[39m=[32m""[39m
                  [36m>[39m
                    [0mAll Categories[0m
                  [36m</option>[39m
                  [36m<option[39m
                    [33mvalue[39m=[32m"Electric"[39m
                  [36m>[39m
                    [0mElectric[0m
                  [36m</option>[39m
                  [36m<option[39m
                    [33mvalue[39m=[32m"SUV"[39m
                  [36m>[39m
                    [0mSUV[0m
                  [36m</option>[39m
                  [36m<option[39m
                    [33mvalue[39m=[32m"Truck"[39m
                  [36m>[39m
                    [0mTruck[0m
                  [36m</option>[39m
                  [36m<option[39m
                    [33mvalue[39m=[32m"Sedan"[39m
                  [36m>[39m
                    [0mSedan[0m
                  [36m</option>[39m
                  [36m<option[39m
                    [33mvalue[39m=[32m"Coupe"[39m
                  [36m>[39m
                    [0mCoupe[0m
                  [36m</option>[39m
                [36m</select>[39m
              [36m</div>[39m
              [36m<div[39m
                [33mclass[39m=[32m"flex flex-col gap-1.5 w-full"[39m
              [36m>[39m
                [36m<label[39m
                  [33mclass[39m=[32m"text-xs font-semibold text-slate-400"[39m
                  [33mfor[39m=[32m"min-price-($)"[39m
                [36m>[39m
                  [0mMin Price ($)[0m
                [36m</label>[39m
                [36m<input[39m
                  [33mclass[39m=[32m"px-3 py-2 text-sm bg-slate-900 border border-slate-800 focus:ring-indigo-500 round...

[90mstdout[2m | src/pages/__tests__/publicPages.test.tsx[2m > [22m[2mPublic Pages[2m > [22m[2mVehicles Listing Page[2m > [22m[2mfetches vehicles and displays search bar, filter controls and pagination
[22m[39m[36m<body>[39m
  [36m<div>[39m
    [36m<div[39m
      [33mclass[39m=[32m"flex flex-col min-h-screen bg-slate-50 dark:bg-slate-950 text-slate-900 dark:text-slate-100 font-sans transition-colors duration-300"[39m
    [36m>[39m
      [36m<header[39m
        [33mclass[39m=[32m"border-b border-slate-200/80 dark:border-slate-800/80 bg-white/80 dark:bg-slate-900/80 backdrop-blur-lg sticky top-0 z-50 transition-colors duration-300"[39m
        [33mrole[39m=[32m"banner"[39m
      [36m>[39m
        [36m<div[39m
          [33mclass[39m=[32m"max-w-7xl mx-auto px-4 sm:px-6 lg:px-8 h-16 flex items-center justify-between"[39m
        [36m>[39m
          [36m<a[39m
            [33mclass[39m=[32m"flex items-center gap-3 text-xl font-bold tracking-tight hover:opacity-90 transition-opacity"[39m
            [33mhref[39m=[32m"/"[39m
          [36m>[39m
            [36m<div[39m
              [33mclass[39m=[32m"flex items-center justify-center w-10 h-10 rounded-xl bg-slate-900 dark:bg-white text-white dark:text-slate-900 font-black tracking-tighter text-sm transition-transform duration-300 hover:scale-110 shadow-lg "[39m
            [36m>[39m
              [0mKATA[0m
            [36m</div>[39m
            [36m<span[39m
              [33mclass[39m=[32m"hidden sm:inline-block"[39m
            [36m>[39m
              [0mKATA[0m
            [36m</span>[39m
          [36m</a>[39m
          [36m<div[39m
            [33mclass[39m=[32m"flex items-center gap-4"[39m
          [36m>[39m
            [36m<nav[39m
              [33mclass[39m=[32m"hidden md:flex items-center gap-2"[39m
              [33mrole[39m=[32m"navigation"[39m
            [36m>[39m
              [36m<a[39m
                [33mclass[39m=[32m"text-sm font-medium transition-colors px-3 py-2 rounded-lg bg-indigo-100 dark:bg-indigo-600/20 text-indigo-700 dark:text-indigo-400 font-semibold border border-indigo-200 dark:border-indigo-500/30"[39m
                [33mhref[39m=[32m"/"[39m
              [36m>[39m
                [0mHome[0m
              [36m</a>[39m
              [36m<a[39m
                [33mclass[39m=[32m"text-sm font-medium transition-colors px-3 py-2 rounded-lg text-slate-600 dark:text-slate-300 hover:text-slate-900 dark:hover:text-white hover:bg-slate-100 dark:hover:bg-slate-800/60"[39m
                [33mhref[39m=[32m"/vehicles"[39m
              [36m>[39m
                [0mVehicles[0m
              [36m</a>[39m
              [36m<a[39m
                [33mclass[39m=[32m"text-sm font-medium transition-colors px-3 py-2 rounded-lg text-slate-600 dark:text-slate-300 hover:text-slate-900 dark:hover:text-white hover:bg-slate-100 dark:hover:bg-slate-800/60"[39m
                [33mhref[39m=[32m"/dashboard"[39m
              [36m>[39m
                [0mDashboard[0m
              [36m</a>[39m
              [36m<a[39m
                [33mclass[39m=[32m"text-sm font-medium transition-colors px-3 py-2 rounded-lg text-slate-600 dark:text-slate-300 hover:text-slate-900 dark:hover:text-white hover:bg-slate-100 dark:hover:bg-slate-800/60"[39m
                [33mhref[39m=[32m"/profile"[39m
              [36m>[39m
                [0mProfile[0m
              [36m</a>[39m
              [36m<button[39m
                [33mclass[39m=[32m"text-sm font-medium text-slate-500 dark:text-slate-400 hover:text-rose-600 dark:hover:text-rose-400 hover:bg-rose-50 dark:hover:bg-rose-500/10 px-3 py-2 rounded-lg transition-colors ml-2"[39m
              [36m>[39m
                [0mLogout[0m
              [36m</button>[39m
            [36m</nav>[39m
            [36m<button[39m
              [33maria-label[39m=[32m"Toggle Theme"[39m
              [33mclass[39m=[32m"p-2 rounded-lg text-slate-500 dark:text-slate-400 hover:bg-slate-100 dark:hover:bg-slate-800 transition-colors"[39m
            [36m>[39m
              [0m≡ƒîÖ[0m
            [36m</button>[39m
            [36m<button[39m
              [33maria-label[39m=[32m"Toggle Navigation Menu"[39m
              [33mclass[39m=[32m"md:hidden p-2 rounded-lg text-slate-500 dark:text-slate-400 hover:text-slate-900 dark:hover:text-white hover:bg-slate-100 dark:hover:bg-slate-800 transition-colors"[39m
            [36m>[39m
              [36m<svg[39m
                [33mclass[39m=[32m"w-6 h-6"[39m
                [33mfill[39m=[32m"none"[39m
                [33mstroke[39m=[32m"currentColor"[39m
                [33mviewBox[39m=[32m"0 0 24 24"[39m
              [36m>[39m
                [36m<path[39m
                  [33md[39m=[32m"M4 6h16M4 12h16M4 18h16"[39m
                  [33mstroke-linecap[39m=[32m"round"[39m
                  [33mstroke-linejoin[39m=[32m"round"[39m
                  [33mstroke-width[39m=[32m"2"[39m
                [36m/>[39m
              [36m</svg>[39m
            [36m</button>[39m
          [36m</div>[39m
        [36m</div>[39m
      [36m</header>[39m
      [36m<main[39m
        [33mclass[39m=[32m"flex-1 max-w-7xl mx-auto px-4 sm:px-6 lg:px-8 py-8 w-full transition-colors duration-300"[39m
      [36m>[39m
        [36m<div[39m
          [33mclass[39m=[32m"space-y-8"[39m
        [36m>[39m
          [36m<div[39m
            [33mclass[39m=[32m"flex flex-col sm:flex-row sm:items-center justify-between gap-4"[39m
          [36m>[39m
            [36m<div>[39m
              [36m<h1[39m
                [33mclass[39m=[32m"text-3xl font-black text-slate-900 dark:text-white tracking-tight transition-colors"[39m
              [36m>[39m
                [0mVehicle Inventory[0m
              [36m</h1>[39m
              [36m<p[39m
                [33mclass[39m=[32m"text-slate-600 dark:text-slate-400 text-sm mt-1 transition-colors"[39m
              [36m>[39m
                [0mBrowse and filter available vehicles in our dealership[0m
              [36m</p>[39m
            [36m</div>[39m
          [36m</div>[39m
          [36m<form[39m
            [33mclass[39m=[32m"bg-white dark:bg-slate-900/80 border border-slate-200 dark:border-slate-800 rounded-2xl p-4 sm:p-6 space-y-4 shadow-sm transition-colors"[39m
          [36m>[39m
            [36m<div[39m
              [33mclass[39m=[32m"grid grid-cols-1 sm:grid-cols-2 lg:grid-cols-4 gap-4"[39m
            [36m>[39m
              [36m<div[39m
                [33mclass[39m=[32m"flex flex-col gap-1.5 w-full"[39m
              [36m>[39m
                [36m<label[39m
                  [33mclass[39m=[32m"text-xs font-semibold text-slate-400"[39m
                  [33mfor[39m=[32m"search-make-/-keyword"[39m
                [36m>[39m
                  [0mSearch Make / Keyword[0m
                [36m</label>[39m
                [36m<input[39m
                  [33mclass[39m=[32m"px-3 py-2 text-sm bg-slate-900 border border-slate-800 focus:ring-indigo-500 rounded-lg text-slate-100 placeholder-slate-500 focus:outline-none focus:ring-2 focus:ring-offset-2 focus:ring-offset-slate-950 transition-all "[39m
                  [33mid[39m=[32m"search-make-/-keyword"[39m
                  [33mplaceholder[39m=[32m"Search by make, model, or category..."[39m
                  [33mvalue[39m=[32m""[39m
                [36m/>[39m
              [36m</div>[39m
              [36m<div[39m
                [33mclass[39m=[32m"flex flex-col gap-1.5 w-full"[39m
              [36m>[39m
                [36m<label[39m
                  [33mclass[39m=[32m"text-xs font-semibold text-slate-400"[39m
                  [33mfor[39m=[32m"category"[39m
                [36m>[39m
                  [0mCategory[0m
                [36m</label>[39m
                [36m<select[39m
                  [33mclass[39m=[32m"px-3 py-2 text-sm bg-slate-900 border border-slate-800 focus:ring-indigo-500 rounded-lg text-slate-100 placeholder-slate-500 focus:outline-none focus:ring-2 focus:ring-offset-2 focus:ring-offset-slate-950 transition-all "[39m
                  [33mid[39m=[32m"category"[39m
                [36m>[39m
                  [36m<option[39m
                    [33mvalue[39m=[32m""[39m
                  [36m>[39m
                    [0mAll Categories[0m
                  [36m</option>[39m
                  [36m<option[39m
                    [33mvalue[39m=[32m"Electric"[39m
                  [36m>[39m
                    [0mElectric[0m
                  [36m</option>[39m
                  [36m<option[39m
                    [33mvalue[39m=[32m"SUV"[39m
                  [36m>[39m
                    [0mSUV[0m
                  [36m</option>[39m
                  [36m<option[39m
                    [33mvalue[39m=[32m"Truck"[39m
                  [36m>[39m
                    [0mTruck[0m
                  [36m</option>[39m
                  [36m<option[39m
                    [33mvalue[39m=[32m"Sedan"[39m
                  [36m>[39m
                    [0mSedan[0m
                  [36m</option>[39m
                  [36m<option[39m
                    [33mvalue[39m=[32m"Coupe"[39m
                  [36m>[39m
                    [0mCoupe[0m
                  [36m</option>[39m
                [36m</select>[39m
              [36m</div>[39m
              [36m<div[39m
                [33mclass[39m=[32m"flex flex-col gap-1.5 w-full"[39m
              [36m>[39m
                [36m<label[39m
                  [33mclass[39m=[32m"text-xs font-semibold text-slate-400"[39m
                  [33mfor[39m=[32m"min-price-($)"[39m
                [36m>[39m
                  [0mMin Price ($)[0m
                [36m</label>[39m
                [36m<input[39m
                  [33mclass[39m=[32m"px-3 py-2 text-sm bg-slate-900 border border-slate-800 focus:ring-indigo-500 round...

[90mstdout[2m | src/pages/__tests__/publicPages.test.tsx[2m > [22m[2mPublic Pages[2m > [22m[2mVehicles Listing Page[2m > [22m[2mfetches vehicles and displays search bar, filter controls and pagination
[22m[39m[36m<body>[39m
  [36m<div>[39m
    [36m<div[39m
      [33mclass[39m=[32m"flex flex-col min-h-screen bg-slate-50 dark:bg-slate-950 text-slate-900 dark:text-slate-100 font-sans transition-colors duration-300"[39m
    [36m>[39m
      [36m<header[39m
        [33mclass[39m=[32m"border-b border-slate-200/80 dark:border-slate-800/80 bg-white/80 dark:bg-slate-900/80 backdrop-blur-lg sticky top-0 z-50 transition-colors duration-300"[39m
        [33mrole[39m=[32m"banner"[39m
      [36m>[39m
        [36m<div[39m
          [33mclass[39m=[32m"max-w-7xl mx-auto px-4 sm:px-6 lg:px-8 h-16 flex items-center justify-between"[39m
        [36m>[39m
          [36m<a[39m
            [33mclass[39m=[32m"flex items-center gap-3 text-xl font-bold tracking-tight hover:opacity-90 transition-opacity"[39m
            [33mhref[39m=[32m"/"[39m
          [36m>[39m
            [36m<div[39m
              [33mclass[39m=[32m"flex items-center justify-center w-10 h-10 rounded-xl bg-slate-900 dark:bg-white text-white dark:text-slate-900 font-black tracking-tighter text-sm transition-transform duration-300 hover:scale-110 shadow-lg "[39m
            [36m>[39m
              [0mKATA[0m
            [36m</div>[39m
            [36m<span[39m
              [33mclass[39m=[32m"hidden sm:inline-block"[39m
            [36m>[39m
              [0mKATA[0m
            [36m</span>[39m
          [36m</a>[39m
          [36m<div[39m
            [33mclass[39m=[32m"flex items-center gap-4"[39m
          [36m>[39m
            [36m<nav[39m
              [33mclass[39m=[32m"hidden md:flex items-center gap-2"[39m
              [33mrole[39m=[32m"navigation"[39m
            [36m>[39m
              [36m<a[39m
                [33mclass[39m=[32m"text-sm font-medium transition-colors px-3 py-2 rounded-lg bg-indigo-100 dark:bg-indigo-600/20 text-indigo-700 dark:text-indigo-400 font-semibold border border-indigo-200 dark:border-indigo-500/30"[39m
                [33mhref[39m=[32m"/"[39m
              [36m>[39m
                [0mHome[0m
              [36m</a>[39m
              [36m<a[39m
                [33mclass[39m=[32m"text-sm font-medium transition-colors px-3 py-2 rounded-lg text-slate-600 dark:text-slate-300 hover:text-slate-900 dark:hover:text-white hover:bg-slate-100 dark:hover:bg-slate-800/60"[39m
                [33mhref[39m=[32m"/vehicles"[39m
              [36m>[39m
                [0mVehicles[0m
              [36m</a>[39m
              [36m<a[39m
                [33mclass[39m=[32m"text-sm font-medium transition-colors px-3 py-2 rounded-lg text-slate-600 dark:text-slate-300 hover:text-slate-900 dark:hover:text-white hover:bg-slate-100 dark:hover:bg-slate-800/60"[39m
                [33mhref[39m=[32m"/dashboard"[39m
              [36m>[39m
                [0mDashboard[0m
              [36m</a>[39m
              [36m<a[39m
                [33mclass[39m=[32m"text-sm font-medium transition-colors px-3 py-2 rounded-lg text-slate-600 dark:text-slate-300 hover:text-slate-900 dark:hover:text-white hover:bg-slate-100 dark:hover:bg-slate-800/60"[39m
                [33mhref[39m=[32m"/profile"[39m
              [36m>[39m
                [0mProfile[0m
              [36m</a>[39m
              [36m<button[39m
                [33mclass[39m=[32m"text-sm font-medium text-slate-500 dark:text-slate-400 hover:text-rose-600 dark:hover:text-rose-400 hover:bg-rose-50 dark:hover:bg-rose-500/10 px-3 py-2 rounded-lg transition-colors ml-2"[39m
              [36m>[39m
                [0mLogout[0m
              [36m</button>[39m
            [36m</nav>[39m
            [36m<button[39m
              [33maria-label[39m=[32m"Toggle Theme"[39m
              [33mclass[39m=[32m"p-2 rounded-lg text-slate-500 dark:text-slate-400 hover:bg-slate-100 dark:hover:bg-slate-800 transition-colors"[39m
            [36m>[39m
              [0m≡ƒîÖ[0m
            [36m</button>[39m
            [36m<button[39m
              [33maria-label[39m=[32m"Toggle Navigation Menu"[39m
              [33mclass[39m=[32m"md:hidden p-2 rounded-lg text-slate-500 dark:text-slate-400 hover:text-slate-900 dark:hover:text-white hover:bg-slate-100 dark:hover:bg-slate-800 transition-colors"[39m
            [36m>[39m
              [36m<svg[39m
                [33mclass[39m=[32m"w-6 h-6"[39m
                [33mfill[39m=[32m"none"[39m
                [33mstroke[39m=[32m"currentColor"[39m
                [33mviewBox[39m=[32m"0 0 24 24"[39m
              [36m>[39m
                [36m<path[39m
                  [33md[39m=[32m"M4 6h16M4 12h16M4 18h16"[39m
                  [33mstroke-linecap[39m=[32m"round"[39m
                  [33mstroke-linejoin[39m=[32m"round"[39m
                  [33mstroke-width[39m=[32m"2"[39m
                [36m/>[39m
              [36m</svg>[39m
            [36m</button>[39m
          [36m</div>[39m
        [36m</div>[39m
      [36m</header>[39m
      [36m<main[39m
        [33mclass[39m=[32m"flex-1 max-w-7xl mx-auto px-4 sm:px-6 lg:px-8 py-8 w-full transition-colors duration-300"[39m
      [36m>[39m
        [36m<div[39m
          [33mclass[39m=[32m"space-y-8"[39m
        [36m>[39m
          [36m<div[39m
            [33mclass[39m=[32m"flex flex-col sm:flex-row sm:items-center justify-between gap-4"[39m
          [36m>[39m
            [36m<div>[39m
              [36m<h1[39m
                [33mclass[39m=[32m"text-3xl font-black text-slate-900 dark:text-white tracking-tight transition-colors"[39m
              [36m>[39m
                [0mVehicle Inventory[0m
              [36m</h1>[39m
              [36m<p[39m
                [33mclass[39m=[32m"text-slate-600 dark:text-slate-400 text-sm mt-1 transition-colors"[39m
              [36m>[39m
                [0mBrowse and filter available vehicles in our dealership[0m
              [36m</p>[39m
            [36m</div>[39m
          [36m</div>[39m
          [36m<form[39m
            [33mclass[39m=[32m"bg-white dark:bg-slate-900/80 border border-slate-200 dark:border-slate-800 rounded-2xl p-4 sm:p-6 space-y-4 shadow-sm transition-colors"[39m
          [36m>[39m
            [36m<div[39m
              [33mclass[39m=[32m"grid grid-cols-1 sm:grid-cols-2 lg:grid-cols-4 gap-4"[39m
            [36m>[39m
              [36m<div[39m
                [33mclass[39m=[32m"flex flex-col gap-1.5 w-full"[39m
              [36m>[39m
                [36m<label[39m
                  [33mclass[39m=[32m"text-xs font-semibold text-slate-400"[39m
                  [33mfor[39m=[32m"search-make-/-keyword"[39m
                [36m>[39m
                  [0mSearch Make / Keyword[0m
                [36m</label>[39m
                [36m<input[39m
                  [33mclass[39m=[32m"px-3 py-2 text-sm bg-slate-900 border border-slate-800 focus:ring-indigo-500 rounded-lg text-slate-100 placeholder-slate-500 focus:outline-none focus:ring-2 focus:ring-offset-2 focus:ring-offset-slate-950 transition-all "[39m
                  [33mid[39m=[32m"search-make-/-keyword"[39m
                  [33mplaceholder[39m=[32m"Search by make, model, or category..."[39m
                  [33mvalue[39m=[32m""[39m
                [36m/>[39m
              [36m</div>[39m
              [36m<div[39m
                [33mclass[39m=[32m"flex flex-col gap-1.5 w-full"[39m
              [36m>[39m
                [36m<label[39m
                  [33mclass[39m=[32m"text-xs font-semibold text-slate-400"[39m
                  [33mfor[39m=[32m"category"[39m
                [36m>[39m
                  [0mCategory[0m
                [36m</label>[39m
                [36m<select[39m
                  [33mclass[39m=[32m"px-3 py-2 text-sm bg-slate-900 border border-slate-800 focus:ring-indigo-500 rounded-lg text-slate-100 placeholder-slate-500 focus:outline-none focus:ring-2 focus:ring-offset-2 focus:ring-offset-slate-950 transition-all "[39m
                  [33mid[39m=[32m"category"[39m
                [36m>[39m
                  [36m<option[39m
                    [33mvalue[39m=[32m""[39m
                  [36m>[39m
                    [0mAll Categories[0m
                  [36m</option>[39m
                  [36m<option[39m
                    [33mvalue[39m=[32m"Electric"[39m
                  [36m>[39m
                    [0mElectric[0m
                  [36m</option>[39m
                  [36m<option[39m
                    [33mvalue[39m=[32m"SUV"[39m
                  [36m>[39m
                    [0mSUV[0m
                  [36m</option>[39m
                  [36m<option[39m
                    [33mvalue[39m=[32m"Truck"[39m
                  [36m>[39m
                    [0mTruck[0m
                  [36m</option>[39m
                  [36m<option[39m
                    [33mvalue[39m=[32m"Sedan"[39m
                  [36m>[39m
                    [0mSedan[0m
                  [36m</option>[39m
                  [36m<option[39m
                    [33mvalue[39m=[32m"Coupe"[39m
                  [36m>[39m
                    [0mCoupe[0m
                  [36m</option>[39m
                [36m</select>[39m
              [36m</div>[39m
              [36m<div[39m
                [33mclass[39m=[32m"flex flex-col gap-1.5 w-full"[39m
              [36m>[39m
                [36m<label[39m
                  [33mclass[39m=[32m"text-xs font-semibold text-slate-400"[39m
                  [33mfor[39m=[32m"min-price-($)"[39m
                [36m>[39m
                  [0mMin Price ($)[0m
                [36m</label>[39m
                [36m<input[39m
                  [33mclass[39m=[32m"px-3 py-2 text-sm bg-slate-900 border border-slate-800 focus:ring-indigo-500 round...

[90mstdout[2m | src/pages/__tests__/publicPages.test.tsx[2m > [22m[2mPublic Pages[2m > [22m[2mVehicles Listing Page[2m > [22m[2mfetches vehicles and displays search bar, filter controls and pagination
[22m[39m[36m<body>[39m
  [36m<div>[39m
    [36m<div[39m
      [33mclass[39m=[32m"flex flex-col min-h-screen bg-slate-50 dark:bg-slate-950 text-slate-900 dark:text-slate-100 font-sans transition-colors duration-300"[39m
    [36m>[39m
      [36m<header[39m
        [33mclass[39m=[32m"border-b border-slate-200/80 dark:border-slate-800/80 bg-white/80 dark:bg-slate-900/80 backdrop-blur-lg sticky top-0 z-50 transition-colors duration-300"[39m
        [33mrole[39m=[32m"banner"[39m
      [36m>[39m
        [36m<div[39m
          [33mclass[39m=[32m"max-w-7xl mx-auto px-4 sm:px-6 lg:px-8 h-16 flex items-center justify-between"[39m
        [36m>[39m
          [36m<a[39m
            [33mclass[39m=[32m"flex items-center gap-3 text-xl font-bold tracking-tight hover:opacity-90 transition-opacity"[39m
            [33mhref[39m=[32m"/"[39m
          [36m>[39m
            [36m<div[39m
              [33mclass[39m=[32m"flex items-center justify-center w-10 h-10 rounded-xl bg-slate-900 dark:bg-white text-white dark:text-slate-900 font-black tracking-tighter text-sm transition-transform duration-300 hover:scale-110 shadow-lg "[39m
            [36m>[39m
              [0mKATA[0m
            [36m</div>[39m
            [36m<span[39m
              [33mclass[39m=[32m"hidden sm:inline-block"[39m
            [36m>[39m
              [0mKATA[0m
            [36m</span>[39m
          [36m</a>[39m
          [36m<div[39m
            [33mclass[39m=[32m"flex items-center gap-4"[39m
          [36m>[39m
            [36m<nav[39m
              [33mclass[39m=[32m"hidden md:flex items-center gap-2"[39m
              [33mrole[39m=[32m"navigation"[39m
            [36m>[39m
              [36m<a[39m
                [33mclass[39m=[32m"text-sm font-medium transition-colors px-3 py-2 rounded-lg bg-indigo-100 dark:bg-indigo-600/20 text-indigo-700 dark:text-indigo-400 font-semibold border border-indigo-200 dark:border-indigo-500/30"[39m
                [33mhref[39m=[32m"/"[39m
              [36m>[39m
                [0mHome[0m
              [36m</a>[39m
              [36m<a[39m
                [33mclass[39m=[32m"text-sm font-medium transition-colors px-3 py-2 rounded-lg text-slate-600 dark:text-slate-300 hover:text-slate-900 dark:hover:text-white hover:bg-slate-100 dark:hover:bg-slate-800/60"[39m
                [33mhref[39m=[32m"/vehicles"[39m
              [36m>[39m
                [0mVehicles[0m
              [36m</a>[39m
              [36m<a[39m
                [33mclass[39m=[32m"text-sm font-medium transition-colors px-3 py-2 rounded-lg text-slate-600 dark:text-slate-300 hover:text-slate-900 dark:hover:text-white hover:bg-slate-100 dark:hover:bg-slate-800/60"[39m
                [33mhref[39m=[32m"/dashboard"[39m
              [36m>[39m
                [0mDashboard[0m
              [36m</a>[39m
              [36m<a[39m
                [33mclass[39m=[32m"text-sm font-medium transition-colors px-3 py-2 rounded-lg text-slate-600 dark:text-slate-300 hover:text-slate-900 dark:hover:text-white hover:bg-slate-100 dark:hover:bg-slate-800/60"[39m
                [33mhref[39m=[32m"/profile"[39m
              [36m>[39m
                [0mProfile[0m
              [36m</a>[39m
              [36m<button[39m
                [33mclass[39m=[32m"text-sm font-medium text-slate-500 dark:text-slate-400 hover:text-rose-600 dark:hover:text-rose-400 hover:bg-rose-50 dark:hover:bg-rose-500/10 px-3 py-2 rounded-lg transition-colors ml-2"[39m
              [36m>[39m
                [0mLogout[0m
              [36m</button>[39m
            [36m</nav>[39m
            [36m<button[39m
              [33maria-label[39m=[32m"Toggle Theme"[39m
              [33mclass[39m=[32m"p-2 rounded-lg text-slate-500 dark:text-slate-400 hover:bg-slate-100 dark:hover:bg-slate-800 transition-colors"[39m
            [36m>[39m
              [0m≡ƒîÖ[0m
            [36m</button>[39m
            [36m<button[39m
              [33maria-label[39m=[32m"Toggle Navigation Menu"[39m
              [33mclass[39m=[32m"md:hidden p-2 rounded-lg text-slate-500 dark:text-slate-400 hover:text-slate-900 dark:hover:text-white hover:bg-slate-100 dark:hover:bg-slate-800 transition-colors"[39m
            [36m>[39m
              [36m<svg[39m
                [33mclass[39m=[32m"w-6 h-6"[39m
                [33mfill[39m=[32m"none"[39m
                [33mstroke[39m=[32m"currentColor"[39m
                [33mviewBox[39m=[32m"0 0 24 24"[39m
              [36m>[39m
                [36m<path[39m
                  [33md[39m=[32m"M4 6h16M4 12h16M4 18h16"[39m
                  [33mstroke-linecap[39m=[32m"round"[39m
                  [33mstroke-linejoin[39m=[32m"round"[39m
                  [33mstroke-width[39m=[32m"2"[39m
                [36m/>[39m
              [36m</svg>[39m
            [36m</button>[39m
          [36m</div>[39m
        [36m</div>[39m
      [36m</header>[39m
      [36m<main[39m
        [33mclass[39m=[32m"flex-1 max-w-7xl mx-auto px-4 sm:px-6 lg:px-8 py-8 w-full transition-colors duration-300"[39m
      [36m>[39m
        [36m<div[39m
          [33mclass[39m=[32m"space-y-8"[39m
        [36m>[39m
          [36m<div[39m
            [33mclass[39m=[32m"flex flex-col sm:flex-row sm:items-center justify-between gap-4"[39m
          [36m>[39m
            [36m<div>[39m
              [36m<h1[39m
                [33mclass[39m=[32m"text-3xl font-black text-slate-900 dark:text-white tracking-tight transition-colors"[39m
              [36m>[39m
                [0mVehicle Inventory[0m
              [36m</h1>[39m
              [36m<p[39m
                [33mclass[39m=[32m"text-slate-600 dark:text-slate-400 text-sm mt-1 transition-colors"[39m
              [36m>[39m
                [0mBrowse and filter available vehicles in our dealership[0m
              [36m</p>[39m
            [36m</div>[39m
          [36m</div>[39m
          [36m<form[39m
            [33mclass[39m=[32m"bg-white dark:bg-slate-900/80 border border-slate-200 dark:border-slate-800 rounded-2xl p-4 sm:p-6 space-y-4 shadow-sm transition-colors"[39m
          [36m>[39m
            [36m<div[39m
              [33mclass[39m=[32m"grid grid-cols-1 sm:grid-cols-2 lg:grid-cols-4 gap-4"[39m
            [36m>[39m
              [36m<div[39m
                [33mclass[39m=[32m"flex flex-col gap-1.5 w-full"[39m
              [36m>[39m
                [36m<label[39m
                  [33mclass[39m=[32m"text-xs font-semibold text-slate-400"[39m
                  [33mfor[39m=[32m"search-make-/-keyword"[39m
                [36m>[39m
                  [0mSearch Make / Keyword[0m
                [36m</label>[39m
                [36m<input[39m
                  [33mclass[39m=[32m"px-3 py-2 text-sm bg-slate-900 border border-slate-800 focus:ring-indigo-500 rounded-lg text-slate-100 placeholder-slate-500 focus:outline-none focus:ring-2 focus:ring-offset-2 focus:ring-offset-slate-950 transition-all "[39m
                  [33mid[39m=[32m"search-make-/-keyword"[39m
                  [33mplaceholder[39m=[32m"Search by make, model, or category..."[39m
                  [33mvalue[39m=[32m""[39m
                [36m/>[39m
              [36m</div>[39m
              [36m<div[39m
                [33mclass[39m=[32m"flex flex-col gap-1.5 w-full"[39m
              [36m>[39m
                [36m<label[39m
                  [33mclass[39m=[32m"text-xs font-semibold text-slate-400"[39m
                  [33mfor[39m=[32m"category"[39m
                [36m>[39m
                  [0mCategory[0m
                [36m</label>[39m
                [36m<select[39m
                  [33mclass[39m=[32m"px-3 py-2 text-sm bg-slate-900 border border-slate-800 focus:ring-indigo-500 rounded-lg text-slate-100 placeholder-slate-500 focus:outline-none focus:ring-2 focus:ring-offset-2 focus:ring-offset-slate-950 transition-all "[39m
                  [33mid[39m=[32m"category"[39m
                [36m>[39m
                  [36m<option[39m
                    [33mvalue[39m=[32m""[39m
                  [36m>[39m
                    [0mAll Categories[0m
                  [36m</option>[39m
                  [36m<option[39m
                    [33mvalue[39m=[32m"Electric"[39m
                  [36m>[39m
                    [0mElectric[0m
                  [36m</option>[39m
                  [36m<option[39m
                    [33mvalue[39m=[32m"SUV"[39m
                  [36m>[39m
                    [0mSUV[0m
                  [36m</option>[39m
                  [36m<option[39m
                    [33mvalue[39m=[32m"Truck"[39m
                  [36m>[39m
                    [0mTruck[0m
                  [36m</option>[39m
                  [36m<option[39m
                    [33mvalue[39m=[32m"Sedan"[39m
                  [36m>[39m
                    [0mSedan[0m
                  [36m</option>[39m
                  [36m<option[39m
                    [33mvalue[39m=[32m"Coupe"[39m
                  [36m>[39m
                    [0mCoupe[0m
                  [36m</option>[39m
                [36m</select>[39m
              [36m</div>[39m
              [36m<div[39m
                [33mclass[39m=[32m"flex flex-col gap-1.5 w-full"[39m
              [36m>[39m
                [36m<label[39m
                  [33mclass[39m=[32m"text-xs font-semibold text-slate-400"[39m
                  [33mfor[39m=[32m"min-price-($)"[39m
                [36m>[39m
                  [0mMin Price ($)[0m
                [36m</label>[39m
                [36m<input[39m
                  [33mclass[39m=[32m"px-3 py-2 text-sm bg-slate-900 border border-slate-800 focus:ring-indigo-500 round...

[90mstdout[2m | src/pages/__tests__/publicPages.test.tsx[2m > [22m[2mPublic Pages[2m > [22m[2mVehicles Listing Page[2m > [22m[2mfetches vehicles and displays search bar, filter controls and pagination
[22m[39m[36m<body>[39m
  [36m<div>[39m
    [36m<div[39m
      [33mclass[39m=[32m"flex flex-col min-h-screen bg-slate-50 dark:bg-slate-950 text-slate-900 dark:text-slate-100 font-sans transition-colors duration-300"[39m
    [36m>[39m
      [36m<header[39m
        [33mclass[39m=[32m"border-b border-slate-200/80 dark:border-slate-800/80 bg-white/80 dark:bg-slate-900/80 backdrop-blur-lg sticky top-0 z-50 transition-colors duration-300"[39m
        [33mrole[39m=[32m"banner"[39m
      [36m>[39m
        [36m<div[39m
          [33mclass[39m=[32m"max-w-7xl mx-auto px-4 sm:px-6 lg:px-8 h-16 flex items-center justify-between"[39m
        [36m>[39m
          [36m<a[39m
            [33mclass[39m=[32m"flex items-center gap-3 text-xl font-bold tracking-tight hover:opacity-90 transition-opacity"[39m
            [33mhref[39m=[32m"/"[39m
          [36m>[39m
            [36m<div[39m
              [33mclass[39m=[32m"flex items-center justify-center w-10 h-10 rounded-xl bg-slate-900 dark:bg-white text-white dark:text-slate-900 font-black tracking-tighter text-sm transition-transform duration-300 hover:scale-110 shadow-lg "[39m
            [36m>[39m
              [0mKATA[0m
            [36m</div>[39m
            [36m<span[39m
              [33mclass[39m=[32m"hidden sm:inline-block"[39m
            [36m>[39m
              [0mKATA[0m
            [36m</span>[39m
          [36m</a>[39m
          [36m<div[39m
            [33mclass[39m=[32m"flex items-center gap-4"[39m
          [36m>[39m
            [36m<nav[39m
              [33mclass[39m=[32m"hidden md:flex items-center gap-2"[39m
              [33mrole[39m=[32m"navigation"[39m
            [36m>[39m
              [36m<a[39m
                [33mclass[39m=[32m"text-sm font-medium transition-colors px-3 py-2 rounded-lg bg-indigo-100 dark:bg-indigo-600/20 text-indigo-700 dark:text-indigo-400 font-semibold border border-indigo-200 dark:border-indigo-500/30"[39m
                [33mhref[39m=[32m"/"[39m
              [36m>[39m
                [0mHome[0m
              [36m</a>[39m
              [36m<a[39m
                [33mclass[39m=[32m"text-sm font-medium transition-colors px-3 py-2 rounded-lg text-slate-600 dark:text-slate-300 hover:text-slate-900 dark:hover:text-white hover:bg-slate-100 dark:hover:bg-slate-800/60"[39m
                [33mhref[39m=[32m"/vehicles"[39m
              [36m>[39m
                [0mVehicles[0m
              [36m</a>[39m
              [36m<a[39m
                [33mclass[39m=[32m"text-sm font-medium transition-colors px-3 py-2 rounded-lg text-slate-600 dark:text-slate-300 hover:text-slate-900 dark:hover:text-white hover:bg-slate-100 dark:hover:bg-slate-800/60"[39m
                [33mhref[39m=[32m"/dashboard"[39m
              [36m>[39m
                [0mDashboard[0m
              [36m</a>[39m
              [36m<a[39m
                [33mclass[39m=[32m"text-sm font-medium transition-colors px-3 py-2 rounded-lg text-slate-600 dark:text-slate-300 hover:text-slate-900 dark:hover:text-white hover:bg-slate-100 dark:hover:bg-slate-800/60"[39m
                [33mhref[39m=[32m"/profile"[39m
              [36m>[39m
                [0mProfile[0m
              [36m</a>[39m
              [36m<button[39m
                [33mclass[39m=[32m"text-sm font-medium text-slate-500 dark:text-slate-400 hover:text-rose-600 dark:hover:text-rose-400 hover:bg-rose-50 dark:hover:bg-rose-500/10 px-3 py-2 rounded-lg transition-colors ml-2"[39m
              [36m>[39m
                [0mLogout[0m
              [36m</button>[39m
            [36m</nav>[39m
            [36m<button[39m
              [33maria-label[39m=[32m"Toggle Theme"[39m
              [33mclass[39m=[32m"p-2 rounded-lg text-slate-500 dark:text-slate-400 hover:bg-slate-100 dark:hover:bg-slate-800 transition-colors"[39m
            [36m>[39m
              [0m≡ƒîÖ[0m
            [36m</button>[39m
            [36m<button[39m
              [33maria-label[39m=[32m"Toggle Navigation Menu"[39m
              [33mclass[39m=[32m"md:hidden p-2 rounded-lg text-slate-500 dark:text-slate-400 hover:text-slate-900 dark:hover:text-white hover:bg-slate-100 dark:hover:bg-slate-800 transition-colors"[39m
            [36m>[39m
              [36m<svg[39m
                [33mclass[39m=[32m"w-6 h-6"[39m
                [33mfill[39m=[32m"none"[39m
                [33mstroke[39m=[32m"currentColor"[39m
                [33mviewBox[39m=[32m"0 0 24 24"[39m
              [36m>[39m
                [36m<path[39m
                  [33md[39m=[32m"M4 6h16M4 12h16M4 18h16"[39m
                  [33mstroke-linecap[39m=[32m"round"[39m
                  [33mstroke-linejoin[39m=[32m"round"[39m
                  [33mstroke-width[39m=[32m"2"[39m
                [36m/>[39m
              [36m</svg>[39m
            [36m</button>[39m
          [36m</div>[39m
        [36m</div>[39m
      [36m</header>[39m
      [36m<main[39m
        [33mclass[39m=[32m"flex-1 max-w-7xl mx-auto px-4 sm:px-6 lg:px-8 py-8 w-full transition-colors duration-300"[39m
      [36m>[39m
        [36m<div[39m
          [33mclass[39m=[32m"space-y-8"[39m
        [36m>[39m
          [36m<div[39m
            [33mclass[39m=[32m"flex flex-col sm:flex-row sm:items-center justify-between gap-4"[39m
          [36m>[39m
            [36m<div>[39m
              [36m<h1[39m
                [33mclass[39m=[32m"text-3xl font-black text-slate-900 dark:text-white tracking-tight transition-colors"[39m
              [36m>[39m
                [0mVehicle Inventory[0m
              [36m</h1>[39m
              [36m<p[39m
                [33mclass[39m=[32m"text-slate-600 dark:text-slate-400 text-sm mt-1 transition-colors"[39m
              [36m>[39m
                [0mBrowse and filter available vehicles in our dealership[0m
              [36m</p>[39m
            [36m</div>[39m
          [36m</div>[39m
          [36m<form[39m
            [33mclass[39m=[32m"bg-white dark:bg-slate-900/80 border border-slate-200 dark:border-slate-800 rounded-2xl p-4 sm:p-6 space-y-4 shadow-sm transition-colors"[39m
          [36m>[39m
            [36m<div[39m
              [33mclass[39m=[32m"grid grid-cols-1 sm:grid-cols-2 lg:grid-cols-4 gap-4"[39m
            [36m>[39m
              [36m<div[39m
                [33mclass[39m=[32m"flex flex-col gap-1.5 w-full"[39m
              [36m>[39m
                [36m<label[39m
                  [33mclass[39m=[32m"text-xs font-semibold text-slate-400"[39m
                  [33mfor[39m=[32m"search-make-/-keyword"[39m
                [36m>[39m
                  [0mSearch Make / Keyword[0m
                [36m</label>[39m
                [36m<input[39m
                  [33mclass[39m=[32m"px-3 py-2 text-sm bg-slate-900 border border-slate-800 focus:ring-indigo-500 rounded-lg text-slate-100 placeholder-slate-500 focus:outline-none focus:ring-2 focus:ring-offset-2 focus:ring-offset-slate-950 transition-all "[39m
                  [33mid[39m=[32m"search-make-/-keyword"[39m
                  [33mplaceholder[39m=[32m"Search by make, model, or category..."[39m
                  [33mvalue[39m=[32m""[39m
                [36m/>[39m
              [36m</div>[39m
              [36m<div[39m
                [33mclass[39m=[32m"flex flex-col gap-1.5 w-full"[39m
              [36m>[39m
                [36m<label[39m
                  [33mclass[39m=[32m"text-xs font-semibold text-slate-400"[39m
                  [33mfor[39m=[32m"category"[39m
                [36m>[39m
                  [0mCategory[0m
                [36m</label>[39m
                [36m<select[39m
                  [33mclass[39m=[32m"px-3 py-2 text-sm bg-slate-900 border border-slate-800 focus:ring-indigo-500 rounded-lg text-slate-100 placeholder-slate-500 focus:outline-none focus:ring-2 focus:ring-offset-2 focus:ring-offset-slate-950 transition-all "[39m
                  [33mid[39m=[32m"category"[39m
                [36m>[39m
                  [36m<option[39m
                    [33mvalue[39m=[32m""[39m
                  [36m>[39m
                    [0mAll Categories[0m
                  [36m</option>[39m
                  [36m<option[39m
                    [33mvalue[39m=[32m"Electric"[39m
                  [36m>[39m
                    [0mElectric[0m
                  [36m</option>[39m
                  [36m<option[39m
                    [33mvalue[39m=[32m"SUV"[39m
                  [36m>[39m
                    [0mSUV[0m
                  [36m</option>[39m
                  [36m<option[39m
                    [33mvalue[39m=[32m"Truck"[39m
                  [36m>[39m
                    [0mTruck[0m
                  [36m</option>[39m
                  [36m<option[39m
                    [33mvalue[39m=[32m"Sedan"[39m
                  [36m>[39m
                    [0mSedan[0m
                  [36m</option>[39m
                  [36m<option[39m
                    [33mvalue[39m=[32m"Coupe"[39m
                  [36m>[39m
                    [0mCoupe[0m
                  [36m</option>[39m
                [36m</select>[39m
              [36m</div>[39m
              [36m<div[39m
                [33mclass[39m=[32m"flex flex-col gap-1.5 w-full"[39m
              [36m>[39m
                [36m<label[39m
                  [33mclass[39m=[32m"text-xs font-semibold text-slate-400"[39m
                  [33mfor[39m=[32m"min-price-($)"[39m
                [36m>[39m
                  [0mMin Price ($)[0m
                [36m</label>[39m
                [36m<input[39m
                  [33mclass[39m=[32m"px-3 py-2 text-sm bg-slate-900 border border-slate-800 focus:ring-indigo-500 round...

[90mstdout[2m | src/pages/__tests__/publicPages.test.tsx[2m > [22m[2mPublic Pages[2m > [22m[2mVehicles Listing Page[2m > [22m[2mfetches vehicles and displays search bar, filter controls and pagination
[22m[39m[36m<body>[39m
  [36m<div>[39m
    [36m<div[39m
      [33mclass[39m=[32m"flex flex-col min-h-screen bg-slate-50 dark:bg-slate-950 text-slate-900 dark:text-slate-100 font-sans transition-colors duration-300"[39m
    [36m>[39m
      [36m<header[39m
        [33mclass[39m=[32m"border-b border-slate-200/80 dark:border-slate-800/80 bg-white/80 dark:bg-slate-900/80 backdrop-blur-lg sticky top-0 z-50 transition-colors duration-300"[39m
        [33mrole[39m=[32m"banner"[39m
      [36m>[39m
        [36m<div[39m
          [33mclass[39m=[32m"max-w-7xl mx-auto px-4 sm:px-6 lg:px-8 h-16 flex items-center justify-between"[39m
        [36m>[39m
          [36m<a[39m
            [33mclass[39m=[32m"flex items-center gap-3 text-xl font-bold tracking-tight hover:opacity-90 transition-opacity"[39m
            [33mhref[39m=[32m"/"[39m
          [36m>[39m
            [36m<div[39m
              [33mclass[39m=[32m"flex items-center justify-center w-10 h-10 rounded-xl bg-slate-900 dark:bg-white text-white dark:text-slate-900 font-black tracking-tighter text-sm transition-transform duration-300 hover:scale-110 shadow-lg "[39m
            [36m>[39m
              [0mKATA[0m
            [36m</div>[39m
            [36m<span[39m
              [33mclass[39m=[32m"hidden sm:inline-block"[39m
            [36m>[39m
              [0mKATA[0m
            [36m</span>[39m
          [36m</a>[39m
          [36m<div[39m
            [33mclass[39m=[32m"flex items-center gap-4"[39m
          [36m>[39m
            [36m<nav[39m
              [33mclass[39m=[32m"hidden md:flex items-center gap-2"[39m
              [33mrole[39m=[32m"navigation"[39m
            [36m>[39m
              [36m<a[39m
                [33mclass[39m=[32m"text-sm font-medium transition-colors px-3 py-2 rounded-lg bg-indigo-100 dark:bg-indigo-600/20 text-indigo-700 dark:text-indigo-400 font-semibold border border-indigo-200 dark:border-indigo-500/30"[39m
                [33mhref[39m=[32m"/"[39m
              [36m>[39m
                [0mHome[0m
              [36m</a>[39m
              [36m<a[39m
                [33mclass[39m=[32m"text-sm font-medium transition-colors px-3 py-2 rounded-lg text-slate-600 dark:text-slate-300 hover:text-slate-900 dark:hover:text-white hover:bg-slate-100 dark:hover:bg-slate-800/60"[39m
                [33mhref[39m=[32m"/vehicles"[39m
              [36m>[39m
                [0mVehicles[0m
              [36m</a>[39m
              [36m<a[39m
                [33mclass[39m=[32m"text-sm font-medium transition-colors px-3 py-2 rounded-lg text-slate-600 dark:text-slate-300 hover:text-slate-900 dark:hover:text-white hover:bg-slate-100 dark:hover:bg-slate-800/60"[39m
                [33mhref[39m=[32m"/dashboard"[39m
              [36m>[39m
                [0mDashboard[0m
              [36m</a>[39m
              [36m<a[39m
                [33mclass[39m=[32m"text-sm font-medium transition-colors px-3 py-2 rounded-lg text-slate-600 dark:text-slate-300 hover:text-slate-900 dark:hover:text-white hover:bg-slate-100 dark:hover:bg-slate-800/60"[39m
                [33mhref[39m=[32m"/profile"[39m
              [36m>[39m
                [0mProfile[0m
              [36m</a>[39m
              [36m<button[39m
                [33mclass[39m=[32m"text-sm font-medium text-slate-500 dark:text-slate-400 hover:text-rose-600 dark:hover:text-rose-400 hover:bg-rose-50 dark:hover:bg-rose-500/10 px-3 py-2 rounded-lg transition-colors ml-2"[39m
              [36m>[39m
                [0mLogout[0m
              [36m</button>[39m
            [36m</nav>[39m
            [36m<button[39m
              [33maria-label[39m=[32m"Toggle Theme"[39m
              [33mclass[39m=[32m"p-2 rounded-lg text-slate-500 dark:text-slate-400 hover:bg-slate-100 dark:hover:bg-slate-800 transition-colors"[39m
            [36m>[39m
              [0m≡ƒîÖ[0m
            [36m</button>[39m
            [36m<button[39m
              [33maria-label[39m=[32m"Toggle Navigation Menu"[39m
              [33mclass[39m=[32m"md:hidden p-2 rounded-lg text-slate-500 dark:text-slate-400 hover:text-slate-900 dark:hover:text-white hover:bg-slate-100 dark:hover:bg-slate-800 transition-colors"[39m
            [36m>[39m
              [36m<svg[39m
                [33mclass[39m=[32m"w-6 h-6"[39m
                [33mfill[39m=[32m"none"[39m
                [33mstroke[39m=[32m"currentColor"[39m
                [33mviewBox[39m=[32m"0 0 24 24"[39m
              [36m>[39m
                [36m<path[39m
                  [33md[39m=[32m"M4 6h16M4 12h16M4 18h16"[39m
                  [33mstroke-linecap[39m=[32m"round"[39m
                  [33mstroke-linejoin[39m=[32m"round"[39m
                  [33mstroke-width[39m=[32m"2"[39m
                [36m/>[39m
              [36m</svg>[39m
            [36m</button>[39m
          [36m</div>[39m
        [36m</div>[39m
      [36m</header>[39m
      [36m<main[39m
        [33mclass[39m=[32m"flex-1 max-w-7xl mx-auto px-4 sm:px-6 lg:px-8 py-8 w-full transition-colors duration-300"[39m
      [36m>[39m
        [36m<div[39m
          [33mclass[39m=[32m"space-y-8"[39m
        [36m>[39m
          [36m<div[39m
            [33mclass[39m=[32m"flex flex-col sm:flex-row sm:items-center justify-between gap-4"[39m
          [36m>[39m
            [36m<div>[39m
              [36m<h1[39m
                [33mclass[39m=[32m"text-3xl font-black text-slate-900 dark:text-white tracking-tight transition-colors"[39m
              [36m>[39m
                [0mVehicle Inventory[0m
              [36m</h1>[39m
              [36m<p[39m
                [33mclass[39m=[32m"text-slate-600 dark:text-slate-400 text-sm mt-1 transition-colors"[39m
              [36m>[39m
                [0mBrowse and filter available vehicles in our dealership[0m
              [36m</p>[39m
            [36m</div>[39m
          [36m</div>[39m
          [36m<form[39m
            [33mclass[39m=[32m"bg-white dark:bg-slate-900/80 border border-slate-200 dark:border-slate-800 rounded-2xl p-4 sm:p-6 space-y-4 shadow-sm transition-colors"[39m
          [36m>[39m
            [36m<div[39m
              [33mclass[39m=[32m"grid grid-cols-1 sm:grid-cols-2 lg:grid-cols-4 gap-4"[39m
            [36m>[39m
              [36m<div[39m
                [33mclass[39m=[32m"flex flex-col gap-1.5 w-full"[39m
              [36m>[39m
                [36m<label[39m
                  [33mclass[39m=[32m"text-xs font-semibold text-slate-400"[39m
                  [33mfor[39m=[32m"search-make-/-keyword"[39m
                [36m>[39m
                  [0mSearch Make / Keyword[0m
                [36m</label>[39m
                [36m<input[39m
                  [33mclass[39m=[32m"px-3 py-2 text-sm bg-slate-900 border border-slate-800 focus:ring-indigo-500 rounded-lg text-slate-100 placeholder-slate-500 focus:outline-none focus:ring-2 focus:ring-offset-2 focus:ring-offset-slate-950 transition-all "[39m
                  [33mid[39m=[32m"search-make-/-keyword"[39m
                  [33mplaceholder[39m=[32m"Search by make, model, or category..."[39m
                  [33mvalue[39m=[32m""[39m
                [36m/>[39m
              [36m</div>[39m
              [36m<div[39m
                [33mclass[39m=[32m"flex flex-col gap-1.5 w-full"[39m
              [36m>[39m
                [36m<label[39m
                  [33mclass[39m=[32m"text-xs font-semibold text-slate-400"[39m
                  [33mfor[39m=[32m"category"[39m
                [36m>[39m
                  [0mCategory[0m
                [36m</label>[39m
                [36m<select[39m
                  [33mclass[39m=[32m"px-3 py-2 text-sm bg-slate-900 border border-slate-800 focus:ring-indigo-500 rounded-lg text-slate-100 placeholder-slate-500 focus:outline-none focus:ring-2 focus:ring-offset-2 focus:ring-offset-slate-950 transition-all "[39m
                  [33mid[39m=[32m"category"[39m
                [36m>[39m
                  [36m<option[39m
                    [33mvalue[39m=[32m""[39m
                  [36m>[39m
                    [0mAll Categories[0m
                  [36m</option>[39m
                  [36m<option[39m
                    [33mvalue[39m=[32m"Electric"[39m
                  [36m>[39m
                    [0mElectric[0m
                  [36m</option>[39m
                  [36m<option[39m
                    [33mvalue[39m=[32m"SUV"[39m
                  [36m>[39m
                    [0mSUV[0m
                  [36m</option>[39m
                  [36m<option[39m
                    [33mvalue[39m=[32m"Truck"[39m
                  [36m>[39m
                    [0mTruck[0m
                  [36m</option>[39m
                  [36m<option[39m
                    [33mvalue[39m=[32m"Sedan"[39m
                  [36m>[39m
                    [0mSedan[0m
                  [36m</option>[39m
                  [36m<option[39m
                    [33mvalue[39m=[32m"Coupe"[39m
                  [36m>[39m
                    [0mCoupe[0m
                  [36m</option>[39m
                [36m</select>[39m
              [36m</div>[39m
              [36m<div[39m
                [33mclass[39m=[32m"flex flex-col gap-1.5 w-full"[39m
              [36m>[39m
                [36m<label[39m
                  [33mclass[39m=[32m"text-xs font-semibold text-slate-400"[39m
                  [33mfor[39m=[32m"min-price-($)"[39m
                [36m>[39m
                  [0mMin Price ($)[0m
                [36m</label>[39m
                [36m<input[39m
                  [33mclass[39m=[32m"px-3 py-2 text-sm bg-slate-900 border border-slate-800 focus:ring-indigo-500 round...

[90mstdout[2m | src/pages/__tests__/publicPages.test.tsx[2m > [22m[2mPublic Pages[2m > [22m[2mVehicles Listing Page[2m > [22m[2mfetches vehicles and displays search bar, filter controls and pagination
[22m[39m[36m<body>[39m
  [36m<div>[39m
    [36m<div[39m
      [33mclass[39m=[32m"flex flex-col min-h-screen bg-slate-50 dark:bg-slate-950 text-slate-900 dark:text-slate-100 font-sans transition-colors duration-300"[39m
    [36m>[39m
      [36m<header[39m
        [33mclass[39m=[32m"border-b border-slate-200/80 dark:border-slate-800/80 bg-white/80 dark:bg-slate-900/80 backdrop-blur-lg sticky top-0 z-50 transition-colors duration-300"[39m
        [33mrole[39m=[32m"banner"[39m
      [36m>[39m
        [36m<div[39m
          [33mclass[39m=[32m"max-w-7xl mx-auto px-4 sm:px-6 lg:px-8 h-16 flex items-center justify-between"[39m
        [36m>[39m
          [36m<a[39m
            [33mclass[39m=[32m"flex items-center gap-3 text-xl font-bold tracking-tight hover:opacity-90 transition-opacity"[39m
            [33mhref[39m=[32m"/"[39m
          [36m>[39m
            [36m<div[39m
              [33mclass[39m=[32m"flex items-center justify-center w-10 h-10 rounded-xl bg-slate-900 dark:bg-white text-white dark:text-slate-900 font-black tracking-tighter text-sm transition-transform duration-300 hover:scale-110 shadow-lg "[39m
            [36m>[39m
              [0mKATA[0m
            [36m</div>[39m
            [36m<span[39m
              [33mclass[39m=[32m"hidden sm:inline-block"[39m
            [36m>[39m
              [0mKATA[0m
            [36m</span>[39m
          [36m</a>[39m
          [36m<div[39m
            [33mclass[39m=[32m"flex items-center gap-4"[39m
          [36m>[39m
            [36m<nav[39m
              [33mclass[39m=[32m"hidden md:flex items-center gap-2"[39m
              [33mrole[39m=[32m"navigation"[39m
            [36m>[39m
              [36m<a[39m
                [33mclass[39m=[32m"text-sm font-medium transition-colors px-3 py-2 rounded-lg bg-indigo-100 dark:bg-indigo-600/20 text-indigo-700 dark:text-indigo-400 font-semibold border border-indigo-200 dark:border-indigo-500/30"[39m
                [33mhref[39m=[32m"/"[39m
              [36m>[39m
                [0mHome[0m
              [36m</a>[39m
              [36m<a[39m
                [33mclass[39m=[32m"text-sm font-medium transition-colors px-3 py-2 rounded-lg text-slate-600 dark:text-slate-300 hover:text-slate-900 dark:hover:text-white hover:bg-slate-100 dark:hover:bg-slate-800/60"[39m
                [33mhref[39m=[32m"/vehicles"[39m
              [36m>[39m
                [0mVehicles[0m
              [36m</a>[39m
              [36m<a[39m
                [33mclass[39m=[32m"text-sm font-medium transition-colors px-3 py-2 rounded-lg text-slate-600 dark:text-slate-300 hover:text-slate-900 dark:hover:text-white hover:bg-slate-100 dark:hover:bg-slate-800/60"[39m
                [33mhref[39m=[32m"/dashboard"[39m
              [36m>[39m
                [0mDashboard[0m
              [36m</a>[39m
              [36m<a[39m
                [33mclass[39m=[32m"text-sm font-medium transition-colors px-3 py-2 rounded-lg text-slate-600 dark:text-slate-300 hover:text-slate-900 dark:hover:text-white hover:bg-slate-100 dark:hover:bg-slate-800/60"[39m
                [33mhref[39m=[32m"/profile"[39m
              [36m>[39m
                [0mProfile[0m
              [36m</a>[39m
              [36m<button[39m
                [33mclass[39m=[32m"text-sm font-medium text-slate-500 dark:text-slate-400 hover:text-rose-600 dark:hover:text-rose-400 hover:bg-rose-50 dark:hover:bg-rose-500/10 px-3 py-2 rounded-lg transition-colors ml-2"[39m
              [36m>[39m
                [0mLogout[0m
              [36m</button>[39m
            [36m</nav>[39m
            [36m<button[39m
              [33maria-label[39m=[32m"Toggle Theme"[39m
              [33mclass[39m=[32m"p-2 rounded-lg text-slate-500 dark:text-slate-400 hover:bg-slate-100 dark:hover:bg-slate-800 transition-colors"[39m
            [36m>[39m
              [0m≡ƒîÖ[0m
            [36m</button>[39m
            [36m<button[39m
              [33maria-label[39m=[32m"Toggle Navigation Menu"[39m
              [33mclass[39m=[32m"md:hidden p-2 rounded-lg text-slate-500 dark:text-slate-400 hover:text-slate-900 dark:hover:text-white hover:bg-slate-100 dark:hover:bg-slate-800 transition-colors"[39m
            [36m>[39m
              [36m<svg[39m
                [33mclass[39m=[32m"w-6 h-6"[39m
                [33mfill[39m=[32m"none"[39m
                [33mstroke[39m=[32m"currentColor"[39m
                [33mviewBox[39m=[32m"0 0 24 24"[39m
              [36m>[39m
                [36m<path[39m
                  [33md[39m=[32m"M4 6h16M4 12h16M4 18h16"[39m
                  [33mstroke-linecap[39m=[32m"round"[39m
                  [33mstroke-linejoin[39m=[32m"round"[39m
                  [33mstroke-width[39m=[32m"2"[39m
                [36m/>[39m
              [36m</svg>[39m
            [36m</button>[39m
          [36m</div>[39m
        [36m</div>[39m
      [36m</header>[39m
      [36m<main[39m
        [33mclass[39m=[32m"flex-1 max-w-7xl mx-auto px-4 sm:px-6 lg:px-8 py-8 w-full transition-colors duration-300"[39m
      [36m>[39m
        [36m<div[39m
          [33mclass[39m=[32m"space-y-8"[39m
        [36m>[39m
          [36m<div[39m
            [33mclass[39m=[32m"flex flex-col sm:flex-row sm:items-center justify-between gap-4"[39m
          [36m>[39m
            [36m<div>[39m
              [36m<h1[39m
                [33mclass[39m=[32m"text-3xl font-black text-slate-900 dark:text-white tracking-tight transition-colors"[39m
              [36m>[39m
                [0mVehicle Inventory[0m
              [36m</h1>[39m
              [36m<p[39m
                [33mclass[39m=[32m"text-slate-600 dark:text-slate-400 text-sm mt-1 transition-colors"[39m
              [36m>[39m
                [0mBrowse and filter available vehicles in our dealership[0m
              [36m</p>[39m
            [36m</div>[39m
          [36m</div>[39m
          [36m<form[39m
            [33mclass[39m=[32m"bg-white dark:bg-slate-900/80 border border-slate-200 dark:border-slate-800 rounded-2xl p-4 sm:p-6 space-y-4 shadow-sm transition-colors"[39m
          [36m>[39m
            [36m<div[39m
              [33mclass[39m=[32m"grid grid-cols-1 sm:grid-cols-2 lg:grid-cols-4 gap-4"[39m
            [36m>[39m
              [36m<div[39m
                [33mclass[39m=[32m"flex flex-col gap-1.5 w-full"[39m
              [36m>[39m
                [36m<label[39m
                  [33mclass[39m=[32m"text-xs font-semibold text-slate-400"[39m
                  [33mfor[39m=[32m"search-make-/-keyword"[39m
                [36m>[39m
                  [0mSearch Make / Keyword[0m
                [36m</label>[39m
                [36m<input[39m
                  [33mclass[39m=[32m"px-3 py-2 text-sm bg-slate-900 border border-slate-800 focus:ring-indigo-500 rounded-lg text-slate-100 placeholder-slate-500 focus:outline-none focus:ring-2 focus:ring-offset-2 focus:ring-offset-slate-950 transition-all "[39m
                  [33mid[39m=[32m"search-make-/-keyword"[39m
                  [33mplaceholder[39m=[32m"Search by make, model, or category..."[39m
                  [33mvalue[39m=[32m""[39m
                [36m/>[39m
              [36m</div>[39m
              [36m<div[39m
                [33mclass[39m=[32m"flex flex-col gap-1.5 w-full"[39m
              [36m>[39m
                [36m<label[39m
                  [33mclass[39m=[32m"text-xs font-semibold text-slate-400"[39m
                  [33mfor[39m=[32m"category"[39m
                [36m>[39m
                  [0mCategory[0m
                [36m</label>[39m
                [36m<select[39m
                  [33mclass[39m=[32m"px-3 py-2 text-sm bg-slate-900 border border-slate-800 focus:ring-indigo-500 rounded-lg text-slate-100 placeholder-slate-500 focus:outline-none focus:ring-2 focus:ring-offset-2 focus:ring-offset-slate-950 transition-all "[39m
                  [33mid[39m=[32m"category"[39m
                [36m>[39m
                  [36m<option[39m
                    [33mvalue[39m=[32m""[39m
                  [36m>[39m
                    [0mAll Categories[0m
                  [36m</option>[39m
                  [36m<option[39m
                    [33mvalue[39m=[32m"Electric"[39m
                  [36m>[39m
                    [0mElectric[0m
                  [36m</option>[39m
                  [36m<option[39m
                    [33mvalue[39m=[32m"SUV"[39m
                  [36m>[39m
                    [0mSUV[0m
                  [36m</option>[39m
                  [36m<option[39m
                    [33mvalue[39m=[32m"Truck"[39m
                  [36m>[39m
                    [0mTruck[0m
                  [36m</option>[39m
                  [36m<option[39m
                    [33mvalue[39m=[32m"Sedan"[39m
                  [36m>[39m
                    [0mSedan[0m
                  [36m</option>[39m
                  [36m<option[39m
                    [33mvalue[39m=[32m"Coupe"[39m
                  [36m>[39m
                    [0mCoupe[0m
                  [36m</option>[39m
                [36m</select>[39m
              [36m</div>[39m
              [36m<div[39m
                [33mclass[39m=[32m"flex flex-col gap-1.5 w-full"[39m
              [36m>[39m
                [36m<label[39m
                  [33mclass[39m=[32m"text-xs font-semibold text-slate-400"[39m
                  [33mfor[39m=[32m"min-price-($)"[39m
                [36m>[39m
                  [0mMin Price ($)[0m
                [36m</label>[39m
                [36m<input[39m
                  [33mclass[39m=[32m"px-3 py-2 text-sm bg-slate-900 border border-slate-800 focus:ring-indigo-500 round...

 [31mΓ¥»[39m src/pages/__tests__/publicPages.test.tsx [2m([22m[2m4 tests[22m[2m | [22m[31m2 failed[39m[2m)[22m[33m 6407[2mms[22m[39m
[31m       [31m├ù[31m renders hero section, call to action, statistics, and about section[39m[33m 3114[2mms[22m[39m
[31m       [31m├ù[31m fetches vehicles and displays search bar, filter controls and pagination[39m[33m 3043[2mms[22m[39m
       [32mΓ£ô[39m triggers search when keyword filter is typed[32m 147[2mms[22m[39m
       [32mΓ£ô[39m fetches vehicle specs and allows purchasing[32m 98[2mms[22m[39m

[31mΓÄ»ΓÄ»ΓÄ»ΓÄ»ΓÄ»ΓÄ»ΓÄ»[39m[1m[41m Failed Tests 2 [49m[22m[31mΓÄ»ΓÄ»ΓÄ»ΓÄ»ΓÄ»ΓÄ»ΓÄ»[39m

[41m[1m FAIL [22m[49m src/pages/__tests__/publicPages.test.tsx[2m > [22mPublic Pages[2m > [22mHome Page[2m > 
[22mrenders hero section, call to action, statistics, and about section
[31m[1mTestingLibraryElementError[22m[39m: Found multiple elements with the text: /Tesla/i

Here are the matching elements:

Ignored nodes: comments, script, style
[36m<span[39m
  [33mclass[39m=[32m"text-sm font-medium"[39m
[36m>[39m
  [0mTesla[0m
  [0m [0m
  [0mModel 3[0m
[36m</span>[39m

Ignored nodes: comments, script, style
[36m<h3[39m
  [33mclass[39m=[32m"text-lg font-bold text-slate-900 dark:text-white group-hover:text-indigo-600 
dark:group-hover:text-indigo-400 transition-colors"[39m
[36m>[39m
  [0mTesla[0m
  [0m [0m
  [0mModel 3[0m
[36m</h3>[39m

(If this is intentional, then use the `*AllBy*` variant of the query (like `queryAllByText`, `getAllByText`, or 
`findAllByText`)).

Ignored nodes: comments, script, style
[36m<body>[39m
  [36m<div>[39m
    [36m<div[39m
      [33mclass[39m=[32m"flex flex-col min-h-screen bg-slate-50 dark:bg-slate-950 text-slate-900 
dark:text-slate-100 font-sans transition-colors duration-300"[39m
    [36m>[39m
      [36m<header[39m
        [33mclass[39m=[32m"border-b border-slate-200/80 dark:border-slate-800/80 bg-white/80 dark:bg-slate-900/80 
backdrop-blur-lg sticky top-0 z-50 transition-colors duration-300"[39m
        [33mrole[39m=[32m"banner"[39m
      [36m>[39m
        [36m<div[39m
          [33mclass[39m=[32m"max-w-7xl mx-auto px-4 sm:px-6 lg:px-8 h-16 flex items-center justify-between"[39m
        [36m>[39m
          [36m<a[39m
            [33mclass[39m=[32m"flex items-center gap-3 text-xl font-bold tracking-tight hover:opacity-90 
transition-opacity"[39m
            [33mhref[39m=[32m"/"[39m
          [36m>[39m
            [36m<div[39m
              [33mclass[39m=[32m"flex items-center justify-center w-10 h-10 rounded-xl bg-slate-900 dark:bg-white 
text-white dark:text-slate-900 font-black tracking-tighter text-sm transition-transform duration-300 hover:scale-110 
shadow-lg "[39m
            [36m>[39m
              [0mKATA[0m
            [36m</div>[39m
            [36m<span[39m
              [33mclass[39m=[32m"hidden sm:inline-block"[39m
            [36m>[39m
              [0mKATA[0m
            [36m</span>[39m
          [36m</a>[39m
          [36m<div[39m
            [33mclass[39m=[32m"flex items-center gap-4"[39m
          [36m>[39m
            [36m<nav[39m
              [33mclass[39m=[32m"hidden md:flex items-center gap-2"[39m
              [33mrole[39m=[32m"navigation"[39m
            [36m>[39m
              [36m<a[39m
                [33mclass[39m=[32m"text-sm font-medium transition-colors px-3 py-2 rounded-lg bg-indigo-100 
dark:bg-indigo-600/20 text-indigo-700 dark:text-indigo-400 font-semibold border border-indigo-200 
dark:border-indigo-500/30"[39m
                [33mhref[39m=[32m"/"[39m
              [36m>[39m
                [0mHome[0m
              [36m</a>[39m
              [36m<a[39m
                [33mclass[39m=[32m"text-sm font-medium transition-colors px-3 py-2 rounded-lg text-slate-600 
dark:text-slate-300 hover:text-slate-900 dark:hover:text-white hover:bg-slate-100 dark:hover:bg-slate-800/60"[39m
                [33mhref[39m=[32m"/vehicles"[39m
              [36m>[39m
                [0mVehicles[0m
              [36m</a>[39m
              [36m<a[39m
                [33mclass[39m=[32m"text-sm font-medium transition-colors px-3 py-2 rounded-lg text-slate-600 
dark:text-slate-300 hover:text-slate-900 dark:hover:text-white hover:bg-slate-100 dark:hover:bg-slate-800/60"[39m
                [33mhref[39m=[32m"/dashboard"[39m
              [36m>[39m
                [0mDashboard[0m
              [36m</a>[39m
              [36m<a[39m
                [33mclass[39m=[32m"text-sm font-medium transition-colors px-3 py-2 rounded-lg text-slate-600 
dark:text-slate-300 hover:text-slate-900 dark:hover:text-white hover:bg-slate-100 dark:hover:bg-slate-800/60"[39m
                [33mhref[39m=[32m"/profile"[39m
              [36m>[39m
                [0mProfile[0m
              [36m</a>[39m
              [36m<button[39m
                [33mclass[39m=[32m"text-sm font-medium text-slate-500 dark:text-slate-400 hover:text-rose-600 
dark:hover:text-rose-400 hover:bg-rose-50 dark:hover:bg-rose-500/10 px-3 py-2 rounded-lg transition-colors ml-2"[39m
              [36m>[39m
                [0mLogout[0m
              [36m</button>[39m
            [36m</nav>[39m
            [36m<button[39m
              [33maria-label[39m=[32m"Toggle Theme"[39m
              [33mclass[39m=[32m"p-2 rounded-lg text-slate-500 dark:text-slate-400 hover:bg-slate-100 
dark:hover:bg-slate-800 transition-colors"[39m
            [36m>[39m
              [0m≡ƒîÖ[0m
            [36m</button>[39m
            [36m<button[39m
              [33maria-label[39m=[32m"Toggle Navigation Menu"[39m
              [33mclass[39m=[32m"md:hidden p-2 rounded-lg text-slate-500 dark:text-slate-400 hover:text-slate-900 
dark:hover:text-white hover:bg-slate-100 dark:hover:bg-slate-800 transition-colors"[39m
            [36m>[39m
              [36m<svg[39m
                [33mclass[39m=[32m"w-6 h-6"[39m
                [33mfill[39m=[32m"none"[39m
                [33mstroke[39m=[32m"currentColor"[39m
                [33mviewBox[39m=[32m"0 0 24 24"[39m
              [36m>[39m
                [36m<path[39m
                  [33md[39m=[32m"M4 6h16M4 12h16M4 18h16"[39m
                  [33mstroke-linecap[39m=[32m"round"[39m
                  [33mstroke-linejoin[39m=[32m"round"[39m
                  [33mstroke-width[39m=[32m"2"[39m
                [36m/>[39m
              [36m</svg>[39m
            [36m</button>[39m
          [36m</div>[39m
        [36m</div>[39m
      [36m</header>[39m
      [36m<main[39m
        [33mclass[39m=[32m"flex-1 max-w-7xl mx-auto px-4 sm:px-6 lg:px-8 py-8 w-full transition-colors 
duration-300"[39m
      [36m>[39m
        [36m<section[39m
          [33mclass[39m=[32m"relative rounded-3xl overflow-hidden bg-white dark:bg-slate-900 border 
border-slate-200 dark:border-slate-800 p-8 sm:p-12 md:p-16 mb-16 shadow-xl transition-colors duration-300"[39m
        [36m>[39m
          [36m<div[39m
            [33mclass[39m=[32m"absolute top-0 right-0 w-full h-full bg-gradient-to-br from-indigo-50/50 via-white 
to-slate-50 dark:from-indigo-950/40 dark:via-slate-900 dark:to-slate-950 pointer-events-none transition-colors 
duration-300"[39m
          [36m/>[39m
          [36m<div[39m
            [33mclass[39m=[32m"absolute -top-24 -right-24 w-96 h-96 bg-indigo-500/10 dark:bg-indigo-500/20 
rounded-full blur-3xl pointer-events-none"[39m
          [36m/>[39m
          [36m<div[39m
            [33mclass[39m=[32m"relative max-w-3xl space-y-6 z-10"[39m
          [36m>[39m
            [36m<span[39m
              [33mclass[39m=[32m"inline-flex items-center px-2.5 py-0.5 rounded-full text-xs font-semibold border 
bg-emerald-500/15 text-emerald-300 border-emerald-500/30 backdrop-blur-md animate-fade-in-up"[39m
            [36m>[39m
              [0mΓ£¿ Premier Dealership Experience[0m
            [36m</span>[39m
            [36m<h1[39m
              [33mclass[39m=[32m"text-4xl sm:text-5xl md:text-6xl font-black text-slate-900 dark:text-white 
tracking-tight leading-tight transition-colors duration-300"[39m
            [36m>[39m
              [0mFind Your Dream Vehicle with [0m
              [36m<span[39m
                [33mclass[39m=[32m"bg-gradient-to-r from-indigo-600 to-purple-600 dark:from-indigo-400 
dark:to-purple-400 bg-clip-text text-transparent"[39m
              [36m>[39m
                [0mKATA[0m
     ...

Ignored nodes: comments, script, style
[36m<html>[39m
  [36m<head />[39m
  [36m<body>[39m
    [36m<div>[39m
      [36m<div[39m
        [33mclass[39m=[32m"flex flex-col min-h-screen bg-slate-50 dark:bg-slate-950 text-slate-900 
dark:text-slate-100 font-sans transition-colors duration-300"[39m
      [36m>[39m
        [36m<header[39m
          [33mclass[39m=[32m"border-b border-slate-200/80 dark:border-slate-800/80 bg-white/80 dark:bg-slate-900/80 
backdrop-blur-lg sticky top-0 z-50 transition-colors duration-300"[39m
          [33mrole[39m=[32m"banner"[39m
        [36m>[39m
          [36m<div[39m
            [33mclass[39m=[32m"max-w-7xl mx-auto px-4 sm:px-6 lg:px-8 h-16 flex items-center justify-between"[39m
          [36m>[39m
            [36m<a[39m
              [33mclass[39m=[32m"flex items-center gap-3 text-xl font-bold tracking-tight hover:opacity-90 
transition-opacity"[39m
              [33mhref[39m=[32m"/"[39m
            [36m>[39m
              [36m<div[39m
                [33mclass[39m=[32m"flex items-center justify-center w-10 h-10 rounded-xl bg-slate-900 dark:bg-white 
text-white dark:text-slate-900 font-black tracking-tighter text-sm transition-transform duration-300 hover:scale-110 
shadow-lg "[39m
              [36m>[39m
                [0mKATA[0m
              [36m</div>[39m
              [36m<span[39m
                [33mclass[39m=[32m"hidden sm:inline-block"[39m
              [36m>[39m
                [0mKATA[0m
              [36m</span>[39m
            [36m</a>[39m
            [36m<div[39m
              [33mclass[39m=[32m"flex items-center gap-4"[39m
            [36m>[39m
              [36m<nav[39m
                [33mclass[39m=[32m"hidden md:flex items-center gap-2"[39m
                [33mrole[39m=[32m"navigation"[39m
              [36m>[39m
                [36m<a[39m
                  [33mclass[39m=[32m"text-sm font-medium transition-colors px-3 py-2 rounded-lg bg-indigo-100 
dark:bg-indigo-600/20 text-indigo-700 dark:text-indigo-400 font-semibold border border-indigo-200 
dark:border-indigo-500/30"[39m
                  [33mhref[39m=[32m"/"[39m
                [36m>[39m
                  [0mHome[0m
                [36m</a>[39m
                [36m<a[39m
                  [33mclass[39m=[32m"text-sm font-medium transition-colors px-3 py-2 rounded-lg text-slate-600 
dark:text-slate-300 hover:text-slate-900 dark:hover:text-white hover:bg-slate-100 dark:hover:bg-slate-800/60"[39m
                  [33mhref[39m=[32m"/vehicles"[39m
                [36m>[39m
                  [0mVehicles[0m
                [36m</a>[39m
                [36m<a[39m
                  [33mclass[39m=[32m"text-sm font-medium transition-colors px-3 py-2 rounded-lg text-slate-600 
dark:text-slate-300 hover:text-slate-900 dark:hover:text-white hover:bg-slate-100 dark:hover:bg-slate-800/60"[39m
                  [33mhref[39m=[32m"/dashboard"[39m
                [36m>[39m
                  [0mDashboard[0m
                [36m</a>[39m
                [36m<a[39m
                  [33mclass[39m=[32m"text-sm font-medium transition-colors px-3 py-2 rounded-lg text-slate-600 
dark:text-slate-300 hover:text-slate-900 dark:hover:text-white hover:bg-slate-100 dark:hover:bg-slate-800/60"[39m
                  [33mhref[39m=[32m"/profile"[39m
                [36m>[39m
                  [0mProfile[0m
                [36m</a>[39m
                [36m<button[39m
                  [33mclass[39m=[32m"text-sm font-medium text-slate-500 dark:text-slate-400 hover:text-rose-600 
dark:hover:text-rose-400 hover:bg-rose-50 dark:hover:bg-rose-500/10 px-3 py-2 rounded-lg transition-colors ml-2"[39m
                [36m>[39m
                  [0mLogout[0m
                [36m</button>[39m
              [36m</nav>[39m
              [36m<button[39m
                [33maria-label[39m=[32m"Toggle Theme"[39m
                [33mclass[39m=[32m"p-2 rounded-lg text-slate-500 dark:text-slate-400 hover:bg-slate-100 
dark:hover:bg-slate-800 transition-colors"[39m
              [36m>[39m
                [0m≡ƒîÖ[0m
              [36m</button>[39m
              [36m<button[39m
                [33maria-label[39m=[32m"Toggle Navigation Menu"[39m
                [33mclass[39m=[32m"md:hidden p-2 rounded-lg text-slate-500 dark:text-slate-400 hover:text-slate-900 
dark:hover:text-white hover:bg-slate-100 dark:hover:bg-slate-800 transition-colors"[39m
              [36m>[39m
                [36m<svg[39m
                  [33mclass[39m=[32m"w-6 h-6"[39m
                  [33mfill[39m=[32m"none"[39m
                  [33mstroke[39m=[32m"currentColor"[39m
                  [33mviewBox[39m=[32m"0 0 24 24"[39m
                [36m>[39m
                  [36m<path[39m
                    [33md[39m=[32m"M4 6h16M4 12h16M4 18h16"[39m
                    [33mstroke-linecap[39m=[32m"round"[39m
                    [33mstroke-linejoin[39m=[32m"round"[39m
                    [33mstroke-width[39m=[32m"2"[39m
                  [36m/>[39m
                [36m</svg>[39m
              [36m</button>[39m
            [36m</div>[39m
          [36m</div>[39m
        [36m</header>[39m
        [36m<main[39m
          [33mclass[39m=[32m"flex-1 max-w-7xl mx-auto px-4 sm:px-6 lg:px-8 py-8 w-full transition-colors 
duration-300"[39m
        [36m>[39m
          [36m<section[39m
            [33mclass[39m=[32m"relative rounded-3xl overflow-hidden bg-white dark:bg-slate-900 border 
border-slate-200 dark:border-slate-800 p-8 sm:p-12 md:p-16 mb-16 shadow-xl transition-colors duration-300"[39m
          [36m>[39m
            [36m<div[39m
              [33mclass[39m=[32m"absolute top-0 right-0 w-full h-full bg-gradient-to-br from-indigo-50/50 via-white 
to-slate-50 dark:from-indigo-950/40 dark:via-slate-900 dark:to-slate-950 pointer-events-none transition-colors 
duration-300"[39m
            [36m/>[39m
            [36m<div[39m
              [33mclass[39m=[32m"absolute -top-24 -right-24 w-96 h-96 bg-indigo-500/10 dark:bg-indigo-500/20 
rounded-full blur-3xl pointer-events-none"[39m
            [36m/>[39m
            [36m<div[39m
              [33mclass[39m=[32m"relative max-w-3xl space-y-6 z-10"[39m
            [36m>[39m
              [36m<span[39m
                [33mclass[39m=[32m"inline-flex items-center px-2.5 py-0.5 rounded-full text-xs font-semibold border 
bg-emerald-500/15 text-emerald-300 border-emerald-500/30 backdrop-blur-md animate-fade-in-up"[39m
              [36m>[39m
                [0mΓ£¿ Premier Dealership Experience[0m
              [36m</span>[39m
              [36m<h1[39m
                [33mclass[39m=[32m"text-4xl sm:text-5xl md:text-6xl font-black text-slate-900 dark:text-white 
tracking-tight leading-tight transition-colors duration-300"[39m
              [36m>[39m
                [0mFind Your Dream V...
[90m [2mΓ¥»[22m Proxy.waitForWrapper ../node_modules/@testing-library/dom/dist/wait-for.js:[2m163:27[22m[39m
[36m [2mΓ¥»[22m src/pages/__tests__/publicPages.test.tsx:[2m76:13[22m[39m
    [90m 74|[39m       expect(screen.getByLabelText(/Previous vehicle/i)).toBeInTheDocuΓÇª
    [90m 75|[39m
    [90m 76|[39m       [35mawait[39m [34mwaitFor[39m(() [33m=>[39m {
    [90m   |[39m             [31m^[39m
    [90m 77|[39m         screen[33m.[39m[34mdebug[39m(undefined[33m,[39m [34m10000[39m)[33m;[39m
    [90m 78|[39m         [34mexpect[39m(screen[33m.[39m[34mgetByText[39m([36m/Tesla/i[39m))[33m.[39m[34mto
BeInTheDocument[39m()[33m;[39m

[31m[2mΓÄ»ΓÄ»ΓÄ»ΓÄ»ΓÄ»ΓÄ»ΓÄ»ΓÄ»ΓÄ»ΓÄ»ΓÄ»ΓÄ»ΓÄ»ΓÄ»ΓÄ»ΓÄ»ΓÄ»ΓÄ»ΓÄ»ΓÄ»ΓÄ»ΓÄ»ΓÄ»ΓÄ»[1/2]ΓÄ»[22m[39m

[41m[1m FAIL [22m[49m src/pages/__tests__/publicPages.test.tsx[2m > [22mPublic Pages[2m > [22mVehicles Listing 
Page[2m > [22mfetches vehicles and displays search bar, filter controls and pagination
[31m[1mTestingLibraryElementError[22m[39m: Found multiple elements with the text: /Tesla/i

Here are the matching elements:

Ignored nodes: comments, script, style
[36m<span[39m
  [33mclass[39m=[32m"text-sm font-medium"[39m
[36m>[39m
  [0mTesla[0m
  [0m [0m
  [0mModel 3[0m
[36m</span>[39m

Ignored nodes: comments, script, style
[36m<h3[39m
  [33mclass[39m=[32m"text-xl font-bold text-slate-900 dark:text-white tracking-tight group-hover:text-indigo-600 
dark:group-hover:text-indigo-400 transition-colors"[39m
[36m>[39m
  [0mTesla[0m
  [0m [0m
  [0mModel 3[0m
[36m</h3>[39m

(If this is intentional, then use the `*AllBy*` variant of the query (like `queryAllByText`, `getAllByText`, or 
`findAllByText`)).

Ignored nodes: comments, script, style
[36m<body>[39m
  [36m<div>[39m
    [36m<div[39m
      [33mclass[39m=[32m"flex flex-col min-h-screen bg-slate-50 dark:bg-slate-950 text-slate-900 
dark:text-slate-100 font-sans transition-colors duration-300"[39m
    [36m>[39m
      [36m<header[39m
        [33mclass[39m=[32m"border-b border-slate-200/80 dark:border-slate-800/80 bg-white/80 dark:bg-slate-900/80 
backdrop-blur-lg sticky top-0 z-50 transition-colors duration-300"[39m
        [33mrole[39m=[32m"banner"[39m
      [36m>[39m
        [36m<div[39m
          [33mclass[39m=[32m"max-w-7xl mx-auto px-4 sm:px-6 lg:px-8 h-16 flex items-center justify-between"[39m
        [36m>[39m
          [36m<a[39m
            [33mclass[39m=[32m"flex items-center gap-3 text-xl font-bold tracking-tight hover:opacity-90 
transition-opacity"[39m
            [33mhref[39m=[32m"/"[39m
          [36m>[39m
            [36m<div[39m
              [33mclass[39m=[32m"flex items-center justify-center w-10 h-10 rounded-xl bg-slate-900 dark:bg-white 
text-white dark:text-slate-900 font-black tracking-tighter text-sm transition-transform duration-300 hover:scale-110 
shadow-lg "[39m
            [36m>[39m
              [0mKATA[0m
            [36m</div>[39m
            [36m<span[39m
              [33mclass[39m=[32m"hidden sm:inline-block"[39m
            [36m>[39m
              [0mKATA[0m
            [36m</span>[39m
          [36m</a>[39m
          [36m<div[39m
            [33mclass[39m=[32m"flex items-center gap-4"[39m
          [36m>[39m
            [36m<nav[39m
              [33mclass[39m=[32m"hidden md:flex items-center gap-2"[39m
              [33mrole[39m=[32m"navigation"[39m
            [36m>[39m
              [36m<a[39m
                [33mclass[39m=[32m"text-sm font-medium transition-colors px-3 py-2 rounded-lg bg-indigo-100 
dark:bg-indigo-600/20 text-indigo-700 dark:text-indigo-400 font-semibold border border-indigo-200 
dark:border-indigo-500/30"[39m
                [33mhref[39m=[32m"/"[39m
              [36m>[39m
                [0mHome[0m
              [36m</a>[39m
              [36m<a[39m
                [33mclass[39m=[32m"text-sm font-medium transition-colors px-3 py-2 rounded-lg text-slate-600 
dark:text-slate-300 hover:text-slate-900 dark:hover:text-white hover:bg-slate-100 dark:hover:bg-slate-800/60"[39m
                [33mhref[39m=[32m"/vehicles"[39m
              [36m>[39m
                [0mVehicles[0m
              [36m</a>[39m
              [36m<a[39m
                [33mclass[39m=[32m"text-sm font-medium transition-colors px-3 py-2 rounded-lg text-slate-600 
dark:text-slate-300 hover:text-slate-900 dark:hover:text-white hover:bg-slate-100 dark:hover:bg-slate-800/60"[39m
                [33mhref[39m=[32m"/dashboard"[39m
              [36m>[39m
                [0mDashboard[0m
              [36m</a>[39m
              [36m<a[39m
                [33mclass[39m=[32m"text-sm font-medium transition-colors px-3 py-2 rounded-lg text-slate-600 
dark:text-slate-300 hover:text-slate-900 dark:hover:text-white hover:bg-slate-100 dark:hover:bg-slate-800/60"[39m
                [33mhref[39m=[32m"/profile"[39m
              [36m>[39m
                [0mProfile[0m
              [36m</a>[39m
              [36m<button[39m
                [33mclass[39m=[32m"text-sm font-medium text-slate-500 dark:text-slate-400 hover:text-rose-600 
dark:hover:text-rose-400 hover:bg-rose-50 dark:hover:bg-rose-500/10 px-3 py-2 rounded-lg transition-colors ml-2"[39m
              [36m>[39m
                [0mLogout[0m
              [36m</button>[39m
            [36m</nav>[39m
            [36m<button[39m
              [33maria-label[39m=[32m"Toggle Theme"[39m
              [33mclass[39m=[32m"p-2 rounded-lg text-slate-500 dark:text-slate-400 hover:bg-slate-100 
dark:hover:bg-slate-800 transition-colors"[39m
            [36m>[39m
              [0m≡ƒîÖ[0m
            [36m</button>[39m
            [36m<button[39m
              [33maria-label[39m=[32m"Toggle Navigation Menu"[39m
              [33mclass[39m=[32m"md:hidden p-2 rounded-lg text-slate-500 dark:text-slate-400 hover:text-slate-900 
dark:hover:text-white hover:bg-slate-100 dark:hover:bg-slate-800 transition-colors"[39m
            [36m>[39m
              [36m<svg[39m
                [33mclass[39m=[32m"w-6 h-6"[39m
                [33mfill[39m=[32m"none"[39m
                [33mstroke[39m=[32m"currentColor"[39m
                [33mviewBox[39m=[32m"0 0 24 24"[39m
              [36m>[39m
                [36m<path[39m
                  [33md[39m=[32m"M4 6h16M4 12h16M4 18h16"[39m
                  [33mstroke-linecap[39m=[32m"round"[39m
                  [33mstroke-linejoin[39m=[32m"round"[39m
                  [33mstroke-width[39m=[32m"2"[39m
                [36m/>[39m
              [36m</svg>[39m
            [36m</button>[39m
          [36m</div>[39m
        [36m</div>[39m
      [36m</header>[39m
      [36m<main[39m
        [33mclass[39m=[32m"flex-1 max-w-7xl mx-auto px-4 sm:px-6 lg:px-8 py-8 w-full transition-colors 
duration-300"[39m
      [36m>[39m
        [36m<div[39m
          [33mclass[39m=[32m"space-y-8"[39m
        [36m>[39m
          [36m<div[39m
            [33mclass[39m=[32m"flex flex-col sm:flex-row sm:items-center justify-between gap-4"[39m
          [36m>[39m
            [36m<div>[39m
              [36m<h1[39m
                [33mclass[39m=[32m"text-3xl font-black text-slate-900 dark:text-white tracking-tight 
transition-colors"[39m
              [36m>[39m
                [0mVehicle Inventory[0m
              [36m</h1>[39m
              [36m<p[39m
                [33mclass[39m=[32m"text-slate-600 dark:text-slate-400 text-sm mt-1 transition-colors"[39m
              [36m>[39m
                [0mBrowse and filter available vehicles in our dealership[0m
              [36m</p>[39m
            [36m</div>[39m
          [36m</div>[39m
          [36m<form[39m
            [33mclass[39m=[32m"bg-white dark:bg-slate-900/80 border border-slate-200 dark:border-slate-800 
rounded-2xl p-4 sm:p-6 space-y-4 shadow-sm transition-colors"[39m
          [36m>[39m
            [36m<div[39m
              [33mclass[39m=[32m"grid grid-cols-1 sm:grid-cols-2 lg:grid-cols-4 gap-4"[39m
            [36m>[39m
              [36m<div[39m
                [33mclass[39m=[32m"flex flex-col gap-1.5 w-full"[39m
              [36m>[39m
                [36m<label[39m
                  [33mclass[39m=[32m"text-xs font-semibold text-slate-400"[39m
                  [33mfor[39m=[32m"search-make-/-keyword"[39m
                [36m>[39m
                  [0mSearch Make / Keyword[0m
                [36m</label>[39m
                [36m<input[39m
                  [33mclass[39m=[32m"px-3 py-2 text-sm bg-slate-900 border border-slate...

Ignored nodes: comments, script, style
[36m<html>[39m
  [36m<head />[39m
  [36m<body>[39m
    [36m<div>[39m
      [36m<div[39m
        [33mclass[39m=[32m"flex flex-col min-h-screen bg-slate-50 dark:bg-slate-950 text-slate-900 
dark:text-slate-100 font-sans transition-colors duration-300"[39m
      [36m>[39m
        [36m<header[39m
          [33mclass[39m=[32m"border-b border-slate-200/80 dark:border-slate-800/80 bg-white/80 dark:bg-slate-900/80 
backdrop-blur-lg sticky top-0 z-50 transition-colors duration-300"[39m
          [33mrole[39m=[32m"banner"[39m
        [36m>[39m
          [36m<div[39m
            [33mclass[39m=[32m"max-w-7xl mx-auto px-4 sm:px-6 lg:px-8 h-16 flex items-center justify-between"[39m
          [36m>[39m
            [36m<a[39m
              [33mclass[39m=[32m"flex items-center gap-3 text-xl font-bold tracking-tight hover:opacity-90 
transition-opacity"[39m
              [33mhref[39m=[32m"/"[39m
            [36m>[39m
              [36m<div[39m
                [33mclass[39m=[32m"flex items-center justify-center w-10 h-10 rounded-xl bg-slate-900 dark:bg-white 
text-white dark:text-slate-900 font-black tracking-tighter text-sm transition-transform duration-300 hover:scale-110 
shadow-lg "[39m
              [36m>[39m
                [0mKATA[0m
              [36m</div>[39m
              [36m<span[39m
                [33mclass[39m=[32m"hidden sm:inline-block"[39m
              [36m>[39m
                [0mKATA[0m
              [36m</span>[39m
            [36m</a>[39m
            [36m<div[39m
              [33mclass[39m=[32m"flex items-center gap-4"[39m
            [36m>[39m
              [36m<nav[39m

                [33mclass[39m=[32m"hidden md:flex items-center gap-2"[39m
                [33mrole[39m=[32m"navigation"[39m
              [36m>[39m
                [36m<a[39m
                  [33mclass[39m=[32m"text-sm font-medium transition-colors px-3 py-2 rounded-lg bg-indigo-100 
dark:bg-indigo-600/20 text-indigo-700 dark:text-indigo-400 font-semibold border border-indigo-200 
dark:border-indigo-500/30"[39m
                  [33mhref[39m=[32m"/"[39m
                [36m>[39m
                  [0mHome[0m
                [36m</a>[39m
                [36m<a[39m
                  [33mclass[39m=[32m"text-sm font-medium transition-colors px-3 py-2 rounded-lg text-slate-600 
dark:text-slate-300 hover:text-slate-900 dark:hover:text-white hover:bg-slate-100 dark:hover:bg-slate-800/60"[39m
                  [33mhref[39m=[32m"/vehicles"[39m
                [36m>[39m
                  [0mVehicles[0m
                [36m</a>[39m
                [36m<a[39m
                  [33mclass[39m=[32m"text-sm font-medium transition-colors px-3 py-2 rounded-lg text-slate-600 
dark:text-slate-300 hover:text-slate-900 dark:hover:text-white hover:bg-slate-100 dark:hover:bg-slate-800/60"[39m
                  [33mhref[39m=[32m"/dashboard"[39m
                [36m>[39m
                  [0mDashboard[0m
                [36m</a>[39m
                [36m<a[39m
                  [33mclass[39m=[32m"text-sm font-medium transition-colors px-3 py-2 rounded-lg text-slate-600 
dark:text-slate-300 hover:text-slate-900 dark:hover:text-white hover:bg-slate-100 dark:hover:bg-slate-800/60"[39m
                  [33mhref[39m=[32m"/profile"[39m
                [36m>[39m
                  [0mProfile[0m
                [36m</a>[39m
                [36m<button[39m
                  [33mclass[39m=[32m"text-sm font-medium text-slate-500 dark:text-slate-400 hover:text-rose-600 
dark:hover:text-rose-400 hover:bg-rose-50 dark:hover:bg-rose-500/10 px-3 py-2 rounded-lg transition-colors ml-2"[39m
                [36m>[39m
                  [0mLogout[0m
                [36m</button>[39m
              [36m</nav>[39m
              [36m<button[39m
                [33maria-label[39m=[32m"Toggle Theme"[39m
                [33mclass[39m=[32m"p-2 rounded-lg text-slate-500 dark:text-slate-400 hover:bg-slate-100 
dark:hover:bg-slate-800 transition-colors"[39m
              [36m>[39m
                [0m≡ƒîÖ[0m
              [36m</button>[39m
              [36m<button[39m
                [33maria-label[39m=[32m"Toggle Navigation Menu"[39m
                [33mclass[39m=[32m"md:hidden p-2 rounded-lg text-slate-500 dark:text-slate-400 hover:text-slate-900 
dark:hover:text-white hover:bg-slate-100 dark:hover:bg-slate-800 transition-colors"[39m
              [36m>[39m
                [36m<svg[39m
                  [33mclass[39m=[32m"w-6 h-6"[39m
                  [33mfill[39m=[32m"none"[39m
                  [33mstroke[39m=[32m"currentColor"[39m
                  [33mviewBox[39m=[32m"0 0 24 24"[39m
                [36m>[39m
                  [36m<path[39m
                    [33md[39m=[32m"M4 6h16M4 12h16M4 18h16"[39m
                    [33mstroke-linecap[39m=[32m"round"[39m
                    [33mstroke-linejoin[39m=[32m"round"[39m
                    [33mstroke-width[39m=[32m"2"[39m
                  [36m/>[39m
                [36m</svg>[39m
              [36m</button>[39m
            [36m</div>[39m
          [36m</div>[39m
        [36m</header>[39m
        [36m<main[39m
          [33mclass[39m=[32m"flex-1 max-w-7xl mx-auto px-4 sm:px-6 lg:px-8 py-8 w-full transition-colors 
duration-300"[39m
        [36m>[39m
          [36m<div[39m
            [33mclass[39m=[32m"space-y-8"[39m
          [36m>[39m
            [36m<div[39m
              [33mclass[39m=[32m"flex flex-col sm:flex-row sm:items-center justify-between gap-4"[39m
            [36m>[39m
              [36m<div>[39m
                [36m<h1[39m
                  [33mclass[39m=[32m"text-3xl font-black text-slate-900 dark:text-white tracking-tight 
transition-colors"[39m
                [36m>[39m
                  [0mVehicle Inventory[0m
[2m Test Files [22m [1m[31m1 failed[39m[22m[90m (1)[39m
[2m      Tests [22m [1m[31m2 failed[39m[22m[2m | [22m[1m[32m2 passed[39m[22m[90m (4)[39m
[2m   Start at [22m 15:44:35
[2m   Duration [22m 9.15s[2m (transform 285ms, setup 267ms, import 464ms, tests 6.41s, environment 1.73s)[22m

                [36m</h1>[39m
                [36m<p[39m
                  [33mclass[39m=[32m"text-slate-600 dark:text-slate-400 text-sm mt-1 transition-colors"[39m
                [36m>[39m
                  [0mBrowse and filter available vehicles in our dealership[0m
                [36m</p>[39m
              [36m</div>[39m
            [36m</div>[39m
            [36m<form[39m
              [33mclass[39m=[32m"bg-white dark:bg-slate-900/80 border border-slate-200 dark:border-slate-800 
rounded-2xl p-4 sm:p-6 space-y-4 shadow-sm transition-colors"[39m
            [36m>[39m
              [36m<div[39m
                [33mclass[39m=[32m"grid grid-cols-1 sm:grid-cols-2 lg:grid-cols-4 gap-4"[39m
              [36m>[39m
                [36m<div[39m
                  [33mclass[39m=[32m"flex flex-col gap-1.5 w-full"[39m
                [36m>[39m
                  [36m<label[39m
                    [33mclass[39m=[32m"text-xs font-semibold text-slate-400"[39m
              ...
[90m [2mΓ¥»[22m Proxy.waitForWrapper ../node_modules/@testing-library/dom/dist/wait-for.js:[2m163:27[22m[39m
[36m [2mΓ¥»[22m src/pages/__tests__/publicPages.test.tsx:[2m107:13[22m[39m
    [90m105|[39m       expect(screen.getByPlaceholderText(/search by make, model, or caΓÇª
    [90m106|[39m
    [90m107|[39m       [35mawait[39m [34mwaitFor[39m(() [33m=>[39m {
    [90m   |[39m             [31m^[39m
    [90m108|[39m         screen[33m.[39m[34mdebug[39m(undefined[33m,[39m [34m10000[39m)[33m;[39m
    [90m109|[39m         [34mexpect[39m(screen[33m.[39m[34mgetByText[39m([36m/Tesla/i[39m))[33m.[39m[34mto
BeInTheDocument[39m()[33m;[39m

[31m[2mΓÄ»ΓÄ»ΓÄ»ΓÄ»ΓÄ»ΓÄ»ΓÄ»ΓÄ»ΓÄ»ΓÄ»ΓÄ»ΓÄ»ΓÄ»ΓÄ»ΓÄ»ΓÄ»ΓÄ»ΓÄ»ΓÄ»ΓÄ»ΓÄ»ΓÄ»ΓÄ»ΓÄ»[2/2]ΓÄ»[22m[39m

npm error Lifecycle script `test` failed with error:
npm error code 1
npm error path C:\Users\Karan\Projects\car-dealership-inventory-system\frontend
npm error workspace frontend@1.0.0
npm error location C:\Users\Karan\Projects\car-dealership-inventory-system\frontend
npm error command failed
npm error command C:\WINDOWS\system32\cmd.exe /d /s /c vitest run publicPages.test.tsx
